--------- beginning of main
12-04 19:19:02.392 11256 11256 I om.rmc.natour2: Late-enabling -Xcheck:jni
12-04 19:19:04.261 11256 11256 I Perf    : Connecting to perf service.
12-04 19:19:04.367 11256 11256 I FirebaseApp: Device unlocked: initializing all Firebase APIs for app [DEFAULT]
12-04 19:19:04.478 11256 11359 W om.rmc.natour2: Unsupported class loader
12-04 19:19:04.480 11256 11359 W om.rmc.natour2: Skipping duplicate class check due to unsupported classloader
12-04 19:19:04.483 11256 11359 I DynamiteModule: Considering local module com.google.android.gms.measurement.dynamite:70 and remote module com.google.android.gms.measurement.dynamite:87
12-04 19:19:04.483 11256 11359 I DynamiteModule: Selected remote version of com.google.android.gms.measurement.dynamite, version >= 87
12-04 19:19:04.483 11256 11359 V DynamiteModule: Dynamite loader version >= 2, using loadModule2NoCrashUtils
12-04 19:19:04.497 11256 11256 I FirebaseInitProvider: FirebaseApp initialization successful
12-04 19:19:04.501 11256 11359 W System  : ClassLoader referenced unknown path: 
12-04 19:19:04.524 11256 11370 D NetworkSecurityConfig: Using Network Security Config from resource network_security_config debugBuild: true
12-04 19:19:04.527 11256 11370 I DpmTcmClient: RegisterTcmMonitor from: com.android.okhttp.TcmIdleTimerMonitor
12-04 19:19:04.529 11256 11359 W om.rmc.natour2: Unsupported class loader
12-04 19:19:04.531 11256 11359 W om.rmc.natour2: Skipping duplicate class check due to unsupported classloader
12-04 19:19:04.595 11256 11256 W com.facebook.UserSettingsManager: Please set a value for AutoLogAppEventsEnabled. Set the flag to TRUE if you want to collect app install, app launch and in-app purchase events automatically. To request user consent before collecting data, set the flag value to FALSE, then change to TRUE once user consent is received. Learn more: https://developers.facebook.com/docs/app-events/getting-started-app-events-android#disable-auto-events.
12-04 19:19:04.595 11256 11256 W com.facebook.UserSettingsManager: You haven't set a value for AdvertiserIDCollectionEnabled. Set the flag to TRUE if you want to collect Advertiser ID for better advertising and analytics results. To request user consent before collecting data, set the flag value to FALSE, then change to TRUE once user consent is received. Learn more: https://developers.facebook.com/docs/app-events/getting-started-app-events-android#disable-auto-events.
12-04 19:19:04.641 11256 11374 I FA      : App measurement initialized, version: 75024
12-04 19:19:04.641 11256 11374 I FA      : To enable debug logging run: adb shell setprop log.tag.FA VERBOSE
12-04 19:19:04.642 11256 11374 I FA      : To enable faster debug mode event logging run:
12-04 19:19:04.642 11256 11374 I FA      :   adb shell setprop debug.firebase.analytics.app com.rmc.natour21
12-04 19:19:04.648 11256 11388 W com.facebook.internal.NativeProtocol: Apps that target Android API 30+ (Android 11+) cannot call Facebook native apps unless the package visibility needs are declared. Please follow https://developers.facebook.com/docs/android/troubleshooting/#faq_267321845055988 to make the declaration.
12-04 19:19:04.659 11256 11256 W om.rmc.natour2: Accessing hidden field Landroid/os/Trace;->TRACE_TAG_APP:J (light greylist, reflection)
12-04 19:19:04.660 11256 11256 W om.rmc.natour2: Accessing hidden method Landroid/os/Trace;->isTagEnabled(J)Z (light greylist, reflection)
12-04 19:19:04.734 11256 11374 I FA      : Tag Manager is not found and thus will not be used
12-04 19:19:04.745 11256 11256 D KeyHash:: 7mSKQwPoEIJRD0IkELDTXoai1fI=
12-04 19:19:04.853 11256 11256 W om.rmc.natour2: Accessing hidden field Landroid/graphics/Insets;->left:I (light greylist, linking)
12-04 19:19:04.853 11256 11256 W om.rmc.natour2: Accessing hidden field Landroid/graphics/Insets;->top:I (light greylist, linking)
12-04 19:19:04.853 11256 11256 W om.rmc.natour2: Accessing hidden field Landroid/graphics/Insets;->right:I (light greylist, linking)
12-04 19:19:04.853 11256 11256 W om.rmc.natour2: Accessing hidden field Landroid/graphics/Insets;->bottom:I (light greylist, linking)
12-04 19:19:04.927 11256 11256 W om.rmc.natour2: Accessing hidden method Landroid/view/View;->computeFitSystemWindows(Landroid/graphics/Rect;Landroid/graphics/Rect;)Z (light greylist, reflection)
12-04 19:19:04.929 11256 11256 W om.rmc.natour2: Accessing hidden method Landroid/view/ViewGroup;->makeOptionalFitsSystemWindows()V (light greylist, reflection)
12-04 19:19:04.968 11256 11256 W om.rmc.natour2: Accessing hidden method Landroid/graphics/FontFamily;-><init>()V (light greylist, reflection)
12-04 19:19:04.968 11256 11256 W om.rmc.natour2: Accessing hidden method Landroid/graphics/FontFamily;->addFontFromAssetManager(Landroid/content/res/AssetManager;Ljava/lang/String;IZIII[Landroid/graphics/fonts/FontVariationAxis;)Z (light greylist, reflection)
12-04 19:19:04.968 11256 11256 W om.rmc.natour2: Accessing hidden method Landroid/graphics/FontFamily;->addFontFromBuffer(Ljava/nio/ByteBuffer;I[Landroid/graphics/fonts/FontVariationAxis;II)Z (light greylist, reflection)
12-04 19:19:04.968 11256 11256 W om.rmc.natour2: Accessing hidden method Landroid/graphics/FontFamily;->freeze()Z (light greylist, reflection)
12-04 19:19:04.968 11256 11256 W om.rmc.natour2: Accessing hidden method Landroid/graphics/FontFamily;->abortCreation()V (light greylist, reflection)
12-04 19:19:04.968 11256 11256 W om.rmc.natour2: Accessing hidden method Landroid/graphics/Typeface;->createFromFamiliesWithDefault([Landroid/graphics/FontFamily;Ljava/lang/String;II)Landroid/graphics/Typeface; (light greylist, reflection)
--------- beginning of system
12-04 19:19:05.042 11256 11256 W Looper  : Slow Looper main: Activity com.rmc.natour21/.Splashscreen is 2022ms late (wall=295ms running=0ms ClientTransaction{ callbacks=[android.app.servertransaction.LaunchActivityItem] lifecycleRequest=android.app.servertransaction.ResumeActivityItem }) because of 1 msg, msg 1 took 2208ms (late=1ms h=android.app.ActivityThread$H w=110)
12-04 19:19:05.061 11256 11397 I Adreno  : QUALCOMM build                   : 6774a42, I60e4284429
12-04 19:19:05.061 11256 11397 I Adreno  : Build Date                       : 09/17/20
12-04 19:19:05.061 11256 11397 I Adreno  : OpenGL ES Shader Compiler Version: EV031.25.03.01
12-04 19:19:05.061 11256 11397 I Adreno  : Local Branch                     : 
12-04 19:19:05.061 11256 11397 I Adreno  : Remote Branch                    : refs/tags/AU_LINUX_ANDROID_LA.UM.7.2.R1.09.00.00.442.049
12-04 19:19:05.061 11256 11397 I Adreno  : Remote Branch                    : NONE
12-04 19:19:05.061 11256 11397 I Adreno  : Reconstruct Branch               : NOTHING
12-04 19:19:05.061 11256 11397 I Adreno  : Build Config                     : S L 6.0.7 AArch64
12-04 19:19:05.078 11256 11397 I Adreno  : PFP: 0x005ff113, ME: 0x005ff066
12-04 19:19:05.084 11256 11397 I ConfigStore: android::hardware::configstore::V1_0::ISurfaceFlingerConfigs::hasWideColorDisplay retrieved: 0
12-04 19:19:05.085 11256 11397 I ConfigStore: android::hardware::configstore::V1_0::ISurfaceFlingerConfigs::hasHDRDisplay retrieved: 0
12-04 19:19:05.085 11256 11397 I OpenGLRenderer: Initialized EGL, version 1.4
12-04 19:19:05.085 11256 11397 D OpenGLRenderer: Swap behavior 2
12-04 19:19:05.518 11256 11256 W om.rmc.natour2: Accessing hidden method Landroid/os/Trace;->asyncTraceBegin(JLjava/lang/String;I)V (light greylist, reflection)
12-04 19:19:05.518 11256 11256 W om.rmc.natour2: Accessing hidden method Landroid/os/Trace;->asyncTraceEnd(JLjava/lang/String;I)V (light greylist, reflection)
12-04 19:19:05.518 11256 11256 W om.rmc.natour2: Accessing hidden method Landroid/os/Trace;->traceCounter(JLjava/lang/String;I)V (light greylist, reflection)
12-04 19:19:05.803 11256 11399 I Timeline: Timeline: Activity_launch_request time:16483365 intent:Intent { cmp=com.rmc.natour21/.Login }
12-04 19:19:05.853 11256 11256 W ActivityThread: handleWindowVisibility: no activity for token android.os.BinderProxy@83ec109
12-04 19:19:06.872 11256 11425 W om.rmc.natour2: Accessing hidden method Landroid/os/WorkSource;->add(I)Z (light greylist, reflection)
12-04 19:19:06.872 11256 11425 W om.rmc.natour2: Accessing hidden method Landroid/os/WorkSource;->add(ILjava/lang/String;)Z (light greylist, reflection)
12-04 19:19:06.872 11256 11425 W om.rmc.natour2: Accessing hidden method Landroid/os/WorkSource;->size()I (light greylist, reflection)
12-04 19:19:06.872 11256 11425 W om.rmc.natour2: Accessing hidden method Landroid/os/WorkSource;->get(I)I (light greylist, reflection)
12-04 19:19:06.872 11256 11425 W om.rmc.natour2: Accessing hidden method Landroid/os/WorkSource;->getName(I)Ljava/lang/String; (light greylist, reflection)
12-04 19:19:06.872 11256 11425 W om.rmc.natour2: Accessing hidden method Landroid/os/WorkSource;->isEmpty()Z (dark greylist, reflection)
12-04 19:19:06.944 11256 11430 E SendBird: [19:19:06.940 SendBird:getInstance():553] SendBird instance hasn't been initialized. Try SendBird.init().
12-04 19:19:06.947 11256 11256 W System.err: SendBirdException{code=800220, message=SendBird instance hasn't been initialized.}
12-04 19:19:06.947 11256 11256 W System.err: 	at com.sendbird.android.JobResultTask$callable$1.call(JobResultTask.kt:20)
12-04 19:19:06.948 11256 11256 W System.err: 	at java.util.concurrent.FutureTask.run(FutureTask.java:266)
12-04 19:19:06.948 11256 11256 W System.err: 	at java.util.concurrent.ThreadPoolExecutor.runWorker(ThreadPoolExecutor.java:1167)
12-04 19:19:06.948 11256 11256 W System.err: 	at java.util.concurrent.ThreadPoolExecutor$Worker.run(ThreadPoolExecutor.java:641)
12-04 19:19:06.948 11256 11256 W System.err: 	at java.lang.Thread.run(Thread.java:764)
12-04 19:19:08.115 11256 11256 D ViewRootImpl[Login]: changeCanvasOpacity: opaque=false
12-04 19:19:08.890 11256 11256 D ViewRootImpl[Login]: changeCanvasOpacity: opaque=true
12-04 19:19:12.287 11256 11355 I om.rmc.natour2: ProcessProfilingInfo new_methods=5767 is saved saved_to_disk=1 resolve_classes_delay=8000
12-04 19:19:56.343 11256 11256 W InputEventReceiver: Attempted to finish an input event but the input event receiver has already been disposed.
12-04 19:19:57.765 11256 11256 D ViewRootImpl[Login]: changeCanvasOpacity: opaque=false
12-04 19:19:58.572 11256 11256 D ViewRootImpl[Login]: changeCanvasOpacity: opaque=true
12-04 19:20:06.356 11256 11256 W InputEventReceiver: Attempted to finish an input event but the input event receiver has already been disposed.
12-04 19:20:07.430 11256 11668 W System  : Ignoring header X-Firebase-Locale because its value was null.
12-04 19:20:08.160 11256 11668 W System  : Ignoring header X-Firebase-Locale because its value was null.
12-04 19:20:08.461 11256 11668 D FirebaseAuth: Notifying id token listeners about user ( Mosh6iaqynaC42Qf8sYrF1KXyHZ2 ).
12-04 19:20:08.462 11256 11668 D FirebaseAuth: Notifying auth state listeners about user ( Mosh6iaqynaC42Qf8sYrF1KXyHZ2 ).
12-04 19:20:08.485 11256 11399 I System.out: Firebase token: eyJhbGciOiJSUzI1NiIsImtpZCI6Ijk1MWMwOGM1MTZhZTM1MmI4OWU0ZDJlMGUxNDA5NmY3MzQ5NDJhODciLCJ0eXAiOiJKV1QifQ.eyJpc3MiOiJodHRwczovL3NlY3VyZXRva2VuLmdvb2dsZS5jb20vbmF0b3VyMjEtZmM2ZWEiLCJhdWQiOiJuYXRvdXIyMS1mYzZlYSIsImF1dGhfdGltZSI6MTY3MDE3ODAwNCwidXNlcl9pZCI6Ik1vc2g2aWFxeW5hQzQyUWY4c1lyRjFLWHlIWjIiLCJzdWIiOiJNb3NoNmlhcXluYUM0MlFmOHNZckYxS1h5SFoyIiwiaWF0IjoxNjcwMTc4MDA0LCJleHAiOjE2NzAxODE2MDQsImVtYWlsIjoibW9ub241NzI4MUBrdXZhc2luLmNvbSIsImVtYWlsX3ZlcmlmaWVkIjp0cnVlLCJmaXJlYmFzZSI6eyJpZGVudGl0aWVzIjp7ImVtYWlsIjpbIm1vbm9uNTcyODFAa3V2YXNpbi5jb20iXX0sInNpZ25faW5fcHJvdmlkZXIiOiJwYXNzd29yZCJ9fQ.lhw500VxsyjhrY4e_PWtR7-P9wbEMluJJbol4cWYT6lKKYwIEA43iSVgqxoLuJLMyuauSlMEkaWnTzj0_bjqEJKSSIw0LfxITpMVRJNrB-glsIXxkpmlZKIimVW1PmOgsh_J5QzayARpzhcMNVdhwfHf9PBBhl03AjOV9DnK6tiiosNsB9lSnnZmnbEyr2k06f-S96BHURjqNWRxyGF8XfQlC4WTbxFszq685n5xXT6cRq2xZ2MWYlzsjlmTtZH4FQ0uOVvyB-B1JPrhwmD5OCTSlFddphRNWRYwnN9rlrk5_G1baaYovTmvx2r1gIU57IUrGZ07WEK60UHWe5X_qw
12-04 19:20:08.704 11256 11677 W om.rmc.natour2: Accessing hidden method Lcom/android/org/conscrypt/OpenSSLSocketImpl;->setUseSessionTickets(Z)V (light greylist, reflection)
12-04 19:20:08.704 11256 11677 W om.rmc.natour2: Accessing hidden method Lcom/android/org/conscrypt/OpenSSLSocketImpl;->setHostname(Ljava/lang/String;)V (light greylist, reflection)
12-04 19:20:08.704 11256 11677 W om.rmc.natour2: Accessing hidden method Lcom/android/org/conscrypt/OpenSSLSocketImpl;->getAlpnSelectedProtocol()[B (light greylist, reflection)
12-04 19:20:08.712 11256 11677 W om.rmc.natour2: Accessing hidden method Lcom/android/org/conscrypt/OpenSSLSocketImpl;->setAlpnProtocols([B)V (light greylist, reflection)
12-04 19:20:08.750 11256 11677 V NativeCrypto: Registering org/conscrypt/NativeCrypto's 286 native methods...
12-04 19:20:08.772 11256 11677 W om.rmc.natour2: Accessing hidden method Ldalvik/system/CloseGuard;->get()Ldalvik/system/CloseGuard; (light greylist, reflection)
12-04 19:20:08.772 11256 11677 W om.rmc.natour2: Accessing hidden method Ldalvik/system/CloseGuard;->open(Ljava/lang/String;)V (light greylist, reflection)
12-04 19:20:08.772 11256 11677 W om.rmc.natour2: Accessing hidden method Ldalvik/system/CloseGuard;->warnIfOpen()V (light greylist, reflection)
12-04 19:20:09.949 11256 11399 W om.rmc.natour2: Accessing hidden method Ldalvik/system/BlockGuard;->getThreadPolicy()Ldalvik/system/BlockGuard$Policy; (light greylist, linking)
12-04 19:20:09.949 11256 11399 W om.rmc.natour2: Accessing hidden method Ldalvik/system/BlockGuard$Policy;->onNetwork()V (light greylist, linking)
12-04 19:20:09.950 11256 11399 W om.rmc.natour2: Accessing hidden method Ldalvik/system/CloseGuard;->close()V (light greylist, linking)
12-04 19:20:09.955 11256 11399 W om.rmc.natour2: Accessing hidden method Ljava/security/spec/ECParameterSpec;->getCurveName()Ljava/lang/String; (light greylist, reflection)
12-04 19:20:10.067 11256 11399 I Timeline: Timeline: Activity_launch_request time:16547629 intent:Intent { cmp=com.rmc.natour21/.MainActivity }
12-04 19:20:10.118 11256 11256 W ActivityThread: handleWindowVisibility: no activity for token android.os.BinderProxy@af605d8
12-04 19:20:10.356 11256 11266 I om.rmc.natour2: Compiler allocated 4MB to compile void android.widget.TextView.<init>(android.content.Context, android.util.AttributeSet, int, int)
12-04 19:20:10.644 11256 11256 W Activity: Slow Operation: Activity com.rmc.natour21/.MainActivity onStart took 212ms
12-04 19:20:10.665 11256 11713 E PINGER  : [19:20:10.664 Connection$Pinger:stop():522] Pinger stop timer is null
12-04 19:20:10.669 11256 11713 E Sendbird:PINGER: [19:20:10.666 Connection$Pinger:stop():523] Pinger stop timer is null
12-04 19:20:10.673 11256 11716 W SendBird: [19:20:10.673 Connection$1:onFailure():250] onFailed instance : com.sendbird.android.Connection@77fbc3b
12-04 19:20:10.677 11256 11716 W Sendbird: [19:20:10.674 Connection$1:onFailure():251] onFailed instance : com.sendbird.android.Connection@77fbc3b
12-04 19:20:10.678 11256 11716 W SendBird: [19:20:10.677 Connection$1:onFailure():256] onFailed handler : com.sendbird.android.SocketManager@d5f4f58
12-04 19:20:10.680 11256 11716 W Sendbird: [19:20:10.679 Connection$1:onFailure():257] onFailed handler : com.sendbird.android.SocketManager@d5f4f58
12-04 19:20:10.681 11256 11716 W SendBird: [19:20:10.680 SocketManager:onError():1002] >> onError : Canceled, reconnecting : false, explicitDisconnect : true
12-04 19:20:10.933 11256 11256 D SBUIKIT : [19:20:10.931 SendBirdUIKit$1:onInitSucceed():174] >> onInitSucceed()
12-04 19:20:10.979 11256 11714 W SendBird: [19:20:10.978 JobTask$callable$1:call():11] SendBirdException{code=800101, message=Connection must be made.}
12-04 19:20:10.979 11256 11714 W SendBird: 	at com.sendbird.android.SocketManager.createConnectionRequiredException(SocketManager.java:54)
12-04 19:20:10.979 11256 11714 W SendBird: 	at com.sendbird.android.SocketManager.awaitUntilConnected(SocketManager.java:872)
12-04 19:20:10.979 11256 11714 W SendBird: 	at com.sendbird.android.APIRequest.makeRequestBuilder(APIRequest.java:97)
12-04 19:20:10.979 11256 11714 W SendBird: 	at com.sendbird.android.APIRequest.GET(APIRequest.java:135)
12-04 19:20:10.979 11256 11714 W SendBird: 	at com.sendbird.android.APIClient$2.call(APIClient.java:3259)
12-04 19:20:10.979 11256 11714 W SendBird: 	at com.sendbird.android.APIClient$2.call(APIClient.java:3256)
12-04 19:20:10.979 11256 11714 W SendBird: 	at com.sendbird.android.JobTask$callable$1.call(JobTask.kt:9)
12-04 19:20:10.979 11256 11714 W SendBird: 	at java.util.concurrent.FutureTask.run(FutureTask.java:266)
12-04 19:20:10.979 11256 11714 W SendBird: 	at java.util.concurrent.ThreadPoolExecutor.runWorker(ThreadPoolExecutor.java:1167)
12-04 19:20:10.979 11256 11714 W SendBird: 	at java.util.concurrent.ThreadPoolExecutor$Worker.run(ThreadPoolExecutor.java:641)
12-04 19:20:10.979 11256 11714 W SendBird: 	at java.lang.Thread.run(Thread.java:764)
12-04 19:20:11.005 11256 11399 W Glide   : Failed to find GeneratedAppGlideModule. You should include an annotationProcessor compile dependency on com.github.bumptech.glide:compiler in your application and a @GlideModule annotated AppGlideModule implementation or LibraryGlideModules will be silently ignored
12-04 19:20:11.012 11256 11256 W System.err: SendBirdException{code=800102, message=Connection has been canceled.}
12-04 19:20:11.012 11256 11256 W System.err: 	at com.sendbird.android.Connection.connect(Connection.java:329)
12-04 19:20:11.012 11256 11256 W System.err: 	at com.sendbird.android.SocketManager$10.call(SocketManager.java:485)
12-04 19:20:11.012 11256 11256 W System.err: 	at com.sendbird.android.SocketManager$10.call(SocketManager.java:461)
12-04 19:20:11.013 11256 11256 W System.err: 	at com.sendbird.android.JobResultTask$callable$1.call(JobResultTask.kt:16)
12-04 19:20:11.013 11256 11256 W System.err: 	at java.util.concurrent.FutureTask.run(FutureTask.java:266)
12-04 19:20:11.013 11256 11256 W System.err: 	at java.util.concurrent.ThreadPoolExecutor.runWorker(ThreadPoolExecutor.java:1167)
12-04 19:20:11.013 11256 11256 W System.err: 	at java.util.concurrent.ThreadPoolExecutor$Worker.run(ThreadPoolExecutor.java:641)
12-04 19:20:11.013 11256 11256 W System.err: 	at java.lang.Thread.run(Thread.java:764)
12-04 19:20:17.872 11256 11272 I om.rmc.natour2: Background concurrent copying GC freed 27475(1584KB) AllocSpace objects, 1(68KB) LOS objects, 49% free, 24MB/48MB, paused 835us total 137.745ms
12-04 19:20:21.581 11256 11256 I Choreographer: Skipped 230 frames!  The application may be doing too much work on its main thread.
12-04 19:20:21.585 11256 11256 W Looper  : Slow Looper main: doFrame is 3846ms late because of 1 msg, msg 1 took 3850ms (h=android.os.Handler c=kotlinx.coroutines.internal.DispatchedContinuation)
12-04 19:20:22.019 11256 11256 W StaticLayout: maxLineHeight should not be -1.  maxLines:3 lineCount:3
12-04 19:20:22.077 11256 11256 I chatty  : uid=10192(com.rmc.natour21) identical 1 line
12-04 19:20:22.192 11256 11256 W StaticLayout: maxLineHeight should not be -1.  maxLines:3 lineCount:3
12-04 19:20:33.670 11256 11256 W Choreographer: OPTS_INPUT: First frame was drawed before optimized, so skip!
12-04 19:21:06.214 11256 11371 W DpmTcmClient: Couldn't find 'tcm' socket after 120times. quit trying
12-04 19:21:20.424 11256 11256 W Choreographer: OPTS_INPUT: First frame was drawed before optimized, so skip!
12-04 19:21:56.094 11256 11256 W om.rmc.natour2: Accessing hidden method Landroid/view/View;->getTransitionAlpha()F (light greylist, linking)
12-04 19:21:56.094 11256 11256 W om.rmc.natour2: Accessing hidden method Landroid/view/View;->setTransitionAlpha(F)V (light greylist, linking)
12-04 19:21:56.094 11256 11256 W om.rmc.natour2: Accessing hidden method Landroid/view/View;->setAnimationMatrix(Landroid/graphics/Matrix;)V (light greylist, linking)
12-04 19:21:56.095 11256 11256 W om.rmc.natour2: Accessing hidden method Landroid/view/View;->transformMatrixToGlobal(Landroid/graphics/Matrix;)V (light greylist, linking)
12-04 19:21:56.095 11256 11256 W om.rmc.natour2: Accessing hidden method Landroid/view/View;->transformMatrixToLocal(Landroid/graphics/Matrix;)V (light greylist, linking)
12-04 19:21:56.095 11256 11256 W om.rmc.natour2: Accessing hidden method Landroid/view/View;->setLeftTopRightBottom(IIII)V (light greylist, linking)
12-04 19:21:56.095 11256 11256 W om.rmc.natour2: Accessing hidden method Landroid/view/View;->setTransitionVisibility(I)V (dark greylist, linking)
12-04 19:21:56.231 11256 11256 I StorageUtils: /storage/emulated/0 is NOT writable
12-04 19:21:56.231 11256 11256 D StorageUtils: /proc/mounts
12-04 19:21:56.232 11256 11256 D StorageUtils: rootfs / rootfs ro,seclabel 0 0
12-04 19:21:56.232 11256 11256 D StorageUtils: tmpfs /dev tmpfs rw,seclabel,nosuid,relatime,size=1897444k,nr_inodes=474361,mode=755 0 0
12-04 19:21:56.232 11256 11256 D StorageUtils: devpts /dev/pts devpts rw,seclabel,relatime,mode=600 0 0
12-04 19:21:56.232 11256 11256 D StorageUtils: none /dev/stune cgroup rw,nosuid,nodev,noexec,relatime,schedtune 0 0
12-04 19:21:56.232 11256 11256 D StorageUtils: none /dev/cpuctl cgroup rw,nosuid,nodev,noexec,relatime,cpu 0 0
12-04 19:21:56.232 11256 11256 D StorageUtils: none /dev/cpuset cgroup rw,nosuid,nodev,noexec,relatime,cpuset,noprefix,release_agent=/sbin/cpuset_release_agent 0 0
12-04 19:21:56.232 11256 11256 D StorageUtils: cg2_bpf /dev/cg2_bpf cgroup2 rw,nosuid,nodev,noexec,relatime 0 0
12-04 19:21:56.232 11256 11256 D StorageUtils: adb /dev/usb-ffs/adb functionfs rw,relatime 0 0
12-04 19:21:56.232 11256 11256 D StorageUtils: proc /proc proc rw,relatime,gid=3009,hidepid=2 0 0
12-04 19:21:56.232 11256 11256 D StorageUtils: sysfs /sys sysfs rw,seclabel,relatime 0 0
12-04 19:21:56.232 11256 11256 D StorageUtils: selinuxfs /sys/fs/selinux selinuxfs rw,relatime 0 0
12-04 19:21:56.232 11256 11256 D StorageUtils: debugfs /sys/kernel/debug debugfs rw,seclabel,relatime 0 0
12-04 19:21:56.232 11256 11256 D StorageUtils: tracefs /sys/kernel/debug/tracing tracefs rw,seclabel,relatime 0 0
12-04 19:21:56.232 11256 11256 D StorageUtils: pstore /sys/fs/pstore pstore rw,seclabel,nosuid,nodev,noexec,relatime 0 0
12-04 19:21:56.232 11256 11256 D StorageUtils: none /sys/fs/cgroup tmpfs rw,seclabel,relatime,size=1897444k,nr_inodes=474361,mode=750,gid=1000 0 0
12-04 19:21:56.233 11256 11256 D StorageUtils: none /sys/fs/cgroup/freezer cgroup rw,relatime,freezer 0 0
12-04 19:21:56.233 11256 11256 D StorageUtils: tmpfs /mnt tmpfs rw,seclabel,nosuid,nodev,noexec,relatime,size=1897444k,nr_inodes=474361,mode=755,gid=1000 0 0
12-04 19:21:56.233 11256 11256 D StorageUtils: /dev/block/bootdevice/by-name/persist /mnt/vendor/persist ext4 rw,seclabel,nosuid,nodev,noatime,data=ordered 0 0
12-04 19:21:56.233 11256 11256 D StorageUtils: /data/media /mnt/runtime/default/emulated sdcardfs rw,nosuid,nodev,noexec,noatime,fsuid=1023,fsgid=1023,gid=1015,multiuser,mask=6,derive_gid,default_normal 0 0
12-04 19:21:56.233 11256 11256 D StorageUtils: /data/media /mnt/runtime/read/emulated sdcardfs rw,nosuid,nodev,noexec,noatime,fsuid=1023,fsgid=1023,gid=9997,multiuser,mask=23,derive_gid,default_normal 0 0
12-04 19:21:56.234 11256 11256 D StorageUtils: /data/media /mnt/runtime/write/emulated sdcardfs rw,nosuid,nodev,noexec,noatime,fsuid=1023,fsgid=1023,gid=9997,multiuser,mask=7,derive_gid,default_normal 0 0
12-04 19:21:56.234 11256 11256 D StorageUtils: /dev/block/dm-0 /system ext4 ro,seclabel,relatime,block_validity,discard,delalloc,barrier,user_xattr,async_fsync 0 0
12-04 19:21:56.234 11256 11256 D StorageUtils: /dev/block/dm-1 /vendor ext4 ro,seclabel,relatime,block_validity,discard,delalloc,barrier,user_xattr,async_fsync 0 0
12-04 19:21:56.234 11256 11256 D StorageUtils: /dev/block/bootdevice/by-name/modem /vendor/firmware_mnt vfat ro,context=u:object_r:firmware_file:s0,relatime,gid=1000,fmask=0337,dmask=0227,codepage=437,iocharset=iso8859-1,shortname=lower,errors=remount-ro 0 0
12-04 19:21:56.235 11256 11256 D StorageUtils: /dev/block/bootdevice/by-name/bluetooth /vendor/bt_firmware vfat ro,context=u:object_r:bt_firmware_file:s0,relatime,uid=1002,gid=3002,fmask=0337,dmask=0227,codepage=437,iocharset=iso8859-1,shortname=lower,errors=remount-ro 0 0
12-04 19:21:56.235 11256 11256 D StorageUtils: /dev/block/bootdevice/by-name/dsp /vendor/dsp ext4 ro,seclabel,nosuid,nodev,relatime,data=ordered 0 0
12-04 19:21:56.235 11256 11256 D StorageUtils: none /acct cgroup rw,nosuid,nodev,noexec,relatime,cpuacct 0 0
12-04 19:21:56.235 11256 11256 D StorageUtils: none /config configfs rw,nosuid,nodev,noexec,relatime 0 0
12-04 19:21:56.236 11256 11256 D StorageUtils: /dev/block/bootdevice/by-name/cust /cust ext4 ro,seclabel,nosuid,nodev,relatime,data=ordered 0 0
12-04 19:21:56.236 11256 11256 D StorageUtils: /dev/block/bootdevice/by-name/cache /cache ext4 rw,seclabel,nosuid,nodev,noatime,data=ordered 0 0
12-04 19:21:56.236 11256 11256 D StorageUtils: /dev/block/dm-2 /data ext4 rw,lazytime,seclabel,nosuid,nodev,noatime,noauto_da_alloc,resgid=1065,data=ordered 0 0
12-04 19:21:56.236 11256 11256 D StorageUtils: tmpfs /storage tmpfs rw,seclabel,nosuid,nodev,noexec,relatime,size=1897444k,nr_inodes=474361,mode=755,gid=1000 0 0
12-04 19:21:56.236 11256 11256 D StorageUtils: /data/media /storage/emulated sdcardfs rw,nosuid,nodev,noexec,noatime,fsuid=1023,fsgid=1023,gid=1015,multiuser,mask=6,derive_gid,default_normal 0 0
12-04 19:21:56.236 11256 11256 D StorageUtils: tmpfs /storage/self tmpfs rw,seclabel,nosuid,nodev,noexec,relatime,size=1897444k,nr_inodes=474361,mode=755,gid=1000 0 0
12-04 19:21:56.237 11256 11256 I StorageUtils: /sdcard is NOT writable
12-04 19:21:56.241 11256 11256 I StorageUtils: /storage/emulated/0 is NOT writable
12-04 19:21:56.271 11256 11256 I StorageUtils: /data/user/0/com.rmc.natour21/files is writable
12-04 19:21:56.285 11256 11256 I StorageUtils: /storage/emulated/0/Android/data/com.rmc.natour21/files is writable
12-04 19:21:56.286 11256 11256 I StorageUtils: /data/user/0/com.rmc.natour21/files is writable
12-04 19:21:56.286 11256 11256 I StorageUtils: /storage/emulated/0/Android/data/com.rmc.natour21/files is writable
12-04 19:21:56.294 11256 11256 I OsmDroid: Using tile source: Mapnik
12-04 19:21:56.301 11256 11256 I OsmDroid: Tile cache increased from 0 to 9
12-04 19:21:56.551 11256 11256 W om.rmc.natour2: Accessing hidden field Landroid/view/View;->mViewFlags:I (light greylist, reflection)
12-04 19:21:56.566 11256 11256 W om.rmc.natour2: Accessing hidden method Landroid/view/ViewGroup;->suppressLayout(Z)V (light greylist, linking)
12-04 19:21:56.577 11256 11256 I OsmDroid: Tile cache increased from 9 to 48
12-04 19:21:56.634 11256 11256 W Looper  : Slow Looper main: doFrame is 426ms late because of 2 msg, msg 1 took 58ms (late=9ms h=android.view.ViewRootImpl$ViewRootHandler c=android.view.View$PerformClick), msg 2 took 387ms (late=48ms h=android.os.Handler c=androidx.fragment.app.FragmentManager$5)
12-04 19:21:59.830 11256 11272 I om.rmc.natour2: Background concurrent copying GC freed 122673(6MB) AllocSpace objects, 360(9MB) LOS objects, 49% free, 17MB/34MB, paused 252us total 140.970ms
12-04 19:22:03.653 11256 11256 W IInputConnectionWrapper: getTextBeforeCursor on inactive InputConnection
12-04 19:22:03.657 11256 11256 W IInputConnectionWrapper: getSelectedText on inactive InputConnection
12-04 19:22:03.658 11256 11256 W IInputConnectionWrapper: getTextAfterCursor on inactive InputConnection
12-04 19:22:03.673 11256 11256 W IInputConnectionWrapper: beginBatchEdit on inactive InputConnection
12-04 19:22:03.674 11256 11256 W IInputConnectionWrapper: endBatchEdit on inactive InputConnection
12-04 19:22:17.032 11256 11256 I Timeline: Timeline: Activity_launch_request time:16674592 intent:Intent { act=android.content.pm.action.REQUEST_PERMISSIONS pkg=com.google.android.packageinstaller (has extras) }
12-04 19:22:33.933 11256 11272 I om.rmc.natour2: NativeAlloc concurrent copying GC freed 93720(4MB) AllocSpace objects, 76(2MB) LOS objects, 49% free, 19MB/38MB, paused 789us total 138.630ms
12-04 19:22:36.531 11256 11256 W Choreographer: OPTS_INPUT: First frame was drawed before optimized, so skip!
12-04 19:22:38.023 11256 11272 I om.rmc.natour2: NativeAlloc concurrent copying GC freed 71626(4MB) AllocSpace objects, 387(8MB) LOS objects, 50% free, 20MB/41MB, paused 790us total 127.525ms
12-04 19:22:40.210 11256 11272 I om.rmc.natour2: Background concurrent copying GC freed 119982(6MB) AllocSpace objects, 704(16MB) LOS objects, 50% free, 17MB/35MB, paused 215us total 124.735ms
12-04 19:22:53.122 11256 11272 I om.rmc.natour2: NativeAlloc concurrent copying GC freed 66791(3MB) AllocSpace objects, 228(5MB) LOS objects, 50% free, 19MB/39MB, paused 220us total 111.256ms
12-04 19:22:54.823 11256 11272 I om.rmc.natour2: Background concurrent copying GC freed 105202(5MB) AllocSpace objects, 724(16MB) LOS objects, 49% free, 17MB/35MB, paused 139us total 111.145ms
12-04 19:23:12.634 11256 11272 I om.rmc.natour2: Background concurrent copying GC freed 86434(4MB) AllocSpace objects, 658(14MB) LOS objects, 49% free, 18MB/37MB, paused 825us total 127.136ms
12-04 19:23:21.420 11256 11256 W Looper  : Slow Looper main: doFrame is 423ms late because of 5 msg, msg 1 took 379ms (late=1ms h=com.android.internal.view.IInputConnectionWrapper$MyHandler w=60), msg 4 took 417ms (late=75ms h=com.android.internal.view.IInputConnectionWrapper$MyHandler w=60)
12-04 19:23:23.150 11256 11256 W Looper  : Slow Looper main: doFrame is 374ms late because of 2 msg, msg 1 took 372ms (late=78ms h=com.android.internal.view.IInputConnectionWrapper$MyHandler w=60)
12-04 19:23:23.970 11256 11256 W System.err: java.io.IOException: INVALID_ARGUMENT: At least one of address or componentFilters must be specified.
12-04 19:23:23.971 11256 11256 W System.err: 	at android.location.Geocoder.getFromLocationName(Geocoder.java:178)
12-04 19:23:23.971 11256 11256 W System.err: 	at com.rmc.natour21.Fragment.InsertPath.InsertFragment.geoCode(InsertFragment.kt:541)
12-04 19:23:23.972 11256 11256 W System.err: 	at com.rmc.natour21.Fragment.InsertPath.InsertFragment$onViewCreated$2$1.onQueryTextChange(InsertFragment.kt:295)
12-04 19:23:23.972 11256 11256 W System.err: 	at android.widget.SearchView.onTextChanged(SearchView.java:1250)
12-04 19:23:23.972 11256 11256 W System.err: 	at android.widget.SearchView.access$2100(SearchView.java:98)
12-04 19:23:23.973 11256 11256 W System.err: 	at android.widget.SearchView$10.onTextChanged(SearchView.java:1776)
12-04 19:23:23.973 11256 11256 W System.err: 	at android.widget.TextView.sendOnTextChanged(TextView.java:9797)
12-04 19:23:23.973 11256 11256 W System.err: 	at android.widget.TextView.handleTextChanged(TextView.java:9894)
12-04 19:23:23.973 11256 11256 W System.err: 	at android.widget.TextView$ChangeWatcher.onTextChanged(TextView.java:12588)
12-04 19:23:23.974 11256 11256 W System.err: 	at android.text.SpannableStringBuilder.sendTextChanged(SpannableStringBuilder.java:1263)
12-04 19:23:23.974 11256 11256 W System.err: 	at android.text.SpannableStringBuilder.replace(SpannableStringBuilder.java:575)
12-04 19:23:23.974 11256 11256 W System.err: 	at android.text.SpannableStringBuilder.delete(SpannableStringBuilder.java:229)
12-04 19:23:23.974 11256 11256 W System.err: 	at android.text.SpannableStringBuilder.delete(SpannableStringBuilder.java:36)
12-04 19:23:23.974 11256 11256 W System.err: 	at android.view.inputmethod.BaseInputConnection.deleteSurroundingText(BaseInputConnection.java:250)
12-04 19:23:23.975 11256 11256 W System.err: 	at com.android.internal.view.IInputConnectionWrapper.executeMessage(IInputConnectionWrapper.java:455)
12-04 19:23:23.975 11256 11256 W System.err: 	at com.android.internal.view.IInputConnectionWrapper$MyHandler.handleMessage(IInputConnectionWrapper.java:85)
12-04 19:23:23.975 11256 11256 W System.err: 	at android.os.Handler.dispatchMessage(Handler.java:106)
12-04 19:23:23.975 11256 11256 W System.err: 	at android.os.Looper.loop(Looper.java:201)
12-04 19:23:23.976 11256 11256 W System.err: 	at android.app.ActivityThread.main(ActivityThread.java:6810)
12-04 19:23:23.976 11256 11256 W System.err: 	at java.lang.reflect.Method.invoke(Native Method)
12-04 19:23:23.976 11256 11256 W System.err: 	at com.android.internal.os.RuntimeInit$MethodAndArgsCaller.run(RuntimeInit.java:547)
12-04 19:23:23.976 11256 11256 W System.err: 	at com.android.internal.os.ZygoteInit.main(ZygoteInit.java:873)
12-04 19:23:24.851 11256 11256 E SpannableStringBuilder: SPAN_EXCLUSIVE_EXCLUSIVE spans cannot have a zero length
12-04 19:23:24.851 11256 11256 E SpannableStringBuilder: SPAN_EXCLUSIVE_EXCLUSIVE spans cannot have a zero length
12-04 19:23:24.893 11256 11256 I Choreographer: Skipped 81 frames!  The application may be doing too much work on its main thread.
12-04 19:23:24.945 11256 11256 W Looper  : Slow Looper main: doFrame is 1357ms late because of 10 msg, msg 1 took 66ms (late=395ms h=android.view.ViewRootImpl$ViewRootHandler c=android.widget.AutoCompleteTextView$PopupDataSetObserver$1), msg 6 took 387ms (late=151ms h=com.android.internal.view.IInputConnectionWrapper$MyHandler w=80), msg 7 took 845ms (late=538ms h=com.android.internal.view.IInputConnectionWrapper$MyHandler w=50)
12-04 19:23:26.978 11256 11256 I Choreographer: Skipped 49 frames!  The application may be doing too much work on its main thread.
12-04 19:23:26.984 11256 11256 I OsmDroid: Tile cache increased from 48 to 54
12-04 19:23:26.992 11256 11256 W Looper  : Slow Looper main: doFrame is 824ms late because of 1 msg, msg 1 took 833ms (late=10ms h=android.view.ViewRootImpl$ViewRootHandler c=android.widget.AbsListView$3)
12-04 19:23:27.639 11256 11272 I om.rmc.natour2: NativeAlloc concurrent copying GC freed 86246(4MB) AllocSpace objects, 378(8MB) LOS objects, 50% free, 18MB/37MB, paused 203us total 102.419ms
12-04 19:23:33.385 11256 11272 I om.rmc.natour2: NativeAlloc concurrent copying GC freed 159681(8MB) AllocSpace objects, 302(6MB) LOS objects, 50% free, 19MB/39MB, paused 100us total 100.532ms
12-04 19:23:42.634 11256 11272 I om.rmc.natour2: NativeAlloc concurrent copying GC freed 182651(9MB) AllocSpace objects, 360(7MB) LOS objects, 50% free, 19MB/38MB, paused 668us total 124.158ms
12-04 19:23:54.241 11256 11272 I om.rmc.natour2: Background concurrent copying GC freed 82152(5MB) AllocSpace objects, 686(13MB) LOS objects, 50% free, 17MB/35MB, paused 146us total 112.633ms
12-04 19:23:59.329 11256 11272 I om.rmc.natour2: Background concurrent copying GC freed 82757(4MB) AllocSpace objects, 665(12MB) LOS objects, 50% free, 18MB/36MB, paused 216us total 115.468ms
12-04 19:24:09.403 11256 11256 W System.err: java.io.IOException: INVALID_ARGUMENT: At least one of address or componentFilters must be specified.
12-04 19:24:09.404 11256 11256 W System.err: 	at android.location.Geocoder.getFromLocationName(Geocoder.java:178)
12-04 19:24:09.404 11256 11256 W System.err: 	at com.rmc.natour21.Fragment.InsertPath.InsertFragment.geoCode(InsertFragment.kt:541)
12-04 19:24:09.405 11256 11256 W System.err: 	at com.rmc.natour21.Fragment.InsertPath.InsertFragment$onViewCreated$2$1.onQueryTextChange(InsertFragment.kt:295)
12-04 19:24:09.405 11256 11256 W System.err: 	at android.widget.SearchView.onTextChanged(SearchView.java:1250)
12-04 19:24:09.405 11256 11256 W System.err: 	at android.widget.SearchView.access$2100(SearchView.java:98)
12-04 19:24:09.405 11256 11256 W System.err: 	at android.widget.SearchView$10.onTextChanged(SearchView.java:1776)
12-04 19:24:09.405 11256 11256 W System.err: 	at android.widget.TextView.sendOnTextChanged(TextView.java:9797)
12-04 19:24:09.406 11256 11256 W System.err: 	at android.widget.TextView.setText(TextView.java:5776)
12-04 19:24:09.406 11256 11256 W System.err: 	at android.widget.TextView.setText(TextView.java:5614)
12-04 19:24:09.406 11256 11256 W System.err: 	at android.widget.EditText.setText(EditText.java:122)
12-04 19:24:09.406 11256 11256 W System.err: 	at android.widget.TextView.setText(TextView.java:5571)
12-04 19:24:09.406 11256 11256 W System.err: 	at android.widget.SearchView.onCloseClicked(SearchView.java:1286)
12-04 19:24:09.407 11256 11256 W System.err: 	at android.widget.SearchView.access$800(SearchView.java:98)
12-04 19:24:09.407 11256 11256 W System.err: 	at android.widget.SearchView$5.onClick(SearchView.java:971)
12-04 19:24:09.407 11256 11256 W System.err: 	at android.view.View.performClick(View.java:6608)
12-04 19:24:09.407 11256 11256 W System.err: 	at android.view.View.performClickInternal(View.java:6585)
12-04 19:24:09.408 11256 11256 W System.err: 	at android.view.View.access$3100(View.java:785)
12-04 19:24:09.408 11256 11256 W System.err: 	at android.view.View$PerformClick.run(View.java:25921)
12-04 19:24:09.408 11256 11256 W System.err: 	at android.os.Handler.handleCallback(Handler.java:873)
12-04 19:24:09.408 11256 11256 W System.err: 	at android.os.Handler.dispatchMessage(Handler.java:99)
12-04 19:24:09.408 11256 11256 W System.err: 	at android.os.Looper.loop(Looper.java:201)
12-04 19:24:09.409 11256 11256 W System.err: 	at android.app.ActivityThread.main(ActivityThread.java:6810)
12-04 19:24:09.409 11256 11256 W System.err: 	at java.lang.reflect.Method.invoke(Native Method)
12-04 19:24:09.409 11256 11256 W System.err: 	at com.android.internal.os.RuntimeInit$MethodAndArgsCaller.run(RuntimeInit.java:547)
12-04 19:24:09.409 11256 11256 W System.err: 	at com.android.internal.os.ZygoteInit.main(ZygoteInit.java:873)
12-04 19:24:09.430 11256 11256 W Looper  : Slow Looper main: doFrame is 401ms late because of 2 msg, msg 1 took 407ms (h=android.view.ViewRootImpl$ViewRootHandler c=android.view.View$PerformClick)
12-04 19:24:11.696 11256 11256 W Looper  : Slow Looper main: doFrame is 398ms late because of 3 msg, msg 1 took 364ms (late=106ms h=com.android.internal.view.IInputConnectionWrapper$MyHandler w=60)
12-04 19:24:12.191 11256 11256 W Looper  : Slow Looper main: doFrame is 396ms late because of 2 msg, msg 1 took 400ms (late=58ms h=com.android.internal.view.IInputConnectionWrapper$MyHandler w=60)
12-04 19:24:12.981 11256 11256 I Choreographer: Skipped 47 frames!  The application may be doing too much work on its main thread.
12-04 19:24:12.995 11256 11397 I OpenGLRenderer: Davey! duration=803ms; Flags=0, IntendedVsync=16789753133028, Vsync=16790536466330, OldestInputEvent=9223372036854775807, NewestInputEvent=0, HandleInputStart=16790546390782, AnimationStart=16790546519480, PerformTraversalsStart=16790546675105, DrawStart=16790549069167, SyncQueued=16790549906042, SyncStart=16790550337032, IssueDrawCommandsStart=16790550486094, SwapBuffers=16790555772709, FrameCompleted=16790557252657, DequeueBufferDuration=2170000, QueueBufferDuration=688000, 
12-04 19:24:12.997 11256 11256 W Looper  : Slow Looper main: doFrame is 790ms late because of 9 msg, msg 3 took 405ms (late=304ms h=com.android.internal.view.IInputConnectionWrapper$MyHandler w=60), msg 6 took 360ms (late=488ms h=com.android.internal.view.IInputConnectionWrapper$MyHandler w=60)
12-04 19:24:13.109 11256 11266 I om.rmc.natour2: Compiler allocated 4MB to compile void android.widget.TextView.<init>(android.content.Context, android.util.AttributeSet, int, int)
12-04 19:24:13.349 11256 11256 W System.err: java.io.IOException: INVALID_ARGUMENT: At least one of address or componentFilters must be specified.
12-04 19:24:13.350 11256 11256 W System.err: 	at android.location.Geocoder.getFromLocationName(Geocoder.java:178)
12-04 19:24:13.350 11256 11256 W System.err: 	at com.rmc.natour21.Fragment.InsertPath.InsertFragment.geoCode(InsertFragment.kt:541)
12-04 19:24:13.350 11256 11256 W System.err: 	at com.rmc.natour21.Fragment.InsertPath.InsertFragment$onViewCreated$2$1.onQueryTextChange(InsertFragment.kt:295)
12-04 19:24:13.351 11256 11256 W System.err: 	at android.widget.SearchView.onTextChanged(SearchView.java:1250)
12-04 19:24:13.351 11256 11256 W System.err: 	at android.widget.SearchView.access$2100(SearchView.java:98)
12-04 19:24:13.351 11256 11256 W System.err: 	at android.widget.SearchView$10.onTextChanged(SearchView.java:1776)
12-04 19:24:13.351 11256 11256 W System.err: 	at android.widget.TextView.sendOnTextChanged(TextView.java:9797)
12-04 19:24:13.351 11256 11256 W System.err: 	at android.widget.TextView.handleTextChanged(TextView.java:9894)
12-04 19:24:13.352 11256 11256 W System.err: 	at android.widget.TextView$ChangeWatcher.onTextChanged(TextView.java:12588)
12-04 19:24:13.352 11256 11256 W System.err: 	at android.text.SpannableStringBuilder.sendTextChanged(SpannableStringBuilder.java:1263)
12-04 19:24:13.352 11256 11256 W System.err: 	at android.text.SpannableStringBuilder.replace(SpannableStringBuilder.java:575)
12-04 19:24:13.352 11256 11256 W System.err: 	at android.text.SpannableStringBuilder.delete(SpannableStringBuilder.java:229)
12-04 19:24:13.352 11256 11256 W System.err: 	at android.text.SpannableStringBuilder.delete(SpannableStringBuilder.java:36)
12-04 19:24:13.353 11256 11256 W System.err: 	at android.view.inputmethod.BaseInputConnection.deleteSurroundingText(BaseInputConnection.java:250)
12-04 19:24:13.353 11256 11256 W System.err: 	at com.android.internal.view.IInputConnectionWrapper.executeMessage(IInputConnectionWrapper.java:455)
12-04 19:24:13.353 11256 11256 W System.err: 	at com.android.internal.view.IInputConnectionWrapper$MyHandler.handleMessage(IInputConnectionWrapper.java:85)
12-04 19:24:13.353 11256 11256 W System.err: 	at android.os.Handler.dispatchMessage(Handler.java:106)
12-04 19:24:13.353 11256 11256 W System.err: 	at android.os.Looper.loop(Looper.java:201)
12-04 19:24:13.354 11256 11256 W System.err: 	at android.app.ActivityThread.main(ActivityThread.java:6810)
12-04 19:24:13.354 11256 11256 W System.err: 	at java.lang.reflect.Method.invoke(Native Method)
12-04 19:24:13.354 11256 11256 W System.err: 	at com.android.internal.os.RuntimeInit$MethodAndArgsCaller.run(RuntimeInit.java:547)
12-04 19:24:13.354 11256 11256 W System.err: 	at com.android.internal.os.ZygoteInit.main(ZygoteInit.java:873)
12-04 19:24:13.782 11256 11256 E SpannableStringBuilder: SPAN_EXCLUSIVE_EXCLUSIVE spans cannot have a zero length
12-04 19:24:13.782 11256 11256 E SpannableStringBuilder: SPAN_EXCLUSIVE_EXCLUSIVE spans cannot have a zero length
12-04 19:24:13.832 11256 11256 I Choreographer: Skipped 50 frames!  The application may be doing too much work on its main thread.
12-04 19:24:13.908 11256 11256 W Looper  : Slow Looper main: doFrame is 841ms late because of 11 msg, msg 6 took 360ms (late=427ms h=com.android.internal.view.IInputConnectionWrapper$MyHandler w=80), msg 7 took 397ms (late=786ms h=com.android.internal.view.IInputConnectionWrapper$MyHandler w=50)
12-04 19:24:16.271 11256 11256 I Choreographer: Skipped 55 frames!  The application may be doing too much work on its main thread.
12-04 19:24:16.288 11256 11256 W Looper  : Slow Looper main: doFrame is 930ms late because of 1 msg, msg 1 took 935ms (h=android.view.ViewRootImpl$ViewRootHandler c=android.widget.AbsListView$3)
12-04 19:24:22.435 11256 11256 W Choreographer: OPTS_INPUT: First frame was drawed before optimized, so skip!
12-04 19:24:29.901 11256 11256 W Choreographer: OPTS_INPUT: First frame was drawed before optimized, so skip!
12-04 19:24:30.312 11256 11272 I om.rmc.natour2: Background concurrent copying GC freed 154802(9MB) AllocSpace objects, 503(9MB) LOS objects, 50% free, 18MB/36MB, paused 143us total 122.137ms
12-04 19:24:38.661 11256 11272 I om.rmc.natour2: Background concurrent copying GC freed 74730(4MB) AllocSpace objects, 801(16MB) LOS objects, 50% free, 17MB/35MB, paused 522us total 101.991ms
12-04 19:24:41.320 11256 11272 I om.rmc.natour2: Background concurrent copying GC freed 66072(4MB) AllocSpace objects, 687(13MB) LOS objects, 50% free, 17MB/35MB, paused 238us total 108.848ms
12-04 19:24:46.692 11256 11256 W Choreographer: OPTS_INPUT: First frame was drawed before optimized, so skip!
12-04 19:24:55.876 11256 11256 W Choreographer: OPTS_INPUT: First frame was drawed before optimized, so skip!
12-04 19:25:14.741 11256 11256 I Timeline: Timeline: Activity_launch_request time:16852303 intent:Intent { act=android.intent.action.CHOOSER (has extras) }
12-04 19:25:15.915 11256 11256 W om.rmc.natour2: Accessing hidden method Landroid/view/View;->getAccessibilityDelegate()Landroid/view/View$AccessibilityDelegate; (light greylist, linking)
12-04 19:25:19.957 11256 11256 I Toast   : Show toast from OpPackageName:com.rmc.natour21, PackageName:com.rmc.natour21
12-04 19:25:34.710 11256 11272 I om.rmc.natour2: NativeAlloc concurrent copying GC freed 152989(7MB) AllocSpace objects, 388(7MB) LOS objects, 50% free, 19MB/39MB, paused 152us total 117.501ms
12-04 19:25:38.725 11256 11272 I om.rmc.natour2: Background concurrent copying GC freed 83562(5MB) AllocSpace objects, 710(13MB) LOS objects, 50% free, 18MB/37MB, paused 284us total 110.517ms
12-04 19:25:40.922 11256 11272 I om.rmc.natour2: Background concurrent copying GC freed 79037(6MB) AllocSpace objects, 726(13MB) LOS objects, 50% free, 17MB/34MB, paused 145us total 105.072ms
12-04 19:25:43.315 11256 11272 I om.rmc.natour2: Background concurrent copying GC freed 49582(3MB) AllocSpace objects, 735(14MB) LOS objects, 50% free, 17MB/35MB, paused 688us total 102.744ms
12-04 19:25:45.757 11256 11256 W Choreographer: OPTS_INPUT: First frame was drawed before optimized, so skip!
12-04 19:25:48.160 11256 11272 I om.rmc.natour2: Background concurrent copying GC freed 72731(6MB) AllocSpace objects, 632(12MB) LOS objects, 50% free, 17MB/34MB, paused 119us total 119.452ms
12-04 19:25:53.325 11256 11256 W Choreographer: OPTS_INPUT: First frame was drawed before optimized, so skip!
12-04 19:25:54.307 11256 11256 W Choreographer: OPTS_INPUT: First frame was drawed before optimized, so skip!
12-04 19:25:54.856 11256 11256 W Choreographer: OPTS_INPUT: First frame was drawed before optimized, so skip!
12-04 19:25:55.212 11256 11272 I om.rmc.natour2: Background concurrent copying GC freed 68790(5MB) AllocSpace objects, 630(12MB) LOS objects, 50% free, 17MB/35MB, paused 167us total 136.687ms
12-04 19:25:59.320 11256 11946 D BONUSPACK: OSRMRoadManager.getRoads:https://routing.openstreetmap.de/routed-car/route/v1/driving/14.7287126060,40.9359391685;14.7113179424,40.9420769264?alternatives=false&overview=full&steps=true
12-04 19:25:59.568 11256 11946 W om.rmc.natour2: Accessing hidden field Ljava/net/Socket;->impl:Ljava/net/SocketImpl; (light greylist, reflection)
12-04 19:25:59.630 11256 11946 W om.rmc.natour2: Accessing hidden field Ljava/io/FileDescriptor;->descriptor:I (light greylist, JNI)
12-04 19:26:00.180 11256 11946 D BONUSPACK: OSRMRoadManager.getRoads - finished
12-04 19:26:00.208 11256 11256 W InputEventReceiver: Slow Input: 517ms so far, now at dispatchInputEvent (MotionEvent: event_seq=4148, seq=247899, action=ACTION_UP)
12-04 19:26:00.208 11256 11256 I Choreographer: Skipped 53 frames!  The application may be doing too much work on its main thread.
12-04 19:26:00.231 11256 11256 W Looper  : Slow Looper main: doFrame is 891ms late because of 1 msg, msg 1 took 920ms (late=4ms h=android.view.GestureDetector$GestureHandler w=2)
12-04 19:26:04.831 11256 11272 I om.rmc.natour2: Background concurrent copying GC freed 58123(4MB) AllocSpace objects, 711(13MB) LOS objects, 50% free, 18MB/36MB, paused 357us total 122.686ms
12-04 19:26:08.597 11256 11256 I Timeline: Timeline: Activity_launch_request time:16906159 intent:Intent { cmp=com.rmc.natour21/.Fragment.InsertPath.PathAttributesActivity (has extras) }
12-04 19:26:08.636 11256 11256 I Choreographer: Skipped 30 frames!  The application may be doing too much work on its main thread.
12-04 19:26:08.640 11256 11256 W Looper  : Slow Looper main: doFrame is 502ms late because of 2 msg, msg 1 took 507ms (late=1ms h=android.view.ViewRootImpl$ViewRootHandler c=android.view.View$PerformClick)
12-04 19:26:08.662 11256 11256 W ActivityThread: handleWindowVisibility: no activity for token android.os.BinderProxy@99f2138
12-04 19:26:08.730 11256 11256 I OsmDroid: Using tile source: Mapnik
12-04 19:26:08.730 11256 11256 I OsmDroid: Tile cache increased from 0 to 9
12-04 19:26:48.764 11256 11256 D TextClassifierService: No configured system TextClassifierService
12-04 19:26:48.767 11256 11256 D TextClassifierService: No configured system TextClassifierService
12-04 19:26:48.770 11256 14664 D TextClassifierService: No configured system TextClassifierService
12-04 19:26:48.895 11256 14664 D androidtc: Loading ModelFile { path=/data/misc/textclassifier/textclassifier.model name=textclassifier.model version=611 locales=it }
12-04 19:26:53.544 11256 11256 I Timeline: Timeline: Activity_launch_request time:16951106 intent:Intent { act=android.intent.action.PICK dat=content://media/external/images/media }
12-04 19:27:00.556 11256 11397 I Adreno  : QUALCOMM build                   : 6774a42, I60e4284429
12-04 19:27:00.556 11256 11397 I Adreno  : Build Date                       : 09/17/20
12-04 19:27:00.556 11256 11397 I Adreno  : OpenGL ES Shader Compiler Version: EV031.25.03.01
12-04 19:27:00.556 11256 11397 I Adreno  : Local Branch                     : 
12-04 19:27:00.556 11256 11397 I Adreno  : Remote Branch                    : refs/tags/AU_LINUX_ANDROID_LA.UM.7.2.R1.09.00.00.442.049
12-04 19:27:00.556 11256 11397 I Adreno  : Remote Branch                    : NONE
12-04 19:27:00.556 11256 11397 I Adreno  : Reconstruct Branch               : NOTHING
12-04 19:27:00.556 11256 11397 I Adreno  : Build Config                     : S L 6.0.7 AArch64
12-04 19:27:00.590 11256 11397 I Adreno  : PFP: 0x005ff113, ME: 0x005ff066
12-04 19:27:00.593 11256 11397 I ConfigStore: android::hardware::configstore::V1_0::ISurfaceFlingerConfigs::hasWideColorDisplay retrieved: 0
12-04 19:27:00.593 11256 11397 I ConfigStore: android::hardware::configstore::V1_0::ISurfaceFlingerConfigs::hasHDRDisplay retrieved: 0
12-04 19:27:00.597 11256 11397 I OpenGLRenderer: Initialized EGL, version 1.4
