12-04 19:27:00.598 11256 11397 D OpenGLRenderer: Swap behavior 2
12-04 19:27:02.783 11256 11256 I Timeline: Timeline: Activity_launch_request time:16960345 intent:Intent { act=android.intent.action.PICK dat=content://media/external/images/media }
12-04 19:27:05.793 11256 11256 W om.rmc.natour2: Accessing hidden field Landroid/view/View;->mAccessibilityDelegate:Landroid/view/View$AccessibilityDelegate; (light greylist, reflection)
12-04 19:27:05.849 11256 11397 I Adreno  : QUALCOMM build                   : 6774a42, I60e4284429
12-04 19:27:05.849 11256 11397 I Adreno  : Build Date                       : 09/17/20
12-04 19:27:05.849 11256 11397 I Adreno  : OpenGL ES Shader Compiler Version: EV031.25.03.01
12-04 19:27:05.849 11256 11397 I Adreno  : Local Branch                     : 
12-04 19:27:05.849 11256 11397 I Adreno  : Remote Branch                    : refs/tags/AU_LINUX_ANDROID_LA.UM.7.2.R1.09.00.00.442.049
12-04 19:27:05.849 11256 11397 I Adreno  : Remote Branch                    : NONE
12-04 19:27:05.849 11256 11397 I Adreno  : Reconstruct Branch               : NOTHING
12-04 19:27:05.850 11256 11397 I Adreno  : Build Config                     : S L 6.0.7 AArch64
12-04 19:27:05.856 11256 11397 I Adreno  : PFP: 0x005ff113, ME: 0x005ff066
12-04 19:27:05.859 11256 11397 I ConfigStore: android::hardware::configstore::V1_0::ISurfaceFlingerConfigs::hasWideColorDisplay retrieved: 0
12-04 19:27:05.859 11256 11397 I ConfigStore: android::hardware::configstore::V1_0::ISurfaceFlingerConfigs::hasHDRDisplay retrieved: 0
12-04 19:27:05.859 11256 11397 I OpenGLRenderer: Initialized EGL, version 1.4
12-04 19:27:05.860 11256 11397 D OpenGLRenderer: Swap behavior 2
12-04 19:27:07.823 11256 11256 I Timeline: Timeline: Activity_launch_request time:16965385 intent:Intent { act=android.intent.action.PICK dat=content://media/external/images/media }
12-04 19:27:12.623 11256 11256 D ViewRootImpl[PathAttributesActivity]: changeCanvasOpacity: opaque=false
12-04 19:27:13.312 11256 11256 D ViewRootImpl[PathAttributesActivity]: changeCanvasOpacity: opaque=true
12-04 19:28:14.315 11256 11256 I Toast   : Show toast from OpPackageName:com.rmc.natour21, PackageName:com.rmc.natour21
12-04 19:28:22.595 11256 11256 W StaticLayout: maxLineHeight should not be -1.  maxLines:3 lineCount:3
12-04 19:28:22.631 11256 11256 I chatty  : uid=10192(com.rmc.natour21) identical 1 line
12-04 19:28:22.700 11256 11256 W StaticLayout: maxLineHeight should not be -1.  maxLines:3 lineCount:3
12-04 19:28:25.605 11256 11256 W Choreographer: OPTS_INPUT: First frame was drawed before optimized, so skip!
12-04 19:28:33.407 11256 11256 I Choreographer: Skipped 125 frames!  The application may be doing too much work on its main thread.
12-04 19:28:33.410 11256 11256 W Looper  : Slow Looper main: doFrame is 2093ms late because of 2 msg, msg 1 took 2096ms (late=11ms h=android.os.Handler c=kotlinx.coroutines.internal.DispatchedContinuation)
12-04 19:28:37.348 11256 11256 W StaticLayout: maxLineHeight should not be -1.  maxLines:3 lineCount:3
12-04 19:28:37.374 11256 11256 W StaticLayout: maxLineHeight should not be -1.  maxLines:3 lineCount:3
12-04 19:28:37.437 11256 11256 W StaticLayout: maxLineHeight should not be -1.  maxLines:3 lineCount:3
12-04 19:28:38.989 11256 11256 W Choreographer: OPTS_INPUT: First frame was drawed before optimized, so skip!
12-04 19:28:42.199 11256 11827 W Glide   : Load failed for [https://natour21imgs.s3.us-east-2.amazonaws.com/102] with dimensions [-2147483648x-2147483648]
12-04 19:28:42.199 11256 11827 W Glide   : class com.bumptech.glide.load.engine.GlideException: Failed to load resource
12-04 19:28:42.199 11256 11827 W Glide   : There was 1 root cause:
12-04 19:28:42.199 11256 11827 W Glide   : java.lang.NullPointerException(Attempt to invoke virtual method 'com.bumptech.glide.load.engine.Resource com.bumptech.glide.load.engine.LoadPath.load(com.bumptech.glide.load.data.DataRewinder, com.bumptech.glide.load.Options, int, int, com.bumptech.glide.load.engine.DecodePath$DecodeCallback)' on a null object reference)
12-04 19:28:42.199 11256 11827 W Glide   :  call GlideException#logRootCauses(String) for more detail
12-04 19:28:42.199 11256 11827 W Glide   :   Cause (1 of 1): class java.lang.NullPointerException: Attempt to invoke virtual method 'com.bumptech.glide.load.engine.Resource com.bumptech.glide.load.engine.LoadPath.load(com.bumptech.glide.load.data.DataRewinder, com.bumptech.glide.load.Options, int, int, com.bumptech.glide.load.engine.DecodePath$DecodeCallback)' on a null object reference
12-04 19:28:42.201 11256 11827 I Glide   : Root cause (1 of 1)
12-04 19:28:42.201 11256 11827 I Glide   : java.lang.NullPointerException: Attempt to invoke virtual method 'com.bumptech.glide.load.engine.Resource com.bumptech.glide.load.engine.LoadPath.load(com.bumptech.glide.load.data.DataRewinder, com.bumptech.glide.load.Options, int, int, com.bumptech.glide.load.engine.DecodePath$DecodeCallback)' on a null object reference
12-04 19:28:42.201 11256 11827 I Glide   : 	at com.bumptech.glide.load.engine.DecodeJob.runLoadPath(DecodeJob.java:539)
12-04 19:28:42.201 11256 11827 I Glide   : 	at com.bumptech.glide.load.engine.DecodeJob.decodeFromFetcher(DecodeJob.java:503)
12-04 19:28:42.201 11256 11827 I Glide   : 	at com.bumptech.glide.load.engine.DecodeJob.decodeFromData(DecodeJob.java:489)
12-04 19:28:42.201 11256 11827 I Glide   : 	at com.bumptech.glide.load.engine.DecodeJob.decodeFromRetrievedData(DecodeJob.java:434)
12-04 19:28:42.201 11256 11827 I Glide   : 	at com.bumptech.glide.load.engine.DecodeJob.onDataFetcherReady(DecodeJob.java:399)
12-04 19:28:42.201 11256 11827 I Glide   : 	at com.bumptech.glide.load.engine.SourceGenerator.cacheData(SourceGenerator.java:176)
12-04 19:28:42.201 11256 11827 I Glide   : 	at com.bumptech.glide.load.engine.SourceGenerator.startNext(SourceGenerator.java:56)
12-04 19:28:42.201 11256 11827 I Glide   : 	at com.bumptech.glide.load.engine.DecodeJob.runGenerators(DecodeJob.java:311)
12-04 19:28:42.201 11256 11827 I Glide   : 	at com.bumptech.glide.load.engine.DecodeJob.runWrapped(DecodeJob.java:280)
12-04 19:28:42.201 11256 11827 I Glide   : 	at com.bumptech.glide.load.engine.DecodeJob.run(DecodeJob.java:235)
12-04 19:28:42.201 11256 11827 I Glide   : 	at java.util.concurrent.ThreadPoolExecutor.runWorker(ThreadPoolExecutor.java:1167)
12-04 19:28:42.201 11256 11827 I Glide   : 	at java.util.concurrent.ThreadPoolExecutor$Worker.run(ThreadPoolExecutor.java:641)
12-04 19:28:42.201 11256 11827 I Glide   : 	at com.bumptech.glide.load.engine.executor.GlideExecutor$DefaultThreadFactory$1.run(GlideExecutor.java:421)
12-04 19:28:42.201 11256 11827 I Glide   : 	at java.lang.Thread.run(Thread.java:764)
12-04 19:28:42.201 11256 11827 I Glide   : 	at com.bumptech.glide.load.engine.executor.GlideExecutor$DefaultPriorityThreadFactory$1.run(GlideExecutor.java:380)
12-04 19:28:42.205 11256 11942 W System.err: java.util.concurrent.ExecutionException: com.bumptech.glide.load.engine.GlideException: Failed to load resource
12-04 19:28:42.206 11256 11942 W System.err: There was 1 root cause:
12-04 19:28:42.206 11256 11942 W System.err: java.lang.NullPointerException(Attempt to invoke virtual method 'com.bumptech.glide.load.engine.Resource com.bumptech.glide.load.engine.LoadPath.load(com.bumptech.glide.load.data.DataRewinder, com.bumptech.glide.load.Options, int, int, com.bumptech.glide.load.engine.DecodePath$DecodeCallback)' on a null object reference)
12-04 19:28:42.206 11256 11942 W System.err:  call GlideException#logRootCauses(String) for more detail
12-04 19:28:42.206 11256 11942 W System.err: 	at com.bumptech.glide.request.RequestFutureTarget.doGet(RequestFutureTarget.java:217)
12-04 19:28:42.206 11256 11942 W System.err: 	at com.bumptech.glide.request.RequestFutureTarget.get(RequestFutureTarget.java:130)
12-04 19:28:42.206 11256 11942 W System.err: 	at com.rmc.natour21.repository.ImageDownloaderImpl$download$1.invokeSuspend(ImageDownloaderImpl.kt:53)
12-04 19:28:42.206 11256 11942 W System.err: 	at kotlin.coroutines.jvm.internal.BaseContinuationImpl.resumeWith(ContinuationImpl.kt:33)
12-04 19:28:42.206 11256 11942 W System.err: 	at kotlinx.coroutines.DispatchedTask.run(DispatchedTask.kt:106)
12-04 19:28:42.206 11256 11942 W System.err: 	at kotlinx.coroutines.internal.LimitedDispatcher.run(LimitedDispatcher.kt:42)
12-04 19:28:42.207 11256 11942 W System.err: 	at kotlinx.coroutines.scheduling.TaskImpl.run(Tasks.kt:95)
12-04 19:28:42.207 11256 11942 W System.err: 	at kotlinx.coroutines.scheduling.CoroutineScheduler.runSafely(CoroutineScheduler.kt:570)
12-04 19:28:42.207 11256 11942 W System.err: 	at kotlinx.coroutines.scheduling.CoroutineScheduler$Worker.executeTask(CoroutineScheduler.kt:749)
12-04 19:28:42.207 11256 11942 W System.err: 	at kotlinx.coroutines.scheduling.CoroutineScheduler$Worker.runWorker(CoroutineScheduler.kt:677)
12-04 19:28:42.207 11256 11942 W System.err: 	at kotlinx.coroutines.scheduling.CoroutineScheduler$Worker.run(CoroutineScheduler.kt:664)
12-04 19:28:42.208 11256 11942 W System.err: Caused by: com.bumptech.glide.load.engine.GlideException: Failed to load resource
12-04 19:28:42.208 11256 11942 W System.err: There was 1 root cause:
12-04 19:28:42.208 11256 11942 W System.err: java.lang.NullPointerException(Attempt to invoke virtual method 'com.bumptech.glide.load.engine.Resource com.bumptech.glide.load.engine.LoadPath.load(com.bumptech.glide.load.data.DataRewinder, com.bumptech.glide.load.Options, int, int, com.bumptech.glide.load.engine.DecodePath$DecodeCallback)' on a null object reference)
12-04 19:28:42.208 11256 11942 W System.err:  call GlideException#logRootCauses(String) for more detail
12-04 19:28:42.269 11256 11827 E GlideExecutor: Request threw uncaught throwable
12-04 19:28:42.269 11256 11827 E GlideExecutor: java.lang.NullPointerException: Attempt to invoke virtual method 'com.bumptech.glide.load.engine.Resource com.bumptech.glide.load.engine.LoadPath.load(com.bumptech.glide.load.data.DataRewinder, com.bumptech.glide.load.Options, int, int, com.bumptech.glide.load.engine.DecodePath$DecodeCallback)' on a null object reference
12-04 19:28:42.269 11256 11827 E GlideExecutor: 	at com.bumptech.glide.load.engine.DecodeJob.runLoadPath(DecodeJob.java:539)
12-04 19:28:42.269 11256 11827 E GlideExecutor: 	at com.bumptech.glide.load.engine.DecodeJob.decodeFromFetcher(DecodeJob.java:503)
12-04 19:28:42.269 11256 11827 E GlideExecutor: 	at com.bumptech.glide.load.engine.DecodeJob.decodeFromData(DecodeJob.java:489)
12-04 19:28:42.269 11256 11827 E GlideExecutor: 	at com.bumptech.glide.load.engine.DecodeJob.decodeFromRetrievedData(DecodeJob.java:434)
12-04 19:28:42.269 11256 11827 E GlideExecutor: 	at com.bumptech.glide.load.engine.DecodeJob.onDataFetcherReady(DecodeJob.java:399)
12-04 19:28:42.269 11256 11827 E GlideExecutor: 	at com.bumptech.glide.load.engine.SourceGenerator.cacheData(SourceGenerator.java:176)
12-04 19:28:42.269 11256 11827 E GlideExecutor: 	at com.bumptech.glide.load.engine.SourceGenerator.startNext(SourceGenerator.java:56)
12-04 19:28:42.269 11256 11827 E GlideExecutor: 	at com.bumptech.glide.load.engine.DecodeJob.runGenerators(DecodeJob.java:311)
12-04 19:28:42.269 11256 11827 E GlideExecutor: 	at com.bumptech.glide.load.engine.DecodeJob.runWrapped(DecodeJob.java:280)
12-04 19:28:42.269 11256 11827 E GlideExecutor: 	at com.bumptech.glide.load.engine.DecodeJob.run(DecodeJob.java:235)
12-04 19:28:42.269 11256 11827 E GlideExecutor: 	at java.util.concurrent.ThreadPoolExecutor.runWorker(ThreadPoolExecutor.java:1167)
12-04 19:28:42.269 11256 11827 E GlideExecutor: 	at java.util.concurrent.ThreadPoolExecutor$Worker.run(ThreadPoolExecutor.java:641)
12-04 19:28:42.269 11256 11827 E GlideExecutor: 	at com.bumptech.glide.load.engine.executor.GlideExecutor$DefaultThreadFactory$1.run(GlideExecutor.java:421)
12-04 19:28:42.269 11256 11827 E GlideExecutor: 	at java.lang.Thread.run(Thread.java:764)
12-04 19:28:42.269 11256 11827 E GlideExecutor: 	at com.bumptech.glide.load.engine.executor.GlideExecutor$DefaultPriorityThreadFactory$1.run(GlideExecutor.java:380)
12-04 19:28:43.020 11256 11256 I Timeline: Timeline: Activity_launch_request time:17060582 intent:Intent { cmp=com.rmc.natour21/.Fragment.path.PathPageActivity (has extras) }
12-04 19:28:43.135 11256 11256 W ActivityThread: handleWindowVisibility: no activity for token android.os.BinderProxy@1544c02
12-04 19:28:51.972 11256 11256 I Timeline: Timeline: Activity_launch_request time:17069534 intent:Intent { cmp=com.rmc.natour21/.Fragment.path.map.ShowPathActivity (has extras) }
12-04 19:28:52.031 11256 11256 W ActivityThread: handleWindowVisibility: no activity for token android.os.BinderProxy@31a9e14
12-04 19:28:52.056 11256 11256 I OsmDroid: Using tile source: Mapnik
12-04 19:28:52.057 11256 11256 I OsmDroid: Tile cache increased from 0 to 9
12-04 19:28:52.104 11256 11256 W om.rmc.natour2: Accessing hidden method Landroid/widget/PopupWindow;->setClipToScreenEnabled(Z)V (light greylist, reflection)
12-04 19:28:52.104 11256 11256 W om.rmc.natour2: Accessing hidden method Landroid/widget/PopupWindow;->setEpicenterBounds(Landroid/graphics/Rect;)V (light greylist, reflection)
12-04 19:28:52.212 11256 11256 I OsmDroid: Tile cache increased from 9 to 54
12-04 19:28:52.346 11256 15403 D BONUSPACK: OSRMRoadManager.getRoads:https://routing.openstreetmap.de/routed-car/route/v1/driving/14.7287126060,40.9359391685;14.7113179424,40.9420769264?alternatives=false&overview=full&steps=true
12-04 19:28:52.708 11256 15403 D BONUSPACK: OSRMRoadManager.getRoads - finished
12-04 19:28:52.773 11256 15403 I System.out: SHOWPOI IS TRUE
12-04 19:28:52.816 11256 11256 W Looper  : Slow Looper main: doFrame is 495ms late because of 19 msg, msg 5 took 479ms (late=49ms h=android.os.Handler c=kotlinx.coroutines.JobSupport$AwaitContinuation)
12-04 19:28:52.855 11256 11256 I Toast   : Show toast from OpPackageName:com.rmc.natour21, PackageName:com.rmc.natour21
12-04 19:28:52.857 11256 11256 I OsmDroid: Tile cache increased from 54 to 60
12-04 19:28:52.945 11256 11272 I om.rmc.natour2: NativeAlloc concurrent copying GC freed 200894(8MB) AllocSpace objects, 187(8MB) LOS objects, 46% free, 27MB/51MB, paused 315us total 163.600ms
12-04 19:28:52.953 11256 11270 W System  : A resource failed to call close. 
12-04 19:28:52.953 11256 11270 I chatty  : uid=10192(com.rmc.natour21) FinalizerDaemon identical 4 lines
12-04 19:28:52.953 11256 11270 W System  : A resource failed to call close. 
12-04 19:28:58.342 11256 11272 I om.rmc.natour2: NativeAlloc concurrent copying GC freed 54791(3MB) AllocSpace objects, 292(5MB) LOS objects, 48% free, 25MB/49MB, paused 190us total 125.071ms
12-04 19:28:58.794 11256 11256 W Choreographer: OPTS_INPUT: First frame was drawed before optimized, so skip!
12-04 19:28:59.607 11256 11256 W Choreographer: OPTS_INPUT: First frame was drawed before optimized, so skip!
12-04 19:29:00.877 11256 11256 W Choreographer: OPTS_INPUT: First frame was drawed before optimized, so skip!
12-04 19:29:02.278 11256 11272 I om.rmc.natour2: NativeAlloc concurrent copying GC freed 60805(3MB) AllocSpace objects, 174(3MB) LOS objects, 49% free, 24MB/48MB, paused 270us total 143.616ms
12-04 19:29:02.432 11256 11256 W Choreographer: OPTS_INPUT: First frame was drawed before optimized, so skip!
12-04 19:29:03.860 11256 11272 I om.rmc.natour2: NativeAlloc concurrent copying GC freed 40350(2MB) AllocSpace objects, 252(4MB) LOS objects, 49% free, 24MB/48MB, paused 319us total 113.676ms
12-04 19:29:05.291 11256 11256 W Choreographer: OPTS_INPUT: First frame was drawed before optimized, so skip!
12-04 19:29:06.090 11256 11272 I om.rmc.natour2: Background concurrent copying GC freed 83217(6MB) AllocSpace objects, 944(18MB) LOS objects, 49% free, 24MB/48MB, paused 122us total 109ms
12-04 19:29:11.221 11256 11272 I om.rmc.natour2: Background concurrent copying GC freed 84733(6MB) AllocSpace objects, 987(19MB) LOS objects, 49% free, 24MB/48MB, paused 702us total 100.130ms
12-04 19:29:14.314 11256 11272 I om.rmc.natour2: Background concurrent copying GC freed 77516(5MB) AllocSpace objects, 986(19MB) LOS objects, 49% free, 24MB/48MB, paused 214us total 141.487ms
12-04 19:29:22.165 11256 11397 D OpenGLRenderer: endAllActiveAnimators on 0x799f636700 (RippleDrawable) with handle 0x799db56680
12-04 19:29:25.933 11256 11256 W StaticLayout: maxLineHeight should not be -1.  maxLines:3 lineCount:3
12-04 19:29:25.959 11256 11256 W StaticLayout: maxLineHeight should not be -1.  maxLines:3 lineCount:3
12-04 19:29:26.013 11256 11256 W StaticLayout: maxLineHeight should not be -1.  maxLines:3 lineCount:3
12-04 19:29:43.172 11256 11256 I OsmDroid: Using tile source: Mapnik
12-04 19:29:43.173 11256 11256 I OsmDroid: Tile cache increased from 0 to 9
12-04 19:29:43.737 11256 11256 I Choreographer: Skipped 35 frames!  The application may be doing too much work on its main thread.
12-04 19:29:43.784 11256 11256 I OsmDroid: Tile cache increased from 9 to 48
12-04 19:29:43.807 11256 11256 W Looper  : Slow Looper main: doFrame is 584ms late because of 2 msg, msg 2 took 571ms (late=21ms h=android.os.Handler c=androidx.fragment.app.FragmentManager$5)
12-04 19:30:31.942 11256 11256 W ActivityThread: handleWindowVisibility: no activity for token android.os.BinderProxy@c1cb62
12-04 19:30:32.584 11256 11946 I System.out: Firebase token: eyJhbGciOiJSUzI1NiIsImtpZCI6Ijk1MWMwOGM1MTZhZTM1MmI4OWU0ZDJlMGUxNDA5NmY3MzQ5NDJhODciLCJ0eXAiOiJKV1QifQ.eyJpc3MiOiJodHRwczovL3NlY3VyZXRva2VuLmdvb2dsZS5jb20vbmF0b3VyMjEtZmM2ZWEiLCJhdWQiOiJuYXRvdXIyMS1mYzZlYSIsImF1dGhfdGltZSI6MTY3MDE3ODAwNCwidXNlcl9pZCI6Ik1vc2g2aWFxeW5hQzQyUWY4c1lyRjFLWHlIWjIiLCJzdWIiOiJNb3NoNmlhcXluYUM0MlFmOHNZckYxS1h5SFoyIiwiaWF0IjoxNjcwMTc4MDA0LCJleHAiOjE2NzAxODE2MDQsImVtYWlsIjoibW9ub241NzI4MUBrdXZhc2luLmNvbSIsImVtYWlsX3ZlcmlmaWVkIjp0cnVlLCJmaXJlYmFzZSI6eyJpZGVudGl0aWVzIjp7ImVtYWlsIjpbIm1vbm9uNTcyODFAa3V2YXNpbi5jb20iXX0sInNpZ25faW5fcHJvdmlkZXIiOiJwYXNzd29yZCJ9fQ.lhw500VxsyjhrY4e_PWtR7-P9wbEMluJJbol4cWYT6lKKYwIEA43iSVgqxoLuJLMyuauSlMEkaWnTzj0_bjqEJKSSIw0LfxITpMVRJNrB-glsIXxkpmlZKIimVW1PmOgsh_J5QzayARpzhcMNVdhwfHf9PBBhl03AjOV9DnK6tiiosNsB9lSnnZmnbEyr2k06f-S96BHURjqNWRxyGF8XfQlC4WTbxFszq685n5xXT6cRq2xZ2MWYlzsjlmTtZH4FQ0uOVvyB-B1JPrhwmD5OCTSlFddphRNWRYwnN9rlrk5_G1baaYovTmvx2r1gIU57IUrGZ07WEK60UHWe5X_qw
12-04 19:30:33.348 11256 11946 I Timeline: Timeline: Activity_launch_request time:17170910 intent:Intent { cmp=com.rmc.natour21/.MainActivity }
12-04 19:30:33.348 11256 11256 D SBUIKIT : [19:30:33.347 SendBirdUIKit$1:onInitSucceed():174] >> onInitSucceed()
12-04 19:30:33.367 11256 11256 W ActivityThread: handleWindowVisibility: no activity for token android.os.BinderProxy@11793d4
12-04 19:30:33.773 11256 16305 W om.rmc.natour2: Accessing hidden method Ljava/security/spec/ECParameterSpec;->setCurveName(Ljava/lang/String;)V (light greylist, reflection)
12-04 19:30:34.018 11256 16305 W SendBird: [19:30:34.018 Connection$1:onMessage():235] onMessage instance : [LOGI] com.sendbird.android.Connection@3c14fe3
12-04 19:30:34.021 11256 16305 W Sendbird: [19:30:34.019 Connection$1:onMessage():236] onMessage instance : [LOGI] com.sendbird.android.Connection@3c14fe3
12-04 19:30:34.040 11256 16311 W SendBird: [19:30:34.040 EventController$1:call():141] ++ result[LOGI] runnable=null
12-04 19:30:34.109 11256 16299 D SBUIKIT : [19:30:34.106 SendBirdUIKit$2:call():298] ++ user nickname = Ilaria, profileUrl = http://18.195.186.181:8080/img/98/raw
12-04 19:30:34.110 11256 16299 D SBUIKIT : [19:30:34.109 SendBirdUIKit:updateEmojiList():400] >> SendBirdUIkit::updateEmojiList()
12-04 19:30:34.112 11256 16305 W SendBird: [19:30:34.111 Connection$1:onMessage():235] onMessage instance : [PONG] com.sendbird.android.Connection@3c14fe3
12-04 19:30:34.113 11256 16305 W Sendbird: [19:30:34.112 Connection$1:onMessage():236] onMessage instance : [PONG] com.sendbird.android.Connection@3c14fe3
12-04 19:30:34.118 11256 16311 W SendBird: [19:30:34.117 EventController$1:call():141] ++ result[PONG] runnable=null
12-04 19:30:34.596 11256 11256 I System.out: SENDBIRD TOKEN OK fZltsSCQTIKADKpydQsEpi:APA91bFFeIg9wcddVNj5UL9eMMSw9yoPMDNgc0_VZV5cKr5FPaC-hdw6BT9-ffvUYmSHqLUDzH-opfYswQ4Zv9vwQ-Lh0TcgF32JMxc12AuqHYLwQ-qeti50S7tlNF3rZvL_-0FddUtN
12-04 19:30:40.057 11256 11272 I om.rmc.natour2: Background concurrent copying GC freed 118068(5MB) AllocSpace objects, 34(2MB) LOS objects, 50% free, 17MB/35MB, paused 456us total 150.941ms
12-04 19:30:42.075 11256 11256 I Choreographer: Skipped 69 frames!  The application may be doing too much work on its main thread.
12-04 19:30:42.079 11256 11256 W Looper  : Slow Looper main: doFrame is 1166ms late because of 1 msg, msg 1 took 1170ms (late=1ms h=android.os.Handler c=kotlinx.coroutines.internal.DispatchedContinuation)
12-04 19:30:42.084 11256 11397 I OpenGLRenderer: Davey! duration=1175ms; Flags=0, IntendedVsync=17178471153944, Vsync=17179621153898, OldestInputEvent=9223372036854775807, NewestInputEvent=0, HandleInputStart=17179641106727, AnimationStart=17179641159175, PerformTraversalsStart=17179641396050, DrawStart=17179641463914, SyncQueued=17179641637196, SyncStart=17179641681414, IssueDrawCommandsStart=17179641838289, SwapBuffers=17179643670373, FrameCompleted=17179646875164, DequeueBufferDuration=531000, QueueBufferDuration=2625000, 
12-04 19:30:42.320 11256 11256 W StaticLayout: maxLineHeight should not be -1.  maxLines:3 lineCount:3
12-04 19:30:42.344 11256 11256 W StaticLayout: maxLineHeight should not be -1.  maxLines:3 lineCount:3
12-04 19:30:42.392 11256 11256 W StaticLayout: maxLineHeight should not be -1.  maxLines:3 lineCount:3
12-04 19:30:44.641 11256 11256 I OsmDroid: Using tile source: Mapnik
12-04 19:30:44.642 11256 11256 I OsmDroid: Tile cache increased from 0 to 9
12-04 19:30:44.778 11256 11256 I OsmDroid: Tile cache increased from 9 to 48
12-04 19:30:47.239 11256 11256 I OsmDroid: Tile cache increased from 48 to 54
12-04 19:30:49.115 11256 16305 W SendBird: [19:30:49.115 Connection$1:onMessage():235] onMessage instance : [PONG] com.sendbird.android.Connection@3c14fe3
12-04 19:30:49.117 11256 16305 W Sendbird: [19:30:49.116 Connection$1:onMessage():236] onMessage instance : [PONG] com.sendbird.android.Connection@3c14fe3
12-04 19:30:49.124 11256 16311 W SendBird: [19:30:49.124 EventController$1:call():141] ++ result[PONG] runnable=null
12-04 19:30:50.425 11256 11272 I om.rmc.natour2: Background concurrent copying GC freed 139523(7MB) AllocSpace objects, 508(12MB) LOS objects, 49% free, 22MB/45MB, paused 190us total 129.499ms
12-04 19:31:00.677 11256 11256 W Choreographer: OPTS_INPUT: First frame was drawed before optimized, so skip!
12-04 19:31:02.457 11256 11256 I Timeline: Timeline: Activity_launch_request time:17200019 intent:Intent { act=android.settings.LOCATION_SOURCE_SETTINGS }
12-04 19:31:02.537 11256 11256 I Toast   : Show toast from OpPackageName:com.rmc.natour21, PackageName:com.rmc.natour21
12-04 19:31:03.104 11256 11702 E PINGER  : [19:31:03.104 Connection$Pinger:stop():522] Pinger stop true
12-04 19:31:03.108 11256 11702 E Sendbird:PINGER: [19:31:03.106 Connection$Pinger:stop():523] Pinger stop true
12-04 19:31:03.118 11256 16315 W SendBird: [19:31:03.117 Connection$1:onFailure():250] onFailed instance : com.sendbird.android.Connection@3c14fe3
12-04 19:31:03.120 11256 16315 W Sendbird: [19:31:03.118 Connection$1:onFailure():251] onFailed instance : com.sendbird.android.Connection@3c14fe3
12-04 19:31:03.121 11256 16315 W SendBird: [19:31:03.120 Connection$1:onFailure():256] onFailed handler : com.sendbird.android.SocketManager@d5f4f58
12-04 19:31:03.122 11256 16315 W Sendbird: [19:31:03.121 Connection$1:onFailure():257] onFailed handler : com.sendbird.android.SocketManager@d5f4f58
12-04 19:31:03.122 11256 16315 W SendBird: [19:31:03.122 SocketManager:onError():1002] >> onError : Socket is closed, reconnecting : false, explicitDisconnect : true
12-04 19:31:05.352 11256 16557 W SendBird: [19:31:05.351 Connection$1:onMessage():235] onMessage instance : [LOGI] com.sendbird.android.Connection@34fc6ec
12-04 19:31:05.356 11256 16557 W Sendbird: [19:31:05.353 Connection$1:onMessage():236] onMessage instance : [LOGI] com.sendbird.android.Connection@34fc6ec
12-04 19:31:05.372 11256 16311 W SendBird: [19:31:05.371 EventController$1:call():141] ++ result[LOGI] runnable=null
12-04 19:31:05.453 11256 16557 W SendBird: [19:31:05.452 Connection$1:onMessage():235] onMessage instance : [PONG] com.sendbird.android.Connection@34fc6ec
12-04 19:31:05.456 11256 16557 W Sendbird: [19:31:05.454 Connection$1:onMessage():236] onMessage instance : [PONG] com.sendbird.android.Connection@34fc6ec
12-04 19:31:05.463 11256 16311 W SendBird: [19:31:05.463 EventController$1:call():141] ++ result[PONG] runnable=null
12-04 19:31:14.661 11256 11256 W Looper  : Slow Looper main: doFrame is 408ms late because of 4 msg, msg 3 took 402ms (late=50ms h=com.android.internal.view.IInputConnectionWrapper$MyHandler w=60)
12-04 19:31:15.637 11256 11256 W Looper  : Slow Looper main: doFrame is 407ms late because of 3 msg, msg 1 took 377ms (late=203ms h=com.android.internal.view.IInputConnectionWrapper$MyHandler w=60)
12-04 19:31:16.036 11256 11256 W System.err: java.io.IOException: INVALID_ARGUMENT: At least one of address or componentFilters must be specified.
12-04 19:31:16.054 11256 11256 W System.err: 	at android.location.Geocoder.getFromLocationName(Geocoder.java:178)
12-04 19:31:16.055 11256 11256 W System.err: 	at com.rmc.natour21.Fragment.InsertPath.InsertFragment.geoCode(InsertFragment.kt:541)
12-04 19:31:16.055 11256 11256 W System.err: 	at com.rmc.natour21.Fragment.InsertPath.InsertFragment$onViewCreated$2$1.onQueryTextChange(InsertFragment.kt:295)
12-04 19:31:16.056 11256 11256 W System.err: 	at android.widget.SearchView.onTextChanged(SearchView.java:1250)
12-04 19:31:16.056 11256 11256 W System.err: 	at android.widget.SearchView.access$2100(SearchView.java:98)
12-04 19:31:16.057 11256 11256 W System.err: 	at android.widget.SearchView$10.onTextChanged(SearchView.java:1776)
12-04 19:31:16.057 11256 11256 W System.err: 	at android.widget.TextView.sendOnTextChanged(TextView.java:9797)
12-04 19:31:16.057 11256 11256 W System.err: 	at android.widget.TextView.handleTextChanged(TextView.java:9894)
12-04 19:31:16.058 11256 11256 W System.err: 	at android.widget.TextView$ChangeWatcher.onTextChanged(TextView.java:12588)
12-04 19:31:16.058 11256 11256 W System.err: 	at android.text.SpannableStringBuilder.sendTextChanged(SpannableStringBuilder.java:1263)
12-04 19:31:16.058 11256 11256 W System.err: 	at android.text.SpannableStringBuilder.replace(SpannableStringBuilder.java:575)
12-04 19:31:16.059 11256 11256 W System.err: 	at android.text.SpannableStringBuilder.delete(SpannableStringBuilder.java:229)
12-04 19:31:16.059 11256 11256 W System.err: 	at android.text.SpannableStringBuilder.delete(SpannableStringBuilder.java:36)
12-04 19:31:16.059 11256 11256 W System.err: 	at android.view.inputmethod.BaseInputConnection.deleteSurroundingText(BaseInputConnection.java:250)
12-04 19:31:16.059 11256 11256 W System.err: 	at com.android.internal.view.IInputConnectionWrapper.executeMessage(IInputConnectionWrapper.java:455)
12-04 19:31:16.060 11256 11256 W System.err: 	at com.android.internal.view.IInputConnectionWrapper$MyHandler.handleMessage(IInputConnectionWrapper.java:85)
12-04 19:31:16.060 11256 11256 W System.err: 	at android.os.Handler.dispatchMessage(Handler.java:106)
12-04 19:31:16.060 11256 11256 W System.err: 	at android.os.Looper.loop(Looper.java:201)
12-04 19:31:16.060 11256 11256 W System.err: 	at android.app.ActivityThread.main(ActivityThread.java:6810)
12-04 19:31:16.061 11256 11256 W System.err: 	at java.lang.reflect.Method.invoke(Native Method)
12-04 19:31:16.061 11256 11256 W System.err: 	at com.android.internal.os.RuntimeInit$MethodAndArgsCaller.run(RuntimeInit.java:547)
12-04 19:31:16.061 11256 11256 W System.err: 	at com.android.internal.os.ZygoteInit.main(ZygoteInit.java:873)
12-04 19:31:16.458 11256 11256 E SpannableStringBuilder: SPAN_EXCLUSIVE_EXCLUSIVE spans cannot have a zero length
12-04 19:31:16.459 11256 11256 E SpannableStringBuilder: SPAN_EXCLUSIVE_EXCLUSIVE spans cannot have a zero length
12-04 19:31:16.495 11256 11256 I Choreographer: Skipped 50 frames!  The application may be doing too much work on its main thread.
12-04 19:31:16.513 11256 11397 I OpenGLRenderer: Davey! duration=851ms; Flags=0, IntendedVsync=17213224222668, Vsync=17214057555968, OldestInputEvent=9223372036854775807, NewestInputEvent=0, HandleInputStart=17214060524735, AnimationStart=17214060671662, PerformTraversalsStart=17214060675255, DrawStart=17214065046714, SyncQueued=17214066209578, SyncStart=17214066988693, IssueDrawCommandsStart=17214067838068, SwapBuffers=17214073853849, FrameCompleted=17214076042130, DequeueBufferDuration=441000, QueueBufferDuration=679000, 
12-04 19:31:16.553 11256 11256 W Looper  : Slow Looper main: doFrame is 833ms late because of 13 msg, msg 4 took 400ms (late=169ms h=com.android.internal.view.IInputConnectionWrapper$MyHandler w=80), msg 5 took 363ms (late=569ms h=com.android.internal.view.IInputConnectionWrapper$MyHandler w=50)
12-04 19:31:18.190 11256 11256 I Choreographer: Skipped 46 frames!  The application may be doing too much work on its main thread.
12-04 19:31:18.253 11256 11256 W Looper  : Slow Looper main: doFrame is 778ms late because of 1 msg, msg 1 took 787ms (late=5ms h=android.view.ViewRootImpl$ViewRootHandler c=android.widget.AbsListView$3)
12-04 19:31:18.257 11256 11397 I OpenGLRenderer: Davey! duration=844ms; Flags=0, IntendedVsync=17214974638359, Vsync=17215741304995, OldestInputEvent=9223372036854775807, NewestInputEvent=0, HandleInputStart=17215754396297, AnimationStart=17215754446922, PerformTraversalsStart=17215754460932, DrawStart=17215756505828, SyncQueued=17215780749578, SyncStart=17215781361453, IssueDrawCommandsStart=17215815990515, SwapBuffers=17215819012442, FrameCompleted=17215819757807, DequeueBufferDuration=514000, QueueBufferDuration=265000, 
12-04 19:31:20.490 11256 16557 W SendBird: [19:31:20.488 Connection$1:onMessage():235] onMessage instance : [PONG] com.sendbird.android.Connection@34fc6ec
12-04 19:31:20.493 11256 16557 W Sendbird: [19:31:20.491 Connection$1:onMessage():236] onMessage instance : [PONG] com.sendbird.android.Connection@34fc6ec
12-04 19:31:20.503 11256 16311 W SendBird: [19:31:20.503 EventController$1:call():141] ++ result[PONG] runnable=null
12-04 19:31:35.483 11256 16557 W SendBird: [19:31:35.482 Connection$1:onMessage():235] onMessage instance : [PONG] com.sendbird.android.Connection@34fc6ec
12-04 19:31:35.486 11256 16557 W Sendbird: [19:31:35.485 Connection$1:onMessage():236] onMessage instance : [PONG] com.sendbird.android.Connection@34fc6ec
12-04 19:31:35.494 11256 16311 W SendBird: [19:31:35.493 EventController$1:call():141] ++ result[PONG] runnable=null
12-04 19:31:41.723 11256 11256 W System.err: java.io.IOException: INVALID_ARGUMENT: At least one of address or componentFilters must be specified.
12-04 19:31:41.724 11256 11256 W System.err: 	at android.location.Geocoder.getFromLocationName(Geocoder.java:178)
12-04 19:31:41.724 11256 11256 W System.err: 	at com.rmc.natour21.Fragment.InsertPath.InsertFragment.geoCode(InsertFragment.kt:541)
12-04 19:31:41.724 11256 11256 W System.err: 	at com.rmc.natour21.Fragment.InsertPath.InsertFragment$onViewCreated$2$1.onQueryTextChange(InsertFragment.kt:295)
12-04 19:31:41.724 11256 11256 W System.err: 	at android.widget.SearchView.onTextChanged(SearchView.java:1250)
12-04 19:31:41.725 11256 11256 W System.err: 	at android.widget.SearchView.access$2100(SearchView.java:98)
12-04 19:31:41.725 11256 11256 W System.err: 	at android.widget.SearchView$10.onTextChanged(SearchView.java:1776)
12-04 19:31:41.725 11256 11256 W System.err: 	at android.widget.TextView.sendOnTextChanged(TextView.java:9797)
12-04 19:31:41.725 11256 11256 W System.err: 	at android.widget.TextView.setText(TextView.java:5776)
12-04 19:31:41.725 11256 11256 W System.err: 	at android.widget.TextView.setText(TextView.java:5614)
12-04 19:31:41.726 11256 11256 W System.err: 	at android.widget.EditText.setText(EditText.java:122)
12-04 19:31:41.726 11256 11256 W System.err: 	at android.widget.TextView.setText(TextView.java:5571)
12-04 19:31:41.726 11256 11256 W System.err: 	at android.widget.SearchView.onCloseClicked(SearchView.java:1286)
12-04 19:31:41.726 11256 11256 W System.err: 	at android.widget.SearchView.access$800(SearchView.java:98)
12-04 19:31:41.726 11256 11256 W System.err: 	at android.widget.SearchView$5.onClick(SearchView.java:971)
12-04 19:31:41.727 11256 11256 W System.err: 	at android.view.View.performClick(View.java:6608)
12-04 19:31:41.727 11256 11256 W System.err: 	at android.view.View.performClickInternal(View.java:6585)
12-04 19:31:41.727 11256 11256 W System.err: 	at android.view.View.access$3100(View.java:785)
12-04 19:31:41.727 11256 11256 W System.err: 	at android.view.View$PerformClick.run(View.java:25921)
12-04 19:31:41.728 11256 11256 W System.err: 	at android.os.Handler.handleCallback(Handler.java:873)
12-04 19:31:41.728 11256 11256 W System.err: 	at android.os.Handler.dispatchMessage(Handler.java:99)
12-04 19:31:41.728 11256 11256 W System.err: 	at android.os.Looper.loop(Looper.java:201)
12-04 19:31:41.728 11256 11256 W System.err: 	at android.app.ActivityThread.main(ActivityThread.java:6810)
12-04 19:31:41.728 11256 11256 W System.err: 	at java.lang.reflect.Method.invoke(Native Method)
12-04 19:31:41.729 11256 11256 W System.err: 	at com.android.internal.os.RuntimeInit$MethodAndArgsCaller.run(RuntimeInit.java:547)
12-04 19:31:41.729 11256 11256 W System.err: 	at com.android.internal.os.ZygoteInit.main(ZygoteInit.java:873)
12-04 19:31:41.744 11256 11256 W Looper  : Slow Looper main: doFrame is 408ms late because of 2 msg, msg 1 took 419ms (late=5ms h=android.view.ViewRootImpl$ViewRootHandler c=android.view.View$PerformClick)
12-04 19:31:49.044 11256 11272 I om.rmc.natour2: Background concurrent copying GC freed 77601(3MB) AllocSpace objects, 976(19MB) LOS objects, 49% free, 21MB/43MB, paused 158us total 113.531ms
12-04 19:31:49.882 11256 11256 W Choreographer: OPTS_INPUT: First frame was drawed before optimized, so skip!
12-04 19:31:50.494 11256 16557 W SendBird: [19:31:50.493 Connection$1:onMessage():235] onMessage instance : [PONG] com.sendbird.android.Connection@34fc6ec
12-04 19:31:50.496 11256 16557 W Sendbird: [19:31:50.495 Connection$1:onMessage():236] onMessage instance : [PONG] com.sendbird.android.Connection@34fc6ec
12-04 19:31:50.504 11256 16311 W SendBird: [19:31:50.503 EventController$1:call():141] ++ result[PONG] runnable=null
12-04 19:31:58.720 11256 11272 I om.rmc.natour2: Background concurrent copying GC freed 85815(4MB) AllocSpace objects, 994(20MB) LOS objects, 50% free, 21MB/43MB, paused 149us total 126.232ms
12-04 19:32:02.409 11256 11256 W Looper  : Slow Looper main: doFrame is 337ms late because of 3 msg, msg 1 took 334ms (late=206ms h=com.android.internal.view.IInputConnectionWrapper$MyHandler w=60)
12-04 19:32:03.214 11256 11256 W Looper  : Slow Looper main: doFrame is 416ms late because of 6 msg, msg 3 took 347ms (late=195ms h=com.android.internal.view.IInputConnectionWrapper$MyHandler w=60)
12-04 19:32:04.071 11256 11256 W Looper  : Slow Looper main: doFrame is 410ms late because of 9 msg, msg 8 took 392ms (late=33ms h=com.android.internal.view.IInputConnectionWrapper$MyHandler w=60)
12-04 19:32:04.513 11256 11256 W Looper  : Slow Looper main: doFrame is 369ms late because of 7 msg, msg 3 took 353ms (late=161ms h=com.android.internal.view.IInputConnectionWrapper$MyHandler w=60)
12-04 19:32:05.064 11256 11256 W Looper  : Slow Looper main: doFrame is 458ms late because of 7 msg, msg 1 took 438ms (late=417ms h=com.android.internal.view.IInputConnectionWrapper$MyHandler w=60)
12-04 19:32:05.462 11256 16557 W SendBird: [19:32:05.461 Connection$1:onMessage():235] onMessage instance : [PONG] com.sendbird.android.Connection@34fc6ec
12-04 19:32:05.463 11256 16557 W Sendbird: [19:32:05.462 Connection$1:onMessage():236] onMessage instance : [PONG] com.sendbird.android.Connection@34fc6ec
12-04 19:32:05.469 11256 16311 W SendBird: [19:32:05.468 EventController$1:call():141] ++ result[PONG] runnable=null
12-04 19:32:05.496 11256 11256 W Looper  : Slow Looper main: doFrame is 393ms late because of 8 msg, msg 1 took 56ms (late=458ms h=android.view.Choreographer$FrameHandler c=android.view.Choreographer$FrameDisplayEventReceiver), msg 7 took 350ms (late=52ms h=com.android.internal.view.IInputConnectionWrapper$MyHandler w=60)
12-04 19:32:07.197 11256 11256 I Choreographer: Skipped 49 frames!  The application may be doing too much work on its main thread.
12-04 19:32:07.215 11256 11256 W Looper  : Slow Looper main: doFrame is 831ms late because of 1 msg, msg 1 took 836ms (late=17ms h=android.view.ViewRootImpl$ViewRootHandler c=android.widget.AbsListView$3)
12-04 19:32:07.218 11256 11256 W IInputConnectionWrapper: getTextBeforeCursor on inactive InputConnection
12-04 19:32:07.220 11256 11397 I OpenGLRenderer: Davey! duration=851ms; Flags=0, IntendedVsync=17263929633633, Vsync=17264746300267, OldestInputEvent=9223372036854775807, NewestInputEvent=0, HandleInputStart=17264764611278, AnimationStart=17264764686382, PerformTraversalsStart=17264764709976, DrawStart=17264770628153, SyncQueued=17264773826226, SyncStart=17264774162372, IssueDrawCommandsStart=17264776990705, SwapBuffers=17264780481330, FrameCompleted=17264781652267, DequeueBufferDuration=552000, QueueBufferDuration=440000, 
12-04 19:32:07.223 11256 11256 W IInputConnectionWrapper: getSelectedText on inactive InputConnection
12-04 19:32:07.240 11256 11256 W IInputConnectionWrapper: getTextAfterCursor on inactive InputConnection
12-04 19:32:19.224 11256 11272 I om.rmc.natour2: Background concurrent copying GC freed 107867(6MB) AllocSpace objects, 848(16MB) LOS objects, 50% free, 21MB/42MB, paused 376us total 150.184ms
12-04 19:32:20.491 11256 16557 W SendBird: [19:32:20.490 Connection$1:onMessage():235] onMessage instance : [PONG] com.sendbird.android.Connection@34fc6ec
12-04 19:32:20.495 11256 16557 W Sendbird: [19:32:20.493 Connection$1:onMessage():236] onMessage instance : [PONG] com.sendbird.android.Connection@34fc6ec
12-04 19:32:20.507 11256 16311 W SendBird: [19:32:20.506 EventController$1:call():141] ++ result[PONG] runnable=null
12-04 19:32:27.059 11256 11256 W Choreographer: OPTS_INPUT: First frame was drawed before optimized, so skip!
12-04 19:32:27.818 11256 11272 I om.rmc.natour2: Background concurrent copying GC freed 166038(8MB) AllocSpace objects, 537(11MB) LOS objects, 50% free, 22MB/44MB, paused 238us total 134.526ms
12-04 19:32:30.059 11256 11256 W System.err: java.io.IOException: INVALID_ARGUMENT: At least one of address or componentFilters must be specified.
12-04 19:32:30.059 11256 11256 W System.err: 	at android.location.Geocoder.getFromLocationName(Geocoder.java:178)
12-04 19:32:30.059 11256 11256 W System.err: 	at com.rmc.natour21.Fragment.InsertPath.InsertFragment.geoCode(InsertFragment.kt:541)
12-04 19:32:30.060 11256 11256 W System.err: 	at com.rmc.natour21.Fragment.InsertPath.InsertFragment$onViewCreated$2$1.onQueryTextChange(InsertFragment.kt:295)
12-04 19:32:30.060 11256 11256 W System.err: 	at android.widget.SearchView.onTextChanged(SearchView.java:1250)
12-04 19:32:30.060 11256 11256 W System.err: 	at android.widget.SearchView.access$2100(SearchView.java:98)
12-04 19:32:30.060 11256 11256 W System.err: 	at android.widget.SearchView$10.onTextChanged(SearchView.java:1776)
12-04 19:32:30.060 11256 11256 W System.err: 	at android.widget.TextView.sendOnTextChanged(TextView.java:9797)
12-04 19:32:30.061 11256 11256 W System.err: 	at android.widget.TextView.setText(TextView.java:5776)
12-04 19:32:30.061 11256 11256 W System.err: 	at android.widget.TextView.setText(TextView.java:5614)
12-04 19:32:30.061 11256 11256 W System.err: 	at android.widget.EditText.setText(EditText.java:122)
12-04 19:32:30.061 11256 11256 W System.err: 	at android.widget.TextView.setText(TextView.java:5571)
12-04 19:32:30.061 11256 11256 W System.err: 	at android.widget.SearchView.onCloseClicked(SearchView.java:1286)
12-04 19:32:30.061 11256 11256 W System.err: 	at android.widget.SearchView.access$800(SearchView.java:98)
12-04 19:32:30.062 11256 11256 W System.err: 	at android.widget.SearchView$5.onClick(SearchView.java:971)
12-04 19:32:30.062 11256 11256 W System.err: 	at android.view.View.performClick(View.java:6608)
12-04 19:32:30.062 11256 11256 W System.err: 	at android.view.View.performClickInternal(View.java:6585)
12-04 19:32:30.062 11256 11256 W System.err: 	at android.view.View.access$3100(View.java:785)
12-04 19:32:30.062 11256 11256 W System.err: 	at android.view.View$PerformClick.run(View.java:25921)
12-04 19:32:30.062 11256 11256 W System.err: 	at android.os.Handler.handleCallback(Handler.java:873)
12-04 19:32:30.062 11256 11256 W System.err: 	at android.os.Handler.dispatchMessage(Handler.java:99)
12-04 19:32:30.063 11256 11256 W System.err: 	at android.os.Looper.loop(Looper.java:201)
12-04 19:32:30.063 11256 11256 W System.err: 	at android.app.ActivityThread.main(ActivityThread.java:6810)
12-04 19:32:30.063 11256 11256 W System.err: 	at java.lang.reflect.Method.invoke(Native Method)
12-04 19:32:30.063 11256 11256 W System.err: 	at com.android.internal.os.RuntimeInit$MethodAndArgsCaller.run(RuntimeInit.java:547)
12-04 19:32:30.063 11256 11256 W System.err: 	at com.android.internal.os.ZygoteInit.main(ZygoteInit.java:873)
12-04 19:32:30.082 11256 11256 W Looper  : Slow Looper main: doFrame is 407ms late because of 2 msg, msg 1 took 414ms (h=android.view.ViewRootImpl$ViewRootHandler c=android.view.View$PerformClick)
12-04 19:32:32.409 11256 11256 W Looper  : Slow Looper main: doFrame is 375ms late because of 3 msg, msg 1 took 350ms (late=146ms h=com.android.internal.view.IInputConnectionWrapper$MyHandler w=60)
12-04 19:32:33.620 11256 11256 I Choreographer: Skipped 41 frames!  The application may be doing too much work on its main thread.
12-04 19:32:33.636 11256 11397 I OpenGLRenderer: Davey! duration=700ms; Flags=0, IntendedVsync=17290497869657, Vsync=17291181202963, OldestInputEvent=9223372036854775807, NewestInputEvent=0, HandleInputStart=17291187304236, AnimationStart=17291187463976, PerformTraversalsStart=17291187468455, DrawStart=17291190471841, SyncQueued=17291191569080, SyncStart=17291191893039, IssueDrawCommandsStart=17291192084080, SwapBuffers=17291194986216, FrameCompleted=17291198450434, DequeueBufferDuration=484000, QueueBufferDuration=2363000, 
12-04 19:32:33.638 11256 11256 W Looper  : Slow Looper main: doFrame is 685ms late because of 7 msg, msg 3 took 348ms (late=231ms h=com.android.internal.view.IInputConnectionWrapper$MyHandler w=60), msg 6 took 331ms (late=381ms h=com.android.internal.view.IInputConnectionWrapper$MyHandler w=60)
12-04 19:32:33.653 11256 11397 I OpenGLRenderer: Davey! duration=716ms; Flags=0, IntendedVsync=17290497869657, Vsync=17291181202963, OldestInputEvent=9223372036854775807, NewestInputEvent=0, HandleInputStart=17291187304236, AnimationStart=17291187463976, PerformTraversalsStart=17291187468455, DrawStart=17291195453976, SyncQueued=17291197621945, SyncStart=17291199226372, IssueDrawCommandsStart=17291200340226, SwapBuffers=17291212304445, FrameCompleted=17291215589757, DequeueBufferDuration=1535000, QueueBufferDuration=1510000, 
12-04 19:32:35.488 11256 16557 W SendBird: [19:32:35.483 Connection$1:onMessage():235] onMessage instance : [PONG] com.sendbird.android.Connection@34fc6ec
12-04 19:32:35.489 11256 16557 W Sendbird: [19:32:35.488 Connection$1:onMessage():236] onMessage instance : [PONG] com.sendbird.android.Connection@34fc6ec
12-04 19:32:35.499 11256 16311 W SendBird: [19:32:35.498 EventController$1:call():141] ++ result[PONG] runnable=null
12-04 19:32:35.516 11256 11256 I Choreographer: Skipped 47 frames!  The application may be doing too much work on its main thread.
12-04 19:32:35.543 11256 11256 W Looper  : Slow Looper main: doFrame is 795ms late because of 1 msg, msg 1 took 808ms (late=5ms h=android.view.ViewRootImpl$ViewRootHandler c=android.widget.AbsListView$3)
12-04 19:32:35.543 11256 11256 W IInputConnectionWrapper: getTextBeforeCursor on inactive InputConnection
12-04 19:32:35.549 11256 11397 I OpenGLRenderer: Davey! duration=827ms; Flags=0, IntendedVsync=17292284004857, Vsync=17293067338159, OldestInputEvent=9223372036854775807, NewestInputEvent=0, HandleInputStart=17293081171892, AnimationStart=17293081212882, PerformTraversalsStart=17293081224236, DrawStart=17293083981059, SyncQueued=17293093722048, SyncStart=17293093906163, IssueDrawCommandsStart=17293105468871, SwapBuffers=17293110800902, FrameCompleted=17293111799027, DequeueBufferDuration=2200000, QueueBufferDuration=387000, 
12-04 19:32:35.560 11256 11256 W IInputConnectionWrapper: getSelectedText on inactive InputConnection
12-04 19:32:35.572 11256 11256 W IInputConnectionWrapper: getTextAfterCursor on inactive InputConnection
12-04 19:32:45.603 11256 11272 I om.rmc.natour2: Background concurrent copying GC freed 59077(2MB) AllocSpace objects, 926(18MB) LOS objects, 50% free, 23MB/46MB, paused 713us total 130.211ms
12-04 19:32:50.480 11256 16557 W SendBird: [19:32:50.478 Connection$1:onMessage():235] onMessage instance : [PONG] com.sendbird.android.Connection@34fc6ec
12-04 19:32:50.484 11256 16557 W Sendbird: [19:32:50.482 Connection$1:onMessage():236] onMessage instance : [PONG] com.sendbird.android.Connection@34fc6ec
12-04 19:32:50.499 11256 16311 W SendBird: [19:32:50.498 EventController$1:call():141] ++ result[PONG] runnable=null
12-04 19:32:50.693 11256 11256 W System.err: java.io.IOException: INVALID_ARGUMENT: At least one of address or componentFilters must be specified.
12-04 19:32:50.694 11256 11256 W System.err: 	at android.location.Geocoder.getFromLocationName(Geocoder.java:178)
12-04 19:32:50.694 11256 11256 W System.err: 	at com.rmc.natour21.Fragment.InsertPath.InsertFragment.geoCode(InsertFragment.kt:541)
12-04 19:32:50.694 11256 11256 W System.err: 	at com.rmc.natour21.Fragment.InsertPath.InsertFragment$onViewCreated$2$1.onQueryTextChange(InsertFragment.kt:295)
12-04 19:32:50.694 11256 11256 W System.err: 	at android.widget.SearchView.onTextChanged(SearchView.java:1250)
12-04 19:32:50.694 11256 11256 W System.err: 	at android.widget.SearchView.access$2100(SearchView.java:98)
12-04 19:32:50.694 11256 11256 W System.err: 	at android.widget.SearchView$10.onTextChanged(SearchView.java:1776)
12-04 19:32:50.694 11256 11256 W System.err: 	at android.widget.TextView.sendOnTextChanged(TextView.java:9797)
12-04 19:32:50.695 11256 11256 W System.err: 	at android.widget.TextView.setText(TextView.java:5776)
12-04 19:32:50.695 11256 11256 W System.err: 	at android.widget.TextView.setText(TextView.java:5614)
12-04 19:32:50.695 11256 11256 W System.err: 	at android.widget.EditText.setText(EditText.java:122)
12-04 19:32:50.695 11256 11256 W System.err: 	at android.widget.TextView.setText(TextView.java:5571)
12-04 19:32:50.695 11256 11256 W System.err: 	at android.widget.SearchView.onCloseClicked(SearchView.java:1286)
12-04 19:32:50.695 11256 11256 W System.err: 	at android.widget.SearchView.access$800(SearchView.java:98)
12-04 19:32:50.695 11256 11256 W System.err: 	at android.widget.SearchView$5.onClick(SearchView.java:971)
12-04 19:32:50.695 11256 11256 W System.err: 	at android.view.View.performClick(View.java:6608)
12-04 19:32:50.695 11256 11256 W System.err: 	at android.view.View.performClickInternal(View.java:6585)
12-04 19:32:50.695 11256 11256 W System.err: 	at android.view.View.access$3100(View.java:785)
12-04 19:32:50.695 11256 11256 W System.err: 	at android.view.View$PerformClick.run(View.java:25921)
12-04 19:32:50.695 11256 11256 W System.err: 	at android.os.Handler.handleCallback(Handler.java:873)
12-04 19:32:50.695 11256 11256 W System.err: 	at android.os.Handler.dispatchMessage(Handler.java:99)
12-04 19:32:50.696 11256 11256 W System.err: 	at android.os.Looper.loop(Looper.java:201)
12-04 19:32:50.696 11256 11256 W System.err: 	at android.app.ActivityThread.main(ActivityThread.java:6810)
12-04 19:32:50.696 11256 11256 W System.err: 	at java.lang.reflect.Method.invoke(Native Method)
12-04 19:32:50.696 11256 11256 W System.err: 	at com.android.internal.os.RuntimeInit$MethodAndArgsCaller.run(RuntimeInit.java:547)
12-04 19:32:50.696 11256 11256 W System.err: 	at com.android.internal.os.ZygoteInit.main(ZygoteInit.java:873)
12-04 19:32:50.707 11256 11256 W Looper  : Slow Looper main: doFrame is 382ms late because of 2 msg, msg 1 took 381ms (h=android.view.ViewRootImpl$ViewRootHandler c=android.view.View$PerformClick)
12-04 19:32:52.443 11256 11256 W Looper  : Slow Looper main: doFrame is 332ms late because of 3 msg, msg 1 took 336ms (late=147ms h=com.android.internal.view.IInputConnectionWrapper$MyHandler w=60)
12-04 19:32:53.328 11256 11256 W Looper  : Slow Looper main: doFrame is 396ms late because of 9 msg, msg 4 took 361ms (late=138ms h=com.android.internal.view.IInputConnectionWrapper$MyHandler w=60)
12-04 19:32:54.550 11256 11256 W Looper  : Slow Looper main: doFrame is 319ms late because of 2 msg, msg 1 took 332ms (late=173ms h=com.android.internal.view.IInputConnectionWrapper$MyHandler w=60)
12-04 19:32:55.330 11256 11256 W Looper  : Slow Looper main: doFrame is 395ms late because of 8 msg, msg 4 took 346ms (late=393ms h=com.android.internal.view.IInputConnectionWrapper$MyHandler w=60)
12-04 19:33:03.353 11256 11256 I Choreographer: Skipped 110 frames!  The application may be doing too much work on its main thread.
12-04 19:33:03.382 11256 11256 W Looper  : Slow Looper main: doFrame is 1847ms late because of 1 msg, msg 1 took 1860ms (late=2ms h=android.view.ViewRootImpl$ViewRootHandler c=android.widget.AbsListView$3)
12-04 19:33:03.383 11256 11256 W IInputConnectionWrapper: getTextBeforeCursor on inactive InputConnection
