12-04 19:33:03.387 11256 11397 I OpenGLRenderer: Davey! duration=1881ms; Flags=0, IntendedVsync=17319068078810, Vsync=17320901412070, OldestInputEvent=9223372036854775807, NewestInputEvent=0, HandleInputStart=17320919120683, AnimationStart=17320919539017, PerformTraversalsStart=17320919553496, DrawStart=17320923988131, SyncQueued=17320931879954, SyncStart=17320932117246, IssueDrawCommandsStart=17320944821986, SwapBuffers=17320948434173, FrameCompleted=17320949677090, DequeueBufferDuration=329000, QueueBufferDuration=678000, 
12-04 19:33:03.390 11256 11256 W IInputConnectionWrapper: getSelectedText on inactive InputConnection
12-04 19:33:03.407 11256 11256 W IInputConnectionWrapper: getTextAfterCursor on inactive InputConnection
12-04 19:33:05.490 11256 16557 W SendBird: [19:33:05.489 Connection$1:onMessage():235] onMessage instance : [PONG] com.sendbird.android.Connection@34fc6ec
12-04 19:33:05.498 11256 16557 W Sendbird: [19:33:05.491 Connection$1:onMessage():236] onMessage instance : [PONG] com.sendbird.android.Connection@34fc6ec
12-04 19:33:05.509 11256 16311 W SendBird: [19:33:05.507 EventController$1:call():141] ++ result[PONG] runnable=null
12-04 19:33:11.299 11256 11272 I om.rmc.natour2: Background concurrent copying GC freed 87544(5MB) AllocSpace objects, 894(17MB) LOS objects, 49% free, 23MB/46MB, paused 691us total 118.458ms
12-04 19:33:13.570 11256 11272 I om.rmc.natour2: Background concurrent copying GC freed 123746(8MB) AllocSpace objects, 882(17MB) LOS objects, 50% free, 22MB/44MB, paused 539us total 106.597ms
12-04 19:33:20.485 11256 16557 W SendBird: [19:33:20.484 Connection$1:onMessage():235] onMessage instance : [PONG] com.sendbird.android.Connection@34fc6ec
12-04 19:33:20.487 11256 16557 W Sendbird: [19:33:20.486 Connection$1:onMessage():236] onMessage instance : [PONG] com.sendbird.android.Connection@34fc6ec
12-04 19:33:20.498 11256 16311 W SendBird: [19:33:20.496 EventController$1:call():141] ++ result[PONG] runnable=null
12-04 19:33:20.661 11256 11272 I om.rmc.natour2: Background concurrent copying GC freed 90686(5MB) AllocSpace objects, 922(17MB) LOS objects, 50% free, 22MB/44MB, paused 461us total 123.093ms
12-04 19:33:24.045 11256 11272 I om.rmc.natour2: Background concurrent copying GC freed 92591(7MB) AllocSpace objects, 800(15MB) LOS objects, 49% free, 23MB/46MB, paused 158us total 100.127ms
12-04 19:33:26.379 11256 11272 I om.rmc.natour2: NativeAlloc concurrent copying GC freed 124555(7MB) AllocSpace objects, 685(13MB) LOS objects, 49% free, 22MB/45MB, paused 123us total 128.329ms
12-04 19:33:28.106 11256 11272 I om.rmc.natour2: Background concurrent copying GC freed 86868(5MB) AllocSpace objects, 947(18MB) LOS objects, 50% free, 21MB/43MB, paused 175us total 117.636ms
12-04 19:33:35.465 11256 16557 W SendBird: [19:33:35.464 Connection$1:onMessage():235] onMessage instance : [PONG] com.sendbird.android.Connection@34fc6ec
12-04 19:33:35.466 11256 16557 W Sendbird: [19:33:35.465 Connection$1:onMessage():236] onMessage instance : [PONG] com.sendbird.android.Connection@34fc6ec
12-04 19:33:35.471 11256 16311 W SendBird: [19:33:35.471 EventController$1:call():141] ++ result[PONG] runnable=null
12-04 19:33:40.710 11256 11272 I om.rmc.natour2: Background concurrent copying GC freed 92570(5MB) AllocSpace objects, 832(15MB) LOS objects, 49% free, 24MB/48MB, paused 239us total 147.779ms
12-04 19:33:42.562 11256 11256 W Choreographer: OPTS_INPUT: First frame was drawed before optimized, so skip!
12-04 19:33:43.528 11256 11256 W Choreographer: OPTS_INPUT: First frame was drawed before optimized, so skip!
12-04 19:33:44.681 11256 11272 I om.rmc.natour2: Background concurrent copying GC freed 92562(7MB) AllocSpace objects, 768(14MB) LOS objects, 50% free, 21MB/43MB, paused 156us total 105.249ms
12-04 19:33:46.487 11256 11256 W Choreographer: OPTS_INPUT: First frame was drawed before optimized, so skip!
12-04 19:33:47.541 11256 11256 W Choreographer: OPTS_INPUT: First frame was drawed before optimized, so skip!
12-04 19:33:50.452 11256 16557 W SendBird: [19:33:50.451 Connection$1:onMessage():235] onMessage instance : [PONG] com.sendbird.android.Connection@34fc6ec
12-04 19:33:50.453 11256 16557 W Sendbird: [19:33:50.452 Connection$1:onMessage():236] onMessage instance : [PONG] com.sendbird.android.Connection@34fc6ec
12-04 19:33:50.457 11256 16311 W SendBird: [19:33:50.456 EventController$1:call():141] ++ result[PONG] runnable=null
12-04 19:33:51.535 11256 11272 I om.rmc.natour2: Background concurrent copying GC freed 118401(7MB) AllocSpace objects, 745(14MB) LOS objects, 49% free, 21MB/43MB, paused 279us total 139.305ms
12-04 19:33:54.035 11256 11256 W Choreographer: OPTS_INPUT: First frame was drawed before optimized, so skip!
12-04 19:33:55.084 11256 11256 W Choreographer: OPTS_INPUT: First frame was drawed before optimized, so skip!
12-04 19:33:55.448 11256 11272 I om.rmc.natour2: Background concurrent copying GC freed 130112(7MB) AllocSpace objects, 744(14MB) LOS objects, 50% free, 22MB/44MB, paused 448us total 112.578ms
12-04 19:33:58.780 11256 11272 I om.rmc.natour2: Background concurrent copying GC freed 126185(7MB) AllocSpace objects, 733(14MB) LOS objects, 50% free, 23MB/46MB, paused 230us total 129.162ms
12-04 19:34:05.491 11256 16557 W SendBird: [19:34:05.489 Connection$1:onMessage():235] onMessage instance : [PONG] com.sendbird.android.Connection@34fc6ec
12-04 19:34:05.495 11256 16557 W Sendbird: [19:34:05.492 Connection$1:onMessage():236] onMessage instance : [PONG] com.sendbird.android.Connection@34fc6ec
12-04 19:34:05.504 11256 16311 W SendBird: [19:34:05.503 EventController$1:call():141] ++ result[PONG] runnable=null
12-04 19:34:08.506 11256 11272 I om.rmc.natour2: Background concurrent copying GC freed 80756(5MB) AllocSpace objects, 884(17MB) LOS objects, 49% free, 22MB/44MB, paused 349us total 120.016ms
12-04 19:34:10.282 11256 11272 I om.rmc.natour2: NativeAlloc concurrent copying GC freed 52841(4MB) AllocSpace objects, 659(12MB) LOS objects, 49% free, 21MB/43MB, paused 158us total 110.329ms
12-04 19:34:20.467 11256 16557 W SendBird: [19:34:20.466 Connection$1:onMessage():235] onMessage instance : [PONG] com.sendbird.android.Connection@34fc6ec
12-04 19:34:20.471 11256 16557 W Sendbird: [19:34:20.469 Connection$1:onMessage():236] onMessage instance : [PONG] com.sendbird.android.Connection@34fc6ec
12-04 19:34:20.481 11256 16311 W SendBird: [19:34:20.480 EventController$1:call():141] ++ result[PONG] runnable=null
12-04 19:34:20.501 11256 11256 W System.err: java.io.IOException: INVALID_ARGUMENT: At least one of address or componentFilters must be specified.
12-04 19:34:20.502 11256 11256 W System.err: 	at android.location.Geocoder.getFromLocationName(Geocoder.java:178)
12-04 19:34:20.502 11256 11256 W System.err: 	at com.rmc.natour21.Fragment.InsertPath.InsertFragment.geoCode(InsertFragment.kt:541)
12-04 19:34:20.502 11256 11256 W System.err: 	at com.rmc.natour21.Fragment.InsertPath.InsertFragment$onViewCreated$2$1.onQueryTextChange(InsertFragment.kt:295)
12-04 19:34:20.502 11256 11256 W System.err: 	at android.widget.SearchView.onTextChanged(SearchView.java:1250)
12-04 19:34:20.502 11256 11256 W System.err: 	at android.widget.SearchView.access$2100(SearchView.java:98)
12-04 19:34:20.502 11256 11256 W System.err: 	at android.widget.SearchView$10.onTextChanged(SearchView.java:1776)
12-04 19:34:20.502 11256 11256 W System.err: 	at android.widget.TextView.sendOnTextChanged(TextView.java:9797)
12-04 19:34:20.502 11256 11256 W System.err: 	at android.widget.TextView.setText(TextView.java:5776)
12-04 19:34:20.502 11256 11256 W System.err: 	at android.widget.TextView.setText(TextView.java:5614)
12-04 19:34:20.502 11256 11256 W System.err: 	at android.widget.EditText.setText(EditText.java:122)
12-04 19:34:20.502 11256 11256 W System.err: 	at android.widget.TextView.setText(TextView.java:5571)
12-04 19:34:20.503 11256 11256 W System.err: 	at android.widget.SearchView.onCloseClicked(SearchView.java:1286)
12-04 19:34:20.503 11256 11256 W System.err: 	at android.widget.SearchView.access$800(SearchView.java:98)
12-04 19:34:20.503 11256 11256 W System.err: 	at android.widget.SearchView$5.onClick(SearchView.java:971)
12-04 19:34:20.503 11256 11256 W System.err: 	at android.view.View.performClick(View.java:6608)
12-04 19:34:20.503 11256 11256 W System.err: 	at android.view.View.performClickInternal(View.java:6585)
12-04 19:34:20.503 11256 11256 W System.err: 	at android.view.View.access$3100(View.java:785)
12-04 19:34:20.503 11256 11256 W System.err: 	at android.view.View$PerformClick.run(View.java:25921)
12-04 19:34:20.503 11256 11256 W System.err: 	at android.os.Handler.handleCallback(Handler.java:873)
12-04 19:34:20.503 11256 11256 W System.err: 	at android.os.Handler.dispatchMessage(Handler.java:99)
12-04 19:34:20.503 11256 11256 W System.err: 	at android.os.Looper.loop(Looper.java:201)
12-04 19:34:20.503 11256 11256 W System.err: 	at android.app.ActivityThread.main(ActivityThread.java:6810)
12-04 19:34:20.503 11256 11256 W System.err: 	at java.lang.reflect.Method.invoke(Native Method)
12-04 19:34:20.503 11256 11256 W System.err: 	at com.android.internal.os.RuntimeInit$MethodAndArgsCaller.run(RuntimeInit.java:547)
12-04 19:34:20.503 11256 11256 W System.err: 	at com.android.internal.os.ZygoteInit.main(ZygoteInit.java:873)
12-04 19:34:20.510 11256 11256 I Choreographer: Skipped 30 frames!  The application may be doing too much work on its main thread.
12-04 19:34:20.519 11256 11256 W Looper  : Slow Looper main: doFrame is 515ms late because of 2 msg, msg 1 took 522ms (h=android.view.ViewRootImpl$ViewRootHandler c=android.view.View$PerformClick)
12-04 19:34:22.368 11256 11256 W Looper  : Slow Looper main: doFrame is 333ms late because of 2 msg, msg 1 took 340ms (late=117ms h=com.android.internal.view.IInputConnectionWrapper$MyHandler w=60)
12-04 19:34:23.130 11256 11256 W Looper  : Slow Looper main: doFrame is 396ms late because of 6 msg, msg 3 took 343ms (late=171ms h=com.android.internal.view.IInputConnectionWrapper$MyHandler w=60)
12-04 19:34:27.172 11256 11256 W Looper  : Slow Looper main: doFrame is 392ms late because of 2 msg, msg 1 took 402ms (late=17ms h=com.android.internal.view.IInputConnectionWrapper$MyHandler w=60)
12-04 19:34:27.612 11256 11256 W Looper  : Slow Looper main: doFrame is 426ms late because of 7 msg, msg 1 took 67ms (late=392ms h=android.view.Choreographer$FrameHandler c=android.view.Choreographer$FrameDisplayEventReceiver), msg 3 took 396ms (late=331ms h=com.android.internal.view.IInputConnectionWrapper$MyHandler w=60)
12-04 19:34:32.709 11256 11256 I Choreographer: Skipped 49 frames!  The application may be doing too much work on its main thread.
12-04 19:34:32.735 11256 11256 W Looper  : Slow Looper main: doFrame is 829ms late because of 2 msg, msg 2 took 829ms (late=11ms h=android.view.ViewRootImpl$ViewRootHandler c=android.widget.AbsListView$3)
12-04 19:34:32.735 11256 11256 W IInputConnectionWrapper: getTextBeforeCursor on inactive InputConnection
12-04 19:34:32.743 11256 11397 I OpenGLRenderer: Davey! duration=862ms; Flags=0, IntendedVsync=17409442281883, Vsync=17410258948517, OldestInputEvent=9223372036854775807, NewestInputEvent=0, HandleInputStart=17410273483722, AnimationStart=17410273533514, PerformTraversalsStart=17410273546118, DrawStart=17410275629295, SyncQueued=17410283706639, SyncStart=17410284063201, IssueDrawCommandsStart=17410297165129, SwapBuffers=17410302002629, FrameCompleted=17410305253097, DequeueBufferDuration=1313000, QueueBufferDuration=2459000, 
12-04 19:34:32.749 11256 11256 W IInputConnectionWrapper: getSelectedText on inactive InputConnection
12-04 19:34:32.769 11256 11256 W IInputConnectionWrapper: getTextAfterCursor on inactive InputConnection
12-04 19:34:35.487 11256 16557 W SendBird: [19:34:35.486 Connection$1:onMessage():235] onMessage instance : [PONG] com.sendbird.android.Connection@34fc6ec
12-04 19:34:35.496 11256 16557 W Sendbird: [19:34:35.490 Connection$1:onMessage():236] onMessage instance : [PONG] com.sendbird.android.Connection@34fc6ec
12-04 19:34:35.505 11256 16311 W SendBird: [19:34:35.504 EventController$1:call():141] ++ result[PONG] runnable=null
12-04 19:34:40.509 11256 11272 I om.rmc.natour2: Background concurrent copying GC freed 94746(6MB) AllocSpace objects, 728(14MB) LOS objects, 49% free, 24MB/48MB, paused 334us total 141.939ms
12-04 19:34:42.412 11256 11272 I om.rmc.natour2: NativeAlloc concurrent copying GC freed 92480(6MB) AllocSpace objects, 790(15MB) LOS objects, 50% free, 22MB/45MB, paused 377us total 101.332ms
12-04 19:34:43.346 11256 11256 W Choreographer: OPTS_INPUT: First frame was drawed before optimized, so skip!
12-04 19:34:50.456 11256 16557 W SendBird: [19:34:50.455 Connection$1:onMessage():235] onMessage instance : [PONG] com.sendbird.android.Connection@34fc6ec
12-04 19:34:50.458 11256 16557 W Sendbird: [19:34:50.456 Connection$1:onMessage():236] onMessage instance : [PONG] com.sendbird.android.Connection@34fc6ec
12-04 19:34:50.463 11256 16311 W SendBird: [19:34:50.463 EventController$1:call():141] ++ result[PONG] runnable=null
12-04 19:34:54.837 11256 11272 I om.rmc.natour2: Background concurrent copying GC freed 81333(5MB) AllocSpace objects, 896(17MB) LOS objects, 50% free, 22MB/44MB, paused 667us total 117.114ms
12-04 19:35:00.284 11256 11272 I om.rmc.natour2: Background concurrent copying GC freed 68439(5MB) AllocSpace objects, 925(17MB) LOS objects, 49% free, 22MB/44MB, paused 159us total 123.340ms
12-04 19:35:05.464 11256 16557 W SendBird: [19:35:05.464 Connection$1:onMessage():235] onMessage instance : [PONG] com.sendbird.android.Connection@34fc6ec
12-04 19:35:05.465 11256 16557 W Sendbird: [19:35:05.465 Connection$1:onMessage():236] onMessage instance : [PONG] com.sendbird.android.Connection@34fc6ec
12-04 19:35:05.471 11256 16311 W SendBird: [19:35:05.471 EventController$1:call():141] ++ result[PONG] runnable=null
12-04 19:35:08.105 11256 11272 I om.rmc.natour2: Background concurrent copying GC freed 145056(7MB) AllocSpace objects, 698(13MB) LOS objects, 49% free, 21MB/43MB, paused 174us total 135.384ms
12-04 19:35:18.884 11256 11256 W Choreographer: OPTS_INPUT: First frame was drawed before optimized, so skip!
12-04 19:35:20.478 11256 16557 W SendBird: [19:35:20.477 Connection$1:onMessage():235] onMessage instance : [PONG] com.sendbird.android.Connection@34fc6ec
12-04 19:35:20.481 11256 16557 W Sendbird: [19:35:20.479 Connection$1:onMessage():236] onMessage instance : [PONG] com.sendbird.android.Connection@34fc6ec
12-04 19:35:20.487 11256 16311 W SendBird: [19:35:20.487 EventController$1:call():141] ++ result[PONG] runnable=null
12-04 19:35:21.212 11256 11272 I om.rmc.natour2: Background concurrent copying GC freed 259901(12MB) AllocSpace objects, 359(7MB) LOS objects, 48% free, 25MB/49MB, paused 305us total 131.158ms
12-04 19:35:27.661 11256 11272 I om.rmc.natour2: Background concurrent copying GC freed 56322(4MB) AllocSpace objects, 905(17MB) LOS objects, 49% free, 22MB/45MB, paused 166us total 110.585ms
12-04 19:35:31.937 11256 11272 I om.rmc.natour2: Background concurrent copying GC freed 55984(4MB) AllocSpace objects, 987(19MB) LOS objects, 49% free, 23MB/47MB, paused 211us total 143.098ms
12-04 19:35:34.644 11256 11272 I om.rmc.natour2: Background concurrent copying GC freed 68547(5MB) AllocSpace objects, 1072(20MB) LOS objects, 50% free, 21MB/43MB, paused 124us total 107.064ms
12-04 19:35:35.998 11256 16557 W SendBird: [19:35:35.997 Connection$1:onMessage():235] onMessage instance : [PONG] com.sendbird.android.Connection@34fc6ec
12-04 19:35:35.999 11256 16557 W Sendbird: [19:35:35.999 Connection$1:onMessage():236] onMessage instance : [PONG] com.sendbird.android.Connection@34fc6ec
12-04 19:35:36.003 11256 16311 W SendBird: [19:35:36.003 EventController$1:call():141] ++ result[PONG] runnable=null
12-04 19:35:38.827 11256 11272 I om.rmc.natour2: NativeAlloc concurrent copying GC freed 60685(4MB) AllocSpace objects, 602(11MB) LOS objects, 49% free, 23MB/46MB, paused 292us total 142.795ms
12-04 19:35:39.944 11256 11256 W Choreographer: OPTS_INPUT: First frame was drawed before optimized, so skip!
12-04 19:35:41.185 11256 11272 I om.rmc.natour2: Background concurrent copying GC freed 105951(7MB) AllocSpace objects, 911(17MB) LOS objects, 50% free, 22MB/44MB, paused 306us total 105.972ms
12-04 19:35:47.116 11256 11272 I om.rmc.natour2: NativeAlloc concurrent copying GC freed 70618(5MB) AllocSpace objects, 784(15MB) LOS objects, 50% free, 23MB/46MB, paused 717us total 112.479ms
12-04 19:35:47.710 11256 11256 W Choreographer: OPTS_INPUT: First frame was drawed before optimized, so skip!
12-04 19:35:50.239 11256 11256 W System.err: java.io.IOException: INVALID_ARGUMENT: At least one of address or componentFilters must be specified.
12-04 19:35:50.240 11256 11256 W System.err: 	at android.location.Geocoder.getFromLocationName(Geocoder.java:178)
12-04 19:35:50.240 11256 11256 W System.err: 	at com.rmc.natour21.Fragment.InsertPath.InsertFragment.geoCode(InsertFragment.kt:541)
12-04 19:35:50.241 11256 11256 W System.err: 	at com.rmc.natour21.Fragment.InsertPath.InsertFragment$onViewCreated$2$1.onQueryTextChange(InsertFragment.kt:295)
12-04 19:35:50.241 11256 11256 W System.err: 	at android.widget.SearchView.onTextChanged(SearchView.java:1250)
12-04 19:35:50.241 11256 11256 W System.err: 	at android.widget.SearchView.access$2100(SearchView.java:98)
12-04 19:35:50.241 11256 11256 W System.err: 	at android.widget.SearchView$10.onTextChanged(SearchView.java:1776)
12-04 19:35:50.241 11256 11256 W System.err: 	at android.widget.TextView.sendOnTextChanged(TextView.java:9797)
12-04 19:35:50.241 11256 11256 W System.err: 	at android.widget.TextView.setText(TextView.java:5776)
12-04 19:35:50.242 11256 11256 W System.err: 	at android.widget.TextView.setText(TextView.java:5614)
12-04 19:35:50.242 11256 11256 W System.err: 	at android.widget.EditText.setText(EditText.java:122)
12-04 19:35:50.242 11256 11256 W System.err: 	at android.widget.TextView.setText(TextView.java:5571)
12-04 19:35:50.242 11256 11256 W System.err: 	at android.widget.SearchView.onCloseClicked(SearchView.java:1286)
12-04 19:35:50.242 11256 11256 W System.err: 	at android.widget.SearchView.access$800(SearchView.java:98)
12-04 19:35:50.242 11256 11256 W System.err: 	at android.widget.SearchView$5.onClick(SearchView.java:971)
12-04 19:35:50.243 11256 11256 W System.err: 	at android.view.View.performClick(View.java:6608)
12-04 19:35:50.243 11256 11256 W System.err: 	at android.view.View.performClickInternal(View.java:6585)
12-04 19:35:50.243 11256 11256 W System.err: 	at android.view.View.access$3100(View.java:785)
12-04 19:35:50.243 11256 11256 W System.err: 	at android.view.View$PerformClick.run(View.java:25921)
12-04 19:35:50.243 11256 11256 W System.err: 	at android.os.Handler.handleCallback(Handler.java:873)
12-04 19:35:50.243 11256 11256 W System.err: 	at android.os.Handler.dispatchMessage(Handler.java:99)
12-04 19:35:50.244 11256 11256 W System.err: 	at android.os.Looper.loop(Looper.java:201)
12-04 19:35:50.244 11256 11256 W System.err: 	at android.app.ActivityThread.main(ActivityThread.java:6810)
12-04 19:35:50.244 11256 11256 W System.err: 	at java.lang.reflect.Method.invoke(Native Method)
12-04 19:35:50.244 11256 11256 W System.err: 	at com.android.internal.os.RuntimeInit$MethodAndArgsCaller.run(RuntimeInit.java:547)
12-04 19:35:50.244 11256 11256 W System.err: 	at com.android.internal.os.ZygoteInit.main(ZygoteInit.java:873)
12-04 19:35:50.260 11256 11256 W Looper  : Slow Looper main: doFrame is 417ms late because of 2 msg, msg 1 took 424ms (h=android.view.ViewRootImpl$ViewRootHandler c=android.view.View$PerformClick)
12-04 19:35:52.027 11256 11256 W Looper  : Slow Looper main: doFrame is 348ms late because of 3 msg, msg 1 took 351ms (late=167ms h=com.android.internal.view.IInputConnectionWrapper$MyHandler w=60)
12-04 19:35:52.473 11256 11256 W Looper  : Slow Looper main: doFrame is 336ms late because of 2 msg, msg 1 took 337ms (late=17ms h=com.android.internal.view.IInputConnectionWrapper$MyHandler w=60)
12-04 19:35:52.926 11256 11256 W Looper  : Slow Looper main: doFrame is 441ms late because of 5 msg, msg 3 took 427ms (late=34ms h=com.android.internal.view.IInputConnectionWrapper$MyHandler w=60)
12-04 19:35:53.358 11256 11256 W Looper  : Slow Looper main: doFrame is 427ms late because of 5 msg, msg 3 took 413ms (late=78ms h=com.android.internal.view.IInputConnectionWrapper$MyHandler w=60)
12-04 19:35:55.164 11256 11256 W Looper  : Slow Looper main: doFrame is 367ms late because of 3 msg, msg 1 took 368ms (late=51ms h=com.android.internal.view.IInputConnectionWrapper$MyHandler w=60)
12-04 19:35:55.546 11256 11256 W Looper  : Slow Looper main: doFrame is 364ms late because of 3 msg, msg 1 took 363ms (late=35ms h=com.android.internal.view.IInputConnectionWrapper$MyHandler w=60)
12-04 19:35:55.894 11256 11256 W Looper  : Slow Looper main: doFrame is 330ms late because of 3 msg, msg 1 took 332ms (late=249ms h=com.android.internal.view.IInputConnectionWrapper$MyHandler w=60)
12-04 19:35:58.178 11256 11256 W Looper  : Slow Looper main: doFrame is 354ms late because of 2 msg, msg 1 took 364ms (late=49ms h=com.android.internal.view.IInputConnectionWrapper$MyHandler w=60)
12-04 19:36:00.642 11256 11256 W Looper  : Slow Looper main: doFrame is 376ms late because of 2 msg, msg 1 took 382ms (late=163ms h=com.android.internal.view.IInputConnectionWrapper$MyHandler w=60)
12-04 19:36:02.031 11256 11256 E SpannableStringBuilder: SPAN_EXCLUSIVE_EXCLUSIVE spans cannot have a zero length
12-04 19:36:02.040 11256 11256 W Looper  : Slow Looper main: doFrame is 414ms late because of 4 msg, msg 1 took 422ms (late=357ms h=com.android.internal.view.IInputConnectionWrapper$MyHandler w=50)
12-04 19:36:02.032 11256 11256 E SpannableStringBuilder: SPAN_EXCLUSIVE_EXCLUSIVE spans cannot have a zero length
12-04 19:36:05.468 11256 16557 W SendBird: [19:36:05.467 Connection$1:onMessage():235] onMessage instance : [PONG] com.sendbird.android.Connection@34fc6ec
12-04 19:36:05.469 11256 16557 W Sendbird: [19:36:05.468 Connection$1:onMessage():236] onMessage instance : [PONG] com.sendbird.android.Connection@34fc6ec
12-04 19:36:05.475 11256 16311 W SendBird: [19:36:05.475 EventController$1:call():141] ++ result[PONG] runnable=null
12-04 19:36:05.623 11256 11256 I Choreographer: Skipped 50 frames!  The application may be doing too much work on its main thread.
12-04 19:36:05.635 11256 11256 W Looper  : Slow Looper main: doFrame is 849ms late because of 1 msg, msg 1 took 858ms (late=5ms h=android.view.ViewRootImpl$ViewRootHandler c=android.widget.AbsListView$3)
12-04 19:36:05.643 11256 11397 I OpenGLRenderer: Davey! duration=871ms; Flags=0, IntendedVsync=17502333721872, Vsync=17503167055172, OldestInputEvent=9223372036854775807, NewestInputEvent=0, HandleInputStart=17503188682281, AnimationStart=17503188781760, PerformTraversalsStart=17503188812958, DrawStart=17503194608270, SyncQueued=17503196997385, SyncStart=17503197366239, IssueDrawCommandsStart=17503197761604, SwapBuffers=17503203535458, FrameCompleted=17503205866499, DequeueBufferDuration=712000, QueueBufferDuration=1462000, 
12-04 19:36:11.549 11256 11272 I om.rmc.natour2: NativeAlloc concurrent copying GC freed 175448(9MB) AllocSpace objects, 314(6MB) LOS objects, 49% free, 22MB/45MB, paused 209us total 130.226ms
12-04 19:36:12.724 11256 11256 W Choreographer: OPTS_INPUT: First frame was drawed before optimized, so skip!
12-04 19:36:13.430 11256 11256 W Choreographer: OPTS_INPUT: First frame was drawed before optimized, so skip!
12-04 19:36:19.422 11256 11272 I om.rmc.natour2: Background concurrent copying GC freed 78763(6MB) AllocSpace objects, 854(16MB) LOS objects, 50% free, 22MB/45MB, paused 153us total 109.466ms
12-04 19:36:20.485 11256 16557 W SendBird: [19:36:20.484 Connection$1:onMessage():235] onMessage instance : [PONG] com.sendbird.android.Connection@34fc6ec
12-04 19:36:20.488 11256 16557 W Sendbird: [19:36:20.487 Connection$1:onMessage():236] onMessage instance : [PONG] com.sendbird.android.Connection@34fc6ec
12-04 19:36:20.502 11256 16311 W SendBird: [19:36:20.501 EventController$1:call():141] ++ result[PONG] runnable=null
12-04 19:36:33.795 11256 11256 I Choreographer: Skipped 62 frames!  The application may be doing too much work on its main thread.
12-04 19:36:33.819 11256 11256 W Looper  : Slow Looper main: doFrame is 1037ms late because of 1 msg, msg 1 took 1040ms (late=4ms h=android.view.ViewRootImpl$ViewRootHandler c=android.widget.AbsListView$3)
12-04 19:36:33.819 11256 11256 W IInputConnectionWrapper: getTextBeforeCursor on inactive InputConnection
12-04 19:36:33.823 11256 11397 I OpenGLRenderer: Davey! duration=1065ms; Flags=0, IntendedVsync=17530320225188, Vsync=17531353558480, OldestInputEvent=9223372036854775807, NewestInputEvent=0, HandleInputStart=17531359352530, AnimationStart=17531359400603, PerformTraversalsStart=17531359415812, DrawStart=17531361876228, SyncQueued=17531369921437, SyncStart=17531370178884, IssueDrawCommandsStart=17531381407843, SwapBuffers=17531385171332, FrameCompleted=17531386242999, DequeueBufferDuration=1224000, QueueBufferDuration=530000, 
12-04 19:36:33.826 11256 11256 W IInputConnectionWrapper: getSelectedText on inactive InputConnection
12-04 19:36:33.827 11256 11256 W IInputConnectionWrapper: getTextAfterCursor on inactive InputConnection
12-04 19:36:35.484 11256 16557 W SendBird: [19:36:35.483 Connection$1:onMessage():235] onMessage instance : [PONG] com.sendbird.android.Connection@34fc6ec
12-04 19:36:35.487 11256 16557 W Sendbird: [19:36:35.485 Connection$1:onMessage():236] onMessage instance : [PONG] com.sendbird.android.Connection@34fc6ec
12-04 19:36:35.499 11256 16311 W SendBird: [19:36:35.497 EventController$1:call():141] ++ result[PONG] runnable=null
12-04 19:36:39.986 11256 11272 I om.rmc.natour2: NativeAlloc concurrent copying GC freed 99492(6MB) AllocSpace objects, 625(12MB) LOS objects, 50% free, 23MB/47MB, paused 239us total 131.584ms
12-04 19:36:42.730 11256 11272 I om.rmc.natour2: NativeAlloc concurrent copying GC freed 95176(4MB) AllocSpace objects, 600(11MB) LOS objects, 49% free, 22MB/44MB, paused 234us total 117.699ms
12-04 19:36:46.743 11256 11272 I om.rmc.natour2: Background concurrent copying GC freed 99284(6MB) AllocSpace objects, 818(15MB) LOS objects, 49% free, 21MB/43MB, paused 369us total 130.754ms
12-04 19:36:50.480 11256 16557 W SendBird: [19:36:50.479 Connection$1:onMessage():235] onMessage instance : [PONG] com.sendbird.android.Connection@34fc6ec
12-04 19:36:50.483 11256 16557 W Sendbird: [19:36:50.481 Connection$1:onMessage():236] onMessage instance : [PONG] com.sendbird.android.Connection@34fc6ec
12-04 19:36:50.492 11256 16311 W SendBird: [19:36:50.491 EventController$1:call():141] ++ result[PONG] runnable=null
12-04 19:36:53.428 11256 11256 W System.err: java.io.IOException: INVALID_ARGUMENT: At least one of address or componentFilters must be specified.
12-04 19:36:53.429 11256 11256 W System.err: 	at android.location.Geocoder.getFromLocationName(Geocoder.java:178)
12-04 19:36:53.431 11256 11256 W System.err: 	at com.rmc.natour21.Fragment.InsertPath.InsertFragment.geoCode(InsertFragment.kt:541)
12-04 19:36:53.431 11256 11256 W System.err: 	at com.rmc.natour21.Fragment.InsertPath.InsertFragment$onViewCreated$2$1.onQueryTextChange(InsertFragment.kt:295)
12-04 19:36:53.431 11256 11256 W System.err: 	at android.widget.SearchView.onTextChanged(SearchView.java:1250)
12-04 19:36:53.431 11256 11256 W System.err: 	at android.widget.SearchView.access$2100(SearchView.java:98)
12-04 19:36:53.431 11256 11256 W System.err: 	at android.widget.SearchView$10.onTextChanged(SearchView.java:1776)
12-04 19:36:53.432 11256 11256 W System.err: 	at android.widget.TextView.sendOnTextChanged(TextView.java:9797)
12-04 19:36:53.432 11256 11256 W System.err: 	at android.widget.TextView.setText(TextView.java:5776)
12-04 19:36:53.432 11256 11256 W System.err: 	at android.widget.TextView.setText(TextView.java:5614)
12-04 19:36:53.432 11256 11256 W System.err: 	at android.widget.EditText.setText(EditText.java:122)
12-04 19:36:53.433 11256 11256 W System.err: 	at android.widget.TextView.setText(TextView.java:5571)
12-04 19:36:53.433 11256 11256 W System.err: 	at android.widget.SearchView.onCloseClicked(SearchView.java:1286)
12-04 19:36:53.433 11256 11256 W System.err: 	at android.widget.SearchView.access$800(SearchView.java:98)
12-04 19:36:53.433 11256 11256 W System.err: 	at android.widget.SearchView$5.onClick(SearchView.java:971)
12-04 19:36:53.433 11256 11256 W System.err: 	at android.view.View.performClick(View.java:6608)
12-04 19:36:53.433 11256 11256 W System.err: 	at android.view.View.performClickInternal(View.java:6585)
12-04 19:36:53.433 11256 11256 W System.err: 	at android.view.View.access$3100(View.java:785)
12-04 19:36:53.434 11256 11256 W System.err: 	at android.view.View$PerformClick.run(View.java:25921)
12-04 19:36:53.434 11256 11256 W System.err: 	at android.os.Handler.handleCallback(Handler.java:873)
12-04 19:36:53.434 11256 11256 W System.err: 	at android.os.Handler.dispatchMessage(Handler.java:99)
12-04 19:36:53.434 11256 11256 W System.err: 	at android.os.Looper.loop(Looper.java:201)
12-04 19:36:53.434 11256 11256 W System.err: 	at android.app.ActivityThread.main(ActivityThread.java:6810)
12-04 19:36:53.434 11256 11256 W System.err: 	at java.lang.reflect.Method.invoke(Native Method)
12-04 19:36:53.434 11256 11256 W System.err: 	at com.android.internal.os.RuntimeInit$MethodAndArgsCaller.run(RuntimeInit.java:547)
12-04 19:36:53.435 11256 11256 W System.err: 	at com.android.internal.os.ZygoteInit.main(ZygoteInit.java:873)
12-04 19:36:53.453 11256 11256 W Looper  : Slow Looper main: doFrame is 403ms late because of 2 msg, msg 1 took 410ms (h=android.view.ViewRootImpl$ViewRootHandler c=android.view.View$PerformClick)
12-04 19:37:05.495 11256 16557 W SendBird: [19:37:05.494 Connection$1:onMessage():235] onMessage instance : [PONG] com.sendbird.android.Connection@34fc6ec
12-04 19:37:05.497 11256 16557 W Sendbird: [19:37:05.496 Connection$1:onMessage():236] onMessage instance : [PONG] com.sendbird.android.Connection@34fc6ec
12-04 19:37:05.508 11256 16311 W SendBird: [19:37:05.507 EventController$1:call():141] ++ result[PONG] runnable=null
12-04 19:37:14.902 11256 11272 I om.rmc.natour2: Background concurrent copying GC freed 73745(4MB) AllocSpace objects, 934(18MB) LOS objects, 50% free, 20MB/41MB, paused 468us total 145.914ms
12-04 19:37:15.005 11256 11256 E RecyclerView: No adapter attached; skipping layout
12-04 19:37:19.627 11256 11256 W StaticLayout: maxLineHeight should not be -1.  maxLines:3 lineCount:3
12-04 19:37:19.652 11256 11256 I chatty  : uid=10192(com.rmc.natour21) identical 1 line
12-04 19:37:19.694 11256 11256 W StaticLayout: maxLineHeight should not be -1.  maxLines:3 lineCount:3
12-04 19:37:20.473 11256 16557 W SendBird: [19:37:20.471 Connection$1:onMessage():235] onMessage instance : [PONG] com.sendbird.android.Connection@34fc6ec
12-04 19:37:20.475 11256 16557 W Sendbird: [19:37:20.474 Connection$1:onMessage():236] onMessage instance : [PONG] com.sendbird.android.Connection@34fc6ec
12-04 19:37:20.483 11256 16311 W SendBird: [19:37:20.482 EventController$1:call():141] ++ result[PONG] runnable=null
12-04 19:37:35.479 11256 16557 W SendBird: [19:37:35.478 Connection$1:onMessage():235] onMessage instance : [PONG] com.sendbird.android.Connection@34fc6ec
12-04 19:37:35.482 11256 16557 W Sendbird: [19:37:35.480 Connection$1:onMessage():236] onMessage instance : [PONG] com.sendbird.android.Connection@34fc6ec
12-04 19:37:35.492 11256 16311 W SendBird: [19:37:35.491 EventController$1:call():141] ++ result[PONG] runnable=null
12-04 19:37:49.221 11256 11256 I Toast   : Show toast from OpPackageName:com.rmc.natour21, PackageName:com.rmc.natour21
12-04 19:37:50.495 11256 16557 W SendBird: [19:37:50.494 Connection$1:onMessage():235] onMessage instance : [PONG] com.sendbird.android.Connection@34fc6ec
12-04 19:37:50.497 11256 16557 W Sendbird: [19:37:50.496 Connection$1:onMessage():236] onMessage instance : [PONG] com.sendbird.android.Connection@34fc6ec
12-04 19:37:50.509 11256 16311 W SendBird: [19:37:50.508 EventController$1:call():141] ++ result[PONG] runnable=null
12-04 19:37:51.457 11256 11256 E RecyclerView: No adapter attached; skipping layout
12-04 19:37:54.340 11256 11256 E RecyclerView: No adapter attached; skipping layout
12-04 19:37:59.912 11256 11256 W StaticLayout: maxLineHeight should not be -1.  maxLines:3 lineCount:3
12-04 19:37:59.939 11256 11256 W StaticLayout: maxLineHeight should not be -1.  maxLines:3 lineCount:3
12-04 19:37:59.986 11256 11256 W StaticLayout: maxLineHeight should not be -1.  maxLines:3 lineCount:3
12-04 19:38:02.204 11256 11256 I Timeline: Timeline: Activity_launch_request time:17619766 intent:Intent { cmp=com.rmc.natour21/.Fragment.path.PathPageActivity (has extras) }
12-04 19:38:02.284 11256 11256 W ActivityThread: handleWindowVisibility: no activity for token android.os.BinderProxy@d089bb7
12-04 19:38:05.564 11256 16557 W SendBird: [19:38:05.564 Connection$1:onMessage():235] onMessage instance : [PONG] com.sendbird.android.Connection@34fc6ec
12-04 19:38:05.567 11256 16557 W Sendbird: [19:38:05.566 Connection$1:onMessage():236] onMessage instance : [PONG] com.sendbird.android.Connection@34fc6ec
12-04 19:38:05.574 11256 16311 W SendBird: [19:38:05.574 EventController$1:call():141] ++ result[PONG] runnable=null
12-04 19:38:13.006 11256 11272 I om.rmc.natour2: Background concurrent copying GC freed 530700(15MB) AllocSpace objects, 23(14MB) LOS objects, 44% free, 29MB/53MB, paused 485us total 131.731ms
12-04 19:38:19.286 11256 11256 W StaticLayout: maxLineHeight should not be -1.  maxLines:3 lineCount:3
12-04 19:38:19.304 11256 11256 W StaticLayout: maxLineHeight should not be -1.  maxLines:3 lineCount:3
12-04 19:38:19.343 11256 11256 W StaticLayout: maxLineHeight should not be -1.  maxLines:3 lineCount:3
12-04 19:38:20.498 11256 16557 W SendBird: [19:38:20.497 Connection$1:onMessage():235] onMessage instance : [PONG] com.sendbird.android.Connection@34fc6ec
12-04 19:38:20.499 11256 16557 W Sendbird: [19:38:20.498 Connection$1:onMessage():236] onMessage instance : [PONG] com.sendbird.android.Connection@34fc6ec
12-04 19:38:20.503 11256 16311 W SendBird: [19:38:20.502 EventController$1:call():141] ++ result[PONG] runnable=null
12-04 19:38:22.752 11256 11256 E RecyclerView: No adapter attached; skipping layout
12-04 19:38:25.069 11256 11256 E RecyclerView: No adapter attached; skipping layout
12-04 19:38:27.925 11256 11256 I Timeline: Timeline: Activity_launch_request time:17645487 intent:Intent { cmp=com.rmc.natour21/.Fragment.path.PathPageActivity (has extras) }
12-04 19:38:27.981 11256 11256 W ActivityThread: handleWindowVisibility: no activity for token android.os.BinderProxy@3dd2a41
12-04 19:38:35.480 11256 16557 W SendBird: [19:38:35.479 Connection$1:onMessage():235] onMessage instance : [PONG] com.sendbird.android.Connection@34fc6ec
12-04 19:38:35.485 11256 16557 W Sendbird: [19:38:35.484 Connection$1:onMessage():236] onMessage instance : [PONG] com.sendbird.android.Connection@34fc6ec
12-04 19:38:35.501 11256 16311 W SendBird: [19:38:35.501 EventController$1:call():141] ++ result[PONG] runnable=null
12-04 19:38:37.626 11256 11256 W StaticLayout: maxLineHeight should not be -1.  maxLines:3 lineCount:3
12-04 19:38:37.649 11256 11256 W StaticLayout: maxLineHeight should not be -1.  maxLines:3 lineCount:3
12-04 19:38:37.691 11256 11256 W StaticLayout: maxLineHeight should not be -1.  maxLines:3 lineCount:3
12-04 19:38:42.497 11256 11256 I Toast   : Show toast from OpPackageName:com.rmc.natour21, PackageName:com.rmc.natour21
12-04 19:38:45.003 11256 11256 W InputEventReceiver: Slow Input: 478ms so far, now at dispatchInputEvent (MotionEvent: event_seq=12366, seq=276844, action=ACTION_DOWN)
12-04 19:38:45.004 11256 11256 W InputEventReceiver: Slow Input: 463ms so far, now at dispatchInputEvent (MotionEvent: event_seq=12367, seq=276846, action=ACTION_UP)
12-04 19:38:45.090 11256 11256 E RecyclerView: No adapter attached; skipping layout
12-04 19:38:46.519 11256 11256 E RecyclerView: No adapter attached; skipping layout
12-04 19:38:50.466 11256 16557 W SendBird: [19:38:50.466 Connection$1:onMessage():235] onMessage instance : [PONG] com.sendbird.android.Connection@34fc6ec
12-04 19:38:50.468 11256 16557 W Sendbird: [19:38:50.467 Connection$1:onMessage():236] onMessage instance : [PONG] com.sendbird.android.Connection@34fc6ec
12-04 19:38:50.480 11256 16311 W SendBird: [19:38:50.479 EventController$1:call():141] ++ result[PONG] runnable=null
12-04 19:38:51.972 11256 11256 W StaticLayout: maxLineHeight should not be -1.  maxLines:3 lineCount:3
12-04 19:38:51.993 11256 11256 W StaticLayout: maxLineHeight should not be -1.  maxLines:3 lineCount:3
12-04 19:38:52.031 11256 11256 W StaticLayout: maxLineHeight should not be -1.  maxLines:3 lineCount:3
12-04 19:38:58.726 11256 11272 I om.rmc.natour2: Background concurrent copying GC freed 630735(20MB) AllocSpace objects, 47(15MB) LOS objects, 37% free, 39MB/63MB, paused 517us total 201.746ms
12-04 19:38:59.687 11256 11256 W InputEventReceiver: Slow Input: 417ms so far, now at dispatchInputEvent (MotionEvent: event_seq=12374, seq=276868, action=ACTION_DOWN)
12-04 19:38:59.687 11256 11256 W InputEventReceiver: Slow Input: 377ms so far, now at dispatchInputEvent (MotionEvent: event_seq=12375, seq=276870, action=ACTION_UP)
12-04 19:38:59.721 11256 11256 I OsmDroid: Using tile source: Mapnik
12-04 19:38:59.721 11256 11256 I OsmDroid: Tile cache increased from 0 to 9
12-04 19:39:00.143 11256 11256 W System.err: java.io.IOException: INVALID_ARGUMENT: At least one of address or componentFilters must be specified.
12-04 19:39:00.143 11256 11256 W System.err: 	at android.location.Geocoder.getFromLocationName(Geocoder.java:178)
12-04 19:39:00.144 11256 11256 W System.err: 	at com.rmc.natour21.Fragment.InsertPath.InsertFragment.geoCode(InsertFragment.kt:541)
12-04 19:39:00.144 11256 11256 W System.err: 	at com.rmc.natour21.Fragment.InsertPath.InsertFragment$onViewCreated$2$1.onQueryTextChange(InsertFragment.kt:295)
12-04 19:39:00.144 11256 11256 W System.err: 	at android.widget.SearchView.onTextChanged(SearchView.java:1250)
12-04 19:39:00.144 11256 11256 W System.err: 	at android.widget.SearchView.access$2100(SearchView.java:98)
12-04 19:39:00.144 11256 11256 W System.err: 	at android.widget.SearchView$10.onTextChanged(SearchView.java:1776)
12-04 19:39:00.144 11256 11256 W System.err: 	at android.widget.TextView.sendOnTextChanged(TextView.java:9797)
12-04 19:39:00.144 11256 11256 W System.err: 	at android.widget.TextView.setText(TextView.java:5776)
12-04 19:39:00.144 11256 11256 W System.err: 	at android.widget.TextView.setText(TextView.java:5614)
12-04 19:39:00.144 11256 11256 W System.err: 	at android.widget.EditText.setText(EditText.java:122)
12-04 19:39:00.144 11256 11256 W System.err: 	at android.widget.TextView.setText(TextView.java:5571)
12-04 19:39:00.144 11256 11256 W System.err: 	at android.widget.TextView.onRestoreInstanceState(TextView.java:5439)
12-04 19:39:00.144 11256 11256 W System.err: 	at android.view.View.dispatchRestoreInstanceState(View.java:18635)
12-04 19:39:00.144 11256 11256 W System.err: 	at android.view.ViewGroup.dispatchRestoreInstanceState(ViewGroup.java:3829)
12-04 19:39:00.144 11256 11256 I chatty  : uid=10192(com.rmc.natour21) identical 4 lines
12-04 19:39:00.144 11256 11256 W System.err: 	at android.view.ViewGroup.dispatchRestoreInstanceState(ViewGroup.java:3829)
12-04 19:39:00.144 11256 11256 W System.err: 	at android.view.View.restoreHierarchyState(View.java:18613)
12-04 19:39:00.144 11256 11256 W System.err: 	at androidx.fragment.app.Fragment.restoreViewState(Fragment.java:689)
12-04 19:39:00.144 11256 11256 W System.err: 	at androidx.fragment.app.Fragment.restoreViewState(Fragment.java:3151)
12-04 19:39:00.144 11256 11256 W System.err: 	at androidx.fragment.app.Fragment.performActivityCreated(Fragment.java:3142)
12-04 19:39:00.144 11256 11256 W System.err: 	at androidx.fragment.app.FragmentStateManager.activityCreated(FragmentStateManager.java:579)
12-04 19:39:00.145 11256 11256 W System.err: 	at androidx.fragment.app.FragmentStateManager.moveToExpectedState(FragmentStateManager.java:264)
12-04 19:39:00.145 11256 11256 W System.err: 	at androidx.fragment.app.FragmentManager.executeOpsTogether(FragmentManager.java:1899)
12-04 19:39:00.145 11256 11256 W System.err: 	at androidx.fragment.app.FragmentManager.removeRedundantOperationsAndExecute(FragmentManager.java:1817)
12-04 19:39:00.145 11256 11256 W System.err: 	at androidx.fragment.app.FragmentManager.execPendingActions(FragmentManager.java:1760)
12-04 19:39:00.145 11256 11256 W System.err: 	at androidx.fragment.app.FragmentManager$5.run(FragmentManager.java:547)
12-04 19:39:00.145 11256 11256 W System.err: 	at android.os.Handler.handleCallback(Handler.java:873)
12-04 19:39:00.145 11256 11256 W System.err: 	at android.os.Handler.dispatchMessage(Handler.java:99)
12-04 19:39:00.145 11256 11256 W System.err: 	at android.os.Looper.loop(Looper.java:201)
12-04 19:39:00.145 11256 11256 W System.err: 	at android.app.ActivityThread.main(ActivityThread.java:6810)
12-04 19:39:00.145 11256 11256 W System.err: 	at java.lang.reflect.Method.invoke(Native Method)
12-04 19:39:00.145 11256 11256 W System.err: 	at com.android.internal.os.RuntimeInit$MethodAndArgsCaller.run(RuntimeInit.java:547)
12-04 19:39:00.145 11256 11256 W System.err: 	at com.android.internal.os.ZygoteInit.main(ZygoteInit.java:873)
12-04 19:39:00.202 11256 11256 I OsmDroid: Tile cache increased from 9 to 48
12-04 19:39:00.222 11256 11256 W Looper  : Slow Looper main: doFrame is 448ms late because of 1 msg, msg 1 took 453ms (late=7ms h=android.os.Handler c=androidx.fragment.app.FragmentManager$5)
12-04 19:39:05.483 11256 16557 W SendBird: [19:39:05.482 Connection$1:onMessage():235] onMessage instance : [PONG] com.sendbird.android.Connection@34fc6ec
12-04 19:39:05.484 11256 16557 W Sendbird: [19:39:05.484 Connection$1:onMessage():236] onMessage instance : [PONG] com.sendbird.android.Connection@34fc6ec
12-04 19:39:05.491 11256 16311 W SendBird: [19:39:05.490 EventController$1:call():141] ++ result[PONG] runnable=null
12-04 19:39:18.498 11256 11272 I om.rmc.natour2: NativeAlloc concurrent copying GC freed 192518(7MB) AllocSpace objects, 397(12MB) LOS objects, 44% free, 29MB/53MB, paused 350us total 124.225ms
12-04 19:39:20.464 11256 16557 W SendBird: [19:39:20.464 Connection$1:onMessage():235] onMessage instance : [PONG] com.sendbird.android.Connection@34fc6ec
12-04 19:39:20.465 11256 16557 W Sendbird: [19:39:20.464 Connection$1:onMessage():236] onMessage instance : [PONG] com.sendbird.android.Connection@34fc6ec
12-04 19:39:20.474 11256 16311 W SendBird: [19:39:20.474 EventController$1:call():141] ++ result[PONG] runnable=null
12-04 19:39:35.484 11256 16557 W SendBird: [19:39:35.484 Connection$1:onMessage():235] onMessage instance : [PONG] com.sendbird.android.Connection@34fc6ec
12-04 19:39:35.486 11256 16557 W Sendbird: [19:39:35.485 Connection$1:onMessage():236] onMessage instance : [PONG] com.sendbird.android.Connection@34fc6ec
12-04 19:39:35.495 11256 16311 W SendBird: [19:39:35.494 EventController$1:call():141] ++ result[PONG] runnable=null
12-04 19:39:38.741 11256 11272 I om.rmc.natour2: Background concurrent copying GC freed 62286(4MB) AllocSpace objects, 1060(20MB) LOS objects, 46% free, 28MB/52MB, paused 301us total 108.773ms
12-04 19:39:49.827 11256 11256 W Looper  : Slow Looper main: doFrame is 325ms late because of 2 msg, msg 1 took 331ms (late=21ms h=com.android.internal.view.IInputConnectionWrapper$MyHandler w=60)
12-04 19:39:50.459 11256 16557 W SendBird: [19:39:50.457 Connection$1:onMessage():235] onMessage instance : [PONG] com.sendbird.android.Connection@34fc6ec
12-04 19:39:50.461 11256 16557 W Sendbird: [19:39:50.460 Connection$1:onMessage():236] onMessage instance : [PONG] com.sendbird.android.Connection@34fc6ec
12-04 19:39:50.470 11256 16311 W SendBird: [19:39:50.469 EventController$1:call():141] ++ result[PONG] runnable=null
12-04 19:39:50.589 11256 11256 W Looper  : Slow Looper main: doFrame is 377ms late because of 4 msg, msg 1 took 380ms (late=350ms h=com.android.internal.view.IInputConnectionWrapper$MyHandler w=60)
12-04 19:39:51.345 11256 11256 W Looper  : Slow Looper main: doFrame is 365ms late because of 2 msg, msg 1 took 365ms (late=44ms h=com.android.internal.view.IInputConnectionWrapper$MyHandler w=60)
12-04 19:39:51.965 11256 11256 W System.err: java.io.IOException: INVALID_ARGUMENT: At least one of address or componentFilters must be specified.
12-04 19:39:51.965 11256 11256 W System.err: 	at android.location.Geocoder.getFromLocationName(Geocoder.java:178)
12-04 19:39:51.966 11256 11256 W System.err: 	at com.rmc.natour21.Fragment.InsertPath.InsertFragment.geoCode(InsertFragment.kt:541)
12-04 19:39:51.966 11256 11256 W System.err: 	at com.rmc.natour21.Fragment.InsertPath.InsertFragment$onViewCreated$2$1.onQueryTextChange(InsertFragment.kt:295)
12-04 19:39:51.966 11256 11256 W System.err: 	at android.widget.SearchView.onTextChanged(SearchView.java:1250)
12-04 19:39:51.966 11256 11256 W System.err: 	at android.widget.SearchView.access$2100(SearchView.java:98)
12-04 19:39:51.966 11256 11256 W System.err: 	at android.widget.SearchView$10.onTextChanged(SearchView.java:1776)
12-04 19:39:51.966 11256 11256 W System.err: 	at android.widget.TextView.sendOnTextChanged(TextView.java:9797)
12-04 19:39:51.966 11256 11256 W System.err: 	at android.widget.TextView.handleTextChanged(TextView.java:9894)
12-04 19:39:51.967 11256 11256 W System.err: 	at android.widget.TextView$ChangeWatcher.onTextChanged(TextView.java:12588)
12-04 19:39:51.967 11256 11256 W System.err: 	at android.text.SpannableStringBuilder.sendTextChanged(SpannableStringBuilder.java:1263)
12-04 19:39:51.967 11256 11256 W System.err: 	at android.text.SpannableStringBuilder.replace(SpannableStringBuilder.java:575)
12-04 19:39:51.967 11256 11256 W System.err: 	at android.text.SpannableStringBuilder.delete(SpannableStringBuilder.java:229)
12-04 19:39:51.968 11256 11256 W System.err: 	at android.text.SpannableStringBuilder.delete(SpannableStringBuilder.java:36)
12-04 19:39:51.968 11256 11256 W System.err: 	at android.view.inputmethod.BaseInputConnection.deleteSurroundingText(BaseInputConnection.java:250)
12-04 19:39:51.968 11256 11256 W System.err: 	at com.android.internal.view.IInputConnectionWrapper.executeMessage(IInputConnectionWrapper.java:455)
12-04 19:39:51.968 11256 11256 W System.err: 	at com.android.internal.view.IInputConnectionWrapper$MyHandler.handleMessage(IInputConnectionWrapper.java:85)
12-04 19:39:51.968 11256 11256 W System.err: 	at android.os.Handler.dispatchMessage(Handler.java:106)
12-04 19:39:51.968 11256 11256 W System.err: 	at android.os.Looper.loop(Looper.java:201)
12-04 19:39:51.968 11256 11256 W System.err: 	at android.app.ActivityThread.main(ActivityThread.java:6810)
12-04 19:39:51.969 11256 11256 W System.err: 	at java.lang.reflect.Method.invoke(Native Method)
12-04 19:39:51.969 11256 11256 W System.err: 	at com.android.internal.os.RuntimeInit$MethodAndArgsCaller.run(RuntimeInit.java:547)
12-04 19:39:51.969 11256 11256 W System.err: 	at com.android.internal.os.ZygoteInit.main(ZygoteInit.java:873)
12-04 19:39:52.353 11256 11256 E SpannableStringBuilder: SPAN_EXCLUSIVE_EXCLUSIVE spans cannot have a zero length
12-04 19:39:52.367 11256 11256 W Looper  : Slow Looper main: doFrame is 383ms late because of 3 msg, msg 1 took 380ms (late=356ms h=com.android.internal.view.IInputConnectionWrapper$MyHandler w=50)
12-04 19:39:52.353 11256 11256 E SpannableStringBuilder: SPAN_EXCLUSIVE_EXCLUSIVE spans cannot have a zero length
12-04 19:39:54.121 11256 11256 I Choreographer: Skipped 47 frames!  The application may be doing too much work on its main thread.
12-04 19:39:54.159 11256 11256 W Looper  : Slow Looper main: doFrame is 795ms late because of 1 msg, msg 1 took 806ms (late=5ms h=android.view.ViewRootImpl$ViewRootHandler c=android.widget.AbsListView$3)
12-04 19:39:54.162 11256 11397 I OpenGLRenderer: Davey! duration=835ms; Flags=0, IntendedVsync=17730889095304, Vsync=17731672428606, OldestInputEvent=9223372036854775807, NewestInputEvent=0, HandleInputStart=17731687174485, AnimationStart=17731687239121, PerformTraversalsStart=17731687256412, DrawStart=17731691121777, SyncQueued=17731709810839, SyncStart=17731710052714, IssueDrawCommandsStart=17731721027141, SwapBuffers=17731723734902, FrameCompleted=17731724446673, DequeueBufferDuration=249000, QueueBufferDuration=236000, 
12-04 19:40:01.463 11256 11256 I OsmDroid: Tile cache increased from 48 to 54
12-04 19:40:01.642 11256 11272 I om.rmc.natour2: Background concurrent copying GC freed 77087(5MB) AllocSpace objects, 1021(20MB) LOS objects, 46% free, 27MB/51MB, paused 235us total 127.204ms
12-04 19:40:02.385 11256 11256 W Choreographer: OPTS_INPUT: First frame was drawed before optimized, so skip!
12-04 19:40:05.504 11256 16557 W SendBird: [19:40:05.504 Connection$1:onMessage():235] onMessage instance : [PONG] com.sendbird.android.Connection@34fc6ec
12-04 19:40:05.505 11256 16557 W Sendbird: [19:40:05.505 Connection$1:onMessage():236] onMessage instance : [PONG] com.sendbird.android.Connection@34fc6ec
12-04 19:40:05.510 11256 16311 W SendBird: [19:40:05.510 EventController$1:call():141] ++ result[PONG] runnable=null
12-04 19:40:11.739 11256 11272 I om.rmc.natour2: Background concurrent copying GC freed 64465(5MB) AllocSpace objects, 1041(20MB) LOS objects, 46% free, 27MB/51MB, paused 216us total 123.372ms
12-04 19:40:18.144 11256 11272 I om.rmc.natour2: Background concurrent copying GC freed 68263(6MB) AllocSpace objects, 944(18MB) LOS objects, 45% free, 28MB/52MB, paused 560us total 117.208ms
