12-04 19:52:06.386 11256 20680 W SendBird: [19:52:06.385 Connection$1:onMessage():235] onMessage instance : [PONG] com.sendbird.android.Connection@9443f38
12-04 19:52:06.388 11256 20680 W Sendbird: [19:52:06.387 Connection$1:onMessage():236] onMessage instance : [PONG] com.sendbird.android.Connection@9443f38
12-04 19:52:06.395 11256 16311 W SendBird: [19:52:06.394 EventController$1:call():141] ++ result[PONG] runnable=null
12-04 19:52:21.441 11256 20680 W SendBird: [19:52:21.440 Connection$1:onMessage():235] onMessage instance : [PONG] com.sendbird.android.Connection@9443f38
12-04 19:52:21.442 11256 20680 W Sendbird: [19:52:21.442 Connection$1:onMessage():236] onMessage instance : [PONG] com.sendbird.android.Connection@9443f38
12-04 19:52:21.448 11256 16311 W SendBird: [19:52:21.448 EventController$1:call():141] ++ result[PONG] runnable=null
12-04 19:52:24.898 11256 11256 W StaticLayout: maxLineHeight should not be -1.  maxLines:3 lineCount:3
12-04 19:52:24.919 11256 11256 W StaticLayout: maxLineHeight should not be -1.  maxLines:3 lineCount:3
12-04 19:52:24.960 11256 11256 W StaticLayout: maxLineHeight should not be -1.  maxLines:3 lineCount:3
12-04 19:52:33.765 11256 11256 I Toast   : Show toast from OpPackageName:com.rmc.natour21, PackageName:com.rmc.natour21
12-04 19:52:36.108 11256 11256 E RecyclerView: No adapter attached; skipping layout
12-04 19:52:36.366 11256 20680 W SendBird: [19:52:36.365 Connection$1:onMessage():235] onMessage instance : [PONG] com.sendbird.android.Connection@9443f38
12-04 19:52:36.367 11256 20680 W Sendbird: [19:52:36.366 Connection$1:onMessage():236] onMessage instance : [PONG] com.sendbird.android.Connection@9443f38
12-04 19:52:36.371 11256 16311 W SendBird: [19:52:36.370 EventController$1:call():141] ++ result[PONG] runnable=null
12-04 19:52:38.475 11256 11256 E RecyclerView: No adapter attached; skipping layout
12-04 19:52:44.747 11256 11256 I Toast   : Show toast from OpPackageName:com.rmc.natour21, PackageName:com.rmc.natour21
12-04 19:52:51.372 11256 20680 W SendBird: [19:52:51.372 Connection$1:onMessage():235] onMessage instance : [PONG] com.sendbird.android.Connection@9443f38
12-04 19:52:51.373 11256 20680 W Sendbird: [19:52:51.372 Connection$1:onMessage():236] onMessage instance : [PONG] com.sendbird.android.Connection@9443f38
12-04 19:52:51.375 11256 16311 W SendBird: [19:52:51.375 EventController$1:call():141] ++ result[PONG] runnable=null
12-04 19:52:51.835 11256 11256 W StaticLayout: maxLineHeight should not be -1.  maxLines:3 lineCount:3
12-04 19:52:51.856 11256 11256 W StaticLayout: maxLineHeight should not be -1.  maxLines:3 lineCount:3
12-04 19:52:51.895 11256 11256 W StaticLayout: maxLineHeight should not be -1.  maxLines:3 lineCount:3
12-04 19:52:52.995 11256 11256 W Choreographer: OPTS_INPUT: First frame was drawed before optimized, so skip!
12-04 19:53:00.601 11256 11272 I om.rmc.natour2: Background concurrent copying GC freed 258269(11MB) AllocSpace objects, 69(2MB) LOS objects, 37% free, 39MB/63MB, paused 1.420ms total 122.721ms
12-04 19:53:01.557 11256 11256 I Choreographer: Skipped 65 frames!  The application may be doing too much work on its main thread.
12-04 19:53:01.560 11256 11256 W Looper  : Slow Looper main: doFrame is 1094ms late because of 2 msg, msg 1 took 1098ms (h=android.os.Handler c=kotlinx.coroutines.internal.DispatchedContinuation)
12-04 19:53:01.566 11256 11397 I OpenGLRenderer: Davey! duration=1101ms; Flags=0, IntendedVsync=18518025156995, Vsync=18519108490285, OldestInputEvent=9223372036854775807, NewestInputEvent=0, HandleInputStart=18519121773716, AnimationStart=18519121828560, PerformTraversalsStart=18519122087258, DrawStart=18519122163612, SyncQueued=18519122371476, SyncStart=18519122533039, IssueDrawCommandsStart=18519122710643, SwapBuffers=18519124763508, FrameCompleted=18519127074081, DequeueBufferDuration=402000, QueueBufferDuration=676000, 
12-04 19:53:06.105 11256 11256 W StaticLayout: maxLineHeight should not be -1.  maxLines:3 lineCount:3
12-04 19:53:06.127 11256 11256 W StaticLayout: maxLineHeight should not be -1.  maxLines:3 lineCount:3
12-04 19:53:06.163 11256 11256 W StaticLayout: maxLineHeight should not be -1.  maxLines:3 lineCount:3
12-04 19:53:06.986 11256 20680 W SendBird: [19:53:06.986 Connection$1:onMessage():235] onMessage instance : [PONG] com.sendbird.android.Connection@9443f38
12-04 19:53:06.990 11256 20680 W Sendbird: [19:53:06.987 Connection$1:onMessage():236] onMessage instance : [PONG] com.sendbird.android.Connection@9443f38
12-04 19:53:06.996 11256 16311 W SendBird: [19:53:06.996 EventController$1:call():141] ++ result[PONG] runnable=null
12-04 19:53:08.771 11256 11256 W Choreographer: OPTS_INPUT: First frame was drawed before optimized, so skip!
12-04 19:53:10.105 11256 11256 I Timeline: Timeline: Activity_launch_request time:18527667 intent:Intent { cmp=com.rmc.natour21/.Fragment.path.PathPageActivity (has extras) }
12-04 19:53:10.165 11256 11256 W ActivityThread: handleWindowVisibility: no activity for token android.os.BinderProxy@b97dcdb
12-04 19:53:29.018 11256 11256 W StaticLayout: maxLineHeight should not be -1.  maxLines:3 lineCount:3
12-04 19:53:29.039 11256 11256 W StaticLayout: maxLineHeight should not be -1.  maxLines:3 lineCount:3
12-04 19:53:29.079 11256 11256 W StaticLayout: maxLineHeight should not be -1.  maxLines:3 lineCount:3
12-04 19:53:32.942 11256 11256 I Timeline: Timeline: Activity_launch_request time:18550504 intent:Intent { cmp=com.rmc.natour21/.Fragment.path.PathPageActivity (has extras) }
12-04 19:53:33.000 11256 11256 W ActivityThread: handleWindowVisibility: no activity for token android.os.BinderProxy@bcbe764
12-04 19:53:36.391 11256 20680 W SendBird: [19:53:36.390 Connection$1:onMessage():235] onMessage instance : [PONG] com.sendbird.android.Connection@9443f38
12-04 19:53:36.392 11256 20680 W Sendbird: [19:53:36.392 Connection$1:onMessage():236] onMessage instance : [PONG] com.sendbird.android.Connection@9443f38
12-04 19:53:36.399 11256 16311 W SendBird: [19:53:36.398 EventController$1:call():141] ++ result[PONG] runnable=null
12-04 19:53:51.391 11256 20680 W SendBird: [19:53:51.391 Connection$1:onMessage():235] onMessage instance : [PONG] com.sendbird.android.Connection@9443f38
12-04 19:53:51.393 11256 20680 W Sendbird: [19:53:51.392 Connection$1:onMessage():236] onMessage instance : [PONG] com.sendbird.android.Connection@9443f38
12-04 19:53:51.399 11256 16311 W SendBird: [19:53:51.399 EventController$1:call():141] ++ result[PONG] runnable=null
12-04 19:53:54.194 11256 11256 W StaticLayout: maxLineHeight should not be -1.  maxLines:3 lineCount:3
12-04 19:53:54.210 11256 11256 W StaticLayout: maxLineHeight should not be -1.  maxLines:3 lineCount:3
12-04 19:53:54.244 11256 11256 W StaticLayout: maxLineHeight should not be -1.  maxLines:3 lineCount:3
12-04 19:53:58.905 11256 11256 E RecyclerView: No adapter attached; skipping layout
12-04 19:53:59.251 11256 11272 I om.rmc.natour2: Background concurrent copying GC freed 701618(22MB) AllocSpace objects, 60(6MB) LOS objects, 48% free, 25MB/49MB, paused 212us total 127.062ms
12-04 19:53:59.912 11256 11256 E RecyclerView: No adapter attached; skipping layout
12-04 19:54:06.394 11256 20680 W SendBird: [19:54:06.394 Connection$1:onMessage():235] onMessage instance : [PONG] com.sendbird.android.Connection@9443f38
12-04 19:54:06.396 11256 20680 W Sendbird: [19:54:06.395 Connection$1:onMessage():236] onMessage instance : [PONG] com.sendbird.android.Connection@9443f38
12-04 19:54:06.404 11256 16311 W SendBird: [19:54:06.403 EventController$1:call():141] ++ result[PONG] runnable=null
12-04 19:54:21.445 11256 20680 W SendBird: [19:54:21.444 Connection$1:onMessage():235] onMessage instance : [PONG] com.sendbird.android.Connection@9443f38
12-04 19:54:21.446 11256 20680 W Sendbird: [19:54:21.445 Connection$1:onMessage():236] onMessage instance : [PONG] com.sendbird.android.Connection@9443f38
12-04 19:54:21.455 11256 16311 W SendBird: [19:54:21.455 EventController$1:call():141] ++ result[PONG] runnable=null
12-04 19:54:25.472 11256 11256 I SBUIKIT : [19:54:25.471 ChannelListFragment:onCreate():59] >> ChannelListFragment::onCreate()
12-04 19:54:25.646 11256 11256 D SBUIKIT : [19:54:25.646 BaseFragment:connect():35] >> BaseFragment::connect()
12-04 19:54:25.668 11256 11256 E RecyclerView: No adapter attached; skipping layout
12-04 19:54:25.685 11256 21355 D SBUIKIT : [19:54:25.685 SendBirdUIKit$2:call():298] ++ user nickname = Ilaria, profileUrl = http://18.195.186.181:8080/img/98/raw
12-04 19:54:25.686 11256 11256 D SBUIKIT : [19:54:25.686 BaseFragment:lambda$connect$0$com-sendbird-uikit-fragments-BaseFragment():37] ++ BaseFragment::connect e : null
12-04 19:54:25.687 11256 11256 I SBUIKIT : [19:54:25.687 BaseGroupChannelFragment:onReady():20] >> BaseGroupChannelFragment::onReady(READY)
12-04 19:54:25.688 11256 11256 I SBUIKIT : [19:54:25.688 BaseGroupChannelFragment:onReady():21] ++ user : User{mUserId='monon57281@kuvasin.com', mNickname='Ilaria', mProfileUrl='http://18.195.186.181:8080/img/98/raw', mFriendDiscoveryKey='null', mFriendName='null', mMetaData={}, mConnectionStatus=NON_AVAILABLE, mLastSeenAt=0, mIsActive=true, mPreferredLanguages=[]}
12-04 19:54:25.688 11256 11256 I SBUIKIT : [19:54:25.688 ChannelListFragment:onDrawPage():102] >> ChannelListFragment::onDrawPage()
12-04 19:54:25.708 11256 11256 D SBUIKIT : [19:54:25.708 ChannelListViewModel:initChannelCollection():36] >> ChannelListViewModel::initChannelCollection()
12-04 19:54:30.238 11256 11256 I Timeline: Timeline: Activity_launch_request time:18607800 intent:Intent { cmp=com.rmc.natour21/.Fragment.chat.CreateChannelActivity }
12-04 19:54:30.293 11256 11256 W ActivityThread: handleWindowVisibility: no activity for token android.os.BinderProxy@d7cd22e
12-04 19:54:30.325 11256 11256 I SBUIKIT : [19:54:30.324 SelectUserFragment:onCreate():48] >> SelectUserFragment::onCreate()
12-04 19:54:30.346 11256 11256 D SBUIKIT : [19:54:30.345 BaseFragment:connect():35] >> BaseFragment::connect()
12-04 19:54:30.404 11256 11256 E RecyclerView: No adapter attached; skipping layout
12-04 19:54:30.417 11256 21358 D SBUIKIT : [19:54:30.416 SendBirdUIKit$2:call():298] ++ user nickname = Ilaria, profileUrl = http://18.195.186.181:8080/img/98/raw
12-04 19:54:30.446 11256 11256 D SBUIKIT : [19:54:30.446 BaseFragment:lambda$connect$0$com-sendbird-uikit-fragments-BaseFragment():37] ++ BaseFragment::connect e : null
12-04 19:54:30.447 11256 11256 I SBUIKIT : [19:54:30.447 BaseGroupChannelFragment:onReady():20] >> BaseGroupChannelFragment::onReady(READY)
12-04 19:54:30.447 11256 11256 I SBUIKIT : [19:54:30.447 BaseGroupChannelFragment:onReady():21] ++ user : User{mUserId='monon57281@kuvasin.com', mNickname='Ilaria', mProfileUrl='http://18.195.186.181:8080/img/98/raw', mFriendDiscoveryKey='null', mFriendName='null', mMetaData={}, mConnectionStatus=NON_AVAILABLE, mLastSeenAt=0, mIsActive=true, mPreferredLanguages=[]}
12-04 19:54:30.662 11256 11256 D SBUIKIT : [19:54:30.661 SelectableUserInfoListViewModel:lambda$loadFromSendBird$1():211] ++ list : [User{mUserId='monon57281@kuvasin.com', mNickname='Ilaria', mProfileUrl='http://18.195.186.181:8080/img/98/raw', mFriendDiscoveryKey='null', mFriendName='null', mMetaData={}, mConnectionStatus=ONLINE, mLastSeenAt=0, mIsActive=true, mPreferredLanguages=[]}, User{mUserId='simon.boll@googlemail.com', mNickname='Simon B', mProfileUrl='https://natour21imgs.s3.us-east-2.amazonaws.com/96', mFriendDiscoveryKey='null', mFriendName='null', mMetaData={}, mConnectionStatus=OFFLINE, mLastSeenAt=1669479738097, mIsActive=true, mPreferredLanguages=[]}, User{mUserId='e.ladaga@studenti.unina.it', mNickname='Emanuele La Daga', mProfileUrl='', mFriendDiscoveryKey='null', mFriendName='null', mMetaData={}, mConnectionStatus=OFFLINE, mLastSeenAt=1669411743568, mIsActive=true, mPreferredLanguages=[]}, User{mUserId='viscardi.anna@ymail.com', mNickname='Anna Viscardi', mProfileUrl='https://natour21imgs.s3.us-east-2.amazonaws.com/75', mFriendDiscoveryKey='null', mFriendName='null', mMetaData={}, mConnectionStatus=OFFLINE, mLastSeenAt=1669643588762, mIsActive=true, mPreferredLanguages=[]}, User{mUserId='sojane2451@dicopto.com', mNickname='sojane2451', mProfileUrl='', mFriendDiscoveryKey='null', mFriendName='null', mMetaData={}, mConnectionStatus=OFFLINE, mLastSeenAt=1666192550950, mIsActive=true, mPreferredLanguages=[]}, User{mUserId='dopiermowie@gmail.com', mNickname='Gianluca Perna', mProfileUrl='http://dockerproxmox.duckdns.org:8125/img/63/raw', mFriendDiscoveryKey='null', mFriendName='null', mMetaData={}, mConnectionStatus=OFFLINE, mLastSeenAt=1666957825055, mIsActive=true, mPreferredLanguages=[]}, User{mUserId='concettaacampora2001@gmail.com', mNickname='Conny🌹', mProfileUrl='http://dockerproxmox.duckdns.org:8125/img/82/raw', mFriendDiscoveryKey='null', mFriendName='null', mMetaData={}, mConnectionStatus=OFFLINE, mLastSeenAt=1668784782963, mIsActive=true, mPreferredLanguages=[]}, User{mUserId='mannag
12-04 19:54:30.662 11256 11256 D SBUIKIT : Cont(1) giaallamadonna@blu.it', mNickname='mannaggiaallamadonna', mProfileUrl='', mFriendDiscoveryKey='null', mFriendName='null', mMetaData={}, mConnectionStatus=OFFLINE, mLastSeenAt=1664193035452, mIsActive=true, mPreferredLanguages=[]}, User{mUserId='daniellomary2@gmail.com', mNickname='Mary', mProfileUrl='https://natour21imgs.s3.us-east-2.amazonaws.com/86', mFriendDiscoveryKey='null', mFriendName='null', mMetaData={}, mConnectionStatus=OFFLINE, mLastSeenAt=1669058864669, mIsActive=true, mPreferredLanguages=[]}, User{mUserId='destasiofrancesco2000@gmail.com', mNickname='Francesco De Stasio', mProfileUrl='https://lh3.googleusercontent.com/a/AATXAJxecMfLPUaEXs54_3LFZtde7d_D9l5RANsL1ljj=s96-c', mFriendDiscoveryKey='null', mFriendName='null', mMetaData={}, mConnectionStatus=OFFLINE, mLastSeenAt=1655500271937, mIsActive=true, mPreferredLanguages=[]}, User{mUserId='emanuele.ladaga@gmail.com', mNickname='Emanuele', mProfileUrl='http://18.195.186.181:8080/img/62/raw', mFriendDiscoveryKey='null', mFriendName='null', mMetaData={}, mConnectionStatus=OFFLINE, mLastSeenAt=1670175458935, mIsActive=true, mPreferredLanguages=[]}, User{mUserId='cladotti31@gmail.com', mNickname='claudio velotti', mProfileUrl='http://18.195.186.181:8080/img/92/raw', mFriendDiscoveryKey='null', mFriendName='null', mMetaData={}, mConnectionStatus=OFFLINE, mLastSeenAt=1670167022421, mIsActive=true, mPreferredLanguages=[]}, User{mUserId='matteorichard.gaudino@gmail.com', mNickname='matte', mProfileUrl='http://18.195.186.181:8080/img/58/raw', mFriendDiscoveryKey='null', mFriendName='null', mMetaData={}, mConnectionStatus=OFFLINE, mLastSeenAt=1670168081077, mIsActive=true, mPreferredLanguages=[]}, User{mUserId='gioanniform@gmail.com', mNickname='xzcvzxv', mProfileUrl='https://natour21imgs.s3.us-east-2.amazonaws.com/87', mFriendDiscoveryKey='null', mFriendName='null', mMetaData={}, mConnectionStatus=OFFLINE, mLastSeenAt=1669039559359, mIsActive=true, mPreferredLanguages=[]}, User{mUserId='537943', mNickname='Rmc',
12-04 19:54:30.662 11256 11256 D SBUIKIT : Cont(2)  mProfileUrl='', mFriendDiscoveryKey='null', mFriendName='null', mMetaData={}, mConnectionStatus=OFFLINE, mLastSeenAt=1664446886757, mIsActive=true, mPreferredLanguages=[]}]
12-04 19:54:30.665 11256 11256 D SBUIKIT : [19:54:30.665 SelectUserFragment:lambda$initUserList$4$com-sendbird-uikit-fragments-SelectUserFragment():232] ++ users size : 14
12-04 19:54:30.870 11256 11256 W Glide   : Load failed for [http://dockerproxmox.duckdns.org:8125/img/63/raw] with dimensions [176x176]
12-04 19:54:30.870 11256 11256 W Glide   : class com.bumptech.glide.load.engine.GlideException: Failed to load resource
12-04 19:54:30.870 11256 11256 W Glide   : There was 1 root cause:
12-04 19:54:30.870 11256 11256 W Glide   : com.bumptech.glide.load.HttpException(Failed to connect or obtain data, status code: -1)
12-04 19:54:30.870 11256 11256 W Glide   :  call GlideException#logRootCauses(String) for more detail
12-04 19:54:30.870 11256 11256 W Glide   :   Cause (1 of 1): class com.bumptech.glide.load.engine.GlideException: Fetching data failed, class java.io.InputStream, REMOTE
12-04 19:54:30.870 11256 11256 W Glide   : There was 1 root cause:
12-04 19:54:30.870 11256 11256 W Glide   : com.bumptech.glide.load.HttpException(Failed to connect or obtain data, status code: -1)
12-04 19:54:30.870 11256 11256 W Glide   :  call GlideException#logRootCauses(String) for more detail
12-04 19:54:30.870 11256 11256 W Glide   :     Cause (1 of 1): class com.bumptech.glide.load.engine.GlideException: Fetch failed
12-04 19:54:30.870 11256 11256 W Glide   : There was 1 root cause:
12-04 19:54:30.870 11256 11256 W Glide   : com.bumptech.glide.load.HttpException(Failed to connect or obtain data, status code: -1)
12-04 19:54:30.870 11256 11256 W Glide   :  call GlideException#logRootCauses(String) for more detail
12-04 19:54:30.870 11256 11256 W Glide   :       Cause (1 of 1): class com.bumptech.glide.load.HttpException: Failed to connect or obtain data, status code: -1
12-04 19:54:30.872 11256 11256 I Glide   : Root cause (1 of 1)
12-04 19:54:30.872 11256 11256 I Glide   : com.bumptech.glide.load.HttpException: Failed to connect or obtain data, status code: -1
12-04 19:54:30.872 11256 11256 I Glide   : 	at com.bumptech.glide.load.data.HttpUrlFetcher.loadDataWithRedirects(HttpUrlFetcher.java:98)
12-04 19:54:30.872 11256 11256 I Glide   : 	at com.bumptech.glide.load.data.HttpUrlFetcher.loadData(HttpUrlFetcher.java:58)
12-04 19:54:30.872 11256 11256 I Glide   : 	at com.bumptech.glide.load.model.MultiModelLoader$MultiFetcher.loadData(MultiModelLoader.java:100)
12-04 19:54:30.872 11256 11256 I Glide   : 	at com.bumptech.glide.load.engine.SourceGenerator.startNextLoad(SourceGenerator.java:95)
12-04 19:54:30.872 11256 11256 I Glide   : 	at com.bumptech.glide.load.engine.SourceGenerator.startNext(SourceGenerator.java:88)
12-04 19:54:30.872 11256 11256 I Glide   : 	at com.bumptech.glide.load.engine.DecodeJob.runGenerators(DecodeJob.java:311)
12-04 19:54:30.872 11256 11256 I Glide   : 	at com.bumptech.glide.load.engine.DecodeJob.runWrapped(DecodeJob.java:280)
12-04 19:54:30.872 11256 11256 I Glide   : 	at com.bumptech.glide.load.engine.DecodeJob.run(DecodeJob.java:235)
12-04 19:54:30.872 11256 11256 I Glide   : 	at java.util.concurrent.ThreadPoolExecutor.runWorker(ThreadPoolExecutor.java:1167)
12-04 19:54:30.872 11256 11256 I Glide   : 	at java.util.concurrent.ThreadPoolExecutor$Worker.run(ThreadPoolExecutor.java:641)
12-04 19:54:30.872 11256 11256 I Glide   : 	at com.bumptech.glide.load.engine.executor.GlideExecutor$DefaultThreadFactory$1.run(GlideExecutor.java:421)
12-04 19:54:30.872 11256 11256 I Glide   : 	at java.lang.Thread.run(Thread.java:764)
12-04 19:54:30.872 11256 11256 I Glide   : 	at com.bumptech.glide.load.engine.executor.GlideExecutor$DefaultPriorityThreadFactory$1.run(GlideExecutor.java:380)
12-04 19:54:30.872 11256 11256 I Glide   : Caused by: java.io.IOException: Cleartext HTTP traffic to dockerproxmox.duckdns.org not permitted
12-04 19:54:30.872 11256 11256 I Glide   : 	at com.android.okhttp.HttpHandler$CleartextURLFilter.checkURLPermitted(HttpHandler.java:115)
12-04 19:54:30.872 11256 11256 I Glide   : 	at com.android.okhttp.internal.huc.HttpURLConnectionImpl.execute(HttpURLConnectionImpl.java:458)
12-04 19:54:30.872 11256 11256 I Glide   : 	at com.android.okhttp.internal.huc.HttpURLConnectionImpl.connect(HttpURLConnectionImpl.java:127)
12-04 19:54:30.872 11256 11256 I Glide   : 	at com.bumptech.glide.load.data.HttpUrlFetcher.loadDataWithRedirects(HttpUrlFetcher.java:93)
12-04 19:54:30.872 11256 11256 I Glide   : 	... 12 more
12-04 19:54:30.873 11256 11256 W Glide   : Load failed for [http://dockerproxmox.duckdns.org:8125/img/82/raw] with dimensions [176x176]
12-04 19:54:30.873 11256 11256 W Glide   : class com.bumptech.glide.load.engine.GlideException: Failed to load resource
12-04 19:54:30.873 11256 11256 W Glide   : There was 1 root cause:
12-04 19:54:30.873 11256 11256 W Glide   : com.bumptech.glide.load.HttpException(Failed to connect or obtain data, status code: -1)
12-04 19:54:30.873 11256 11256 W Glide   :  call GlideException#logRootCauses(String) for more detail
12-04 19:54:30.873 11256 11256 W Glide   :   Cause (1 of 1): class com.bumptech.glide.load.engine.GlideException: Fetching data failed, class java.io.InputStream, REMOTE
12-04 19:54:30.873 11256 11256 W Glide   : There was 1 root cause:
12-04 19:54:30.873 11256 11256 W Glide   : com.bumptech.glide.load.HttpException(Failed to connect or obtain data, status code: -1)
12-04 19:54:30.873 11256 11256 W Glide   :  call GlideException#logRootCauses(String) for more detail
12-04 19:54:30.873 11256 11256 W Glide   :     Cause (1 of 1): class com.bumptech.glide.load.engine.GlideException: Fetch failed
12-04 19:54:30.873 11256 11256 W Glide   : There was 1 root cause:
12-04 19:54:30.873 11256 11256 W Glide   : com.bumptech.glide.load.HttpException(Failed to connect or obtain data, status code: -1)
12-04 19:54:30.873 11256 11256 W Glide   :  call GlideException#logRootCauses(String) for more detail
12-04 19:54:30.873 11256 11256 W Glide   :       Cause (1 of 1): class com.bumptech.glide.load.HttpException: Failed to connect or obtain data, status code: -1
12-04 19:54:30.874 11256 11256 I Glide   : Root cause (1 of 1)
12-04 19:54:30.874 11256 11256 I Glide   : com.bumptech.glide.load.HttpException: Failed to connect or obtain data, status code: -1
12-04 19:54:30.874 11256 11256 I Glide   : 	at com.bumptech.glide.load.data.HttpUrlFetcher.loadDataWithRedirects(HttpUrlFetcher.java:98)
12-04 19:54:30.874 11256 11256 I Glide   : 	at com.bumptech.glide.load.data.HttpUrlFetcher.loadData(HttpUrlFetcher.java:58)
12-04 19:54:30.874 11256 11256 I Glide   : 	at com.bumptech.glide.load.model.MultiModelLoader$MultiFetcher.loadData(MultiModelLoader.java:100)
12-04 19:54:30.874 11256 11256 I Glide   : 	at com.bumptech.glide.load.engine.SourceGenerator.startNextLoad(SourceGenerator.java:95)
12-04 19:54:30.874 11256 11256 I Glide   : 	at com.bumptech.glide.load.engine.SourceGenerator.startNext(SourceGenerator.java:88)
12-04 19:54:30.874 11256 11256 I Glide   : 	at com.bumptech.glide.load.engine.DecodeJob.runGenerators(DecodeJob.java:311)
12-04 19:54:30.874 11256 11256 I Glide   : 	at com.bumptech.glide.load.engine.DecodeJob.runWrapped(DecodeJob.java:280)
12-04 19:54:30.874 11256 11256 I Glide   : 	at com.bumptech.glide.load.engine.DecodeJob.run(DecodeJob.java:235)
12-04 19:54:30.874 11256 11256 I Glide   : 	at java.util.concurrent.ThreadPoolExecutor.runWorker(ThreadPoolExecutor.java:1167)
12-04 19:54:30.874 11256 11256 I Glide   : 	at java.util.concurrent.ThreadPoolExecutor$Worker.run(ThreadPoolExecutor.java:641)
12-04 19:54:30.874 11256 11256 I Glide   : 	at com.bumptech.glide.load.engine.executor.GlideExecutor$DefaultThreadFactory$1.run(GlideExecutor.java:421)
12-04 19:54:30.874 11256 11256 I Glide   : 	at java.lang.Thread.run(Thread.java:764)
12-04 19:54:30.874 11256 11256 I Glide   : 	at com.bumptech.glide.load.engine.executor.GlideExecutor$DefaultPriorityThreadFactory$1.run(GlideExecutor.java:380)
12-04 19:54:30.874 11256 11256 I Glide   : Caused by: java.io.IOException: Cleartext HTTP traffic to dockerproxmox.duckdns.org not permitted
12-04 19:54:30.874 11256 11256 I Glide   : 	at com.android.okhttp.HttpHandler$CleartextURLFilter.checkURLPermitted(HttpHandler.java:115)
12-04 19:54:30.874 11256 11256 I Glide   : 	at com.android.okhttp.internal.huc.HttpURLConnectionImpl.execute(HttpURLConnectionImpl.java:458)
12-04 19:54:30.874 11256 11256 I Glide   : 	at com.android.okhttp.internal.huc.HttpURLConnectionImpl.connect(HttpURLConnectionImpl.java:127)
12-04 19:54:30.874 11256 11256 I Glide   : 	at com.bumptech.glide.load.data.HttpUrlFetcher.loadDataWithRedirects(HttpUrlFetcher.java:93)
12-04 19:54:30.874 11256 11256 I Glide   : 	... 12 more
12-04 19:54:36.423 11256 20680 W SendBird: [19:54:36.422 Connection$1:onMessage():235] onMessage instance : [PONG] com.sendbird.android.Connection@9443f38
12-04 19:54:36.425 11256 20680 W Sendbird: [19:54:36.424 Connection$1:onMessage():236] onMessage instance : [PONG] com.sendbird.android.Connection@9443f38
12-04 19:54:36.437 11256 16311 W SendBird: [19:54:36.436 EventController$1:call():141] ++ result[PONG] runnable=null
12-04 19:54:47.046 11256 11256 D SBUIKIT : [19:54:47.045 ChannelListViewModel:disposeChannelCollection():45] >> ChannelListViewModel::disposeChannelCollection()
12-04 19:54:47.119 11256 11256 W StaticLayout: maxLineHeight should not be -1.  maxLines:3 lineCount:3
12-04 19:54:47.139 11256 11256 W StaticLayout: maxLineHeight should not be -1.  maxLines:3 lineCount:3
12-04 19:54:47.177 11256 11256 W StaticLayout: maxLineHeight should not be -1.  maxLines:3 lineCount:3
12-04 19:54:51.406 11256 20680 W SendBird: [19:54:51.405 Connection$1:onMessage():235] onMessage instance : [PONG] com.sendbird.android.Connection@9443f38
12-04 19:54:51.410 11256 20680 W Sendbird: [19:54:51.407 Connection$1:onMessage():236] onMessage instance : [PONG] com.sendbird.android.Connection@9443f38
12-04 19:54:51.421 11256 16311 W SendBird: [19:54:51.419 EventController$1:call():141] ++ result[PONG] runnable=null
12-04 19:54:54.022 11256 11272 I om.rmc.natour2: Background concurrent copying GC freed 199342(9MB) AllocSpace objects, 47(9MB) LOS objects, 38% free, 39MB/63MB, paused 1.750ms total 119.918ms
12-04 19:54:55.025 11256 11256 W InputEventReceiver: Slow Input: 894ms so far, now at dispatchInputEvent (KeyEvent: event_seq=17765, seq=293035, code=KEYCODE_BACK, action=ACTION_DOWN)
12-04 19:54:55.026 11256 11256 W InputTransport: Slow Input: 894ms so far, channel 'ClientState{4a3d697 uid 10192 pid 11256} (server)' publisher ~ publishKeyEvent: seq=1, deviceId=-1, source=0x101, action=0x0, flags=0x8, keyCode=4, scanCode=0, metaState=0x0, repeatCount=0,downTime=18631694000000, eventTime=18631694000000
12-04 19:54:55.344 11256 11256 W StaticLayout: maxLineHeight should not be -1.  maxLines:3 lineCount:3
12-04 19:54:55.372 11256 11256 W StaticLayout: maxLineHeight should not be -1.  maxLines:3 lineCount:3
12-04 19:54:55.433 11256 11256 W StaticLayout: maxLineHeight should not be -1.  maxLines:3 lineCount:3
12-04 19:54:55.729 11256 11702 E PINGER  : [19:54:55.729 Connection$Pinger:stop():522] Pinger stop false
12-04 19:54:55.731 11256 11702 E Sendbird:PINGER: [19:54:55.730 Connection$Pinger:stop():523] Pinger stop false
12-04 19:54:55.781 11256 20680 W SendBird: [19:54:55.780 Connection$1:onFailure():250] onFailed instance : com.sendbird.android.Connection@9443f38
12-04 19:54:55.782 11256 20680 W Sendbird: [19:54:55.781 Connection$1:onFailure():251] onFailed instance : com.sendbird.android.Connection@9443f38
12-04 19:54:55.784 11256 20680 W SendBird: [19:54:55.782 Connection$1:onFailure():256] onFailed handler : com.sendbird.android.SocketManager@d5f4f58
12-04 19:54:55.785 11256 20680 W Sendbird: [19:54:55.784 Connection$1:onFailure():257] onFailed handler : com.sendbird.android.SocketManager@d5f4f58
12-04 19:54:55.786 11256 20680 W SendBird: [19:54:55.785 SocketManager:onError():1002] >> onError : Socket closed, reconnecting : false, explicitDisconnect : true
