12-04 19:40:20.484 11256 16557 W SendBird: [19:40:20.484 Connection$1:onMessage():235] onMessage instance : [PONG] com.sendbird.android.Connection@34fc6ec
12-04 19:40:20.485 11256 16557 W Sendbird: [19:40:20.485 Connection$1:onMessage():236] onMessage instance : [PONG] com.sendbird.android.Connection@34fc6ec
12-04 19:40:20.489 11256 16311 W SendBird: [19:40:20.488 EventController$1:call():141] ++ result[PONG] runnable=null
12-04 19:40:21.604 11256 15403 D BONUSPACK: OSRMRoadManager.getRoads:https://routing.openstreetmap.de/routed-car/route/v1/driving/14.7118735313,40.9426616917;14.7189585420,40.9639263462?alternatives=false&overview=full&steps=true
12-04 19:40:22.011 11256 15403 D BONUSPACK: OSRMRoadManager.getRoads - finished
12-04 19:40:22.047 11256 11256 W Looper  : Slow Looper main: doFrame is 413ms late because of 1 msg, msg 1 took 431ms (h=android.view.GestureDetector$GestureHandler w=2)
12-04 19:40:23.701 11256 11272 I om.rmc.natour2: Background concurrent copying GC freed 151737(9MB) AllocSpace objects, 713(13MB) LOS objects, 45% free, 28MB/52MB, paused 294us total 136.900ms
12-04 19:40:25.270 11256 11272 I om.rmc.natour2: NativeAlloc concurrent copying GC freed 90851(6MB) AllocSpace objects, 695(13MB) LOS objects, 46% free, 27MB/51MB, paused 201us total 113.568ms
12-04 19:40:29.153 11256 11256 W Choreographer: OPTS_INPUT: First frame was drawed before optimized, so skip!
12-04 19:40:32.449 11256 11272 I om.rmc.natour2: Background concurrent copying GC freed 57501(4MB) AllocSpace objects, 1055(20MB) LOS objects, 46% free, 27MB/51MB, paused 689us total 117.156ms
12-04 19:40:32.744 11256 11256 W Choreographer: OPTS_INPUT: First frame was drawed before optimized, so skip!
12-04 19:40:35.480 11256 16557 W SendBird: [19:40:35.480 Connection$1:onMessage():235] onMessage instance : [PONG] com.sendbird.android.Connection@34fc6ec
12-04 19:40:35.482 11256 16557 W Sendbird: [19:40:35.481 Connection$1:onMessage():236] onMessage instance : [PONG] com.sendbird.android.Connection@34fc6ec
12-04 19:40:35.490 11256 16311 W SendBird: [19:40:35.490 EventController$1:call():141] ++ result[PONG] runnable=null
12-04 19:40:37.486 11256 11272 I om.rmc.natour2: Background concurrent copying GC freed 56700(4MB) AllocSpace objects, 1033(19MB) LOS objects, 47% free, 26MB/50MB, paused 2.675ms total 101.680ms
12-04 19:40:39.754 11256 11256 W Choreographer: OPTS_INPUT: First frame was drawed before optimized, so skip!
12-04 19:40:50.460 11256 16557 W SendBird: [19:40:50.459 Connection$1:onMessage():235] onMessage instance : [PONG] com.sendbird.android.Connection@34fc6ec
12-04 19:40:50.462 11256 16557 W Sendbird: [19:40:50.461 Connection$1:onMessage():236] onMessage instance : [PONG] com.sendbird.android.Connection@34fc6ec
12-04 19:40:50.470 11256 16311 W SendBird: [19:40:50.469 EventController$1:call():141] ++ result[PONG] runnable=null
12-04 19:41:05.098 11256 15403 D BONUSPACK: OSRMRoadManager.getRoads:https://routing.openstreetmap.de/routed-car/route/v1/driving/14.7120328888,40.9449267053;14.7198839171,40.9612091998?alternatives=false&overview=full&steps=true
12-04 19:41:05.238 11256 15403 D BONUSPACK: OSRMRoadManager.getRoads - finished
12-04 19:41:05.462 11256 16557 W SendBird: [19:41:05.461 Connection$1:onMessage():235] onMessage instance : [PONG] com.sendbird.android.Connection@34fc6ec
12-04 19:41:05.463 11256 16557 W Sendbird: [19:41:05.462 Connection$1:onMessage():236] onMessage instance : [PONG] com.sendbird.android.Connection@34fc6ec
12-04 19:41:05.467 11256 16311 W SendBird: [19:41:05.467 EventController$1:call():141] ++ result[PONG] runnable=null
12-04 19:41:17.964 11256 15403 D BONUSPACK: OSRMRoadManager.getRoads:https://routing.openstreetmap.de/routed-car/route/v1/driving/14.7119082693,40.9457173931;14.7189866567,40.9620561561?alternatives=false&overview=full&steps=true
12-04 19:41:18.112 11256 15403 D BONUSPACK: OSRMRoadManager.getRoads - finished
12-04 19:41:20.482 11256 16557 W SendBird: [19:41:20.481 Connection$1:onMessage():235] onMessage instance : [PONG] com.sendbird.android.Connection@34fc6ec
12-04 19:41:20.484 11256 16557 W Sendbird: [19:41:20.483 Connection$1:onMessage():236] onMessage instance : [PONG] com.sendbird.android.Connection@34fc6ec
12-04 19:41:20.491 11256 16311 W SendBird: [19:41:20.491 EventController$1:call():141] ++ result[PONG] runnable=null
12-04 19:41:23.976 11256 15403 D BONUSPACK: OSRMRoadManager.getRoads:https://routing.openstreetmap.de/routed-car/route/v1/driving/14.7226006221,40.9517225467;14.7259902725,40.9588564864?alternatives=false&overview=full&steps=true
12-04 19:41:24.104 11256 15403 D BONUSPACK: OSRMRoadManager.getRoads - finished
12-04 19:41:35.478 11256 16557 W SendBird: [19:41:35.477 Connection$1:onMessage():235] onMessage instance : [PONG] com.sendbird.android.Connection@34fc6ec
12-04 19:41:35.480 11256 16557 W Sendbird: [19:41:35.479 Connection$1:onMessage():236] onMessage instance : [PONG] com.sendbird.android.Connection@34fc6ec
12-04 19:41:35.487 11256 16311 W SendBird: [19:41:35.486 EventController$1:call():141] ++ result[PONG] runnable=null
12-04 19:41:50.483 11256 16557 W SendBird: [19:41:50.482 Connection$1:onMessage():235] onMessage instance : [PONG] com.sendbird.android.Connection@34fc6ec
12-04 19:41:50.485 11256 16557 W Sendbird: [19:41:50.484 Connection$1:onMessage():236] onMessage instance : [PONG] com.sendbird.android.Connection@34fc6ec
12-04 19:41:50.496 11256 16311 W SendBird: [19:41:50.495 EventController$1:call():141] ++ result[PONG] runnable=null
12-04 19:42:05.688 11256 16557 W SendBird: [19:42:05.686 Connection$1:onMessage():235] onMessage instance : [PONG] com.sendbird.android.Connection@34fc6ec
12-04 19:42:05.690 11256 16557 W Sendbird: [19:42:05.689 Connection$1:onMessage():236] onMessage instance : [PONG] com.sendbird.android.Connection@34fc6ec
12-04 19:42:05.699 11256 16311 W SendBird: [19:42:05.699 EventController$1:call():141] ++ result[PONG] runnable=null
12-04 19:42:09.977 11256 11272 I om.rmc.natour2: Background concurrent copying GC freed 76893(4MB) AllocSpace objects, 1044(20MB) LOS objects, 46% free, 27MB/51MB, paused 838us total 105.198ms
12-04 19:42:20.485 11256 16557 W SendBird: [19:42:20.484 Connection$1:onMessage():235] onMessage instance : [PONG] com.sendbird.android.Connection@34fc6ec
12-04 19:42:20.486 11256 16557 W Sendbird: [19:42:20.485 Connection$1:onMessage():236] onMessage instance : [PONG] com.sendbird.android.Connection@34fc6ec
12-04 19:42:20.497 11256 16311 W SendBird: [19:42:20.496 EventController$1:call():141] ++ result[PONG] runnable=null
12-04 19:42:20.852 11256 11272 I om.rmc.natour2: Background concurrent copying GC freed 60935(5MB) AllocSpace objects, 1012(19MB) LOS objects, 46% free, 27MB/51MB, paused 355us total 114.071ms
12-04 19:42:22.902 11256 15403 D BONUSPACK: OSRMRoadManager.getRoads:https://routing.openstreetmap.de/routed-car/route/v1/driving/14.7114979334,40.9451301995;14.7184836089,40.9559474883?alternatives=false&overview=full&steps=true
12-04 19:42:23.336 11256 15403 D BONUSPACK: OSRMRoadManager.getRoads - finished
12-04 19:42:23.358 11256 11256 W Looper  : Slow Looper main: doFrame is 440ms late because of 1 msg, msg 1 took 460ms (late=1ms h=android.view.GestureDetector$GestureHandler w=2)
12-04 19:42:35.482 11256 16557 W SendBird: [19:42:35.481 Connection$1:onMessage():235] onMessage instance : [PONG] com.sendbird.android.Connection@34fc6ec
12-04 19:42:35.487 11256 16557 W Sendbird: [19:42:35.483 Connection$1:onMessage():236] onMessage instance : [PONG] com.sendbird.android.Connection@34fc6ec
12-04 19:42:35.499 11256 16311 W SendBird: [19:42:35.499 EventController$1:call():141] ++ result[PONG] runnable=null
12-04 19:42:50.476 11256 16557 W SendBird: [19:42:50.475 Connection$1:onMessage():235] onMessage instance : [PONG] com.sendbird.android.Connection@34fc6ec
12-04 19:42:50.479 11256 16557 W Sendbird: [19:42:50.477 Connection$1:onMessage():236] onMessage instance : [PONG] com.sendbird.android.Connection@34fc6ec
12-04 19:42:50.487 11256 16311 W SendBird: [19:42:50.486 EventController$1:call():141] ++ result[PONG] runnable=null
12-04 19:43:05.489 11256 16557 W SendBird: [19:43:05.489 Connection$1:onMessage():235] onMessage instance : [PONG] com.sendbird.android.Connection@34fc6ec
12-04 19:43:05.491 11256 16557 W Sendbird: [19:43:05.490 Connection$1:onMessage():236] onMessage instance : [PONG] com.sendbird.android.Connection@34fc6ec
12-04 19:43:05.500 11256 16311 W SendBird: [19:43:05.499 EventController$1:call():141] ++ result[PONG] runnable=null
12-04 19:43:20.480 11256 16557 W SendBird: [19:43:20.479 Connection$1:onMessage():235] onMessage instance : [PONG] com.sendbird.android.Connection@34fc6ec
12-04 19:43:20.481 11256 16557 W Sendbird: [19:43:20.481 Connection$1:onMessage():236] onMessage instance : [PONG] com.sendbird.android.Connection@34fc6ec
12-04 19:43:20.489 11256 16311 W SendBird: [19:43:20.488 EventController$1:call():141] ++ result[PONG] runnable=null
12-04 19:43:35.477 11256 16557 W SendBird: [19:43:35.477 Connection$1:onMessage():235] onMessage instance : [PONG] com.sendbird.android.Connection@34fc6ec
12-04 19:43:35.478 11256 16557 W Sendbird: [19:43:35.478 Connection$1:onMessage():236] onMessage instance : [PONG] com.sendbird.android.Connection@34fc6ec
12-04 19:43:35.481 11256 16311 W SendBird: [19:43:35.481 EventController$1:call():141] ++ result[PONG] runnable=null
12-04 19:43:41.916 11256 11256 I Choreographer: Skipped 30 frames!  The application may be doing too much work on its main thread.
12-04 19:43:41.945 11256 11256 W Looper  : Slow Looper main: doFrame is 504ms late because of 1 msg, msg 1 took 517ms (late=2ms h=android.view.ViewRootImpl$ViewRootHandler c=android.widget.AbsListView$3)
12-04 19:43:41.946 11256 11256 W IInputConnectionWrapper: getTextBeforeCursor on inactive InputConnection
12-04 19:43:41.972 11256 11256 W IInputConnectionWrapper: getSelectedText on inactive InputConnection
12-04 19:43:41.984 11256 11256 W IInputConnectionWrapper: getTextAfterCursor on inactive InputConnection
12-04 19:43:50.480 11256 16557 W SendBird: [19:43:50.479 Connection$1:onMessage():235] onMessage instance : [PONG] com.sendbird.android.Connection@34fc6ec
12-04 19:43:50.482 11256 16557 W Sendbird: [19:43:50.481 Connection$1:onMessage():236] onMessage instance : [PONG] com.sendbird.android.Connection@34fc6ec
12-04 19:43:50.490 11256 16311 W SendBird: [19:43:50.489 EventController$1:call():141] ++ result[PONG] runnable=null
12-04 19:44:05.495 11256 16557 W SendBird: [19:44:05.494 Connection$1:onMessage():235] onMessage instance : [PONG] com.sendbird.android.Connection@34fc6ec
12-04 19:44:05.497 11256 16557 W Sendbird: [19:44:05.496 Connection$1:onMessage():236] onMessage instance : [PONG] com.sendbird.android.Connection@34fc6ec
12-04 19:44:05.507 11256 16311 W SendBird: [19:44:05.506 EventController$1:call():141] ++ result[PONG] runnable=null
12-04 19:44:18.761 11256 11256 D ViewRootImpl[MainActivity]: changeCanvasOpacity: opaque=false
12-04 19:44:19.186 11256 11256 D ViewRootImpl[MainActivity]: changeCanvasOpacity: opaque=true
12-04 19:44:19.551 11256 11702 E PINGER  : [19:44:19.550 Connection$Pinger:stop():522] Pinger stop true
12-04 19:44:19.553 11256 11702 E Sendbird:PINGER: [19:44:19.552 Connection$Pinger:stop():523] Pinger stop true
12-04 19:44:19.611 11256 16557 W SendBird: [19:44:19.610 Connection$1:onFailure():250] onFailed instance : com.sendbird.android.Connection@34fc6ec
12-04 19:44:19.612 11256 16557 W Sendbird: [19:44:19.611 Connection$1:onFailure():251] onFailed instance : com.sendbird.android.Connection@34fc6ec
12-04 19:44:19.612 11256 16557 W SendBird: [19:44:19.612 Connection$1:onFailure():256] onFailed handler : com.sendbird.android.SocketManager@d5f4f58
12-04 19:44:19.613 11256 16557 W Sendbird: [19:44:19.613 Connection$1:onFailure():257] onFailed handler : com.sendbird.android.SocketManager@d5f4f58
12-04 19:44:19.615 11256 16557 W SendBird: [19:44:19.614 SocketManager:onError():1002] >> onError : Socket closed, reconnecting : false, explicitDisconnect : true
12-04 19:46:27.376 11256 11397 I Adreno  : QUALCOMM build                   : 6774a42, I60e4284429
12-04 19:46:27.376 11256 11397 I Adreno  : Build Date                       : 09/17/20
12-04 19:46:27.376 11256 11397 I Adreno  : OpenGL ES Shader Compiler Version: EV031.25.03.01
12-04 19:46:27.376 11256 11397 I Adreno  : Local Branch                     : 
12-04 19:46:27.376 11256 11397 I Adreno  : Remote Branch                    : refs/tags/AU_LINUX_ANDROID_LA.UM.7.2.R1.09.00.00.442.049
12-04 19:46:27.376 11256 11397 I Adreno  : Remote Branch                    : NONE
12-04 19:46:27.376 11256 11397 I Adreno  : Reconstruct Branch               : NOTHING
12-04 19:46:27.376 11256 11397 I Adreno  : Build Config                     : S L 6.0.7 AArch64
12-04 19:46:27.444 11256 11397 I Adreno  : PFP: 0x005ff113, ME: 0x005ff066
12-04 19:46:27.449 11256 11397 I ConfigStore: android::hardware::configstore::V1_0::ISurfaceFlingerConfigs::hasWideColorDisplay retrieved: 0
12-04 19:46:27.449 11256 11397 I ConfigStore: android::hardware::configstore::V1_0::ISurfaceFlingerConfigs::hasHDRDisplay retrieved: 0
12-04 19:46:27.450 11256 11397 I OpenGLRenderer: Initialized EGL, version 1.4
12-04 19:46:27.450 11256 11397 D OpenGLRenderer: Swap behavior 2
12-04 19:46:28.071 11256 20643 W SendBird: [19:46:28.071 Connection$1:onMessage():235] onMessage instance : [LOGI] com.sendbird.android.Connection@364ca07
12-04 19:46:28.105 11256 20643 W Sendbird: [19:46:28.072 Connection$1:onMessage():236] onMessage instance : [LOGI] com.sendbird.android.Connection@364ca07
12-04 19:46:28.128 11256 16311 W SendBird: [19:46:28.128 EventController$1:call():141] ++ result[LOGI] runnable=null
12-04 19:46:28.203 11256 20643 W SendBird: [19:46:28.203 Connection$1:onMessage():235] onMessage instance : [PONG] com.sendbird.android.Connection@364ca07
12-04 19:46:28.204 11256 20643 W Sendbird: [19:46:28.204 Connection$1:onMessage():236] onMessage instance : [PONG] com.sendbird.android.Connection@364ca07
12-04 19:46:28.207 11256 16311 W SendBird: [19:46:28.206 EventController$1:call():141] ++ result[PONG] runnable=null
12-04 19:46:29.468 11256 11256 W System.err: java.io.IOException: INVALID_ARGUMENT: At least one of address or componentFilters must be specified.
12-04 19:46:29.469 11256 11256 W System.err: 	at android.location.Geocoder.getFromLocationName(Geocoder.java:178)
12-04 19:46:29.469 11256 11256 W System.err: 	at com.rmc.natour21.Fragment.InsertPath.InsertFragment.geoCode(InsertFragment.kt:541)
12-04 19:46:29.470 11256 11256 W System.err: 	at com.rmc.natour21.Fragment.InsertPath.InsertFragment$onViewCreated$2$1.onQueryTextChange(InsertFragment.kt:295)
12-04 19:46:29.470 11256 11256 W System.err: 	at android.widget.SearchView.onTextChanged(SearchView.java:1250)
12-04 19:46:29.470 11256 11256 W System.err: 	at android.widget.SearchView.access$2100(SearchView.java:98)
12-04 19:46:29.470 11256 11256 W System.err: 	at android.widget.SearchView$10.onTextChanged(SearchView.java:1776)
12-04 19:46:29.470 11256 11256 W System.err: 	at android.widget.TextView.sendOnTextChanged(TextView.java:9797)
12-04 19:46:29.470 11256 11256 W System.err: 	at android.widget.TextView.setText(TextView.java:5776)
12-04 19:46:29.471 11256 11256 W System.err: 	at android.widget.TextView.setText(TextView.java:5614)
12-04 19:46:29.471 11256 11256 W System.err: 	at android.widget.EditText.setText(EditText.java:122)
12-04 19:46:29.471 11256 11256 W System.err: 	at android.widget.TextView.setText(TextView.java:5571)
12-04 19:46:29.471 11256 11256 W System.err: 	at android.widget.SearchView.onCloseClicked(SearchView.java:1286)
12-04 19:46:29.471 11256 11256 W System.err: 	at android.widget.SearchView.access$800(SearchView.java:98)
12-04 19:46:29.472 11256 11256 W System.err: 	at android.widget.SearchView$5.onClick(SearchView.java:971)
12-04 19:46:29.472 11256 11256 W System.err: 	at android.view.View.performClick(View.java:6608)
12-04 19:46:29.472 11256 11256 W System.err: 	at android.view.View.performClickInternal(View.java:6585)
12-04 19:46:29.472 11256 11256 W System.err: 	at android.view.View.access$3100(View.java:785)
12-04 19:46:29.472 11256 11256 W System.err: 	at android.view.View$PerformClick.run(View.java:25921)
12-04 19:46:29.472 11256 11256 W System.err: 	at android.os.Handler.handleCallback(Handler.java:873)
12-04 19:46:29.473 11256 11256 W System.err: 	at android.os.Handler.dispatchMessage(Handler.java:99)
12-04 19:46:29.473 11256 11256 W System.err: 	at android.os.Looper.loop(Looper.java:201)
12-04 19:46:29.473 11256 11256 W System.err: 	at android.app.ActivityThread.main(ActivityThread.java:6810)
12-04 19:46:29.473 11256 11256 W System.err: 	at java.lang.reflect.Method.invoke(Native Method)
12-04 19:46:29.473 11256 11256 W System.err: 	at com.android.internal.os.RuntimeInit$MethodAndArgsCaller.run(RuntimeInit.java:547)
12-04 19:46:29.473 11256 11256 W System.err: 	at com.android.internal.os.ZygoteInit.main(ZygoteInit.java:873)
12-04 19:46:29.482 11256 11256 I Choreographer: Skipped 36 frames!  The application may be doing too much work on its main thread.
12-04 19:46:29.494 11256 11256 W Looper  : Slow Looper main: doFrame is 605ms late because of 2 msg, msg 1 took 604ms (h=android.view.ViewRootImpl$ViewRootHandler c=android.view.View$PerformClick)
12-04 19:46:29.494 11256 11256 W IInputConnectionWrapper: getTextBeforeCursor on inactive InputConnection
12-04 19:46:29.504 11256 11256 W IInputConnectionWrapper: getSelectedText on inactive InputConnection
12-04 19:46:29.511 11256 11256 W IInputConnectionWrapper: getTextAfterCursor on inactive InputConnection
12-04 19:46:32.882 11256 11702 E PINGER  : [19:46:32.882 Connection$Pinger:stop():522] Pinger stop true
12-04 19:46:32.883 11256 11702 E Sendbird:PINGER: [19:46:32.882 Connection$Pinger:stop():523] Pinger stop true
12-04 19:46:32.890 11256 20658 W SendBird: [19:46:32.890 Connection$1:onFailure():250] onFailed instance : com.sendbird.android.Connection@364ca07
12-04 19:46:32.898 11256 20658 W Sendbird: [19:46:32.891 Connection$1:onFailure():251] onFailed instance : com.sendbird.android.Connection@364ca07
12-04 19:46:32.899 11256 20658 W SendBird: [19:46:32.898 Connection$1:onFailure():256] onFailed handler : com.sendbird.android.SocketManager@d5f4f58
12-04 19:46:32.900 11256 20658 W Sendbird: [19:46:32.899 Connection$1:onFailure():257] onFailed handler : com.sendbird.android.SocketManager@d5f4f58
12-04 19:46:32.901 11256 20658 W SendBird: [19:46:32.900 SocketManager:onError():1002] >> onError : Socket is closed, reconnecting : false, explicitDisconnect : true
12-04 19:46:35.752 11256 11256 W ActivityThread: handleWindowVisibility: no activity for token android.os.BinderProxy@18cf192
12-04 19:46:35.855 11256 11397 I Adreno  : QUALCOMM build                   : 6774a42, I60e4284429
12-04 19:46:35.855 11256 11397 I Adreno  : Build Date                       : 09/17/20
12-04 19:46:35.855 11256 11397 I Adreno  : OpenGL ES Shader Compiler Version: EV031.25.03.01
12-04 19:46:35.855 11256 11397 I Adreno  : Local Branch                     : 
12-04 19:46:35.855 11256 11397 I Adreno  : Remote Branch                    : refs/tags/AU_LINUX_ANDROID_LA.UM.7.2.R1.09.00.00.442.049
12-04 19:46:35.855 11256 11397 I Adreno  : Remote Branch                    : NONE
12-04 19:46:35.855 11256 11397 I Adreno  : Reconstruct Branch               : NOTHING
12-04 19:46:35.855 11256 11397 I Adreno  : Build Config                     : S L 6.0.7 AArch64
12-04 19:46:35.859 11256 11397 I Adreno  : PFP: 0x005ff113, ME: 0x005ff066
12-04 19:46:35.865 11256 11397 I ConfigStore: android::hardware::configstore::V1_0::ISurfaceFlingerConfigs::hasWideColorDisplay retrieved: 0
12-04 19:46:35.865 11256 11397 I ConfigStore: android::hardware::configstore::V1_0::ISurfaceFlingerConfigs::hasHDRDisplay retrieved: 0
12-04 19:46:35.865 11256 11397 I OpenGLRenderer: Initialized EGL, version 1.4
12-04 19:46:35.865 11256 11397 D OpenGLRenderer: Swap behavior 2
12-04 19:46:36.274 11256 20680 W SendBird: [19:46:36.274 Connection$1:onMessage():235] onMessage instance : [LOGI] com.sendbird.android.Connection@9443f38
12-04 19:46:36.278 11256 20680 W Sendbird: [19:46:36.275 Connection$1:onMessage():236] onMessage instance : [LOGI] com.sendbird.android.Connection@9443f38
12-04 19:46:36.288 11256 16311 W SendBird: [19:46:36.288 EventController$1:call():141] ++ result[LOGI] runnable=null
12-04 19:46:36.353 11256 20680 W SendBird: [19:46:36.353 Connection$1:onMessage():235] onMessage instance : [PONG] com.sendbird.android.Connection@9443f38
12-04 19:46:36.353 11256 20680 W Sendbird: [19:46:36.353 Connection$1:onMessage():236] onMessage instance : [PONG] com.sendbird.android.Connection@9443f38
12-04 19:46:36.355 11256 16311 W SendBird: [19:46:36.355 EventController$1:call():141] ++ result[PONG] runnable=null
12-04 19:46:36.398 11256 15403 I System.out: Firebase token: eyJhbGciOiJSUzI1NiIsImtpZCI6Ijk1MWMwOGM1MTZhZTM1MmI4OWU0ZDJlMGUxNDA5NmY3MzQ5NDJhODciLCJ0eXAiOiJKV1QifQ.eyJpc3MiOiJodHRwczovL3NlY3VyZXRva2VuLmdvb2dsZS5jb20vbmF0b3VyMjEtZmM2ZWEiLCJhdWQiOiJuYXRvdXIyMS1mYzZlYSIsImF1dGhfdGltZSI6MTY3MDE3ODAwNCwidXNlcl9pZCI6Ik1vc2g2aWFxeW5hQzQyUWY4c1lyRjFLWHlIWjIiLCJzdWIiOiJNb3NoNmlhcXluYUM0MlFmOHNZckYxS1h5SFoyIiwiaWF0IjoxNjcwMTc4MDA0LCJleHAiOjE2NzAxODE2MDQsImVtYWlsIjoibW9ub241NzI4MUBrdXZhc2luLmNvbSIsImVtYWlsX3ZlcmlmaWVkIjp0cnVlLCJmaXJlYmFzZSI6eyJpZGVudGl0aWVzIjp7ImVtYWlsIjpbIm1vbm9uNTcyODFAa3V2YXNpbi5jb20iXX0sInNpZ25faW5fcHJvdmlkZXIiOiJwYXNzd29yZCJ9fQ.lhw500VxsyjhrY4e_PWtR7-P9wbEMluJJbol4cWYT6lKKYwIEA43iSVgqxoLuJLMyuauSlMEkaWnTzj0_bjqEJKSSIw0LfxITpMVRJNrB-glsIXxkpmlZKIimVW1PmOgsh_J5QzayARpzhcMNVdhwfHf9PBBhl03AjOV9DnK6tiiosNsB9lSnnZmnbEyr2k06f-S96BHURjqNWRxyGF8XfQlC4WTbxFszq685n5xXT6cRq2xZ2MWYlzsjlmTtZH4FQ0uOVvyB-B1JPrhwmD5OCTSlFddphRNWRYwnN9rlrk5_G1baaYovTmvx2r1gIU57IUrGZ07WEK60UHWe5X_qw
12-04 19:46:36.759 11256 15403 I Timeline: Timeline: Activity_launch_request time:18134322 intent:Intent { cmp=com.rmc.natour21/.MainActivity }
12-04 19:46:36.760 11256 11256 D SBUIKIT : [19:46:36.759 SendBirdUIKit$1:onInitSucceed():174] >> onInitSucceed()
12-04 19:46:36.783 11256 11256 W ActivityThread: handleWindowVisibility: no activity for token android.os.BinderProxy@b86f67
12-04 19:46:37.024 11256 20702 D SBUIKIT : [19:46:37.023 SendBirdUIKit$2:call():298] ++ user nickname = Ilaria, profileUrl = http://18.195.186.181:8080/img/98/raw
12-04 19:46:37.351 11256 11256 I System.out: SENDBIRD TOKEN OK fZltsSCQTIKADKpydQsEpi:APA91bFFeIg9wcddVNj5UL9eMMSw9yoPMDNgc0_VZV5cKr5FPaC-hdw6BT9-ffvUYmSHqLUDzH-opfYswQ4Zv9vwQ-Lh0TcgF32JMxc12AuqHYLwQ-qeti50S7tlNF3rZvL_-0FddUtN
12-04 19:46:46.072 11256 11272 I om.rmc.natour2: Background concurrent copying GC freed 95857(5MB) AllocSpace objects, 28(3MB) LOS objects, 44% free, 30MB/54MB, paused 635us total 134.926ms
12-04 19:46:47.063 11256 11256 I Choreographer: Skipped 67 frames!  The application may be doing too much work on its main thread.
12-04 19:46:47.066 11256 11256 W Looper  : Slow Looper main: doFrame is 1117ms late because of 1 msg, msg 1 took 1128ms (h=android.os.Handler c=kotlinx.coroutines.internal.DispatchedContinuation)
12-04 19:46:47.070 11256 11397 I OpenGLRenderer: Davey! duration=1124ms; Flags=0, IntendedVsync=18143508014996, Vsync=18144624681618, OldestInputEvent=9223372036854775807, NewestInputEvent=0, HandleInputStart=18144627841307, AnimationStart=18144627902817, PerformTraversalsStart=18144628206776, DrawStart=18144628280317, SyncQueued=18144628479953, SyncStart=18144628518286, IssueDrawCommandsStart=18144628663651, SwapBuffers=18144630386671, FrameCompleted=18144632328859, DequeueBufferDuration=335000, QueueBufferDuration=1420000, 
12-04 19:46:47.391 11256 11256 W StaticLayout: maxLineHeight should not be -1.  maxLines:3 lineCount:3
12-04 19:46:47.409 11256 11256 I chatty  : uid=10192(com.rmc.natour21) identical 1 line
12-04 19:46:47.445 11256 11256 W StaticLayout: maxLineHeight should not be -1.  maxLines:3 lineCount:3
12-04 19:46:51.391 11256 20680 W SendBird: [19:46:51.390 Connection$1:onMessage():235] onMessage instance : [PONG] com.sendbird.android.Connection@9443f38
12-04 19:46:51.392 11256 20680 W Sendbird: [19:46:51.392 Connection$1:onMessage():236] onMessage instance : [PONG] com.sendbird.android.Connection@9443f38
12-04 19:46:51.399 11256 16311 W SendBird: [19:46:51.399 EventController$1:call():141] ++ result[PONG] runnable=null
12-04 19:46:53.482 11256 11256 W BaseSlider: Floating point value used for stepSize(0.5). Using floats can have rounding errors which may result in incorrect values. Instead, consider using integers with a custom LabelFormatter to display the value correctly.
12-04 19:46:53.483 11256 11256 W BaseSlider: Floating point value used for stepSize(0.5). Using floats can have rounding errors which may result in incorrect values. Instead, consider using integers with a custom LabelFormatter to display the value correctly.
12-04 19:46:53.484 11256 11256 W BaseSlider: Floating point value used for valueTo(10.5). Using floats can have rounding errors which may result in incorrect values. Instead, consider using integers with a custom LabelFormatter to display the value correctly.
12-04 19:46:55.407 11256 11256 I Timeline: Timeline: Activity_launch_request time:18152969 intent:Intent { cmp=com.rmc.natour21/.Fragment.home.search.GeographicAreaActivity }
12-04 19:46:55.457 11256 11256 W ActivityThread: handleWindowVisibility: no activity for token android.os.BinderProxy@36f996
12-04 19:46:55.484 11256 11256 I OsmDroid: Using tile source: Mapnik
12-04 19:46:55.485 11256 11256 I OsmDroid: Tile cache increased from 0 to 9
12-04 19:46:55.616 11256 11256 I OsmDroid: Tile cache increased from 9 to 54
12-04 19:47:05.170 11256 11256 W StaticLayout: maxLineHeight should not be -1.  maxLines:3 lineCount:3
12-04 19:47:05.189 11256 11256 W StaticLayout: maxLineHeight should not be -1.  maxLines:3 lineCount:3
12-04 19:47:05.227 11256 11256 W StaticLayout: maxLineHeight should not be -1.  maxLines:3 lineCount:3
12-04 19:47:06.393 11256 20680 W SendBird: [19:47:06.393 Connection$1:onMessage():235] onMessage instance : [PONG] com.sendbird.android.Connection@9443f38
12-04 19:47:06.395 11256 20680 W Sendbird: [19:47:06.394 Connection$1:onMessage():236] onMessage instance : [PONG] com.sendbird.android.Connection@9443f38
12-04 19:47:06.402 11256 16311 W SendBird: [19:47:06.401 EventController$1:call():141] ++ result[PONG] runnable=null
12-04 19:47:08.007 11256 11256 I Timeline: Timeline: Activity_launch_request time:18165569 intent:Intent { cmp=com.rmc.natour21/.Fragment.home.search.GeographicAreaActivity }
12-04 19:47:08.048 11256 11256 W ActivityThread: handleWindowVisibility: no activity for token android.os.BinderProxy@e931037
12-04 19:47:08.062 11256 11256 I OsmDroid: Using tile source: Mapnik
12-04 19:47:08.063 11256 11256 I OsmDroid: Tile cache increased from 0 to 9
12-04 19:47:08.189 11256 11256 I OsmDroid: Tile cache increased from 9 to 54
12-04 19:47:09.800 11256 11256 I Toast   : Show toast from OpPackageName:com.rmc.natour21, PackageName:com.rmc.natour21
12-04 19:47:13.196 11256 11256 W StaticLayout: maxLineHeight should not be -1.  maxLines:3 lineCount:3
12-04 19:47:13.215 11256 11256 W StaticLayout: maxLineHeight should not be -1.  maxLines:3 lineCount:3
12-04 19:47:13.254 11256 11256 W StaticLayout: maxLineHeight should not be -1.  maxLines:3 lineCount:3
12-04 19:47:15.383 11256 11397 D OpenGLRenderer: endAllActiveAnimators on 0x79963d5400 (RippleDrawable) with handle 0x7995ee4ec0
12-04 19:47:21.455 11256 20680 W SendBird: [19:47:21.455 Connection$1:onMessage():235] onMessage instance : [PONG] com.sendbird.android.Connection@9443f38
12-04 19:47:21.457 11256 20680 W Sendbird: [19:47:21.456 Connection$1:onMessage():236] onMessage instance : [PONG] com.sendbird.android.Connection@9443f38
12-04 19:47:21.468 11256 16311 W SendBird: [19:47:21.467 EventController$1:call():141] ++ result[PONG] runnable=null
12-04 19:47:25.140 11256 11256 W Choreographer: OPTS_INPUT: First frame was drawed before optimized, so skip!
12-04 19:47:26.236 11256 11256 W Choreographer: OPTS_INPUT: First frame was drawed before optimized, so skip!
12-04 19:47:29.140 11256 11256 W Choreographer: OPTS_INPUT: First frame was drawed before optimized, so skip!
12-04 19:47:31.414 11256 11256 W Choreographer: OPTS_INPUT: First frame was drawed before optimized, so skip!
12-04 19:47:33.054 11256 11256 I Timeline: Timeline: Activity_launch_request time:18190616 intent:Intent { cmp=com.rmc.natour21/.Fragment.path.PathPageActivity (has extras) }
12-04 19:47:33.105 11256 11256 W ActivityThread: handleWindowVisibility: no activity for token android.os.BinderProxy@79264d
12-04 19:47:33.488 11256 11272 I om.rmc.natour2: Background concurrent copying GC freed 145436(7MB) AllocSpace objects, 674(15MB) LOS objects, 50% free, 23MB/46MB, paused 521us total 103.773ms
12-04 19:47:34.640 11256 11256 W Choreographer: OPTS_INPUT: First frame was drawed before optimized, so skip!
12-04 19:47:36.494 11256 20680 W SendBird: [19:47:36.493 Connection$1:onMessage():235] onMessage instance : [PONG] com.sendbird.android.Connection@9443f38
12-04 19:47:36.495 11256 20680 W Sendbird: [19:47:36.494 Connection$1:onMessage():236] onMessage instance : [PONG] com.sendbird.android.Connection@9443f38
12-04 19:47:36.502 11256 16311 W SendBird: [19:47:36.502 EventController$1:call():141] ++ result[PONG] runnable=null
12-04 19:47:40.627 11256 11256 W StaticLayout: maxLineHeight should not be -1.  maxLines:3 lineCount:3
12-04 19:47:40.641 11256 11256 W StaticLayout: maxLineHeight should not be -1.  maxLines:3 lineCount:3
12-04 19:47:40.676 11256 11256 W StaticLayout: maxLineHeight should not be -1.  maxLines:3 lineCount:3
12-04 19:47:45.859 11256 11256 W Choreographer: OPTS_INPUT: First frame was drawed before optimized, so skip!
12-04 19:47:49.556 11256 11256 I Timeline: Timeline: Activity_launch_request time:18207118 intent:Intent { cmp=com.rmc.natour21/.Fragment.path.PathPageActivity (has extras) }
12-04 19:47:49.616 11256 11256 W ActivityThread: handleWindowVisibility: no activity for token android.os.BinderProxy@f8e9ffd
12-04 19:47:51.892 11256 20680 W SendBird: [19:47:51.892 Connection$1:onMessage():235] onMessage instance : [PONG] com.sendbird.android.Connection@9443f38
12-04 19:47:51.893 11256 20680 W Sendbird: [19:47:51.893 Connection$1:onMessage():236] onMessage instance : [PONG] com.sendbird.android.Connection@9443f38
12-04 19:47:51.896 11256 16311 W SendBird: [19:47:51.896 EventController$1:call():141] ++ result[PONG] runnable=null
12-04 19:47:52.109 11256 11256 W Choreographer: OPTS_INPUT: First frame was drawed before optimized, so skip!
12-04 19:47:56.226 11256 11397 D OpenGLRenderer: endAllActiveAnimators on 0x7997460500 (RippleDrawable) with handle 0x79a7572de0
12-04 19:47:58.071 11256 11256 W StaticLayout: maxLineHeight should not be -1.  maxLines:3 lineCount:3
12-04 19:47:58.094 11256 11256 W StaticLayout: maxLineHeight should not be -1.  maxLines:3 lineCount:3
12-04 19:47:58.134 11256 11256 W StaticLayout: maxLineHeight should not be -1.  maxLines:3 lineCount:3
12-04 19:48:01.670 11256 11256 W Choreographer: OPTS_INPUT: First frame was drawed before optimized, so skip!
12-04 19:48:02.658 11256 11256 I Timeline: Timeline: Activity_launch_request time:18220220 intent:Intent { cmp=com.rmc.natour21/.Fragment.path.PathPageActivity (has extras) }
12-04 19:48:02.716 11256 11256 W ActivityThread: handleWindowVisibility: no activity for token android.os.BinderProxy@729c55f
12-04 19:48:21.452 11256 20680 W SendBird: [19:48:21.451 Connection$1:onMessage():235] onMessage instance : [PONG] com.sendbird.android.Connection@9443f38
12-04 19:48:21.453 11256 20680 W Sendbird: [19:48:21.453 Connection$1:onMessage():236] onMessage instance : [PONG] com.sendbird.android.Connection@9443f38
12-04 19:48:21.460 11256 16311 W SendBird: [19:48:21.459 EventController$1:call():141] ++ result[PONG] runnable=null
12-04 19:48:36.369 11256 20680 W SendBird: [19:48:36.369 Connection$1:onMessage():235] onMessage instance : [PONG] com.sendbird.android.Connection@9443f38
12-04 19:48:36.371 11256 20680 W Sendbird: [19:48:36.370 Connection$1:onMessage():236] onMessage instance : [PONG] com.sendbird.android.Connection@9443f38
12-04 19:48:36.377 11256 16311 W SendBird: [19:48:36.377 EventController$1:call():141] ++ result[PONG] runnable=null
12-04 19:48:50.463 11256 11397 D OpenGLRenderer: endAllActiveAnimators on 0x7995f57700 (RippleDrawable) with handle 0x79a77c05c0
12-04 19:48:51.085 11256 11256 I Toast   : Show toast from OpPackageName:com.rmc.natour21, PackageName:com.rmc.natour21
12-04 19:48:51.410 11256 20680 W SendBird: [19:48:51.409 Connection$1:onMessage():235] onMessage instance : [PONG] com.sendbird.android.Connection@9443f38
12-04 19:48:51.410 11256 20680 W Sendbird: [19:48:51.410 Connection$1:onMessage():236] onMessage instance : [PONG] com.sendbird.android.Connection@9443f38
12-04 19:48:51.413 11256 16311 W SendBird: [19:48:51.413 EventController$1:call():141] ++ result[PONG] runnable=null
12-04 19:48:51.452 11256 11256 I System.out: Review(description=Faticosissimo se come me sei abituato a percorrere solo la distanza letto - cucina , difficulty=100, time=10, creationDate=2022-09-26T13:00:35.243211, owner=14, pathName=sentiero degli dei, id=53)
12-04 19:48:51.452 11256 11256 I System.out: Review(description= veramente bellissimo, difficulty=70, time=2, creationDate=2022-10-12T15:22:03.595227, owner=15, pathName=sentiero degli dei, id=54)
12-04 19:48:51.452 11256 11256 I System.out: Review(description=Bellissimo! , difficulty=60, time=80, creationDate=2022-12-04T18:48:46.875129, owner=20, pathName=sentiero degli dei, id=64)
12-04 19:49:06.388 11256 20680 W SendBird: [19:49:06.388 Connection$1:onMessage():235] onMessage instance : [PONG] com.sendbird.android.Connection@9443f38
12-04 19:49:06.389 11256 20680 W Sendbird: [19:49:06.388 Connection$1:onMessage():236] onMessage instance : [PONG] com.sendbird.android.Connection@9443f38
12-04 19:49:06.392 11256 16311 W SendBird: [19:49:06.392 EventController$1:call():141] ++ result[PONG] runnable=null
12-04 19:49:21.443 11256 20680 W SendBird: [19:49:21.443 Connection$1:onMessage():235] onMessage instance : [PONG] com.sendbird.android.Connection@9443f38
12-04 19:49:21.444 11256 20680 W Sendbird: [19:49:21.443 Connection$1:onMessage():236] onMessage instance : [PONG] com.sendbird.android.Connection@9443f38
12-04 19:49:21.446 11256 16311 W SendBird: [19:49:21.446 EventController$1:call():141] ++ result[PONG] runnable=null
12-04 19:49:25.730 11256 11256 I Timeline: Timeline: Activity_launch_request time:18303292 intent:Intent { cmp=com.rmc.natour21/.Fragment.profile.tab.gallery.SlideshowActivity (has extras) }
12-04 19:49:25.780 11256 11256 W ActivityThread: handleWindowVisibility: no activity for token android.os.BinderProxy@e2ffc25
12-04 19:49:26.071 11256 11272 I om.rmc.natour2: NativeAlloc concurrent copying GC freed 229426(10MB) AllocSpace objects, 63(4MB) LOS objects, 45% free, 28MB/52MB, paused 157us total 157.221ms
12-04 19:49:33.899 11256 11256 W StaticLayout: maxLineHeight should not be -1.  maxLines:3 lineCount:3
12-04 19:49:33.915 11256 11256 W StaticLayout: maxLineHeight should not be -1.  maxLines:3 lineCount:3
12-04 19:49:33.946 11256 11256 W StaticLayout: maxLineHeight should not be -1.  maxLines:3 lineCount:3
12-04 19:49:36.378 11256 20680 W SendBird: [19:49:36.378 Connection$1:onMessage():235] onMessage instance : [PONG] com.sendbird.android.Connection@9443f38
12-04 19:49:36.379 11256 20680 W Sendbird: [19:49:36.379 Connection$1:onMessage():236] onMessage instance : [PONG] com.sendbird.android.Connection@9443f38
12-04 19:49:36.381 11256 16311 W SendBird: [19:49:36.381 EventController$1:call():141] ++ result[PONG] runnable=null
12-04 19:49:39.290 11256 11256 E RecyclerView: No adapter attached; skipping layout
12-04 19:49:41.905 11256 11256 E RecyclerView: No adapter attached; skipping layout
12-04 19:49:44.546 11256 11256 W StaticLayout: maxLineHeight should not be -1.  maxLines:3 lineCount:3
12-04 19:49:44.563 11256 11256 W StaticLayout: maxLineHeight should not be -1.  maxLines:3 lineCount:3
12-04 19:49:44.596 11256 11256 W StaticLayout: maxLineHeight should not be -1.  maxLines:3 lineCount:3
12-04 19:49:51.403 11256 20680 W SendBird: [19:49:51.403 Connection$1:onMessage():235] onMessage instance : [PONG] com.sendbird.android.Connection@9443f38
12-04 19:49:51.406 11256 20680 W Sendbird: [19:49:51.404 Connection$1:onMessage():236] onMessage instance : [PONG] com.sendbird.android.Connection@9443f38
12-04 19:49:51.416 11256 16311 W SendBird: [19:49:51.415 EventController$1:call():141] ++ result[PONG] runnable=null
12-04 19:49:53.344 11256 11256 W StaticLayout: maxLineHeight should not be -1.  maxLines:3 lineCount:3
12-04 19:49:53.361 11256 11256 W StaticLayout: maxLineHeight should not be -1.  maxLines:3 lineCount:3
12-04 19:49:53.393 11256 11256 W StaticLayout: maxLineHeight should not be -1.  maxLines:3 lineCount:3
12-04 19:50:03.071 11256 11256 W Choreographer: OPTS_INPUT: First frame was drawed before optimized, so skip!
12-04 19:50:04.267 11256 11256 I Timeline: Timeline: Activity_launch_request time:18341829 intent:Intent { cmp=com.rmc.natour21/.Fragment.path.PathPageActivity (has extras) }
12-04 19:50:04.305 11256 11256 W ActivityThread: handleWindowVisibility: no activity for token android.os.BinderProxy@f44a0b9
12-04 19:50:06.388 11256 20680 W SendBird: [19:50:06.388 Connection$1:onMessage():235] onMessage instance : [PONG] com.sendbird.android.Connection@9443f38
12-04 19:50:06.390 11256 20680 W Sendbird: [19:50:06.389 Connection$1:onMessage():236] onMessage instance : [PONG] com.sendbird.android.Connection@9443f38
12-04 19:50:06.396 11256 16311 W SendBird: [19:50:06.396 EventController$1:call():141] ++ result[PONG] runnable=null
12-04 19:50:21.441 11256 20680 W SendBird: [19:50:21.440 Connection$1:onMessage():235] onMessage instance : [PONG] com.sendbird.android.Connection@9443f38
12-04 19:50:21.442 11256 20680 W Sendbird: [19:50:21.441 Connection$1:onMessage():236] onMessage instance : [PONG] com.sendbird.android.Connection@9443f38
12-04 19:50:21.447 11256 16311 W SendBird: [19:50:21.447 EventController$1:call():141] ++ result[PONG] runnable=null
12-04 19:50:28.433 11256 11256 I Toast   : Show toast from OpPackageName:com.rmc.natour21, PackageName:com.rmc.natour21
12-04 19:50:28.534 11256 11272 I om.rmc.natour2: Background concurrent copying GC freed 663045(22MB) AllocSpace objects, 43(15MB) LOS objects, 47% free, 26MB/50MB, paused 430us total 150.405ms
12-04 19:50:36.375 11256 20680 W SendBird: [19:50:36.375 Connection$1:onMessage():235] onMessage instance : [PONG] com.sendbird.android.Connection@9443f38
12-04 19:50:36.376 11256 20680 W Sendbird: [19:50:36.376 Connection$1:onMessage():236] onMessage instance : [PONG] com.sendbird.android.Connection@9443f38
12-04 19:50:36.380 11256 16311 W SendBird: [19:50:36.379 EventController$1:call():141] ++ result[PONG] runnable=null
12-04 19:50:40.873 11256 11256 W StaticLayout: maxLineHeight should not be -1.  maxLines:3 lineCount:3
12-04 19:50:40.888 11256 11256 W StaticLayout: maxLineHeight should not be -1.  maxLines:3 lineCount:3
12-04 19:50:40.917 11256 11256 W StaticLayout: maxLineHeight should not be -1.  maxLines:3 lineCount:3
12-04 19:50:45.890 11256 11256 I Timeline: Timeline: Activity_launch_request time:18383452 intent:Intent { cmp=com.rmc.natour21/.Fragment.path.PathPageActivity (has extras) }
12-04 19:50:45.969 11256 11256 W ActivityThread: handleWindowVisibility: no activity for token android.os.BinderProxy@756aa8b
12-04 19:50:51.359 11256 20680 W SendBird: [19:50:51.358 Connection$1:onMessage():235] onMessage instance : [PONG] com.sendbird.android.Connection@9443f38
12-04 19:50:51.359 11256 20680 W Sendbird: [19:50:51.359 Connection$1:onMessage():236] onMessage instance : [PONG] com.sendbird.android.Connection@9443f38
12-04 19:50:51.362 11256 16311 W SendBird: [19:50:51.362 EventController$1:call():141] ++ result[PONG] runnable=null
12-04 19:50:55.242 11256 11256 W Choreographer: OPTS_INPUT: First frame was drawed before optimized, so skip!
12-04 19:51:06.390 11256 20680 W SendBird: [19:51:06.389 Connection$1:onMessage():235] onMessage instance : [PONG] com.sendbird.android.Connection@9443f38
12-04 19:51:06.391 11256 20680 W Sendbird: [19:51:06.391 Connection$1:onMessage():236] onMessage instance : [PONG] com.sendbird.android.Connection@9443f38
12-04 19:51:06.399 11256 16311 W SendBird: [19:51:06.398 EventController$1:call():141] ++ result[PONG] runnable=null
12-04 19:51:21.448 11256 20680 W SendBird: [19:51:21.444 Connection$1:onMessage():235] onMessage instance : [PONG] com.sendbird.android.Connection@9443f38
12-04 19:51:21.451 11256 20680 W Sendbird: [19:51:21.449 Connection$1:onMessage():236] onMessage instance : [PONG] com.sendbird.android.Connection@9443f38
12-04 19:51:21.459 11256 16311 W SendBird: [19:51:21.459 EventController$1:call():141] ++ result[PONG] runnable=null
12-04 19:51:36.397 11256 20680 W SendBird: [19:51:36.396 Connection$1:onMessage():235] onMessage instance : [PONG] com.sendbird.android.Connection@9443f38
12-04 19:51:36.397 11256 20680 W Sendbird: [19:51:36.397 Connection$1:onMessage():236] onMessage instance : [PONG] com.sendbird.android.Connection@9443f38
12-04 19:51:36.400 11256 16311 W SendBird: [19:51:36.400 EventController$1:call():141] ++ result[PONG] runnable=null
12-04 19:51:51.383 11256 20680 W SendBird: [19:51:51.381 Connection$1:onMessage():235] onMessage instance : [PONG] com.sendbird.android.Connection@9443f38
12-04 19:51:51.385 11256 20680 W Sendbird: [19:51:51.384 Connection$1:onMessage():236] onMessage instance : [PONG] com.sendbird.android.Connection@9443f38
12-04 19:51:51.392 11256 16311 W SendBird: [19:51:51.391 EventController$1:call():141] ++ result[PONG] runnable=null
12-04 19:52:06.386 11256 20680 W SendBird: [19:52:06.385 Connection$1:onMessage():235] onMessage instance : [PONG] com.sendbird.android.Connection@9443f38
12-04 19:52:06.388 11256 20680 W Sendbird: [19:52:06.387 Connection$1:onMessage():236] onMessage instance : [PONG] com.sendbird.android.Connection@9443f38
12-04 19:52:06.395 11256 16311 W SendBird: [19:52:06.394 EventController$1:call():141] ++ result[PONG] runnable=null
12-04 19:52:21.441 11256 20680 W SendBird: [19:52:21.440 Connection$1:onMessage():235] onMessage instance : [PONG] com.sendbird.android.Connection@9443f38
12-04 19:52:21.442 11256 20680 W Sendbird: [19:52:21.442 Connection$1:onMessage():236] onMessage instance : [PONG] com.sendbird.android.Connection@9443f38
12-04 19:52:21.448 11256 16311 W SendBird: [19:52:21.448 EventController$1:call():141] ++ result[PONG] runnable=null
12-04 19:52:24.898 11256 11256 W StaticLayout: maxLineHeight should not be -1.  maxLines:3 lineCount:3
12-04 19:52:24.919 11256 11256 W StaticLayout: maxLineHeight should not be -1.  maxLines:3 lineCount:3
12-04 19:52:24.960 11256 11256 W StaticLayout: maxLineHeight should not be -1.  maxLines:3 lineCount:3
12-04 19:52:33.765 11256 11256 I Toast   : Show toast from OpPackageName:com.rmc.natour21, PackageName:com.rmc.natour21
12-04 19:52:36.108 11256 11256 E RecyclerView: No adapter attached; skipping layout
12-04 19:52:36.366 11256 20680 W SendBird: [19:52:36.365 Connection$1:onMessage():235] onMessage instance : [PONG] com.sendbird.android.Connection@9443f38
12-04 19:52:36.367 11256 20680 W Sendbird: [19:52:36.366 Connection$1:onMessage():236] onMessage instance : [PONG] com.sendbird.android.Connection@9443f38
12-04 19:52:36.371 11256 16311 W SendBird: [19:52:36.370 EventController$1:call():141] ++ result[PONG] runnable=null
12-04 19:52:38.475 11256 11256 E RecyclerView: No adapter attached; skipping layout
12-04 19:52:44.747 11256 11256 I Toast   : Show toast from OpPackageName:com.rmc.natour21, PackageName:com.rmc.natour21
12-04 19:52:51.372 11256 20680 W SendBird: [19:52:51.372 Connection$1:onMessage():235] onMessage instance : [PONG] com.sendbird.android.Connection@9443f38
12-04 19:52:51.373 11256 20680 W Sendbird: [19:52:51.372 Connection$1:onMessage():236] onMessage instance : [PONG] com.sendbird.android.Connection@9443f38
12-04 19:52:51.375 11256 16311 W SendBird: [19:52:51.375 EventController$1:call():141] ++ result[PONG] runnable=null
12-04 19:52:51.835 11256 11256 W StaticLayout: maxLineHeight should not be -1.  maxLines:3 lineCount:3
12-04 19:52:51.856 11256 11256 W StaticLayout: maxLineHeight should not be -1.  maxLines:3 lineCount:3
12-04 19:52:51.895 11256 11256 W StaticLayout: maxLineHeight should not be -1.  maxLines:3 lineCount:3
12-04 19:52:52.995 11256 11256 W Choreographer: OPTS_INPUT: First frame was drawed before optimized, so skip!
12-04 19:53:00.601 11256 11272 I om.rmc.natour2: Background concurrent copying GC freed 258269(11MB) AllocSpace objects, 69(2MB) LOS objects, 37% free, 39MB/63MB, paused 1.420ms total 122.721ms
12-04 19:53:01.557 11256 11256 I Choreographer: Skipped 65 frames!  The application may be doing too much work on its main thread.
12-04 19:53:01.560 11256 11256 W Looper  : Slow Looper main: doFrame is 1094ms late because of 2 msg, msg 1 took 1098ms (h=android.os.Handler c=kotlinx.coroutines.internal.DispatchedContinuation)
12-04 19:53:01.566 11256 11397 I OpenGLRenderer: Davey! duration=1101ms; Flags=0, IntendedVsync=18518025156995, Vsync=18519108490285, OldestInputEvent=9223372036854775807, NewestInputEvent=0, HandleInputStart=18519121773716, AnimationStart=18519121828560, PerformTraversalsStart=18519122087258, DrawStart=18519122163612, SyncQueued=18519122371476, SyncStart=18519122533039, IssueDrawCommandsStart=18519122710643, SwapBuffers=18519124763508, FrameCompleted=18519127074081, DequeueBufferDuration=402000, QueueBufferDuration=676000, 
12-04 19:53:06.105 11256 11256 W StaticLayout: maxLineHeight should not be -1.  maxLines:3 lineCount:3
12-04 19:53:06.127 11256 11256 W StaticLayout: maxLineHeight should not be -1.  maxLines:3 lineCount:3
12-04 19:53:06.163 11256 11256 W StaticLayout: maxLineHeight should not be -1.  maxLines:3 lineCount:3
12-04 19:53:06.986 11256 20680 W SendBird: [19:53:06.986 Connection$1:onMessage():235] onMessage instance : [PONG] com.sendbird.android.Connection@9443f38
12-04 19:53:06.990 11256 20680 W Sendbird: [19:53:06.987 Connection$1:onMessage():236] onMessage instance : [PONG] com.sendbird.android.Connection@9443f38
12-04 19:53:06.996 11256 16311 W SendBird: [19:53:06.996 EventController$1:call():141] ++ result[PONG] runnable=null
12-04 19:53:08.771 11256 11256 W Choreographer: OPTS_INPUT: First frame was drawed before optimized, so skip!
12-04 19:53:10.105 11256 11256 I Timeline: Timeline: Activity_launch_request time:18527667 intent:Intent { cmp=com.rmc.natour21/.Fragment.path.PathPageActivity (has extras) }
12-04 19:53:10.165 11256 11256 W ActivityThread: handleWindowVisibility: no activity for token android.os.BinderProxy@b97dcdb
12-04 19:53:29.018 11256 11256 W StaticLayout: maxLineHeight should not be -1.  maxLines:3 lineCount:3
12-04 19:53:29.039 11256 11256 W StaticLayout: maxLineHeight should not be -1.  maxLines:3 lineCount:3
12-04 19:53:29.079 11256 11256 W StaticLayout: maxLineHeight should not be -1.  maxLines:3 lineCount:3
12-04 19:53:32.942 11256 11256 I Timeline: Timeline: Activity_launch_request time:18550504 intent:Intent { cmp=com.rmc.natour21/.Fragment.path.PathPageActivity (has extras) }
12-04 19:53:33.000 11256 11256 W ActivityThread: handleWindowVisibility: no activity for token android.os.BinderProxy@bcbe764
12-04 19:53:36.391 11256 20680 W SendBird: [19:53:36.390 Connection$1:onMessage():235] onMessage instance : [PONG] com.sendbird.android.Connection@9443f38
12-04 19:53:36.392 11256 20680 W Sendbird: [19:53:36.392 Connection$1:onMessage():236] onMessage instance : [PONG] com.sendbird.android.Connection@9443f38
12-04 19:53:36.399 11256 16311 W SendBird: [19:53:36.398 EventController$1:call():141] ++ result[PONG] runnable=null
12-04 19:53:51.391 11256 20680 W SendBird: [19:53:51.391 Connection$1:onMessage():235] onMessage instance : [PONG] com.sendbird.android.Connection@9443f38
12-04 19:53:51.393 11256 20680 W Sendbird: [19:53:51.392 Connection$1:onMessage():236] onMessage instance : [PONG] com.sendbird.android.Connection@9443f38
12-04 19:53:51.399 11256 16311 W SendBird: [19:53:51.399 EventController$1:call():141] ++ result[PONG] runnable=null
12-04 19:53:54.194 11256 11256 W StaticLayout: maxLineHeight should not be -1.  maxLines:3 lineCount:3
12-04 19:53:54.210 11256 11256 W StaticLayout: maxLineHeight should not be -1.  maxLines:3 lineCount:3
12-04 19:53:54.244 11256 11256 W StaticLayout: maxLineHeight should not be -1.  maxLines:3 lineCount:3
12-04 19:53:58.905 11256 11256 E RecyclerView: No adapter attached; skipping layout
12-04 19:53:59.251 11256 11272 I om.rmc.natour2: Background concurrent copying GC freed 701618(22MB) AllocSpace objects, 60(6MB) LOS objects, 48% free, 25MB/49MB, paused 212us total 127.062ms
12-04 19:53:59.912 11256 11256 E RecyclerView: No adapter attached; skipping layout
12-04 19:54:06.394 11256 20680 W SendBird: [19:54:06.394 Connection$1:onMessage():235] onMessage instance : [PONG] com.sendbird.android.Connection@9443f38
12-04 19:54:06.396 11256 20680 W Sendbird: [19:54:06.395 Connection$1:onMessage():236] onMessage instance : [PONG] com.sendbird.android.Connection@9443f38
12-04 19:54:06.404 11256 16311 W SendBird: [19:54:06.403 EventController$1:call():141] ++ result[PONG] runnable=null
12-04 19:54:21.445 11256 20680 W SendBird: [19:54:21.444 Connection$1:onMessage():235] onMessage instance : [PONG] com.sendbird.android.Connection@9443f38
12-04 19:54:21.446 11256 20680 W Sendbird: [19:54:21.445 Connection$1:onMessage():236] onMessage instance : [PONG] com.sendbird.android.Connection@9443f38
12-04 19:54:21.455 11256 16311 W SendBird: [19:54:21.455 EventController$1:call():141] ++ result[PONG] runnable=null
12-04 19:54:25.472 11256 11256 I SBUIKIT : [19:54:25.471 ChannelListFragment:onCreate():59] >> ChannelListFragment::onCreate()
