12-16 12:06:09.569 14322 16439 I System.out: (HTTPLog)-Static: isSBSettingEnabled false
12-16 12:06:09.570 14322 16439 I System.out: (HTTPLog)-Static: isSBSettingEnabled false
12-16 12:06:09.582 14322 16438 I System.out: (HTTPLog)-Static: isSBSettingEnabled false
12-16 12:06:09.582 14322 16438 I System.out: (HTTPLog)-Static: isSBSettingEnabled false
12-16 12:06:09.643 14322 16439 I System.out: (HTTPLog)-Static: isSBSettingEnabled false
12-16 12:06:09.643 14322 16439 I System.out: (HTTPLog)-Static: isSBSettingEnabled false
12-16 12:06:09.664 14322 16438 I System.out: (HTTPLog)-Static: isSBSettingEnabled false
12-16 12:06:09.664 14322 16438 I System.out: (HTTPLog)-Static: isSBSettingEnabled false
12-16 12:06:09.719 14322 16439 I System.out: (HTTPLog)-Static: isSBSettingEnabled false
12-16 12:06:09.719 14322 16439 I System.out: (HTTPLog)-Static: isSBSettingEnabled false
12-16 12:06:09.735 14322 16438 I System.out: (HTTPLog)-Static: isSBSettingEnabled false
12-16 12:06:09.735 14322 16438 I System.out: (HTTPLog)-Static: isSBSettingEnabled false
12-16 12:06:09.820 14322 14322 I ViewRootImpl@323ce5e[MainActivity]: ViewPostIme pointer 0
12-16 12:06:09.828 14322 16439 I System.out: (HTTPLog)-Static: isSBSettingEnabled false
12-16 12:06:09.828 14322 16439 I System.out: (HTTPLog)-Static: isSBSettingEnabled false
12-16 12:06:09.833 14322 16438 I System.out: (HTTPLog)-Static: isSBSettingEnabled false
12-16 12:06:09.833 14322 16438 I System.out: (HTTPLog)-Static: isSBSettingEnabled false
12-16 12:06:09.879 14322 14322 I ViewRootImpl@323ce5e[MainActivity]: ViewPostIme pointer 1
12-16 12:06:09.885 14322 16439 I System.out: (HTTPLog)-Static: isSBSettingEnabled false
12-16 12:06:09.885 14322 16439 I System.out: (HTTPLog)-Static: isSBSettingEnabled false
12-16 12:06:09.917 14322 16438 I System.out: (HTTPLog)-Static: isSBSettingEnabled false
12-16 12:06:09.917 14322 16438 I System.out: (HTTPLog)-Static: isSBSettingEnabled false
12-16 12:06:09.982 14322 16439 I System.out: (HTTPLog)-Static: isSBSettingEnabled false
12-16 12:06:09.982 14322 16439 I System.out: (HTTPLog)-Static: isSBSettingEnabled false
12-16 12:06:10.003 14322 16438 I System.out: (HTTPLog)-Static: isSBSettingEnabled false
12-16 12:06:10.003 14322 16438 I System.out: (HTTPLog)-Static: isSBSettingEnabled false
12-16 12:06:10.050 14322 16439 I System.out: (HTTPLog)-Static: isSBSettingEnabled false
12-16 12:06:10.050 14322 16439 I System.out: (HTTPLog)-Static: isSBSettingEnabled false
12-16 12:06:10.067 14322 14322 D InputMethodManager: prepareNavigationBarInfo() DecorView@29d01af[MainActivity]
12-16 12:06:10.067 14322 14322 D InputMethodManager: getNavigationBarColor() -855310
12-16 12:06:10.067 14322 14322 V InputMethodManager: Starting input: tba=com.rmc.natour21 ic=null mNaviBarColor -855310 mIsGetNaviBarColorSuccess true , NavVisible : true , NavTrans : false
12-16 12:06:10.067 14322 14322 D InputMethodManager: startInputInner - Id : 0
12-16 12:06:10.067 14322 14322 I InputMethodManager: startInputInner - mService.startInputOrWindowGainedFocus
12-16 12:06:10.069 14322 14322 D InputTransport: Input channel destroyed: 'ClientS', fd=139
12-16 12:06:10.093 14322 16438 I System.out: (HTTPLog)-Static: isSBSettingEnabled false
12-16 12:06:10.093 14322 16438 I System.out: (HTTPLog)-Static: isSBSettingEnabled false
12-16 12:06:10.135 14322 16439 I System.out: (HTTPLog)-Static: isSBSettingEnabled false
12-16 12:06:10.135 14322 16439 I System.out: (HTTPLog)-Static: isSBSettingEnabled false
12-16 12:06:10.155 14322 16438 I System.out: (HTTPLog)-Static: isSBSettingEnabled false
12-16 12:06:10.155 14322 16438 I System.out: (HTTPLog)-Static: isSBSettingEnabled false
12-16 12:06:10.217 14322 16438 I System.out: (HTTPLog)-Static: isSBSettingEnabled false
12-16 12:06:10.218 14322 16438 I System.out: (HTTPLog)-Static: isSBSettingEnabled false
12-16 12:06:10.238 14322 16439 I System.out: (HTTPLog)-Static: isSBSettingEnabled false
12-16 12:06:10.238 14322 16439 I System.out: (HTTPLog)-Static: isSBSettingEnabled false
12-16 12:06:10.288 14322 16438 I System.out: (HTTPLog)-Static: isSBSettingEnabled false
12-16 12:06:10.288 14322 16438 I System.out: (HTTPLog)-Static: isSBSettingEnabled false
12-16 12:06:10.319 14322 16439 I System.out: (HTTPLog)-Static: isSBSettingEnabled false
12-16 12:06:10.319 14322 16439 I System.out: (HTTPLog)-Static: isSBSettingEnabled false
12-16 12:06:10.376 14322 16438 I System.out: (HTTPLog)-Static: isSBSettingEnabled false
12-16 12:06:10.376 14322 16438 I System.out: (HTTPLog)-Static: isSBSettingEnabled false
12-16 12:06:10.396 14322 16439 I System.out: (HTTPLog)-Static: isSBSettingEnabled false
12-16 12:06:10.396 14322 16439 I System.out: (HTTPLog)-Static: isSBSettingEnabled false
12-16 12:06:10.447 14322 16438 I System.out: (HTTPLog)-Static: isSBSettingEnabled false
12-16 12:06:10.447 14322 16438 I System.out: (HTTPLog)-Static: isSBSettingEnabled false
12-16 12:06:10.471 14322 16439 I System.out: (HTTPLog)-Static: isSBSettingEnabled false
12-16 12:06:10.471 14322 16439 I System.out: (HTTPLog)-Static: isSBSettingEnabled false
12-16 12:06:10.508 14322 16438 I System.out: (HTTPLog)-Static: isSBSettingEnabled false
12-16 12:06:10.509 14322 16438 I System.out: (HTTPLog)-Static: isSBSettingEnabled false
12-16 12:06:10.515 14322 14322 I ViewRootImpl@323ce5e[MainActivity]: ViewPostIme pointer 0
12-16 12:06:10.528 14322 16439 I System.out: (HTTPLog)-Static: isSBSettingEnabled false
12-16 12:06:10.528 14322 16439 I System.out: (HTTPLog)-Static: isSBSettingEnabled false
12-16 12:06:10.574 14322 14322 I ViewRootImpl@323ce5e[MainActivity]: ViewPostIme pointer 1
12-16 12:06:10.765 14322 14322 D InputMethodManager: prepareNavigationBarInfo() DecorView@29d01af[MainActivity]
12-16 12:06:10.765 14322 14322 D InputMethodManager: getNavigationBarColor() -855310
12-16 12:06:10.765 14322 14322 V InputMethodManager: Starting input: tba=com.rmc.natour21 ic=null mNaviBarColor -855310 mIsGetNaviBarColorSuccess true , NavVisible : true , NavTrans : false
12-16 12:06:10.765 14322 14322 D InputMethodManager: startInputInner - Id : 0
12-16 12:06:10.765 14322 14322 I InputMethodManager: startInputInner - mService.startInputOrWindowGainedFocus
12-16 12:06:10.767 14322 14322 D InputTransport: Input channel destroyed: 'ClientS', fd=99
12-16 12:06:11.460 14322 14322 I ViewRootImpl@323ce5e[MainActivity]: ViewPostIme pointer 0
12-16 12:06:11.527 14322 14322 I ViewRootImpl@323ce5e[MainActivity]: ViewPostIme pointer 1
12-16 12:06:11.716 14322 14322 D InputMethodManager: prepareNavigationBarInfo() DecorView@29d01af[MainActivity]
12-16 12:06:11.716 14322 14322 D InputMethodManager: getNavigationBarColor() -855310
12-16 12:06:11.716 14322 14322 V InputMethodManager: Starting input: tba=com.rmc.natour21 ic=null mNaviBarColor -855310 mIsGetNaviBarColorSuccess true , NavVisible : true , NavTrans : false
12-16 12:06:11.716 14322 14322 D InputMethodManager: startInputInner - Id : 0
12-16 12:06:11.716 14322 14322 I InputMethodManager: startInputInner - mService.startInputOrWindowGainedFocus
12-16 12:06:11.718 14322 14322 D InputTransport: Input channel destroyed: 'ClientS', fd=98
12-16 12:06:12.713 14322 14322 I ViewRootImpl@323ce5e[MainActivity]: ViewPostIme pointer 0
12-16 12:06:12.969 14322 14322 D InputMethodManager: prepareNavigationBarInfo() DecorView@29d01af[MainActivity]
12-16 12:06:12.969 14322 14322 D InputMethodManager: getNavigationBarColor() -855310
12-16 12:06:12.969 14322 14322 V InputMethodManager: Starting input: tba=com.rmc.natour21 ic=null mNaviBarColor -855310 mIsGetNaviBarColorSuccess true , NavVisible : true , NavTrans : false
12-16 12:06:12.969 14322 14322 D InputMethodManager: startInputInner - Id : 0
12-16 12:06:12.969 14322 14322 I InputMethodManager: startInputInner - mService.startInputOrWindowGainedFocus
12-16 12:06:12.970 14322 14322 D InputTransport: Input channel destroyed: 'ClientS', fd=99
12-16 12:06:13.350 14322 15879 W SendBird: [12:06:13.350 Connection$1:onMessage():235] onMessage instance : [PONG] com.sendbird.android.Connection@df8f48a
12-16 12:06:13.351 14322 15879 W Sendbird: [12:06:13.350 Connection$1:onMessage():236] onMessage instance : [PONG] com.sendbird.android.Connection@df8f48a
12-16 12:06:13.353 14322 15949 W SendBird: [12:06:13.353 EventController$1:call():141] ++ result[PONG] runnable=null
12-16 12:06:13.809 14322 14322 I ViewRootImpl@323ce5e[MainActivity]: ViewPostIme pointer 0
12-16 12:06:13.866 14322 14322 I ViewRootImpl@323ce5e[MainActivity]: ViewPostIme pointer 1
12-16 12:06:14.047 14322 14322 D InputMethodManager: prepareNavigationBarInfo() DecorView@29d01af[MainActivity]
12-16 12:06:14.047 14322 14322 D InputMethodManager: getNavigationBarColor() -855310
12-16 12:06:14.047 14322 14322 V InputMethodManager: Starting input: tba=com.rmc.natour21 ic=androidx.emoji2.viewsintegration.EmojiInputConnection@32dca00 mNaviBarColor -855310 mIsGetNaviBarColorSuccess true , NavVisible : true , NavTrans : false
12-16 12:06:14.047 14322 14322 D InputMethodManager: startInputInner - Id : 0
12-16 12:06:14.050 14322 14322 I InputMethodManager: startInputInner - mService.startInputOrWindowGainedFocus
12-16 12:06:14.052 14322 14322 D InputTransport: Input channel destroyed: 'ClientS', fd=98
12-16 12:06:14.738 14322 14322 I ViewRootImpl@323ce5e[MainActivity]: ViewPostIme pointer 0
12-16 12:06:14.772 14322 14322 I ViewRootImpl@323ce5e[MainActivity]: ViewPostIme pointer 1
12-16 12:06:15.564 14322 14322 I ViewRootImpl@323ce5e[MainActivity]: ViewPostIme pointer 0
12-16 12:06:15.605 14322 14322 I ViewRootImpl@323ce5e[MainActivity]: ViewPostIme pointer 1
12-16 12:06:16.132 14322 14322 I ViewRootImpl@323ce5e[MainActivity]: The input has been finished in ImeInputStage.
12-16 12:06:16.188 14322 14322 I ViewRootImpl@323ce5e[MainActivity]: The input has been finished in ImeInputStage.
12-16 12:06:16.225 14322 14322 I ViewRootImpl@323ce5e[MainActivity]: MSG_RESIZED: frame=(0,0,1080,2220) ci=(0,63,0,0) vi=(0,63,0,0) or=1
12-16 12:06:20.309 14322 14322 I ViewRootImpl@323ce5e[MainActivity]: ViewPostIme pointer 0
12-16 12:06:20.376 14322 14322 I ViewRootImpl@323ce5e[MainActivity]: ViewPostIme pointer 1
12-16 12:06:20.376 14322 14322 D InputMethodManager: SSI - flag : 0 Pid : 14322 view : com.rmc.natour21
12-16 12:06:20.376 14322 14322 D InputMethodManager: prepareNavigationBarInfo() DecorView@29d01af[MainActivity]
12-16 12:06:20.376 14322 14322 D InputMethodManager: getNavigationBarColor() -855310
12-16 12:06:20.381 14322 14322 D Editor  : waiting for the right moment
12-16 12:06:20.445 14322 14322 I ViewRootImpl@323ce5e[MainActivity]: MSG_RESIZED: frame=(0,0,1080,2220) ci=(0,63,0,0) vi=(0,63,0,986) or=1
12-16 12:06:28.351 14322 15879 W SendBird: [12:06:28.351 Connection$1:onMessage():235] onMessage instance : [PONG] com.sendbird.android.Connection@df8f48a
12-16 12:06:28.352 14322 15879 W Sendbird: [12:06:28.351 Connection$1:onMessage():236] onMessage instance : [PONG] com.sendbird.android.Connection@df8f48a
12-16 12:06:28.354 14322 15949 W SendBird: [12:06:28.354 EventController$1:call():141] ++ result[PONG] runnable=null
12-16 12:06:28.448 14322 14322 I ViewRootImpl@323ce5e[MainActivity]: ViewPostIme pointer 0
12-16 12:06:28.605 14322 14322 I ViewRootImpl@323ce5e[MainActivity]: The input has been finished in ImeInputStage.
12-16 12:06:28.612 14322 14322 I ViewRootImpl@323ce5e[MainActivity]: The input has been finished in ImeInputStage.
12-16 12:06:28.654 14322 14322 I ViewRootImpl@323ce5e[MainActivity]: MSG_RESIZED: frame=(0,0,1080,2220) ci=(0,63,0,0) vi=(0,63,0,0) or=1
12-16 12:06:29.217 14322 14322 I ViewRootImpl@323ce5e[MainActivity]: ViewPostIme pointer 0
12-16 12:06:29.267 14322 14322 I ViewRootImpl@323ce5e[MainActivity]: ViewPostIme pointer 1
12-16 12:06:29.272 14322 14322 D InputMethodManager: prepareNavigationBarInfo() DecorView@29d01af[MainActivity]
12-16 12:06:29.272 14322 14322 D InputMethodManager: getNavigationBarColor() -855310
12-16 12:06:29.272 14322 14322 V InputMethodManager: Starting input: tba=com.rmc.natour21 ic=com.android.internal.widget.EditableInputConnection@c2cd25c mNaviBarColor -855310 mIsGetNaviBarColorSuccess true , NavVisible : true , NavTrans : false
12-16 12:06:29.272 14322 14322 D InputMethodManager: startInputInner - Id : 0
12-16 12:06:29.276 14322 14322 I InputMethodManager: startInputInner - mService.startInputOrWindowGainedFocus
12-16 12:06:29.280 14322 14322 D InputTransport: Input channel destroyed: 'ClientS', fd=99
12-16 12:06:29.284 14322 14322 D InputMethodManager: SSI - flag : 0 Pid : 14322 view : com.rmc.natour21
12-16 12:06:29.284 14322 14322 D InputMethodManager: prepareNavigationBarInfo() DecorView@29d01af[MainActivity]
12-16 12:06:29.284 14322 14322 D InputMethodManager: getNavigationBarColor() -855310
12-16 12:06:29.393 14322 14322 I ViewRootImpl@323ce5e[MainActivity]: MSG_RESIZED: frame=(0,0,1080,2220) ci=(0,63,0,0) vi=(0,63,0,986) or=1
12-16 12:06:30.592 14322 14322 I ViewRootImpl@e972aaf[PopupWindow:ec8990]: setView = android.widget.PopupWindow$PopupDecorView@7b8aebc TM=true MM=false
12-16 12:06:30.601 14322 14322 V InputMethodManager: Not IME target window, ignoring
12-16 12:06:30.613 14322 14322 I ViewRootImpl@e972aaf[PopupWindow:ec8990]: Relayout returned: old=(0,63,1080,2220) new=(0,356,875,503) req=(875,147)0 dur=8 res=0x7 s={true 522730668032} ch=true
12-16 12:06:30.618 14322 14540 D mali_winsys: EGLint new_window_surface(egl_winsys_display *, void *, EGLSurface, EGLConfig, egl_winsys_surface **, EGLBoolean) returns 0x3000
12-16 12:06:30.618 14322 14322 D AbsListView:  in onLayout changed 
12-16 12:06:30.619 14322 14322 I ViewRootImpl@e972aaf[PopupWindow:ec8990]: [DrawPending] drawPending(1) 0 android.view.ViewRootImpl.reportNextDraw:9952 android.view.ViewRootImpl.performTraversals:3329 android.view.ViewRootImpl.doTraversal:2222 
12-16 12:06:30.619 14322 14322 I ViewRootImpl@e972aaf[PopupWindow:ec8990]: [DrawPending] performDraw() Waiting asnyc report
12-16 12:06:30.624 14322 14322 I ViewRootImpl@e972aaf[PopupWindow:ec8990]: [DrawPending] pendingDrawFinished(0) 0 android.view.ViewRootImpl.lambda$performDraw$1$ViewRootImpl:4058 android.view.-$$Lambda$ViewRootImpl$7A_3tkr_Kw4TZAeIUGVlOoTcZhg.run:4 android.os.Handler.handleCallback:883 
12-16 12:06:30.624 14322 14322 I ViewRootImpl@e972aaf[PopupWindow:ec8990]: [DrawPending] reportDrawFinished()
12-16 12:06:30.818 14322 14322 I ViewRootImpl@e972aaf[PopupWindow:ec8990]: MSG_RESIZED: frame=(0,356,875,503) ci=(0,0,0,0) vi=(0,0,0,0) or=1
12-16 12:06:31.938 14322 14322 I ViewRootImpl@e972aaf[PopupWindow:ec8990]: ViewPostIme pointer 0
12-16 12:06:31.996 14322 14322 I ViewRootImpl@e972aaf[PopupWindow:ec8990]: ViewPostIme pointer 1
12-16 12:06:31.997 14322 14322 D AbsListView: onTouchUp() mTouchMode : 0
12-16 12:06:32.069 14322 14322 D InputMethodManager: prepareNavigationBarInfo() DecorView@29d01af[MainActivity]
12-16 12:06:32.069 14322 14322 D InputMethodManager: getNavigationBarColor() -855310
12-16 12:06:32.069 14322 14322 V InputMethodManager: Starting input: tba=com.rmc.natour21 ic=com.android.internal.widget.EditableInputConnection@43d76c0 mNaviBarColor -855310 mIsGetNaviBarColorSuccess true , NavVisible : true , NavTrans : false
12-16 12:06:32.069 14322 14322 D InputMethodManager: startInputInner - Id : 0
12-16 12:06:32.076 14322 14322 I InputMethodManager: startInputInner - mService.startInputOrWindowGainedFocus
12-16 12:06:32.078 14322 14322 D InputTransport: Input channel destroyed: 'ClientS', fd=98
12-16 12:06:32.224 14322 14322 D InputMethodManager: HSIFW - flag : 0
12-16 12:06:32.385 14322 14540 W libEGL  : EGLNativeWindowType 0x78fa3a3990 disconnect failed
12-16 12:06:32.386 14322 14322 I ViewRootImpl@e972aaf[PopupWindow:ec8990]: dispatchDetachedFromWindow
12-16 12:06:32.392 14322 14322 D InputTransport: Input channel destroyed: 'fe21a04', fd=118
12-16 12:06:32.442 14322 16438 I System.out: (HTTPLog)-Static: isSBSettingEnabled false
12-16 12:06:32.442 14322 16438 I System.out: (HTTPLog)-Static: isSBSettingEnabled false
12-16 12:06:32.442 14322 16439 I System.out: (HTTPLog)-Static: isSBSettingEnabled false
12-16 12:06:32.443 14322 16439 I System.out: (HTTPLog)-Static: isSBSettingEnabled false
12-16 12:06:32.477 14322 14322 W IInputConnectionWrapper: getExtractedText on inactive InputConnection
12-16 12:06:32.529 14322 16438 I System.out: (HTTPLog)-Static: isSBSettingEnabled false
12-16 12:06:32.529 14322 16438 I System.out: (HTTPLog)-Static: isSBSettingEnabled false
12-16 12:06:32.543 14322 16439 I System.out: (HTTPLog)-Static: isSBSettingEnabled false
12-16 12:06:32.543 14322 16439 I System.out: (HTTPLog)-Static: isSBSettingEnabled false
12-16 12:06:32.660 14322 16438 I System.out: (HTTPLog)-Static: isSBSettingEnabled false
12-16 12:06:32.660 14322 16438 I System.out: (HTTPLog)-Static: isSBSettingEnabled false
12-16 12:06:32.674 14322 16439 I System.out: (HTTPLog)-Static: isSBSettingEnabled false
12-16 12:06:32.674 14322 16439 I System.out: (HTTPLog)-Static: isSBSettingEnabled false
12-16 12:06:32.710 14322 14322 I ViewRootImpl@323ce5e[MainActivity]: MSG_RESIZED: frame=(0,0,1080,2220) ci=(0,63,0,0) vi=(0,63,0,0) or=1
12-16 12:06:32.743 14322 16438 I System.out: (HTTPLog)-Static: isSBSettingEnabled false
12-16 12:06:32.743 14322 16438 I System.out: (HTTPLog)-Static: isSBSettingEnabled false
12-16 12:06:32.766 14322 16439 I System.out: (HTTPLog)-Static: isSBSettingEnabled false
12-16 12:06:32.766 14322 16439 I System.out: (HTTPLog)-Static: isSBSettingEnabled false
12-16 12:06:32.830 14322 16438 I System.out: (HTTPLog)-Static: isSBSettingEnabled false
12-16 12:06:32.830 14322 16438 I System.out: (HTTPLog)-Static: isSBSettingEnabled false
12-16 12:06:32.838 14322 16439 I System.out: (HTTPLog)-Static: isSBSettingEnabled false
12-16 12:06:32.839 14322 16439 I System.out: (HTTPLog)-Static: isSBSettingEnabled false
12-16 12:06:32.915 14322 16438 I System.out: (HTTPLog)-Static: isSBSettingEnabled false
12-16 12:06:32.915 14322 16438 I System.out: (HTTPLog)-Static: isSBSettingEnabled false
12-16 12:06:32.923 14322 16439 I System.out: (HTTPLog)-Static: isSBSettingEnabled false
12-16 12:06:32.923 14322 16439 I System.out: (HTTPLog)-Static: isSBSettingEnabled false
12-16 12:06:33.009 14322 16439 I System.out: (HTTPLog)-Static: isSBSettingEnabled false
12-16 12:06:33.009 14322 16439 I System.out: (HTTPLog)-Static: isSBSettingEnabled false
12-16 12:06:33.022 14322 16438 I System.out: (HTTPLog)-Static: isSBSettingEnabled false
12-16 12:06:33.023 14322 16438 I System.out: (HTTPLog)-Static: isSBSettingEnabled false
12-16 12:06:33.107 14322 16439 I System.out: (HTTPLog)-Static: isSBSettingEnabled false
12-16 12:06:33.107 14322 16439 I System.out: (HTTPLog)-Static: isSBSettingEnabled false
12-16 12:06:33.118 14322 16438 I System.out: (HTTPLog)-Static: isSBSettingEnabled false
12-16 12:06:33.118 14322 16438 I System.out: (HTTPLog)-Static: isSBSettingEnabled false
12-16 12:06:33.205 14322 16439 I System.out: (HTTPLog)-Static: isSBSettingEnabled false
12-16 12:06:33.205 14322 16439 I System.out: (HTTPLog)-Static: isSBSettingEnabled false
12-16 12:06:33.212 14322 16438 I System.out: (HTTPLog)-Static: isSBSettingEnabled false
12-16 12:06:33.212 14322 16438 I System.out: (HTTPLog)-Static: isSBSettingEnabled false
12-16 12:06:33.295 14322 16438 I System.out: (HTTPLog)-Static: isSBSettingEnabled false
12-16 12:06:33.295 14322 16438 I System.out: (HTTPLog)-Static: isSBSettingEnabled false
12-16 12:06:33.301 14322 16439 I System.out: (HTTPLog)-Static: isSBSettingEnabled false
12-16 12:06:33.301 14322 16439 I System.out: (HTTPLog)-Static: isSBSettingEnabled false
12-16 12:06:33.383 14322 16438 I System.out: (HTTPLog)-Static: isSBSettingEnabled false
12-16 12:06:33.383 14322 16438 I System.out: (HTTPLog)-Static: isSBSettingEnabled false
12-16 12:06:33.389 14322 16439 I System.out: (HTTPLog)-Static: isSBSettingEnabled false
12-16 12:06:33.389 14322 16439 I System.out: (HTTPLog)-Static: isSBSettingEnabled false
12-16 12:06:33.463 14322 16438 I System.out: (HTTPLog)-Static: isSBSettingEnabled false
12-16 12:06:33.463 14322 16438 I System.out: (HTTPLog)-Static: isSBSettingEnabled false
12-16 12:06:33.473 14322 16439 I System.out: (HTTPLog)-Static: isSBSettingEnabled false
12-16 12:06:33.473 14322 16439 I System.out: (HTTPLog)-Static: isSBSettingEnabled false
12-16 12:06:33.541 14322 16438 I System.out: (HTTPLog)-Static: isSBSettingEnabled false
12-16 12:06:33.541 14322 16438 I System.out: (HTTPLog)-Static: isSBSettingEnabled false
12-16 12:06:33.549 14322 16439 I System.out: (HTTPLog)-Static: isSBSettingEnabled false
12-16 12:06:33.550 14322 16439 I System.out: (HTTPLog)-Static: isSBSettingEnabled false
12-16 12:06:33.608 14322 16438 I System.out: (HTTPLog)-Static: isSBSettingEnabled false
12-16 12:06:33.608 14322 16438 I System.out: (HTTPLog)-Static: isSBSettingEnabled false
12-16 12:06:33.623 14322 16439 I System.out: (HTTPLog)-Static: isSBSettingEnabled false
12-16 12:06:33.623 14322 16439 I System.out: (HTTPLog)-Static: isSBSettingEnabled false
12-16 12:06:33.689 14322 16438 I System.out: (HTTPLog)-Static: isSBSettingEnabled false
12-16 12:06:33.689 14322 16438 I System.out: (HTTPLog)-Static: isSBSettingEnabled false
12-16 12:06:33.697 14322 16439 I System.out: (HTTPLog)-Static: isSBSettingEnabled false
12-16 12:06:33.698 14322 16439 I System.out: (HTTPLog)-Static: isSBSettingEnabled false
12-16 12:06:33.765 14322 16438 I System.out: (HTTPLog)-Static: isSBSettingEnabled false
12-16 12:06:33.765 14322 16438 I System.out: (HTTPLog)-Static: isSBSettingEnabled false
12-16 12:06:33.894 14322 16438 I System.out: (HTTPLog)-Static: isSBSettingEnabled false
12-16 12:06:33.894 14322 16438 I System.out: (HTTPLog)-Static: isSBSettingEnabled false
12-16 12:06:33.992 14322 16439 I System.out: (HTTPLog)-Static: isSBSettingEnabled false
12-16 12:06:33.992 14322 16439 I System.out: (HTTPLog)-Static: isSBSettingEnabled false
12-16 12:06:33.997 14322 16438 I System.out: (HTTPLog)-Static: isSBSettingEnabled false
12-16 12:06:33.997 14322 16438 I System.out: (HTTPLog)-Static: isSBSettingEnabled false
12-16 12:06:34.055 14322 16438 I System.out: (HTTPLog)-Static: isSBSettingEnabled false
12-16 12:06:34.055 14322 16438 I System.out: (HTTPLog)-Static: isSBSettingEnabled false
12-16 12:06:34.070 14322 16439 I System.out: (HTTPLog)-Static: isSBSettingEnabled false
12-16 12:06:34.070 14322 16439 I System.out: (HTTPLog)-Static: isSBSettingEnabled false
12-16 12:06:34.153 14322 16438 I System.out: (HTTPLog)-Static: isSBSettingEnabled false
12-16 12:06:34.153 14322 16438 I System.out: (HTTPLog)-Static: isSBSettingEnabled false
12-16 12:06:34.162 14322 16439 I System.out: (HTTPLog)-Static: isSBSettingEnabled false
12-16 12:06:34.162 14322 16439 I System.out: (HTTPLog)-Static: isSBSettingEnabled false
12-16 12:06:34.242 14322 16439 I System.out: (HTTPLog)-Static: isSBSettingEnabled false
12-16 12:06:34.242 14322 16439 I System.out: (HTTPLog)-Static: isSBSettingEnabled false
12-16 12:06:34.248 14322 16438 I System.out: (HTTPLog)-Static: isSBSettingEnabled false
12-16 12:06:34.249 14322 16438 I System.out: (HTTPLog)-Static: isSBSettingEnabled false
12-16 12:06:34.343 14322 16439 I System.out: (HTTPLog)-Static: isSBSettingEnabled false
12-16 12:06:34.343 14322 16439 I System.out: (HTTPLog)-Static: isSBSettingEnabled false
12-16 12:06:34.349 14322 16438 I System.out: (HTTPLog)-Static: isSBSettingEnabled false
12-16 12:06:34.349 14322 16438 I System.out: (HTTPLog)-Static: isSBSettingEnabled false
12-16 12:06:34.407 14322 16439 I System.out: (HTTPLog)-Static: isSBSettingEnabled false
12-16 12:06:34.407 14322 16439 I System.out: (HTTPLog)-Static: isSBSettingEnabled false
12-16 12:06:34.428 14322 16438 I System.out: (HTTPLog)-Static: isSBSettingEnabled false
12-16 12:06:34.428 14322 16438 I System.out: (HTTPLog)-Static: isSBSettingEnabled false
12-16 12:06:34.502 14322 16439 I System.out: (HTTPLog)-Static: isSBSettingEnabled false
12-16 12:06:34.502 14322 16439 I System.out: (HTTPLog)-Static: isSBSettingEnabled false
12-16 12:06:34.509 14322 16438 I System.out: (HTTPLog)-Static: isSBSettingEnabled false
12-16 12:06:34.509 14322 16438 I System.out: (HTTPLog)-Static: isSBSettingEnabled false
12-16 12:06:34.582 14322 16439 I System.out: (HTTPLog)-Static: isSBSettingEnabled false
12-16 12:06:34.582 14322 16439 I System.out: (HTTPLog)-Static: isSBSettingEnabled false
12-16 12:06:34.593 14322 16438 I System.out: (HTTPLog)-Static: isSBSettingEnabled false
12-16 12:06:34.593 14322 16438 I System.out: (HTTPLog)-Static: isSBSettingEnabled false
12-16 12:06:35.377 14322 14322 I ViewRootImpl@323ce5e[MainActivity]: ViewPostIme pointer 0
12-16 12:06:36.131 14322 14322 I ViewRootImpl@323ce5e[MainActivity]: ViewPostIme pointer 1
12-16 12:06:37.408 14322 14322 I ViewRootImpl@323ce5e[MainActivity]: ViewPostIme pointer 0
12-16 12:06:37.459 14322 14322 I ViewRootImpl@323ce5e[MainActivity]: ViewPostIme pointer 1
12-16 12:06:37.462 14322 14322 D InputMethodManager: prepareNavigationBarInfo() DecorView@29d01af[MainActivity]
12-16 12:06:37.462 14322 14322 D InputMethodManager: getNavigationBarColor() -855310
12-16 12:06:37.463 14322 14322 V InputMethodManager: Starting input: tba=com.rmc.natour21 ic=com.android.internal.widget.EditableInputConnection@40ac5b mNaviBarColor -855310 mIsGetNaviBarColorSuccess true , NavVisible : true , NavTrans : false
12-16 12:06:37.463 14322 14322 D InputMethodManager: startInputInner - Id : 0
12-16 12:06:37.467 14322 14322 I InputMethodManager: startInputInner - mService.startInputOrWindowGainedFocus
12-16 12:06:37.469 14322 14322 D InputTransport: Input channel destroyed: 'ClientS', fd=135
12-16 12:06:37.565 14322 14322 W System.err: java.io.IOException: INVALID_ARGUMENT: At least one of address or componentFilters must be specified.
12-16 12:06:37.568 14322 14322 W System.err: 	at android.location.Geocoder.getFromLocationName(Geocoder.java:178)
12-16 12:06:37.568 14322 14322 W System.err: 	at com.rmc.natour21.Fragment.InsertPath.InsertFragment.geoCode(InsertFragment.kt:608)
12-16 12:06:37.568 14322 14322 W System.err: 	at com.rmc.natour21.Fragment.InsertPath.InsertFragment$onViewCreated$2$1.onQueryTextChange(InsertFragment.kt:295)
12-16 12:06:37.568 14322 14322 W System.err: 	at android.widget.SearchView.onTextChanged(SearchView.java:1516)
12-16 12:06:37.568 14322 14322 W System.err: 	at android.widget.SearchView.access$2100(SearchView.java:113)
12-16 12:06:37.568 14322 14322 W System.err: 	at android.widget.SearchView$10.onTextChanged(SearchView.java:2149)
12-16 12:06:37.568 14322 14322 W System.err: 	at android.widget.TextView.sendOnTextChanged(TextView.java:11631)
12-16 12:06:37.568 14322 14322 W System.err: 	at android.widget.TextView.setText(TextView.java:6841)
12-16 12:06:37.568 14322 14322 W System.err: 	at android.widget.TextView.setText(TextView.java:6638)
12-16 12:06:37.568 14322 14322 W System.err: 	at android.widget.EditText.setText(EditText.java:140)
12-16 12:06:37.568 14322 14322 W System.err: 	at android.widget.TextView.setText(TextView.java:6590)
12-16 12:06:37.568 14322 14322 W System.err: 	at android.widget.SearchView.onCloseClicked(SearchView.java:1554)
12-16 12:06:37.568 14322 14322 W System.err: 	at android.widget.SearchView.access$800(SearchView.java:113)
12-16 12:06:37.568 14322 14322 W System.err: 	at android.widget.SearchView$5.onClick(SearchView.java:1197)
12-16 12:06:37.568 14322 14322 W System.err: 	at android.view.View.performClick(View.java:7862)
12-16 12:06:37.568 14322 14322 W System.err: 	at android.view.View.performClickInternal(View.java:7831)
12-16 12:06:37.568 14322 14322 W System.err: 	at android.view.View.access$3600(View.java:879)
12-16 12:06:37.568 14322 14322 W System.err: 	at android.view.View$PerformClick.run(View.java:29359)
12-16 12:06:37.569 14322 14322 W System.err: 	at android.os.Handler.handleCallback(Handler.java:883)
12-16 12:06:37.569 14322 14322 W System.err: 	at android.os.Handler.dispatchMessage(Handler.java:100)
12-16 12:06:37.569 14322 14322 W System.err: 	at android.os.Looper.loop(Looper.java:237)
12-16 12:06:37.569 14322 14322 W System.err: 	at android.app.ActivityThread.main(ActivityThread.java:8167)
12-16 12:06:37.569 14322 14322 W System.err: 	at java.lang.reflect.Method.invoke(Native Method)
12-16 12:06:37.569 14322 14322 W System.err: 	at com.android.internal.os.RuntimeInit$MethodAndArgsCaller.run(RuntimeInit.java:496)
12-16 12:06:37.569 14322 14322 W System.err: 	at com.android.internal.os.ZygoteInit.main(ZygoteInit.java:1100)
12-16 12:06:37.570 14322 14322 D InputMethodManager: SSI - flag : 0 Pid : 14322 view : com.rmc.natour21
12-16 12:06:37.570 14322 14322 D InputMethodManager: prepareNavigationBarInfo() DecorView@29d01af[MainActivity]
12-16 12:06:37.570 14322 14322 D InputMethodManager: getNavigationBarColor() -855310
12-16 12:06:37.682 14322 14322 I ViewRootImpl@323ce5e[MainActivity]: MSG_RESIZED: frame=(0,0,1080,2220) ci=(0,63,0,0) vi=(0,63,0,986) or=1
12-16 12:06:38.957 14322 14322 I ViewRootImpl@b41624b[PopupWindow:ec8990]: setView = android.widget.PopupWindow$PopupDecorView@7cbe428 TM=true MM=false
12-16 12:06:38.975 14322 14322 V InputMethodManager: Not IME target window, ignoring
12-16 12:06:38.983 14322 14322 I ViewRootImpl@b41624b[PopupWindow:ec8990]: Relayout returned: old=(0,63,1080,2220) new=(0,356,875,503) req=(875,147)0 dur=7 res=0x7 s={true 522963095552} ch=true
12-16 12:06:38.985 14322 14540 D mali_winsys: EGLint new_window_surface(egl_winsys_display *, void *, EGLSurface, EGLConfig, egl_winsys_surface **, EGLBoolean) returns 0x3000
12-16 12:06:38.986 14322 14322 D AbsListView:  in onLayout changed 
12-16 12:06:38.987 14322 14322 I ViewRootImpl@b41624b[PopupWindow:ec8990]: [DrawPending] drawPending(1) 0 android.view.ViewRootImpl.reportNextDraw:9952 android.view.ViewRootImpl.performTraversals:3329 android.view.ViewRootImpl.doTraversal:2222 
12-16 12:06:38.987 14322 14322 I ViewRootImpl@b41624b[PopupWindow:ec8990]: [DrawPending] performDraw() Waiting asnyc report
12-16 12:06:38.994 14322 14322 I ViewRootImpl@b41624b[PopupWindow:ec8990]: [DrawPending] pendingDrawFinished(0) 0 android.view.ViewRootImpl.lambda$performDraw$1$ViewRootImpl:4058 android.view.-$$Lambda$ViewRootImpl$7A_3tkr_Kw4TZAeIUGVlOoTcZhg.run:4 android.os.Handler.handleCallback:883 
12-16 12:06:38.994 14322 14322 I ViewRootImpl@b41624b[PopupWindow:ec8990]: [DrawPending] reportDrawFinished()
12-16 12:06:39.092 14322 14322 I ViewRootImpl@b41624b[PopupWindow:ec8990]: MSG_RESIZED: frame=(0,356,875,503) ci=(0,0,0,0) vi=(0,0,0,0) or=1
12-16 12:06:39.961 14322 14322 I ViewRootImpl@b41624b[PopupWindow:ec8990]: ViewPostIme pointer 0
12-16 12:06:40.003 14322 14322 I ViewRootImpl@b41624b[PopupWindow:ec8990]: ViewPostIme pointer 1
12-16 12:06:40.004 14322 14322 D AbsListView: onTouchUp() mTouchMode : 0
12-16 12:06:40.071 14322 14322 D InputMethodManager: prepareNavigationBarInfo() DecorView@29d01af[MainActivity]
12-16 12:06:40.071 14322 14322 D InputMethodManager: getNavigationBarColor() -855310
12-16 12:06:40.071 14322 14322 V InputMethodManager: Starting input: tba=com.rmc.natour21 ic=com.android.internal.widget.EditableInputConnection@4e9cfc3 mNaviBarColor -855310 mIsGetNaviBarColorSuccess true , NavVisible : true , NavTrans : false
12-16 12:06:40.071 14322 14322 D InputMethodManager: startInputInner - Id : 0
12-16 12:06:40.074 14322 14322 I InputMethodManager: startInputInner - mService.startInputOrWindowGainedFocus
12-16 12:06:40.077 14322 14322 D InputTransport: Input channel destroyed: 'ClientS', fd=99
12-16 12:06:40.230 14322 14322 D InputMethodManager: HSIFW - flag : 0
12-16 12:06:40.328 14322 14540 W libEGL  : EGLNativeWindowType 0x78de2f5690 disconnect failed
12-16 12:06:40.328 14322 14322 I ViewRootImpl@b41624b[PopupWindow:ec8990]: dispatchDetachedFromWindow
12-16 12:06:40.332 14322 14322 D InputTransport: Input channel destroyed: '84018e8', fd=130
12-16 12:06:40.338 14322 14322 W IInputConnectionWrapper: getExtractedText on inactive InputConnection
12-16 12:06:40.399 14322 16439 I System.out: (HTTPLog)-Static: isSBSettingEnabled false
12-16 12:06:40.399 14322 16439 I System.out: (HTTPLog)-Static: isSBSettingEnabled false
12-16 12:06:40.400 14322 16438 I System.out: (HTTPLog)-Static: isSBSettingEnabled false
12-16 12:06:40.400 14322 16438 I System.out: (HTTPLog)-Static: isSBSettingEnabled false
12-16 12:06:40.522 14322 14322 I ViewRootImpl@323ce5e[MainActivity]: MSG_RESIZED: frame=(0,0,1080,2220) ci=(0,63,0,0) vi=(0,63,0,0) or=1
12-16 12:06:40.523 14322 16438 I System.out: (HTTPLog)-Static: isSBSettingEnabled false
12-16 12:06:40.524 14322 16438 I System.out: (HTTPLog)-Static: isSBSettingEnabled false
12-16 12:06:40.560 14322 16439 I System.out: (HTTPLog)-Static: isSBSettingEnabled false
12-16 12:06:40.562 14322 16439 I System.out: (HTTPLog)-Static: isSBSettingEnabled false
12-16 12:06:40.655 14322 16438 I System.out: (HTTPLog)-Static: isSBSettingEnabled false
12-16 12:06:40.655 14322 16438 I System.out: (HTTPLog)-Static: isSBSettingEnabled false
12-16 12:06:40.667 14322 16439 I System.out: (HTTPLog)-Static: isSBSettingEnabled false
12-16 12:06:40.667 14322 16439 I System.out: (HTTPLog)-Static: isSBSettingEnabled false
12-16 12:06:40.726 14322 14337 I om.rmc.natour2: Background concurrent copying GC freed 105630(5190KB) AllocSpace objects, 320(8036KB) LOS objects, 49% free, 14MB/28MB, paused 88us total 124.620ms
12-16 12:06:40.741 14322 16438 I System.out: (HTTPLog)-Static: isSBSettingEnabled false
12-16 12:06:40.741 14322 16438 I System.out: (HTTPLog)-Static: isSBSettingEnabled false
12-16 12:06:40.768 14322 16439 I System.out: (HTTPLog)-Static: isSBSettingEnabled false
12-16 12:06:40.768 14322 16439 I System.out: (HTTPLog)-Static: isSBSettingEnabled false
12-16 12:06:40.810 14322 16438 I System.out: (HTTPLog)-Static: isSBSettingEnabled false
12-16 12:06:40.810 14322 16438 I System.out: (HTTPLog)-Static: isSBSettingEnabled false
12-16 12:06:40.838 14322 16439 I System.out: (HTTPLog)-Static: isSBSettingEnabled false
12-16 12:06:40.839 14322 16439 I System.out: (HTTPLog)-Static: isSBSettingEnabled false
12-16 12:06:40.886 14322 16438 I System.out: (HTTPLog)-Static: isSBSettingEnabled false
12-16 12:06:40.886 14322 16438 I System.out: (HTTPLog)-Static: isSBSettingEnabled false
12-16 12:06:40.931 14322 16439 I System.out: (HTTPLog)-Static: isSBSettingEnabled false
12-16 12:06:40.931 14322 16439 I System.out: (HTTPLog)-Static: isSBSettingEnabled false
12-16 12:06:40.960 14322 16438 I System.out: (HTTPLog)-Static: isSBSettingEnabled false
12-16 12:06:40.960 14322 16438 I System.out: (HTTPLog)-Static: isSBSettingEnabled false
12-16 12:06:41.045 14322 16438 I System.out: (HTTPLog)-Static: isSBSettingEnabled false
12-16 12:06:41.046 14322 16438 I System.out: (HTTPLog)-Static: isSBSettingEnabled false
12-16 12:06:41.133 14322 16438 I System.out: (HTTPLog)-Static: isSBSettingEnabled false
12-16 12:06:41.133 14322 16438 I System.out: (HTTPLog)-Static: isSBSettingEnabled false
12-16 12:06:41.221 14322 16438 I System.out: (HTTPLog)-Static: isSBSettingEnabled false
12-16 12:06:41.221 14322 16438 I System.out: (HTTPLog)-Static: isSBSettingEnabled false
12-16 12:06:41.265 14322 16439 I System.out: (HTTPLog)-Static: isSBSettingEnabled false
12-16 12:06:41.265 14322 16439 I System.out: (HTTPLog)-Static: isSBSettingEnabled false
12-16 12:06:41.315 14322 16438 I System.out: (HTTPLog)-Static: isSBSettingEnabled false
12-16 12:06:41.315 14322 16438 I System.out: (HTTPLog)-Static: isSBSettingEnabled false
12-16 12:06:41.369 14322 16439 I System.out: (HTTPLog)-Static: isSBSettingEnabled false
12-16 12:06:41.369 14322 16439 I System.out: (HTTPLog)-Static: isSBSettingEnabled false
12-16 12:06:41.396 14322 16438 I System.out: (HTTPLog)-Static: isSBSettingEnabled false
12-16 12:06:41.396 14322 16438 I System.out: (HTTPLog)-Static: isSBSettingEnabled false
12-16 12:06:41.455 14322 16439 I System.out: (HTTPLog)-Static: isSBSettingEnabled false
12-16 12:06:41.455 14322 16439 I System.out: (HTTPLog)-Static: isSBSettingEnabled false
12-16 12:06:41.477 14322 16438 I System.out: (HTTPLog)-Static: isSBSettingEnabled false
12-16 12:06:41.477 14322 16438 I System.out: (HTTPLog)-Static: isSBSettingEnabled false
12-16 12:06:41.567 14322 16438 I System.out: (HTTPLog)-Static: isSBSettingEnabled false
12-16 12:06:41.567 14322 16438 I System.out: (HTTPLog)-Static: isSBSettingEnabled false
12-16 12:06:41.574 14322 16439 I System.out: (HTTPLog)-Static: isSBSettingEnabled false
12-16 12:06:41.574 14322 16439 I System.out: (HTTPLog)-Static: isSBSettingEnabled false
12-16 12:06:41.646 14322 16438 I System.out: (HTTPLog)-Static: isSBSettingEnabled false
12-16 12:06:41.646 14322 16438 I System.out: (HTTPLog)-Static: isSBSettingEnabled false
12-16 12:06:41.684 14322 16439 I System.out: (HTTPLog)-Static: isSBSettingEnabled false
12-16 12:06:41.684 14322 16439 I System.out: (HTTPLog)-Static: isSBSettingEnabled false
12-16 12:06:41.775 14322 16438 I System.out: (HTTPLog)-Static: isSBSettingEnabled false
12-16 12:06:41.775 14322 16438 I System.out: (HTTPLog)-Static: isSBSettingEnabled false
12-16 12:06:41.851 14322 16438 I System.out: (HTTPLog)-Static: isSBSettingEnabled false
12-16 12:06:41.851 14322 16438 I System.out: (HTTPLog)-Static: isSBSettingEnabled false
12-16 12:06:41.940 14322 16438 I System.out: (HTTPLog)-Static: isSBSettingEnabled false
12-16 12:06:41.940 14322 16438 I System.out: (HTTPLog)-Static: isSBSettingEnabled false
12-16 12:06:42.027 14322 16438 I System.out: (HTTPLog)-Static: isSBSettingEnabled false
12-16 12:06:42.027 14322 16438 I System.out: (HTTPLog)-Static: isSBSettingEnabled false
12-16 12:06:42.062 14322 16439 I System.out: (HTTPLog)-Static: isSBSettingEnabled false
12-16 12:06:42.062 14322 16439 I System.out: (HTTPLog)-Static: isSBSettingEnabled false
12-16 12:06:42.102 14322 16438 I System.out: (HTTPLog)-Static: isSBSettingEnabled false
12-16 12:06:42.102 14322 16438 I System.out: (HTTPLog)-Static: isSBSettingEnabled false
12-16 12:06:42.164 14322 16439 I System.out: (HTTPLog)-Static: isSBSettingEnabled false
12-16 12:06:42.165 14322 16439 I System.out: (HTTPLog)-Static: isSBSettingEnabled false
12-16 12:06:42.184 14322 16438 I System.out: (HTTPLog)-Static: isSBSettingEnabled false
12-16 12:06:42.184 14322 16438 I System.out: (HTTPLog)-Static: isSBSettingEnabled false
12-16 12:06:42.259 14322 16439 I System.out: (HTTPLog)-Static: isSBSettingEnabled false
12-16 12:06:42.259 14322 16439 I System.out: (HTTPLog)-Static: isSBSettingEnabled false
12-16 12:06:42.274 14322 16438 I System.out: (HTTPLog)-Static: isSBSettingEnabled false
12-16 12:06:42.274 14322 16438 I System.out: (HTTPLog)-Static: isSBSettingEnabled false
12-16 12:06:42.329 14322 16439 I System.out: (HTTPLog)-Static: isSBSettingEnabled false
12-16 12:06:42.329 14322 16439 I System.out: (HTTPLog)-Static: isSBSettingEnabled false
12-16 12:06:42.347 14322 16438 I System.out: (HTTPLog)-Static: isSBSettingEnabled false
12-16 12:06:42.347 14322 16438 I System.out: (HTTPLog)-Static: isSBSettingEnabled false
12-16 12:06:42.427 14322 16439 I System.out: (HTTPLog)-Static: isSBSettingEnabled false
12-16 12:06:42.428 14322 16439 I System.out: (HTTPLog)-Static: isSBSettingEnabled false
12-16 12:06:42.435 14322 16438 I System.out: (HTTPLog)-Static: isSBSettingEnabled false
12-16 12:06:42.436 14322 16438 I System.out: (HTTPLog)-Static: isSBSettingEnabled false
12-16 12:06:42.530 14322 16439 I System.out: (HTTPLog)-Static: isSBSettingEnabled false
12-16 12:06:42.530 14322 16439 I System.out: (HTTPLog)-Static: isSBSettingEnabled false
12-16 12:06:42.550 14322 16438 I System.out: (HTTPLog)-Static: isSBSettingEnabled false
12-16 12:06:42.550 14322 16438 I System.out: (HTTPLog)-Static: isSBSettingEnabled false
12-16 12:06:42.638 14322 16438 I System.out: (HTTPLog)-Static: isSBSettingEnabled false
12-16 12:06:42.638 14322 16438 I System.out: (HTTPLog)-Static: isSBSettingEnabled false
12-16 12:06:42.660 14322 16439 I System.out: (HTTPLog)-Static: isSBSettingEnabled false
12-16 12:06:42.660 14322 16439 I System.out: (HTTPLog)-Static: isSBSettingEnabled false
12-16 12:06:42.760 14322 16438 I System.out: (HTTPLog)-Static: isSBSettingEnabled false
12-16 12:06:42.760 14322 16438 I System.out: (HTTPLog)-Static: isSBSettingEnabled false
12-16 12:06:42.781 14322 16439 I System.out: (HTTPLog)-Static: isSBSettingEnabled false
12-16 12:06:42.781 14322 16439 I System.out: (HTTPLog)-Static: isSBSettingEnabled false
12-16 12:06:42.882 14322 16439 I System.out: (HTTPLog)-Static: isSBSettingEnabled false
12-16 12:06:42.882 14322 16439 I System.out: (HTTPLog)-Static: isSBSettingEnabled false
12-16 12:06:42.889 14322 16438 I System.out: (HTTPLog)-Static: isSBSettingEnabled false
12-16 12:06:42.889 14322 16438 I System.out: (HTTPLog)-Static: isSBSettingEnabled false
12-16 12:06:43.013 14322 16439 I System.out: (HTTPLog)-Static: isSBSettingEnabled false
12-16 12:06:43.013 14322 16439 I System.out: (HTTPLog)-Static: isSBSettingEnabled false
12-16 12:06:43.023 14322 16438 I System.out: (HTTPLog)-Static: isSBSettingEnabled false
12-16 12:06:43.023 14322 16438 I System.out: (HTTPLog)-Static: isSBSettingEnabled false
12-16 12:06:43.066 14322 14322 I ViewRootImpl@323ce5e[MainActivity]: ViewPostIme pointer 0
12-16 12:06:43.144 14322 16439 I System.out: (HTTPLog)-Static: isSBSettingEnabled false
12-16 12:06:43.144 14322 16439 I System.out: (HTTPLog)-Static: isSBSettingEnabled false
12-16 12:06:43.157 14322 16438 I System.out: (HTTPLog)-Static: isSBSettingEnabled false
12-16 12:06:43.157 14322 16438 I System.out: (HTTPLog)-Static: isSBSettingEnabled false
12-16 12:06:43.247 14322 16438 I System.out: (HTTPLog)-Static: isSBSettingEnabled false
12-16 12:06:43.247 14322 16438 I System.out: (HTTPLog)-Static: isSBSettingEnabled false
12-16 12:06:43.284 14322 16439 I System.out: (HTTPLog)-Static: isSBSettingEnabled false
12-16 12:06:43.284 14322 16439 I System.out: (HTTPLog)-Static: isSBSettingEnabled false
12-16 12:06:43.401 14322 15879 W SendBird: [12:06:43.401 Connection$1:onMessage():235] onMessage instance : [PONG] com.sendbird.android.Connection@df8f48a
12-16 12:06:43.402 14322 15879 W Sendbird: [12:06:43.401 Connection$1:onMessage():236] onMessage instance : [PONG] com.sendbird.android.Connection@df8f48a
12-16 12:06:43.404 14322 15949 W SendBird: [12:06:43.404 EventController$1:call():141] ++ result[PONG] runnable=null
12-16 12:06:43.572 14322 14573 D BONUSPACK: OSRMRoadManager.getRoads:https://routing.openstreetmap.de/routed-car/route/v1/driving/14.2685365677,40.8524166435;12.5013256073,41.9014785048?alternatives=false&overview=full&steps=true
12-16 12:06:43.951 14322 14573 D BONUSPACK: OSRMRoadManager.getRoads - finished
12-16 12:06:43.969 14322 14322 I ViewRootImpl@323ce5e[MainActivity]: ViewPostIme pointer 1
12-16 12:06:45.000 14322 14322 I ViewRootImpl@323ce5e[MainActivity]: ViewPostIme pointer 0
12-16 12:06:45.141 14322 16438 I System.out: (HTTPLog)-Static: isSBSettingEnabled false
12-16 12:06:45.141 14322 16438 I System.out: (HTTPLog)-Static: isSBSettingEnabled false
12-16 12:06:45.148 14322 16439 I System.out: (HTTPLog)-Static: isSBSettingEnabled false
12-16 12:06:45.148 14322 16439 I System.out: (HTTPLog)-Static: isSBSettingEnabled false
12-16 12:06:45.289 14322 16438 I System.out: (HTTPLog)-Static: isSBSettingEnabled false
12-16 12:06:45.289 14322 16438 I System.out: (HTTPLog)-Static: isSBSettingEnabled false
12-16 12:06:45.304 14322 16439 I System.out: (HTTPLog)-Static: isSBSettingEnabled false
12-16 12:06:45.304 14322 16439 I System.out: (HTTPLog)-Static: isSBSettingEnabled false
12-16 12:06:45.374 14322 14322 I ViewRootImpl@323ce5e[MainActivity]: ViewPostIme pointer 1
12-16 12:06:45.415 14322 16438 I System.out: (HTTPLog)-Static: isSBSettingEnabled false
12-16 12:06:45.415 14322 16438 I System.out: (HTTPLog)-Static: isSBSettingEnabled false
12-16 12:06:45.425 14322 16439 I System.out: (HTTPLog)-Static: isSBSettingEnabled false
12-16 12:06:45.425 14322 16439 I System.out: (HTTPLog)-Static: isSBSettingEnabled false
12-16 12:06:45.533 14322 16438 I System.out: (HTTPLog)-Static: isSBSettingEnabled false
12-16 12:06:45.533 14322 16438 I System.out: (HTTPLog)-Static: isSBSettingEnabled false
12-16 12:06:45.541 14322 16439 I System.out: (HTTPLog)-Static: isSBSettingEnabled false
12-16 12:06:45.541 14322 16439 I System.out: (HTTPLog)-Static: isSBSettingEnabled false
12-16 12:06:45.597 14322 14322 I ViewRootImpl@323ce5e[MainActivity]: ViewPostIme pointer 0
12-16 12:06:45.643 14322 16438 I System.out: (HTTPLog)-Static: isSBSettingEnabled false
12-16 12:06:45.644 14322 16438 I System.out: (HTTPLog)-Static: isSBSettingEnabled false
12-16 12:06:45.665 14322 16439 I System.out: (HTTPLog)-Static: isSBSettingEnabled false
12-16 12:06:45.665 14322 16439 I System.out: (HTTPLog)-Static: isSBSettingEnabled false
12-16 12:06:45.747 14322 16438 I System.out: (HTTPLog)-Static: isSBSettingEnabled false
12-16 12:06:45.747 14322 16438 I System.out: (HTTPLog)-Static: isSBSettingEnabled false
12-16 12:06:45.772 14322 16439 I System.out: (HTTPLog)-Static: isSBSettingEnabled false
12-16 12:06:45.772 14322 16439 I System.out: (HTTPLog)-Static: isSBSettingEnabled false
12-16 12:06:45.833 14322 14322 I ViewRootImpl@323ce5e[MainActivity]: ViewPostIme pointer 1
12-16 12:06:45.858 14322 16439 I System.out: (HTTPLog)-Static: isSBSettingEnabled false
12-16 12:06:45.858 14322 16439 I System.out: (HTTPLog)-Static: isSBSettingEnabled false
12-16 12:06:45.971 14322 16439 I System.out: (HTTPLog)-Static: isSBSettingEnabled false
12-16 12:06:45.971 14322 16439 I System.out: (HTTPLog)-Static: isSBSettingEnabled false
12-16 12:06:46.009 14322 14322 I ViewRootImpl@323ce5e[MainActivity]: ViewPostIme pointer 0
12-16 12:06:46.097 14322 16439 I System.out: (HTTPLog)-Static: isSBSettingEnabled false
12-16 12:06:46.097 14322 16439 I System.out: (HTTPLog)-Static: isSBSettingEnabled false
12-16 12:06:46.116 14322 16438 I System.out: (HTTPLog)-Static: isSBSettingEnabled false
12-16 12:06:46.116 14322 16438 I System.out: (HTTPLog)-Static: isSBSettingEnabled false
12-16 12:06:46.184 14322 14322 I ViewRootImpl@323ce5e[MainActivity]: ViewPostIme pointer 1
12-16 12:06:46.195 14322 16439 I System.out: (HTTPLog)-Static: isSBSettingEnabled false
12-16 12:06:46.196 14322 16439 I System.out: (HTTPLog)-Static: isSBSettingEnabled false
12-16 12:06:46.200 14322 14337 I om.rmc.natour2: Background concurrent copying GC freed 90922(4107KB) AllocSpace objects, 346(8712KB) LOS objects, 49% free, 13MB/27MB, paused 149us total 103.702ms
12-16 12:06:46.228 14322 16438 I System.out: (HTTPLog)-Static: isSBSettingEnabled false
12-16 12:06:46.228 14322 16438 I System.out: (HTTPLog)-Static: isSBSettingEnabled false
12-16 12:06:46.336 14322 14322 I ViewRootImpl@323ce5e[MainActivity]: ViewPostIme pointer 0
12-16 12:06:46.375 14322 16439 I System.out: (HTTPLog)-Static: isSBSettingEnabled false
12-16 12:06:46.375 14322 16439 I System.out: (HTTPLog)-Static: isSBSettingEnabled false
12-16 12:06:46.383 14322 16438 I System.out: (HTTPLog)-Static: isSBSettingEnabled false
12-16 12:06:46.383 14322 16438 I System.out: (HTTPLog)-Static: isSBSettingEnabled false
12-16 12:06:46.499 14322 16438 I System.out: (HTTPLog)-Static: isSBSettingEnabled false
12-16 12:06:46.499 14322 16438 I System.out: (HTTPLog)-Static: isSBSettingEnabled false
12-16 12:06:46.527 14322 16439 I System.out: (HTTPLog)-Static: isSBSettingEnabled false
12-16 12:06:46.527 14322 16439 I System.out: (HTTPLog)-Static: isSBSettingEnabled false
12-16 12:06:46.568 14322 14322 I ViewRootImpl@323ce5e[MainActivity]: ViewPostIme pointer 1
12-16 12:06:46.836 14322 14322 I ViewRootImpl@323ce5e[MainActivity]: ViewPostIme pointer 0
12-16 12:06:46.920 14322 16438 I System.out: (HTTPLog)-Static: isSBSettingEnabled false
12-16 12:06:46.920 14322 16438 I System.out: (HTTPLog)-Static: isSBSettingEnabled false
12-16 12:06:46.936 14322 16439 I System.out: (HTTPLog)-Static: isSBSettingEnabled false
12-16 12:06:46.937 14322 16439 I System.out: (HTTPLog)-Static: isSBSettingEnabled false
12-16 12:06:47.170 14322 14322 I ViewRootImpl@323ce5e[MainActivity]: ViewPostIme pointer 1
12-16 12:06:47.215 14322 16438 I System.out: (HTTPLog)-Static: isSBSettingEnabled false
12-16 12:06:47.216 14322 16438 I System.out: (HTTPLog)-Static: isSBSettingEnabled false
12-16 12:06:47.231 14322 16439 I System.out: (HTTPLog)-Static: isSBSettingEnabled false
12-16 12:06:47.231 14322 16439 I System.out: (HTTPLog)-Static: isSBSettingEnabled false
12-16 12:06:47.368 14322 16438 I System.out: (HTTPLog)-Static: isSBSettingEnabled false
12-16 12:06:47.368 14322 16438 I System.out: (HTTPLog)-Static: isSBSettingEnabled false
12-16 12:06:47.457 14322 16438 I System.out: (HTTPLog)-Static: isSBSettingEnabled false
12-16 12:06:47.457 14322 16438 I System.out: (HTTPLog)-Static: isSBSettingEnabled false
12-16 12:06:47.481 14322 14322 I ViewRootImpl@323ce5e[MainActivity]: ViewPostIme pointer 0
12-16 12:06:47.713 14322 16438 I System.out: (HTTPLog)-Static: isSBSettingEnabled false
12-16 12:06:47.713 14322 16438 I System.out: (HTTPLog)-Static: isSBSettingEnabled false
12-16 12:06:47.834 14322 14322 I ViewRootImpl@323ce5e[MainActivity]: ViewPostIme pointer 1
12-16 12:06:48.030 14322 16438 I System.out: (HTTPLog)-Static: isSBSettingEnabled false
12-16 12:06:48.030 14322 16438 I System.out: (HTTPLog)-Static: isSBSettingEnabled false
12-16 12:06:48.084 14322 16439 I System.out: (HTTPLog)-Static: isSBSettingEnabled false
12-16 12:06:48.084 14322 16439 I System.out: (HTTPLog)-Static: isSBSettingEnabled false
12-16 12:06:48.119 14322 16438 I System.out: (HTTPLog)-Static: isSBSettingEnabled false
12-16 12:06:48.119 14322 16438 I System.out: (HTTPLog)-Static: isSBSettingEnabled false
12-16 12:06:48.156 14322 14322 I ViewRootImpl@323ce5e[MainActivity]: ViewPostIme pointer 0
12-16 12:06:48.179 14322 16439 I System.out: (HTTPLog)-Static: isSBSettingEnabled false
12-16 12:06:48.179 14322 16439 I System.out: (HTTPLog)-Static: isSBSettingEnabled false
12-16 12:06:48.219 14322 16438 I System.out: (HTTPLog)-Static: isSBSettingEnabled false
