12-16 12:11:58.501 19002 19002 D InputMethodManager: prepareNavigationBarInfo() DecorView@597789f[Splashscreen]
12-16 12:11:58.501 19002 19002 D InputMethodManager: getNavigationBarColor() -855310
12-16 12:11:58.501 19002 19002 V InputMethodManager: Starting input: tba=com.rmc.natour21 ic=null mNaviBarColor -855310 mIsGetNaviBarColorSuccess true , NavVisible : true , NavTrans : false
12-16 12:11:58.501 19002 19002 D InputMethodManager: startInputInner - Id : 0
12-16 12:11:58.508 19002 19056 W AnalyticsUserIDStore: initStore should have been called before calling setUserID
12-16 12:11:58.535 19002 19056 I System.out: (HTTPLog)-Static: isSBSettingEnabled false
12-16 12:11:58.535 19002 19056 I System.out: (HTTPLog)-Static: isSBSettingEnabled false
12-16 12:11:58.715 19002 19050 I System.out: (HTTPLog)-Static: isSBSettingEnabled false
12-16 12:11:58.715 19002 19050 I System.out: (HTTPLog)-Static: isSBSettingEnabled false
12-16 12:11:58.946 19002 19071 I System.out: Firebase token: eyJhbGciOiJSUzI1NiIsImtpZCI6Ijk3OGI1NmM2NmVhYmIwZDlhNmJhOGNhMzMwMTU2NGEyMzhlYWZjODciLCJ0eXAiOiJKV1QifQ.eyJuYW1lIjoiY2xhdWRpbyB2ZWxvdHRpIiwicGljdHVyZSI6Imh0dHBzOi8vbGgzLmdvb2dsZXVzZXJjb250ZW50LmNvbS9hL0FMbTV3dTI5V2MtR0dNWkljYk9qc2hic0pORFJ6OW9ZQjNYR3hXUmRWekdIPXM5Ni1jIiwiaXNzIjoiaHR0cHM6Ly9zZWN1cmV0b2tlbi5nb29nbGUuY29tL25hdG91cjIxLWZjNmVhIiwiYXVkIjoibmF0b3VyMjEtZmM2ZWEiLCJhdXRoX3RpbWUiOjE2NzExODg3NTEsInVzZXJfaWQiOiJkT3lqREZWbVhCYnRhVjVWMkdXOEc5NmZVdjQzIiwic3ViIjoiZE95akRGVm1YQmJ0YVY1VjJHVzhHOTZmVXY0MyIsImlhdCI6MTY3MTE4ODc1MSwiZXhwIjoxNjcxMTkyMzUxLCJlbWFpbCI6ImNsYWRvdHRpMzFAZ21haWwuY29tIiwiZW1haWxfdmVyaWZpZWQiOnRydWUsImZpcmViYXNlIjp7ImlkZW50aXRpZXMiOnsiZ29vZ2xlLmNvbSI6WyIxMTI0OTI4NzA2NDA3MTc2NTQ1NzAiXSwiZW1haWwiOlsiY2xhZG90dGkzMUBnbWFpbC5jb20iXX0sInNpZ25faW5fcHJvdmlkZXIiOiJnb29nbGUuY29tIn19.RxZplc6vZUPul4PopRgqN9-kUpK7g3_qk4s0eKM6LLgPKmAENhUhR7twdTH7WQWG292u_Xt47dqc16PEaSr2tntcXDhZ9HjDxwW66Sc8WebyQpJtMbTnV0cTGGQv0Kxb94mvni_99nppPGiy_p2Cf7BttcWujPkhJK-1mTB7lpX_Ca-658LcLoyHqkhYULg_hLvPFi4XgI9bZlmMi_Sk7Nw3nNzGPyCypL__P5YZiuqcx3H68zuotadKTPy7hU14uyjAU2hQKFRZzJSPH2dBWKs5nGn4OJe68m-Jr_XJ4qmXnAcHMH6cOq9yAZ7xA7Cz7jCSU1gobJHwNihRTfYW0g
12-16 12:11:59.177 19002 19094 V NativeCrypto: Registering org/conscrypt/NativeCrypto's 286 native methods...
12-16 12:12:00.226 19002 19071 W om.rmc.natour2: Accessing hidden method Ldalvik/system/BlockGuard;->getThreadPolicy()Ldalvik/system/BlockGuard$Policy; (greylist,core-platform-api, linking, allowed)
12-16 12:12:00.226 19002 19071 W om.rmc.natour2: Accessing hidden method Ldalvik/system/BlockGuard$Policy;->onNetwork()V (greylist, linking, allowed)
12-16 12:12:00.227 19002 19071 W om.rmc.natour2: Accessing hidden method Ldalvik/system/CloseGuard;->close()V (greylist,core-platform-api, linking, allowed)
12-16 12:12:00.227 19002 19071 W om.rmc.natour2: Accessing hidden method Ldalvik/system/CloseGuard;->get()Ldalvik/system/CloseGuard; (greylist,core-platform-api, linking, allowed)
12-16 12:12:00.227 19002 19071 W om.rmc.natour2: Accessing hidden method Ldalvik/system/CloseGuard;->open(Ljava/lang/String;)V (greylist,core-platform-api, linking, allowed)
12-16 12:12:00.227 19002 19071 W om.rmc.natour2: Accessing hidden method Ldalvik/system/CloseGuard;->warnIfOpen()V (greylist,core-platform-api, linking, allowed)
12-16 12:12:00.231 19002 19071 W om.rmc.natour2: Accessing hidden method Ljava/security/spec/ECParameterSpec;->getCurveName()Ljava/lang/String; (greylist, reflection, allowed)
12-16 12:12:00.364 19002 19002 D SBUIKIT : [12:12:00.363 SendBirdUIKit$1:onInitSucceed():174] >> onInitSucceed()
12-16 12:12:00.376 19002 19002 W ActivityThread: handleWindowVisibility: no activity for token android.os.BinderProxy@1e40a26
12-16 12:12:00.395 19002 19002 D PhoneWindow: forceLight changed to true [] from com.android.internal.policy.PhoneWindow.updateForceLightNavigationBar:4274 com.android.internal.policy.DecorView.updateColorViews:1547 com.android.internal.policy.PhoneWindow.dispatchWindowAttributesChanged:3252 android.view.Window.setFlags:1153 com.android.internal.policy.PhoneWindow.generateLayout:2474 
12-16 12:12:00.396 19002 19002 I MultiWindowDecorSupport: [INFO] isPopOver = false
12-16 12:12:00.396 19002 19002 I MultiWindowDecorSupport: updateCaptionType >> DecorView@5948d6[], isFloating: false, isApplication: true, hasWindowDecorCaption: false, hasWindowControllerCallback: true
12-16 12:12:00.396 19002 19002 D MultiWindowDecorSupport: setCaptionType = 0, DecorView = DecorView@5948d6[]
12-16 12:12:00.758 19002 19119 W om.rmc.natour2: Accessing hidden field Ljava/net/Socket;->impl:Ljava/net/SocketImpl; (greylist, reflection, allowed)
12-16 12:12:00.767 19002 19002 D ConnectivityManager: requestNetwork; CallingUid : 10308, CallingPid : 19002
12-16 12:12:00.767 19002 19120 W om.rmc.natour2: Accessing hidden field Ljava/io/FileDescriptor;->descriptor:I (greylist, JNI, allowed)
12-16 12:12:00.780 19002 19002 I ViewRootImpl@650238a[MainActivity]: setView = com.android.internal.policy.DecorView@5948d6 TM=true MM=false
12-16 12:12:00.781 19002 19002 I ViewRootImpl@303f1ae[Splashscreen]: MSG_WINDOW_FOCUS_CHANGED 0 1
12-16 12:12:00.781 19002 19002 D InputMethodManager: prepareNavigationBarInfo() DecorView@597789f[Splashscreen]
12-16 12:12:00.781 19002 19002 D InputMethodManager: getNavigationBarColor() -855310
12-16 12:12:00.850 19002 19002 I ViewRootImpl@650238a[MainActivity]: Relayout returned: old=(0,0,1080,2220) new=(0,0,1080,2220) req=(1080,2220)0 dur=6 res=0x7 s={true 521157943296} ch=true
12-16 12:12:00.851 19002 19064 D mali_winsys: EGLint new_window_surface(egl_winsys_display *, void *, EGLSurface, EGLConfig, egl_winsys_surface **, EGLBoolean) returns 0x3000
12-16 12:12:00.876 19002 19002 I ViewRootImpl@650238a[MainActivity]: [DrawPending] drawPending(1) 1 android.view.ViewRootImpl.reportNextDraw:9952 android.view.ViewRootImpl.performTraversals:3329 android.view.ViewRootImpl.doTraversal:2222 
12-16 12:12:00.878 19002 19002 I ViewRootImpl@650238a[MainActivity]: [DrawPending] performDraw() Waiting asnyc report
12-16 12:12:00.882 19002 19120 W om.rmc.natour2: Accessing hidden method Ljava/security/spec/ECParameterSpec;->setCurveName(Ljava/lang/String;)V (greylist, reflection, allowed)
12-16 12:12:00.882 19002 19119 W om.rmc.natour2: Accessing hidden method Ljava/security/spec/ECParameterSpec;->setCurveName(Ljava/lang/String;)V (greylist, reflection, allowed)
12-16 12:12:00.927 19002 19002 I ViewRootImpl@650238a[MainActivity]: [DrawPending] pendingDrawFinished(0) 1 android.view.ViewRootImpl.lambda$performDraw$1$ViewRootImpl:4058 android.view.-$$Lambda$ViewRootImpl$7A_3tkr_Kw4TZAeIUGVlOoTcZhg.run:4 android.os.Handler.handleCallback:883 
12-16 12:12:00.927 19002 19002 I ViewRootImpl@650238a[MainActivity]: [DrawPending] reportDrawFinished()
12-16 12:12:00.929 19002 19002 I ViewRootImpl@650238a[MainActivity]: MSG_WINDOW_FOCUS_CHANGED 1 1
12-16 12:12:00.930 19002 19002 D InputMethodManager: prepareNavigationBarInfo() DecorView@5948d6[MainActivity]
12-16 12:12:00.930 19002 19002 D InputMethodManager: getNavigationBarColor() -855310
12-16 12:12:00.938 19002 19002 D EmergencyMode: [EmergencyManager] android createPackageContext successful: com.rmc.natour21
12-16 12:12:00.943 19002 19002 D InputMethodManager: prepareNavigationBarInfo() DecorView@5948d6[MainActivity]
12-16 12:12:00.943 19002 19002 D InputMethodManager: getNavigationBarColor() -855310
12-16 12:12:00.943 19002 19002 V InputMethodManager: Starting input: tba=com.rmc.natour21 ic=null mNaviBarColor -855310 mIsGetNaviBarColorSuccess true , NavVisible : true , NavTrans : false
12-16 12:12:00.943 19002 19002 D InputMethodManager: startInputInner - Id : 0
12-16 12:12:00.943 19002 19002 I InputMethodManager: startInputInner - mService.startInputOrWindowGainedFocus
12-16 12:12:00.944 19002 19002 D InputTransport: Input channel destroyed: 'ClientS', fd=96
12-16 12:12:00.951 19002 19002 I ViewRootImpl@650238a[MainActivity]: MSG_RESIZED: frame=(0,0,1080,2220) ci=(0,63,0,0) vi=(0,63,0,0) or=1
12-16 12:12:01.068 19002 19071 W Glide   : Failed to find GeneratedAppGlideModule. You should include an annotationProcessor compile dependency on com.github.bumptech.glide:compiler in your application and a @GlideModule annotated AppGlideModule implementation or LibraryGlideModules will be silently ignored
12-16 12:12:01.085 19002 19120 W SendBird: [12:12:01.084 Connection$1:onMessage():235] onMessage instance : [LOGI] com.sendbird.android.Connection@8ead62d
12-16 12:12:01.087 19002 19120 W Sendbird: [12:12:01.086 Connection$1:onMessage():236] onMessage instance : [LOGI] com.sendbird.android.Connection@8ead62d
12-16 12:12:01.098 19002 19071 D ConnectivityManager: requestNetwork; CallingUid : 10308, CallingPid : 19002
12-16 12:12:01.109 19002 19136 W SendBird: [12:12:01.109 EventController$1:call():141] ++ result[LOGI] runnable=null
12-16 12:12:01.143 19002 19113 D SBUIKIT : [12:12:01.142 SendBirdUIKit$2:call():298] ++ user nickname = claudio velotti, profileUrl = http://18.195.186.181:8080/img/92/raw
12-16 12:12:01.194 19002 19120 W SendBird: [12:12:01.194 Connection$1:onMessage():235] onMessage instance : [PONG] com.sendbird.android.Connection@8ead62d
12-16 12:12:01.195 19002 19120 W Sendbird: [12:12:01.195 Connection$1:onMessage():236] onMessage instance : [PONG] com.sendbird.android.Connection@8ead62d
12-16 12:12:01.197 19002 19136 W SendBird: [12:12:01.197 EventController$1:call():141] ++ result[PONG] runnable=null
12-16 12:12:01.272 19002 19002 I System.out: SENDBIRD TOKEN OK ckOTAZioSROKNMJFPmblOe:APA91bGVcG9r_iXcHFgG4Iporvbe7LY4wQBAVWfyWIWJnWzg5h8jwyooQ25LxvLEqeLKSFX8jlOxjHRr5t9uy5rrsHMA7I4iE0NfcLRlw_nQeNQWpru1u2nLitOl0dT_dISCBj72bvr1
12-16 12:12:01.350 19002 19064 W libEGL  : EGLNativeWindowType 0x79b46bb810 disconnect failed
12-16 12:12:01.357 19002 19002 I ViewRootImpl@303f1ae[Splashscreen]: Relayout returned: old=(0,0,1080,2220) new=(0,0,1080,2220) req=(1080,2220)8 dur=7 res=0x5 s={false 0} ch=true
12-16 12:12:01.359 19002 19002 D ConnectivityManager: unregisterNetworkCallback; CallingUid : 10308, CallingPid : 19002
12-16 12:12:01.360 19002 19002 I ViewRootImpl@303f1ae[Splashscreen]: stopped(true) old=false
12-16 12:12:01.366 19002 19033 W om.rmc.natour2: Accessing hidden method Lsun/misc/Unsafe;->putObjectVolatile(Ljava/lang/Object;JLjava/lang/Object;)V (greylist, linking, allowed)
12-16 12:12:01.366 19002 19002 I ViewRootImpl@303f1ae[Splashscreen]: dispatchDetachedFromWindow
12-16 12:12:01.370 19002 19002 D InputTransport: Input channel destroyed: 'eb8dc4e', fd=89
12-16 12:12:06.878 19002 19002 I ViewRootImpl@650238a[MainActivity]: ViewPostIme pointer 0
12-16 12:12:06.923 19002 19002 I ViewRootImpl@650238a[MainActivity]: ViewPostIme pointer 1
12-16 12:12:06.950 19002 19002 D ConnectivityManager: unregisterNetworkCallback; CallingUid : 10308, CallingPid : 19002
12-16 12:12:06.969 19002 19002 I StorageUtils: /data/user/0/com.rmc.natour21/files is writable
12-16 12:12:06.975 19002 19002 I StorageUtils: /storage/emulated/0/Android/data/com.rmc.natour21/files is writable
12-16 12:12:06.977 19002 19002 I StorageUtils: /storage/0123-4567/Android/data/com.rmc.natour21/files is writable
12-16 12:12:06.977 19002 19002 I StorageUtils: /data/user/0/com.rmc.natour21/files is writable
12-16 12:12:06.978 19002 19002 I StorageUtils: /storage/emulated/0/Android/data/com.rmc.natour21/files is writable
12-16 12:12:06.978 19002 19002 I StorageUtils: /storage/0123-4567/Android/data/com.rmc.natour21/files is writable
12-16 12:12:06.983 19002 19002 I OsmDroid: Using tile source: Mapnik
12-16 12:12:06.987 19002 19002 I OsmDroid: Tile cache increased from 0 to 9
12-16 12:12:07.121 19002 19002 D ConnectivityManager: requestNetwork; CallingUid : 10308, CallingPid : 19002
12-16 12:12:07.140 19002 19002 D InputMethodManager: prepareNavigationBarInfo() DecorView@5948d6[MainActivity]
12-16 12:12:07.140 19002 19002 D InputMethodManager: getNavigationBarColor() -855310
12-16 12:12:07.140 19002 19002 V InputMethodManager: Starting input: tba=com.rmc.natour21 ic=null mNaviBarColor -855310 mIsGetNaviBarColorSuccess true , NavVisible : true , NavTrans : false
12-16 12:12:07.140 19002 19002 D InputMethodManager: startInputInner - Id : 0
12-16 12:12:07.140 19002 19002 I InputMethodManager: startInputInner - mService.startInputOrWindowGainedFocus
12-16 12:12:07.141 19002 19002 D InputTransport: Input channel destroyed: 'ClientS', fd=123
12-16 12:12:07.184 19002 19002 I ViewRootImpl@650238a[MainActivity]: Relayout returned: old=(0,0,1080,2220) new=(0,0,1080,2220) req=(1080,2220)0 dur=11 res=0x1 s={true 521157943296} ch=false
12-16 12:12:07.202 19002 19002 I OsmDroid: Tile cache increased from 9 to 54
12-16 12:12:07.334 19002 19014 I om.rmc.natour2: NativeAlloc concurrent copying GC freed 61746(3602KB) AllocSpace objects, 32(768KB) LOS objects, 49% free, 11MB/22MB, paused 161us total 146.684ms
12-16 12:12:07.795 19002 19002 I ViewRootImpl@650238a[MainActivity]: ViewPostIme pointer 0
12-16 12:12:07.855 19002 19002 I ViewRootImpl@650238a[MainActivity]: ViewPostIme pointer 1
12-16 12:12:08.060 19002 19002 D InputMethodManager: prepareNavigationBarInfo() DecorView@5948d6[MainActivity]
12-16 12:12:08.060 19002 19002 D InputMethodManager: getNavigationBarColor() -855310
12-16 12:12:08.060 19002 19002 V InputMethodManager: Starting input: tba=com.rmc.natour21 ic=null mNaviBarColor -855310 mIsGetNaviBarColorSuccess true , NavVisible : true , NavTrans : false
12-16 12:12:08.060 19002 19002 D InputMethodManager: startInputInner - Id : 0
12-16 12:12:08.060 19002 19002 I InputMethodManager: startInputInner - mService.startInputOrWindowGainedFocus
12-16 12:12:08.063 19002 19002 D InputTransport: Input channel destroyed: 'ClientS', fd=129
12-16 12:12:08.079 19002 19002 I AssistStructure: Flattened final assist data: 5644 bytes, containing 1 windows, 44 views
12-16 12:12:08.435 19002 19002 I ViewRootImpl@650238a[MainActivity]: ViewPostIme pointer 0
12-16 12:12:08.486 19002 19002 I ViewRootImpl@650238a[MainActivity]: ViewPostIme pointer 1
12-16 12:12:08.703 19002 19002 D InputMethodManager: prepareNavigationBarInfo() DecorView@5948d6[MainActivity]
12-16 12:12:08.703 19002 19002 D InputMethodManager: getNavigationBarColor() -855310
12-16 12:12:08.704 19002 19002 V InputMethodManager: Starting input: tba=com.rmc.natour21 ic=null mNaviBarColor -855310 mIsGetNaviBarColorSuccess true , NavVisible : true , NavTrans : false
12-16 12:12:08.704 19002 19002 D InputMethodManager: startInputInner - Id : 0
12-16 12:12:08.704 19002 19002 I InputMethodManager: startInputInner - mService.startInputOrWindowGainedFocus
12-16 12:12:08.706 19002 19002 D InputTransport: Input channel destroyed: 'ClientS', fd=131
12-16 12:12:08.825 19002 19002 I ViewRootImpl@650238a[MainActivity]: ViewPostIme pointer 0
12-16 12:12:08.825 19002 19018 I om.rmc.natour2: Compiler allocated 4218KB to compile void android.view.ViewRootImpl.performTraversals()
12-16 12:12:08.891 19002 19002 I ViewRootImpl@650238a[MainActivity]: ViewPostIme pointer 1
12-16 12:12:09.091 19002 19002 D InputMethodManager: prepareNavigationBarInfo() DecorView@5948d6[MainActivity]
12-16 12:12:09.091 19002 19002 D InputMethodManager: getNavigationBarColor() -855310
12-16 12:12:09.091 19002 19002 V InputMethodManager: Starting input: tba=com.rmc.natour21 ic=null mNaviBarColor -855310 mIsGetNaviBarColorSuccess true , NavVisible : true , NavTrans : false
12-16 12:12:09.091 19002 19002 D InputMethodManager: startInputInner - Id : 0
12-16 12:12:09.091 19002 19002 I InputMethodManager: startInputInner - mService.startInputOrWindowGainedFocus
12-16 12:12:09.094 19002 19002 D InputTransport: Input channel destroyed: 'ClientS', fd=125
12-16 12:12:09.237 19002 19002 I ViewRootImpl@650238a[MainActivity]: ViewPostIme pointer 0
12-16 12:12:09.290 19002 19002 I ViewRootImpl@650238a[MainActivity]: ViewPostIme pointer 1
12-16 12:12:09.502 19002 19002 D InputMethodManager: prepareNavigationBarInfo() DecorView@5948d6[MainActivity]
12-16 12:12:09.502 19002 19002 D InputMethodManager: getNavigationBarColor() -855310
12-16 12:12:09.502 19002 19002 V InputMethodManager: Starting input: tba=com.rmc.natour21 ic=null mNaviBarColor -855310 mIsGetNaviBarColorSuccess true , NavVisible : true , NavTrans : false
12-16 12:12:09.502 19002 19002 D InputMethodManager: startInputInner - Id : 0
12-16 12:12:09.502 19002 19002 I InputMethodManager: startInputInner - mService.startInputOrWindowGainedFocus
12-16 12:12:09.505 19002 19002 D InputTransport: Input channel destroyed: 'ClientS', fd=128
12-16 12:12:09.698 19002 19002 I ViewRootImpl@650238a[MainActivity]: ViewPostIme pointer 0
12-16 12:12:09.749 19002 19002 I ViewRootImpl@650238a[MainActivity]: ViewPostIme pointer 1
12-16 12:12:09.956 19002 19002 D InputMethodManager: prepareNavigationBarInfo() DecorView@5948d6[MainActivity]
12-16 12:12:09.956 19002 19002 D InputMethodManager: getNavigationBarColor() -855310
12-16 12:12:09.956 19002 19002 V InputMethodManager: Starting input: tba=com.rmc.natour21 ic=null mNaviBarColor -855310 mIsGetNaviBarColorSuccess true , NavVisible : true , NavTrans : false
12-16 12:12:09.957 19002 19002 D InputMethodManager: startInputInner - Id : 0
12-16 12:12:09.957 19002 19002 I InputMethodManager: startInputInner - mService.startInputOrWindowGainedFocus
12-16 12:12:09.959 19002 19002 D InputTransport: Input channel destroyed: 'ClientS', fd=125
12-16 12:12:10.138 19002 19002 I ViewRootImpl@650238a[MainActivity]: ViewPostIme pointer 0
12-16 12:12:10.206 19002 19002 I ViewRootImpl@650238a[MainActivity]: ViewPostIme pointer 1
12-16 12:12:10.401 19002 19002 D InputMethodManager: prepareNavigationBarInfo() DecorView@5948d6[MainActivity]
12-16 12:12:10.401 19002 19002 D InputMethodManager: getNavigationBarColor() -855310
12-16 12:12:10.401 19002 19002 V InputMethodManager: Starting input: tba=com.rmc.natour21 ic=androidx.emoji2.viewsintegration.EmojiInputConnection@597566b mNaviBarColor -855310 mIsGetNaviBarColorSuccess true , NavVisible : true , NavTrans : false
12-16 12:12:10.401 19002 19002 D InputMethodManager: startInputInner - Id : 0
12-16 12:12:10.412 19002 19002 I InputMethodManager: startInputInner - mService.startInputOrWindowGainedFocus
12-16 12:12:10.414 19002 19002 D InputTransport: Input channel destroyed: 'ClientS', fd=131
12-16 12:12:11.000 19002 19002 I ViewRootImpl@650238a[MainActivity]: ViewPostIme pointer 0
12-16 12:12:11.555 19002 19064 I         : Increase max job count 60
12-16 12:12:11.608 19002 19002 I ViewRootImpl@650238a[MainActivity]: ViewPostIme pointer 1
12-16 12:12:11.809 19002 19002 I ViewRootImpl@650238a[MainActivity]: ViewPostIme pointer 0
12-16 12:12:12.322 19002 19071 D BONUSPACK: OSRMRoadManager.getRoads:https://routing.openstreetmap.de/routed-car/route/v1/driving/14.4470214844,41.4674283125;15.0787353516,40.8054938439?alternatives=false&overview=full&steps=true
12-16 12:12:12.932 19002 19071 D BONUSPACK: OSRMRoadManager.getRoads - finished
12-16 12:12:12.972 19002 19002 I ViewRootImpl@650238a[MainActivity]: ViewPostIme pointer 1
12-16 12:12:12.973 19002 19002 I Choreographer: Skipped 39 frames!  The application may be doing too much work on its main thread.
12-16 12:12:13.807 19002 19002 I ViewRootImpl@650238a[MainActivity]: ViewPostIme pointer 0
12-16 12:12:13.846 19002 19002 I ViewRootImpl@650238a[MainActivity]: ViewPostIme pointer 1
12-16 12:12:13.848 19002 19002 D InputMethodManager: SSI - flag : 0 Pid : 19002 view : com.rmc.natour21
12-16 12:12:13.848 19002 19002 D InputMethodManager: prepareNavigationBarInfo() DecorView@5948d6[MainActivity]
12-16 12:12:13.848 19002 19002 D InputMethodManager: getNavigationBarColor() -855310
12-16 12:12:13.857 19002 19002 D Editor  : waiting for the right moment
12-16 12:12:13.987 19002 19002 I ViewRootImpl@650238a[MainActivity]: MSG_RESIZED: frame=(0,0,1080,2220) ci=(0,63,0,0) vi=(0,63,0,986) or=1
12-16 12:12:16.237 19002 19120 W SendBird: [12:12:16.237 Connection$1:onMessage():235] onMessage instance : [PONG] com.sendbird.android.Connection@8ead62d
12-16 12:12:16.239 19002 19120 W Sendbird: [12:12:16.238 Connection$1:onMessage():236] onMessage instance : [PONG] com.sendbird.android.Connection@8ead62d
12-16 12:12:16.246 19002 19136 W SendBird: [12:12:16.245 EventController$1:call():141] ++ result[PONG] runnable=null
12-16 12:12:17.815 19002 19002 I ViewRootImpl@650238a[MainActivity]: ViewPostIme key 0
12-16 12:12:17.832 19002 19002 I ViewRootImpl@650238a[MainActivity]: ViewPostIme key 1
12-16 12:12:20.765 19002 19002 I ViewRootImpl@650238a[MainActivity]: ViewPostIme key 0
12-16 12:12:20.773 19002 19002 I ViewRootImpl@650238a[MainActivity]: ViewPostIme key 1
12-16 12:12:20.924 19002 19002 I ViewRootImpl@650238a[MainActivity]: ViewPostIme key 0
12-16 12:12:20.930 19002 19002 I ViewRootImpl@650238a[MainActivity]: ViewPostIme key 1
12-16 12:12:21.048 19002 19002 I ViewRootImpl@650238a[MainActivity]: ViewPostIme key 0
12-16 12:12:21.052 19002 19002 I ViewRootImpl@650238a[MainActivity]: ViewPostIme key 1
12-16 12:12:21.185 19002 19002 I ViewRootImpl@650238a[MainActivity]: ViewPostIme key 0
12-16 12:12:21.189 19002 19002 I ViewRootImpl@650238a[MainActivity]: ViewPostIme key 1
12-16 12:12:21.335 19002 19002 I ViewRootImpl@650238a[MainActivity]: ViewPostIme key 0
12-16 12:12:21.341 19002 19002 I ViewRootImpl@650238a[MainActivity]: ViewPostIme key 1
12-16 12:12:21.477 19002 19002 I ViewRootImpl@650238a[MainActivity]: ViewPostIme key 0
12-16 12:12:21.486 19002 19002 I ViewRootImpl@650238a[MainActivity]: ViewPostIme key 1
12-16 12:12:21.691 19002 19002 I ViewRootImpl@650238a[MainActivity]: ViewPostIme key 0
12-16 12:12:21.698 19002 19002 I ViewRootImpl@650238a[MainActivity]: ViewPostIme key 1
12-16 12:12:23.815 19002 19002 I ViewRootImpl@650238a[MainActivity]: The input has been finished in ImeInputStage.
12-16 12:12:23.852 19002 19002 I ViewRootImpl@650238a[MainActivity]: The input has been finished in ImeInputStage.
12-16 12:12:23.939 19002 19002 I ViewRootImpl@650238a[MainActivity]: MSG_RESIZED: frame=(0,0,1080,2220) ci=(0,63,0,0) vi=(0,63,0,0) or=1
12-16 12:12:24.676 19002 19002 I ViewRootImpl@650238a[MainActivity]: ViewPostIme pointer 0
12-16 12:12:24.713 19002 19002 I ViewRootImpl@650238a[MainActivity]: ViewPostIme pointer 1
12-16 12:12:25.116 19002 19002 W ActivityThread: handleWindowVisibility: no activity for token android.os.BinderProxy@7230a3d
12-16 12:12:25.147 19002 19002 D PhoneWindow: forceLight changed to true [] from com.android.internal.policy.PhoneWindow.updateForceLightNavigationBar:4274 com.android.internal.policy.DecorView.updateColorViews:1547 com.android.internal.policy.PhoneWindow.dispatchWindowAttributesChanged:3252 android.view.Window.setFlags:1153 com.android.internal.policy.PhoneWindow.generateLayout:2474 
12-16 12:12:25.147 19002 19002 I MultiWindowDecorSupport: [INFO] isPopOver = false
12-16 12:12:25.147 19002 19002 I MultiWindowDecorSupport: updateCaptionType >> DecorView@cf6abcf[], isFloating: false, isApplication: true, hasWindowDecorCaption: false, hasWindowControllerCallback: true
12-16 12:12:25.147 19002 19002 D MultiWindowDecorSupport: setCaptionType = 0, DecorView = DecorView@cf6abcf[]
12-16 12:12:25.176 19002 19002 I OsmDroid: Using tile source: Mapnik
12-16 12:12:25.176 19002 19002 I OsmDroid: Tile cache increased from 0 to 9
12-16 12:12:25.276 19002 19002 I ViewRootImpl@76dff9f[PathAttributesActivity]: setView = com.android.internal.policy.DecorView@cf6abcf TM=true MM=false
12-16 12:12:25.301 19002 19002 I ViewRootImpl@76dff9f[PathAttributesActivity]: Relayout returned: old=(0,0,1080,2220) new=(0,0,1080,2220) req=(1080,2220)0 dur=6 res=0x7 s={true 522724306944} ch=true
12-16 12:12:25.303 19002 19064 D mali_winsys: EGLint new_window_surface(egl_winsys_display *, void *, EGLSurface, EGLConfig, egl_winsys_surface **, EGLBoolean) returns 0x3000
12-16 12:12:25.312 19002 19002 I ViewRootImpl@76dff9f[PathAttributesActivity]: [DrawPending] drawPending(1) 1 android.view.ViewRootImpl.reportNextDraw:9952 android.view.ViewRootImpl.performTraversals:3329 android.view.ViewRootImpl.doTraversal:2222 
12-16 12:12:25.313 19002 19002 I ViewRootImpl@76dff9f[PathAttributesActivity]: [DrawPending] performDraw() Waiting asnyc report
12-16 12:12:25.364 19002 19315 I System.out: (HTTPLog)-Static: isSBSettingEnabled false
12-16 12:12:25.364 19002 19315 I System.out: (HTTPLog)-Static: isSBSettingEnabled false
12-16 12:12:25.369 19002 19002 I ViewRootImpl@76dff9f[PathAttributesActivity]: [DrawPending] pendingDrawFinished(0) 1 android.view.ViewRootImpl.lambda$performDraw$1$ViewRootImpl:4058 android.view.-$$Lambda$ViewRootImpl$7A_3tkr_Kw4TZAeIUGVlOoTcZhg.run:4 android.os.Handler.handleCallback:883 
12-16 12:12:25.369 19002 19002 I ViewRootImpl@76dff9f[PathAttributesActivity]: [DrawPending] reportDrawFinished()
12-16 12:12:25.371 19002 19002 I ViewRootImpl@650238a[MainActivity]: MSG_WINDOW_FOCUS_CHANGED 0 1
12-16 12:12:25.372 19002 19002 D InputMethodManager: prepareNavigationBarInfo() DecorView@5948d6[MainActivity]
12-16 12:12:25.372 19002 19002 D InputMethodManager: getNavigationBarColor() -855310
12-16 12:12:25.375 19002 19316 I System.out: (HTTPLog)-Static: isSBSettingEnabled false
12-16 12:12:25.375 19002 19316 I System.out: (HTTPLog)-Static: isSBSettingEnabled false
12-16 12:12:25.388 19002 19002 I ViewRootImpl@76dff9f[PathAttributesActivity]: MSG_WINDOW_FOCUS_CHANGED 1 1
12-16 12:12:25.388 19002 19002 D InputMethodManager: prepareNavigationBarInfo() DecorView@cf6abcf[PathAttributesActivity]
12-16 12:12:25.388 19002 19002 D InputMethodManager: getNavigationBarColor() -855310
12-16 12:12:25.392 19002 19002 D InputMethodManager: prepareNavigationBarInfo() DecorView@cf6abcf[PathAttributesActivity]
12-16 12:12:25.392 19002 19002 D InputMethodManager: getNavigationBarColor() -855310
12-16 12:12:25.392 19002 19002 V InputMethodManager: Starting input: tba=com.rmc.natour21 ic=null mNaviBarColor -855310 mIsGetNaviBarColorSuccess true , NavVisible : true , NavTrans : false
12-16 12:12:25.392 19002 19002 D InputMethodManager: startInputInner - Id : 0
12-16 12:12:25.392 19002 19002 I InputMethodManager: startInputInner - mService.startInputOrWindowGainedFocus
12-16 12:12:25.393 19002 19002 D InputTransport: Input channel destroyed: 'ClientS', fd=125
12-16 12:12:25.394 19002 19002 I ViewRootImpl@76dff9f[PathAttributesActivity]: MSG_RESIZED: frame=(0,0,1080,2220) ci=(0,63,0,0) vi=(0,63,0,0) or=1
12-16 12:12:25.680 19002 19315 I System.out: (HTTPLog)-Static: isSBSettingEnabled false
12-16 12:12:25.680 19002 19315 I System.out: (HTTPLog)-Static: isSBSettingEnabled false
12-16 12:12:25.705 19002 19316 I System.out: (HTTPLog)-Static: isSBSettingEnabled false
12-16 12:12:25.705 19002 19316 I System.out: (HTTPLog)-Static: isSBSettingEnabled false
12-16 12:12:25.777 19002 19315 I System.out: (HTTPLog)-Static: isSBSettingEnabled false
12-16 12:12:25.777 19002 19315 I System.out: (HTTPLog)-Static: isSBSettingEnabled false
12-16 12:12:25.804 19002 19064 W libEGL  : EGLNativeWindowType 0x795758ccd0 disconnect failed
12-16 12:12:25.810 19002 19002 I ViewRootImpl@650238a[MainActivity]: Relayout returned: old=(0,0,1080,2220) new=(0,0,1080,2220) req=(1080,2220)8 dur=6 res=0x5 s={false 0} ch=true
12-16 12:12:25.812 19002 19002 I ViewRootImpl@650238a[MainActivity]: stopped(true) old=false
12-16 12:12:25.813 19002 19002 D ConnectivityManager: unregisterNetworkCallback; CallingUid : 10308, CallingPid : 19002
12-16 12:12:25.857 19002 19315 I System.out: (HTTPLog)-Static: isSBSettingEnabled false
12-16 12:12:25.857 19002 19315 I System.out: (HTTPLog)-Static: isSBSettingEnabled false
12-16 12:12:25.897 19002 19002 I ViewRootImpl@76dff9f[PathAttributesActivity]: ViewPostIme pointer 0
12-16 12:12:25.938 19002 19002 I ViewRootImpl@76dff9f[PathAttributesActivity]: ViewPostIme pointer 1
12-16 12:12:25.944 19002 19002 D InputMethodManager: prepareNavigationBarInfo() DecorView@cf6abcf[PathAttributesActivity]
12-16 12:12:25.944 19002 19002 D InputMethodManager: getNavigationBarColor() -855310
12-16 12:12:25.944 19002 19002 V InputMethodManager: Starting input: tba=com.rmc.natour21 ic=androidx.emoji2.viewsintegration.EmojiInputConnection@bfe9832 mNaviBarColor -855310 mIsGetNaviBarColorSuccess true , NavVisible : true , NavTrans : false
12-16 12:12:25.944 19002 19002 D InputMethodManager: startInputInner - Id : 0
12-16 12:12:25.947 19002 19002 I InputMethodManager: startInputInner - mService.startInputOrWindowGainedFocus
12-16 12:12:25.948 19002 19002 D InputTransport: Input channel destroyed: 'ClientS', fd=136
12-16 12:12:25.949 19002 19002 D InputMethodManager: SSI - flag : 0 Pid : 19002 view : com.rmc.natour21
12-16 12:12:25.949 19002 19002 D InputMethodManager: prepareNavigationBarInfo() DecorView@cf6abcf[PathAttributesActivity]
12-16 12:12:25.949 19002 19002 D InputMethodManager: getNavigationBarColor() -855310
12-16 12:12:25.952 19002 19002 D Editor  : waiting for the right moment
12-16 12:12:25.960 19002 19002 I AssistStructure: Flattened final assist data: 2936 bytes, containing 1 windows, 16 views
12-16 12:12:26.031 19002 19002 I ViewRootImpl@76dff9f[PathAttributesActivity]: MSG_RESIZED: frame=(0,0,1080,2220) ci=(0,63,0,986) vi=(0,63,0,986) or=1
12-16 12:12:26.052 19002 19002 I ViewRootImpl@76dff9f[PathAttributesActivity]: Relayout returned: old=(0,0,1080,2220) new=(0,0,1080,2220) req=(1080,2220)0 dur=11 res=0x1 s={true 522724306944} ch=false
12-16 12:12:26.097 19002 19316 I System.out: (HTTPLog)-Static: isSBSettingEnabled false
12-16 12:12:26.097 19002 19316 I System.out: (HTTPLog)-Static: isSBSettingEnabled false
12-16 12:12:30.227 19002 19002 I ViewRootImpl@76dff9f[PathAttributesActivity]: ViewPostIme pointer 0
12-16 12:12:30.274 19002 19002 I ViewRootImpl@76dff9f[PathAttributesActivity]: ViewPostIme pointer 1
12-16 12:12:30.276 19002 19002 D InputMethodManager: SSI - flag : 0 Pid : 19002 view : com.rmc.natour21
12-16 12:12:30.276 19002 19002 D InputMethodManager: prepareNavigationBarInfo() DecorView@cf6abcf[PathAttributesActivity]
12-16 12:12:30.276 19002 19002 D InputMethodManager: getNavigationBarColor() -855310
12-16 12:12:30.316 19002 19002 I ViewRootImpl@baf6ddb[PopupWindow:156a78c]: setView = android.widget.PopupWindow$PopupDecorView@f8cb078 TM=true MM=false
12-16 12:12:30.328 19002 19002 I ViewRootImpl@d185c24[PopupWindow:17be351]: setView = android.widget.PopupWindow$PopupDecorView@74a638d TM=true MM=false
12-16 12:12:30.356 19002 19002 I ViewRootImpl@baf6ddb[PopupWindow:156a78c]: Relayout returned: old=(0,63,1080,2220) new=(50,910,130,1005) req=(80,95)0 dur=14 res=0x7 s={true 525359411200} ch=true
12-16 12:12:30.359 19002 19064 D mali_winsys: EGLint new_window_surface(egl_winsys_display *, void *, EGLSurface, EGLConfig, egl_winsys_surface **, EGLBoolean) returns 0x3000
12-16 12:12:30.360 19002 19002 I ViewRootImpl@baf6ddb[PopupWindow:156a78c]: [DrawPending] drawPending(1) 0 android.view.ViewRootImpl.reportNextDraw:9952 android.view.ViewRootImpl.performTraversals:3329 android.view.ViewRootImpl.doTraversal:2222 
12-16 12:12:30.360 19002 19002 I ViewRootImpl@baf6ddb[PopupWindow:156a78c]: [DrawPending] performDraw() Waiting asnyc report
12-16 12:12:30.363 19002 19373 I OpenGLRenderer: doUpdatePositionAsync is called and callVoidMethod
12-16 12:12:30.383 19002 19002 I ViewRootImpl@d185c24[PopupWindow:17be351]: Relayout returned: old=(0,63,1080,2220) new=(50,806,130,910) req=(80,104)0 dur=11 res=0x7 s={true 522962935808} ch=true
12-16 12:12:30.387 19002 19064 D mali_winsys: EGLint new_window_surface(egl_winsys_display *, void *, EGLSurface, EGLConfig, egl_winsys_surface **, EGLBoolean) returns 0x3000
12-16 12:12:30.388 19002 19002 I ViewRootImpl@d185c24[PopupWindow:17be351]: [DrawPending] drawPending(1) 0 android.view.ViewRootImpl.reportNextDraw:9952 android.view.ViewRootImpl.performTraversals:3329 android.view.ViewRootImpl.doTraversal:2222 
12-16 12:12:30.389 19002 19002 I ViewRootImpl@d185c24[PopupWindow:17be351]: [DrawPending] performDraw() Waiting asnyc report
12-16 12:12:30.396 19002 19002 I ViewRootImpl@d185c24[PopupWindow:17be351]: [DrawPending] pendingDrawFinished(0) 0 android.view.ViewRootImpl.lambda$performDraw$1$ViewRootImpl:4058 android.view.-$$Lambda$ViewRootImpl$7A_3tkr_Kw4TZAeIUGVlOoTcZhg.run:4 android.os.Handler.handleCallback:883 
12-16 12:12:30.396 19002 19002 I ViewRootImpl@d185c24[PopupWindow:17be351]: [DrawPending] reportDrawFinished()
12-16 12:12:30.397 19002 19002 I ViewRootImpl@baf6ddb[PopupWindow:156a78c]: [DrawPending] pendingDrawFinished(0) 0 android.view.ViewRootImpl.lambda$performDraw$1$ViewRootImpl:4058 android.view.-$$Lambda$ViewRootImpl$7A_3tkr_Kw4TZAeIUGVlOoTcZhg.run:4 android.os.Handler.handleCallback:883 
12-16 12:12:30.397 19002 19002 I ViewRootImpl@baf6ddb[PopupWindow:156a78c]: [DrawPending] reportDrawFinished()
12-16 12:12:30.411 19002 19002 I ViewRootImpl@baf6ddb[PopupWindow:156a78c]: MSG_RESIZED_REPORT: frame=(50,910,130,1005) ci=(0,0,0,0) vi=(0,0,0,0) or=1
12-16 12:12:30.412 19002 19002 I ViewRootImpl@baf6ddb[PopupWindow:156a78c]: [DrawPending] drawPending(1) 0 android.view.ViewRootImpl.reportNextDraw:9952 android.view.ViewRootImpl.access$900:205 android.view.ViewRootImpl$ViewRootHandler.handleMessage:5350 
12-16 12:12:30.413 19002 19002 I ViewRootImpl@d185c24[PopupWindow:17be351]: MSG_RESIZED: frame=(50,806,130,910) ci=(0,0,0,0) vi=(0,0,0,0) or=1
12-16 12:12:30.418 19002 19002 I ViewRootImpl@baf6ddb[PopupWindow:156a78c]: [DrawPending] performDraw() Waiting asnyc report
12-16 12:12:30.432 19002 19002 I ViewRootImpl@baf6ddb[PopupWindow:156a78c]: [DrawPending] pendingDrawFinished(0) 0 android.view.ViewRootImpl.lambda$performDraw$1$ViewRootImpl:4058 android.view.-$$Lambda$ViewRootImpl$7A_3tkr_Kw4TZAeIUGVlOoTcZhg.run:4 android.os.Handler.handleCallback:883 
12-16 12:12:30.432 19002 19002 I ViewRootImpl@baf6ddb[PopupWindow:156a78c]: [DrawPending] reportDrawFinished()
12-16 12:12:31.128 19002 19002 I ViewRootImpl@76dff9f[PathAttributesActivity]: ViewPostIme key 0
12-16 12:12:31.136 19002 19002 I ViewRootImpl@76dff9f[PathAttributesActivity]: ViewPostIme key 1
12-16 12:12:31.237 19002 19120 W SendBird: [12:12:31.234 Connection$1:onMessage():235] onMessage instance : [PONG] com.sendbird.android.Connection@8ead62d
12-16 12:12:31.238 19002 19064 W libEGL  : EGLNativeWindowType 0x79579f4c90 disconnect failed
12-16 12:12:31.239 19002 19120 W Sendbird: [12:12:31.238 Connection$1:onMessage():236] onMessage instance : [PONG] com.sendbird.android.Connection@8ead62d
12-16 12:12:31.239 19002 19002 I ViewRootImpl@baf6ddb[PopupWindow:156a78c]: dispatchDetachedFromWindow
12-16 12:12:31.245 19002 19136 W SendBird: [12:12:31.244 EventController$1:call():141] ++ result[PONG] runnable=null
12-16 12:12:31.246 19002 19002 D InputTransport: Input channel destroyed: '77d891d', fd=72
12-16 12:12:31.248 19002 19064 W libEGL  : EGLNativeWindowType 0x79240def90 disconnect failed
12-16 12:12:31.248 19002 19002 I ViewRootImpl@d185c24[PopupWindow:17be351]: dispatchDetachedFromWindow
12-16 12:12:31.256 19002 19002 D InputTransport: Input channel destroyed: '92ec563', fd=75
12-16 12:12:32.231 19002 19002 I ViewRootImpl@76dff9f[PathAttributesActivity]: ViewPostIme pointer 0
12-16 12:12:32.386 19002 19002 I ViewRootImpl@76dff9f[PathAttributesActivity]: The input has been finished in ImeInputStage.
12-16 12:12:32.398 19002 19002 I ViewRootImpl@76dff9f[PathAttributesActivity]: The input has been finished in ImeInputStage.
12-16 12:12:32.476 19002 19002 I ViewRootImpl@76dff9f[PathAttributesActivity]: MSG_RESIZED: frame=(0,0,1080,2220) ci=(0,63,0,0) vi=(0,63,0,0) or=1
12-16 12:12:32.510 19002 19002 I ViewRootImpl@76dff9f[PathAttributesActivity]: Relayout returned: old=(0,0,1080,2220) new=(0,0,1080,2220) req=(1080,2220)0 dur=11 res=0x1 s={true 522724306944} ch=false
12-16 12:12:32.881 19002 19002 I ViewRootImpl@76dff9f[PathAttributesActivity]: ViewPostIme pointer 0
12-16 12:12:32.921 19002 19002 I ViewRootImpl@76dff9f[PathAttributesActivity]: ViewPostIme pointer 1
12-16 12:12:32.928 19002 19002 D InputMethodManager: prepareNavigationBarInfo() DecorView@cf6abcf[PathAttributesActivity]
12-16 12:12:32.928 19002 19002 D InputMethodManager: getNavigationBarColor() -855310
12-16 12:12:32.928 19002 19002 V InputMethodManager: Starting input: tba=com.rmc.natour21 ic=androidx.emoji2.viewsintegration.EmojiInputConnection@46849fd mNaviBarColor -855310 mIsGetNaviBarColorSuccess true , NavVisible : true , NavTrans : false
12-16 12:12:32.929 19002 19002 D InputMethodManager: startInputInner - Id : 0
12-16 12:12:32.933 19002 19002 I InputMethodManager: startInputInner - mService.startInputOrWindowGainedFocus
12-16 12:12:32.936 19002 19002 D InputTransport: Input channel destroyed: 'ClientS', fd=124
12-16 12:12:32.936 19002 19002 D InputMethodManager: SSI - flag : 0 Pid : 19002 view : com.rmc.natour21
12-16 12:12:32.937 19002 19002 D InputMethodManager: prepareNavigationBarInfo() DecorView@cf6abcf[PathAttributesActivity]
12-16 12:12:32.937 19002 19002 D InputMethodManager: getNavigationBarColor() -855310
12-16 12:12:32.943 19002 19002 D Editor  : waiting for the right moment
12-16 12:12:33.022 19002 19002 I ViewRootImpl@76dff9f[PathAttributesActivity]: MSG_RESIZED: frame=(0,0,1080,2220) ci=(0,63,0,876) vi=(0,63,0,876) or=1
12-16 12:12:33.062 19002 19002 I ViewRootImpl@76dff9f[PathAttributesActivity]: Relayout returned: old=(0,0,1080,2220) new=(0,0,1080,2220) req=(1080,2220)0 dur=22 res=0x1 s={true 522724306944} ch=false
12-16 12:12:34.156 19002 19002 I ViewRootImpl@76dff9f[PathAttributesActivity]: ViewPostIme key 0
12-16 12:12:34.162 19002 19002 I ViewRootImpl@76dff9f[PathAttributesActivity]: ViewPostIme key 1
12-16 12:12:35.049 19002 19002 I ViewRootImpl@76dff9f[PathAttributesActivity]: ViewPostIme key 0
12-16 12:12:35.071 19002 19002 I ViewRootImpl@76dff9f[PathAttributesActivity]: ViewPostIme key 1
12-16 12:12:35.534 19002 19002 I ViewRootImpl@76dff9f[PathAttributesActivity]: ViewPostIme key 0
12-16 12:12:35.540 19002 19002 I ViewRootImpl@76dff9f[PathAttributesActivity]: ViewPostIme key 1
12-16 12:12:35.660 19002 19002 I ViewRootImpl@76dff9f[PathAttributesActivity]: ViewPostIme key 0
12-16 12:12:35.666 19002 19002 I ViewRootImpl@76dff9f[PathAttributesActivity]: ViewPostIme key 1
12-16 12:12:35.819 19002 19002 I ViewRootImpl@76dff9f[PathAttributesActivity]: ViewPostIme key 0
12-16 12:12:35.825 19002 19002 I ViewRootImpl@76dff9f[PathAttributesActivity]: ViewPostIme key 1
12-16 12:12:36.360 19002 19002 I ViewRootImpl@76dff9f[PathAttributesActivity]: ViewPostIme pointer 0
12-16 12:12:36.475 19002 19002 I ViewRootImpl@76dff9f[PathAttributesActivity]: The input has been finished in ImeInputStage.
12-16 12:12:36.485 19002 19002 I ViewRootImpl@76dff9f[PathAttributesActivity]: The input has been finished in ImeInputStage.
12-16 12:12:36.544 19002 19002 I ViewRootImpl@76dff9f[PathAttributesActivity]: MSG_RESIZED: frame=(0,0,1080,2220) ci=(0,63,0,0) vi=(0,63,0,0) or=1
12-16 12:12:36.578 19002 19002 I ViewRootImpl@76dff9f[PathAttributesActivity]: Relayout returned: old=(0,0,1080,2220) new=(0,0,1080,2220) req=(1080,2220)0 dur=13 res=0x1 s={true 522724306944} ch=false
12-16 12:12:37.461 19002 19002 I ViewRootImpl@76dff9f[PathAttributesActivity]: ViewPostIme pointer 0
12-16 12:12:37.516 19002 19002 I ViewRootImpl@76dff9f[PathAttributesActivity]: ViewPostIme pointer 1
12-16 12:12:37.517 19002 19002 D InputMethodManager: SSI - flag : 0 Pid : 19002 view : com.rmc.natour21
12-16 12:12:37.517 19002 19002 D InputMethodManager: prepareNavigationBarInfo() DecorView@cf6abcf[PathAttributesActivity]
12-16 12:12:37.517 19002 19002 D InputMethodManager: getNavigationBarColor() -855310
12-16 12:12:37.568 19002 19002 I ViewRootImpl@76dff9f[PathAttributesActivity]: MSG_RESIZED: frame=(0,0,1080,2220) ci=(0,63,0,876) vi=(0,63,0,876) or=1
12-16 12:12:37.598 19002 19002 I ViewRootImpl@76dff9f[PathAttributesActivity]: Relayout returned: old=(0,0,1080,2220) new=(0,0,1080,2220) req=(1080,2220)0 dur=5 res=0x1 s={true 522724306944} ch=false
12-16 12:12:37.610 19002 19002 I ViewRootImpl@78ca269[PopupWindow:394d0a2]: setView = android.widget.PopupWindow$PopupDecorView@69354ee TM=true MM=false
12-16 12:12:37.614 19002 19002 I ViewRootImpl@ee3d1fa[PopupWindow:eafdd8f]: setView = android.widget.PopupWindow$PopupDecorView@256c3ab TM=true MM=false
12-16 12:12:37.631 19002 19002 I ViewRootImpl@78ca269[PopupWindow:394d0a2]: Relayout returned: old=(0,63,1080,2220) new=(145,442,225,537) req=(80,95)0 dur=6 res=0x7 s={true 522962935808} ch=true
12-16 12:12:37.632 19002 19064 D mali_winsys: EGLint new_window_surface(egl_winsys_display *, void *, EGLSurface, EGLConfig, egl_winsys_surface **, EGLBoolean) returns 0x3000
12-16 12:12:37.633 19002 19002 I ViewRootImpl@78ca269[PopupWindow:394d0a2]: [DrawPending] drawPending(1) 0 android.view.ViewRootImpl.reportNextDraw:9952 android.view.ViewRootImpl.performTraversals:3329 android.view.ViewRootImpl.doTraversal:2222 
12-16 12:12:37.633 19002 19002 I ViewRootImpl@78ca269[PopupWindow:394d0a2]: [DrawPending] performDraw() Waiting asnyc report
12-16 12:12:37.634 19002 19374 I OpenGLRenderer: doUpdatePositionAsync is called and callVoidMethod
12-16 12:12:37.644 19002 19002 I ViewRootImpl@ee3d1fa[PopupWindow:eafdd8f]: Relayout returned: old=(0,63,1080,2220) new=(145,338,225,442) req=(80,104)0 dur=5 res=0x7 s={true 522725892096} ch=true
12-16 12:12:37.645 19002 19064 D mali_winsys: EGLint new_window_surface(egl_winsys_display *, void *, EGLSurface, EGLConfig, egl_winsys_surface **, EGLBoolean) returns 0x3000
12-16 12:12:37.645 19002 19002 I ViewRootImpl@ee3d1fa[PopupWindow:eafdd8f]: [DrawPending] drawPending(1) 0 android.view.ViewRootImpl.reportNextDraw:9952 android.view.ViewRootImpl.performTraversals:3329 android.view.ViewRootImpl.doTraversal:2222 
12-16 12:12:37.645 19002 19002 I ViewRootImpl@ee3d1fa[PopupWindow:eafdd8f]: [DrawPending] performDraw() Waiting asnyc report
12-16 12:12:37.647 19002 19002 I ViewRootImpl@ee3d1fa[PopupWindow:eafdd8f]: [DrawPending] pendingDrawFinished(0) 0 android.view.ViewRootImpl.lambda$performDraw$1$ViewRootImpl:4058 android.view.-$$Lambda$ViewRootImpl$7A_3tkr_Kw4TZAeIUGVlOoTcZhg.run:4 android.os.Handler.handleCallback:883 
12-16 12:12:37.647 19002 19002 I ViewRootImpl@ee3d1fa[PopupWindow:eafdd8f]: [DrawPending] reportDrawFinished()
12-16 12:12:37.648 19002 19002 I ViewRootImpl@78ca269[PopupWindow:394d0a2]: [DrawPending] pendingDrawFinished(0) 0 android.view.ViewRootImpl.lambda$performDraw$1$ViewRootImpl:4058 android.view.-$$Lambda$ViewRootImpl$7A_3tkr_Kw4TZAeIUGVlOoTcZhg.run:4 android.os.Handler.handleCallback:883 
12-16 12:12:37.648 19002 19002 I ViewRootImpl@78ca269[PopupWindow:394d0a2]: [DrawPending] reportDrawFinished()
12-16 12:12:37.652 19002 19002 I ViewRootImpl@78ca269[PopupWindow:394d0a2]: MSG_RESIZED_REPORT: frame=(145,442,225,537) ci=(0,0,0,0) vi=(0,0,0,0) or=1
12-16 12:12:37.652 19002 19002 I ViewRootImpl@78ca269[PopupWindow:394d0a2]: [DrawPending] drawPending(1) 0 android.view.ViewRootImpl.reportNextDraw:9952 android.view.ViewRootImpl.access$900:205 android.view.ViewRootImpl$ViewRootHandler.handleMessage:5350 
12-16 12:12:37.653 19002 19002 I ViewRootImpl@ee3d1fa[PopupWindow:eafdd8f]: MSG_RESIZED: frame=(145,338,225,442) ci=(0,0,0,0) vi=(0,0,0,0) or=1
12-16 12:12:37.668 19002 19002 I ViewRootImpl@78ca269[PopupWindow:394d0a2]: [DrawPending] performDraw() Waiting asnyc report
12-16 12:12:37.671 19002 19002 I ViewRootImpl@78ca269[PopupWindow:394d0a2]: [DrawPending] pendingDrawFinished(0) 0 android.view.ViewRootImpl.lambda$performDraw$1$ViewRootImpl:4058 android.view.-$$Lambda$ViewRootImpl$7A_3tkr_Kw4TZAeIUGVlOoTcZhg.run:4 android.os.Handler.handleCallback:883 
12-16 12:12:37.671 19002 19002 I ViewRootImpl@78ca269[PopupWindow:394d0a2]: [DrawPending] reportDrawFinished()
12-16 12:12:38.143 19002 19002 I ViewRootImpl@76dff9f[PathAttributesActivity]: ViewPostIme key 0
12-16 12:12:38.148 19002 19002 I ViewRootImpl@76dff9f[PathAttributesActivity]: ViewPostIme key 1
12-16 12:12:38.256 19002 19064 W libEGL  : EGLNativeWindowType 0x795758d450 disconnect failed
12-16 12:12:38.256 19002 19064 W libEGL  : EGLNativeWindowType 0x795758d450 disconnect failed
12-16 12:12:38.256 19002 19002 I ViewRootImpl@78ca269[PopupWindow:394d0a2]: dispatchDetachedFromWindow
12-16 12:12:38.263 19002 19002 D InputTransport: Input channel destroyed: 'e7acd67', fd=75
12-16 12:12:38.267 19002 19064 W libEGL  : EGLNativeWindowType 0x79579f4c90 disconnect failed
12-16 12:12:38.267 19002 19002 I ViewRootImpl@ee3d1fa[PopupWindow:eafdd8f]: dispatchDetachedFromWindow
12-16 12:12:38.277 19002 19002 D InputTransport: Input channel destroyed: 'cf84bbd', fd=77
12-16 12:12:38.278 19002 19002 I ViewRootImpl@76dff9f[PathAttributesActivity]: ViewPostIme key 0
12-16 12:12:38.286 19002 19002 I ViewRootImpl@76dff9f[PathAttributesActivity]: ViewPostIme key 1
12-16 12:12:38.420 19002 19002 I ViewRootImpl@76dff9f[PathAttributesActivity]: ViewPostIme key 0
12-16 12:12:38.431 19002 19002 I ViewRootImpl@76dff9f[PathAttributesActivity]: ViewPostIme key 1
12-16 12:12:38.872 19002 19002 I ViewRootImpl@76dff9f[PathAttributesActivity]: ViewPostIme key 0
12-16 12:12:38.878 19002 19002 I ViewRootImpl@76dff9f[PathAttributesActivity]: ViewPostIme key 1
12-16 12:12:38.948 19002 19002 I ViewRootImpl@76dff9f[PathAttributesActivity]: ViewPostIme key 0
12-16 12:12:38.957 19002 19002 I ViewRootImpl@76dff9f[PathAttributesActivity]: ViewPostIme key 1
12-16 12:12:39.090 19002 19002 I ViewRootImpl@76dff9f[PathAttributesActivity]: ViewPostIme key 0
12-16 12:12:39.096 19002 19002 I ViewRootImpl@76dff9f[PathAttributesActivity]: ViewPostIme key 1
12-16 12:12:39.096 19002 19002 I ViewRootImpl@76dff9f[PathAttributesActivity]: ViewPostIme key 1
12-16 12:12:39.415 19002 19002 I ViewRootImpl@76dff9f[PathAttributesActivity]: ViewPostIme pointer 0
12-16 12:12:39.546 19002 19002 I ViewRootImpl@76dff9f[PathAttributesActivity]: The input has been finished in ImeInputStage.
12-16 12:12:39.554 19002 19002 I ViewRootImpl@76dff9f[PathAttributesActivity]: The input has been finished in ImeInputStage.
12-16 12:12:39.607 19002 19002 I ViewRootImpl@76dff9f[PathAttributesActivity]: MSG_RESIZED: frame=(0,0,1080,2220) ci=(0,63,0,0) vi=(0,63,0,0) or=1
12-16 12:12:39.639 19002 19002 I ViewRootImpl@76dff9f[PathAttributesActivity]: Relayout returned: old=(0,0,1080,2220) new=(0,0,1080,2220) req=(1080,2220)0 dur=10 res=0x1 s={true 522724306944} ch=false
12-16 12:12:42.088 19002 19002 I ViewRootImpl@76dff9f[PathAttributesActivity]: ViewPostIme pointer 0
12-16 12:12:42.207 19002 19002 I ViewRootImpl@76dff9f[PathAttributesActivity]: ViewPostIme pointer 1
12-16 12:12:42.819 19002 19002 I ViewRootImpl@76dff9f[PathAttributesActivity]: ViewPostIme pointer 0
12-16 12:12:43.085 19002 19002 I ViewRootImpl@76dff9f[PathAttributesActivity]: ViewPostIme pointer 1
12-16 12:12:43.803 19002 19002 I ViewRootImpl@76dff9f[PathAttributesActivity]: ViewPostIme pointer 0
12-16 12:12:43.854 19002 19002 I ViewRootImpl@76dff9f[PathAttributesActivity]: ViewPostIme pointer 1
12-16 12:12:43.887 19002 19002 D Dialog  : mIsSamsungBasicInteraction = false
12-16 12:12:43.887 19002 19002 D Dialog  : mIsSamsungBasicInteraction = false, isMetaDataInActivity = false
12-16 12:12:43.903 19002 19002 I MultiWindowDecorSupport: [INFO] isPopOver = false
12-16 12:12:43.903 19002 19002 I MultiWindowDecorSupport: updateCaptionType >> DecorView@634ce57[], isFloating: true, isApplication: true, hasWindowDecorCaption: false, hasWindowControllerCallback: false
12-16 12:12:43.904 19002 19002 D MultiWindowDecorSupport: setCaptionType = 0, DecorView = DecorView@634ce57[]
12-16 12:12:43.961 19002 19002 D ScrollView: initGoToTop
12-16 12:12:43.999 19002 19002 I ViewRootImpl@159990c[PathAttributesActivity]: setView = com.android.internal.policy.DecorView@634ce57 TM=true MM=false
12-16 12:12:44.030 19002 19002 I ViewRootImpl@159990c[PathAttributesActivity]: Relayout returned: old=(0,63,1080,2220) new=(28,874,1052,1408) req=(1024,534)0 dur=12 res=0x7 s={true 522725892096} ch=true
12-16 12:12:44.032 19002 19064 D mali_winsys: EGLint new_window_surface(egl_winsys_display *, void *, EGLSurface, EGLConfig, egl_winsys_surface **, EGLBoolean) returns 0x3000
12-16 12:12:44.038 19002 19002 I ViewRootImpl@159990c[PathAttributesActivity]: [DrawPending] drawPending(1) 1 android.view.ViewRootImpl.reportNextDraw:9952 android.view.ViewRootImpl.performTraversals:3329 android.view.ViewRootImpl.doTraversal:2222 
12-16 12:12:44.039 19002 19002 I ViewRootImpl@159990c[PathAttributesActivity]: [DrawPending] performDraw() Waiting asnyc report
12-16 12:12:44.041 19002 19002 E DecorView: mWindow.mActivityCurrentConfig is null
12-16 12:12:44.051 19002 19002 I ViewRootImpl@159990c[PathAttributesActivity]: [DrawPending] pendingDrawFinished(0) 1 android.view.ViewRootImpl.lambda$performDraw$1$ViewRootImpl:4058 android.view.-$$Lambda$ViewRootImpl$7A_3tkr_Kw4TZAeIUGVlOoTcZhg.run:4 android.os.Handler.handleCallback:883 
12-16 12:12:44.051 19002 19002 I ViewRootImpl@159990c[PathAttributesActivity]: [DrawPending] reportDrawFinished()
12-16 12:12:44.052 19002 19002 I ViewRootImpl@159990c[PathAttributesActivity]: MSG_WINDOW_FOCUS_CHANGED 1 1
12-16 12:12:44.062 19002 19002 I ViewRootImpl@159990c[PathAttributesActivity]: MSG_RESIZED: frame=(28,874,1052,1408) ci=(0,0,0,0) vi=(0,0,0,0) or=1
12-16 12:12:44.069 19002 19002 I ViewRootImpl@76dff9f[PathAttributesActivity]: MSG_WINDOW_FOCUS_CHANGED 0 1
12-16 12:12:44.069 19002 19002 D InputMethodManager: prepareNavigationBarInfo() DecorView@cf6abcf[PathAttributesActivity]
12-16 12:12:44.069 19002 19002 D InputMethodManager: getNavigationBarColor() -855310
12-16 12:12:45.075 19002 19002 D Toast   : show: focusDisplayId = 0, isFocusInDesktop = false mCustomDisplayId=-1
12-16 12:12:45.111 19002 19086 V Toast   : SHOW: android.widget.Toast$TN@46d1458
12-16 12:12:45.116 19002 19064 W libEGL  : EGLNativeWindowType 0x79579f4c90 disconnect failed
12-16 12:12:45.116 19002 19002 I ViewRootImpl@159990c[PathAttributesActivity]: dispatchDetachedFromWindow
12-16 12:12:45.124 19002 19002 D InputTransport: Input channel destroyed: '4317fe6', fd=75
