12-16 12:06:48.219 14322 16438 I System.out: (HTTPLog)-Static: isSBSettingEnabled false
12-16 12:06:48.337 14322 16439 I System.out: (HTTPLog)-Static: isSBSettingEnabled false
12-16 12:06:48.338 14322 16439 I System.out: (HTTPLog)-Static: isSBSettingEnabled false
12-16 12:06:48.359 14322 16438 I System.out: (HTTPLog)-Static: isSBSettingEnabled false
12-16 12:06:48.359 14322 16438 I System.out: (HTTPLog)-Static: isSBSettingEnabled false
12-16 12:06:48.545 14322 16439 I System.out: (HTTPLog)-Static: isSBSettingEnabled false
12-16 12:06:48.545 14322 16439 I System.out: (HTTPLog)-Static: isSBSettingEnabled false
12-16 12:06:48.559 14322 16438 I System.out: (HTTPLog)-Static: isSBSettingEnabled false
12-16 12:06:48.559 14322 16438 I System.out: (HTTPLog)-Static: isSBSettingEnabled false
12-16 12:06:48.656 14322 16439 I System.out: (HTTPLog)-Static: isSBSettingEnabled false
12-16 12:06:48.657 14322 16439 I System.out: (HTTPLog)-Static: isSBSettingEnabled false
12-16 12:06:48.805 14322 16439 I System.out: (HTTPLog)-Static: isSBSettingEnabled false
12-16 12:06:48.805 14322 16439 I System.out: (HTTPLog)-Static: isSBSettingEnabled false
12-16 12:06:48.826 14322 14322 I ViewRootImpl@323ce5e[MainActivity]: ViewPostIme pointer 1
12-16 12:06:48.881 14322 16439 I System.out: (HTTPLog)-Static: isSBSettingEnabled false
12-16 12:06:48.881 14322 16439 I System.out: (HTTPLog)-Static: isSBSettingEnabled false
12-16 12:06:48.934 14322 16438 I System.out: (HTTPLog)-Static: isSBSettingEnabled false
12-16 12:06:48.934 14322 16438 I System.out: (HTTPLog)-Static: isSBSettingEnabled false
12-16 12:06:48.958 14322 16439 I System.out: (HTTPLog)-Static: isSBSettingEnabled false
12-16 12:06:48.958 14322 16439 I System.out: (HTTPLog)-Static: isSBSettingEnabled false
12-16 12:06:49.117 14322 16439 I System.out: (HTTPLog)-Static: isSBSettingEnabled false
12-16 12:06:49.117 14322 16439 I System.out: (HTTPLog)-Static: isSBSettingEnabled false
12-16 12:06:49.132 14322 14322 I ViewRootImpl@323ce5e[MainActivity]: ViewPostIme pointer 0
12-16 12:06:49.141 14322 16438 I System.out: (HTTPLog)-Static: isSBSettingEnabled false
12-16 12:06:49.141 14322 16438 I System.out: (HTTPLog)-Static: isSBSettingEnabled false
12-16 12:06:49.205 14322 16439 I System.out: (HTTPLog)-Static: isSBSettingEnabled false
12-16 12:06:49.205 14322 16439 I System.out: (HTTPLog)-Static: isSBSettingEnabled false
12-16 12:06:49.276 14322 16438 I System.out: (HTTPLog)-Static: isSBSettingEnabled false
12-16 12:06:49.276 14322 16438 I System.out: (HTTPLog)-Static: isSBSettingEnabled false
12-16 12:06:49.297 14322 16439 I System.out: (HTTPLog)-Static: isSBSettingEnabled false
12-16 12:06:49.297 14322 16439 I System.out: (HTTPLog)-Static: isSBSettingEnabled false
12-16 12:06:49.375 14322 14322 I ViewRootImpl@323ce5e[MainActivity]: ViewPostIme pointer 1
12-16 12:06:49.397 14322 16438 I System.out: (HTTPLog)-Static: isSBSettingEnabled false
12-16 12:06:49.397 14322 16438 I System.out: (HTTPLog)-Static: isSBSettingEnabled false
12-16 12:06:49.405 14322 16439 I System.out: (HTTPLog)-Static: isSBSettingEnabled false
12-16 12:06:49.405 14322 16439 I System.out: (HTTPLog)-Static: isSBSettingEnabled false
12-16 12:06:49.585 14322 16438 I System.out: (HTTPLog)-Static: isSBSettingEnabled false
12-16 12:06:49.585 14322 16438 I System.out: (HTTPLog)-Static: isSBSettingEnabled false
12-16 12:06:49.593 14322 16439 I System.out: (HTTPLog)-Static: isSBSettingEnabled false
12-16 12:06:49.593 14322 16439 I System.out: (HTTPLog)-Static: isSBSettingEnabled false
12-16 12:06:49.710 14322 16439 I System.out: (HTTPLog)-Static: isSBSettingEnabled false
12-16 12:06:49.710 14322 16439 I System.out: (HTTPLog)-Static: isSBSettingEnabled false
12-16 12:06:49.733 14322 16438 I System.out: (HTTPLog)-Static: isSBSettingEnabled false
12-16 12:06:49.733 14322 16438 I System.out: (HTTPLog)-Static: isSBSettingEnabled false
12-16 12:06:49.806 14322 16439 I System.out: (HTTPLog)-Static: isSBSettingEnabled false
12-16 12:06:49.806 14322 16439 I System.out: (HTTPLog)-Static: isSBSettingEnabled false
12-16 12:06:49.825 14322 16438 I System.out: (HTTPLog)-Static: isSBSettingEnabled false
12-16 12:06:49.825 14322 16438 I System.out: (HTTPLog)-Static: isSBSettingEnabled false
12-16 12:06:49.851 14322 14322 I ViewRootImpl@323ce5e[MainActivity]: ViewPostIme pointer 0
12-16 12:06:49.879 14322 16439 I System.out: (HTTPLog)-Static: isSBSettingEnabled false
12-16 12:06:49.879 14322 16439 I System.out: (HTTPLog)-Static: isSBSettingEnabled false
12-16 12:06:49.918 14322 14322 I ViewRootImpl@323ce5e[MainActivity]: ViewPostIme pointer 1
12-16 12:06:49.920 14322 14322 D InputMethodManager: prepareNavigationBarInfo() DecorView@29d01af[MainActivity]
12-16 12:06:49.920 14322 14322 D InputMethodManager: getNavigationBarColor() -855310
12-16 12:06:49.920 14322 14322 V InputMethodManager: Starting input: tba=com.rmc.natour21 ic=com.android.internal.widget.EditableInputConnection@37dc4b9 mNaviBarColor -855310 mIsGetNaviBarColorSuccess true , NavVisible : true , NavTrans : false
12-16 12:06:49.920 14322 14322 D InputMethodManager: startInputInner - Id : 0
12-16 12:06:49.923 14322 14322 I InputMethodManager: startInputInner - mService.startInputOrWindowGainedFocus
12-16 12:06:49.924 14322 14322 D InputTransport: Input channel destroyed: 'ClientS', fd=135
12-16 12:06:49.936 14322 16438 I System.out: (HTTPLog)-Static: isSBSettingEnabled false
12-16 12:06:49.936 14322 16438 I System.out: (HTTPLog)-Static: isSBSettingEnabled false
12-16 12:06:49.954 14322 16439 I System.out: (HTTPLog)-Static: isSBSettingEnabled false
12-16 12:06:49.954 14322 16439 I System.out: (HTTPLog)-Static: isSBSettingEnabled false
12-16 12:06:50.067 14322 16438 I System.out: (HTTPLog)-Static: isSBSettingEnabled false
12-16 12:06:50.067 14322 16438 I System.out: (HTTPLog)-Static: isSBSettingEnabled false
12-16 12:06:50.073 14322 14322 W System.err: java.io.IOException: INVALID_ARGUMENT: At least one of address or componentFilters must be specified.
12-16 12:06:50.074 14322 14322 W System.err: 	at android.location.Geocoder.getFromLocationName(Geocoder.java:178)
12-16 12:06:50.074 14322 14322 W System.err: 	at com.rmc.natour21.Fragment.InsertPath.InsertFragment.geoCode(InsertFragment.kt:608)
12-16 12:06:50.074 14322 14322 W System.err: 	at com.rmc.natour21.Fragment.InsertPath.InsertFragment$onViewCreated$2$1.onQueryTextChange(InsertFragment.kt:295)
12-16 12:06:50.074 14322 14322 W System.err: 	at android.widget.SearchView.onTextChanged(SearchView.java:1516)
12-16 12:06:50.074 14322 14322 W System.err: 	at android.widget.SearchView.access$2100(SearchView.java:113)
12-16 12:06:50.074 14322 14322 W System.err: 	at android.widget.SearchView$10.onTextChanged(SearchView.java:2149)
12-16 12:06:50.074 14322 14322 W System.err: 	at android.widget.TextView.sendOnTextChanged(TextView.java:11631)
12-16 12:06:50.074 14322 14322 W System.err: 	at android.widget.TextView.setText(TextView.java:6841)
12-16 12:06:50.074 14322 14322 W System.err: 	at android.widget.TextView.setText(TextView.java:6638)
12-16 12:06:50.074 14322 14322 W System.err: 	at android.widget.EditText.setText(EditText.java:140)
12-16 12:06:50.074 14322 14322 W System.err: 	at android.widget.TextView.setText(TextView.java:6590)
12-16 12:06:50.074 14322 14322 W System.err: 	at android.widget.SearchView.onCloseClicked(SearchView.java:1554)
12-16 12:06:50.074 14322 14322 W System.err: 	at android.widget.SearchView.access$800(SearchView.java:113)
12-16 12:06:50.074 14322 14322 W System.err: 	at android.widget.SearchView$5.onClick(SearchView.java:1197)
12-16 12:06:50.074 14322 14322 W System.err: 	at android.view.View.performClick(View.java:7862)
12-16 12:06:50.074 14322 14322 W System.err: 	at android.view.View.performClickInternal(View.java:7831)
12-16 12:06:50.074 14322 14322 W System.err: 	at android.view.View.access$3600(View.java:879)
12-16 12:06:50.074 14322 14322 W System.err: 	at android.view.View$PerformClick.run(View.java:29359)
12-16 12:06:50.074 14322 14322 W System.err: 	at android.os.Handler.handleCallback(Handler.java:883)
12-16 12:06:50.074 14322 14322 W System.err: 	at android.os.Handler.dispatchMessage(Handler.java:100)
12-16 12:06:50.074 14322 14322 W System.err: 	at android.os.Looper.loop(Looper.java:237)
12-16 12:06:50.074 14322 14322 W System.err: 	at android.app.ActivityThread.main(ActivityThread.java:8167)
12-16 12:06:50.074 14322 14322 W System.err: 	at java.lang.reflect.Method.invoke(Native Method)
12-16 12:06:50.075 14322 14322 W System.err: 	at com.android.internal.os.RuntimeInit$MethodAndArgsCaller.run(RuntimeInit.java:496)
12-16 12:06:50.075 14322 14322 W System.err: 	at com.android.internal.os.ZygoteInit.main(ZygoteInit.java:1100)
12-16 12:06:50.076 14322 14322 D InputMethodManager: SSI - flag : 0 Pid : 14322 view : com.rmc.natour21
12-16 12:06:50.076 14322 14322 D InputMethodManager: prepareNavigationBarInfo() DecorView@29d01af[MainActivity]
12-16 12:06:50.076 14322 14322 D InputMethodManager: getNavigationBarColor() -855310
12-16 12:06:50.092 14322 16439 I System.out: (HTTPLog)-Static: isSBSettingEnabled false
12-16 12:06:50.093 14322 16439 I System.out: (HTTPLog)-Static: isSBSettingEnabled false
12-16 12:06:50.161 14322 16438 I System.out: (HTTPLog)-Static: isSBSettingEnabled false
12-16 12:06:50.161 14322 16438 I System.out: (HTTPLog)-Static: isSBSettingEnabled false
12-16 12:06:50.181 14322 14322 I ViewRootImpl@323ce5e[MainActivity]: MSG_RESIZED: frame=(0,0,1080,2220) ci=(0,63,0,0) vi=(0,63,0,986) or=1
12-16 12:06:50.254 14322 16438 I System.out: (HTTPLog)-Static: isSBSettingEnabled false
12-16 12:06:50.254 14322 16438 I System.out: (HTTPLog)-Static: isSBSettingEnabled false
12-16 12:06:50.334 14322 16438 I System.out: (HTTPLog)-Static: isSBSettingEnabled false
12-16 12:06:50.334 14322 16438 I System.out: (HTTPLog)-Static: isSBSettingEnabled false
12-16 12:06:50.425 14322 16439 I System.out: (HTTPLog)-Static: isSBSettingEnabled false
12-16 12:06:50.425 14322 16439 I System.out: (HTTPLog)-Static: isSBSettingEnabled false
12-16 12:06:50.447 14322 16438 I System.out: (HTTPLog)-Static: isSBSettingEnabled false
12-16 12:06:50.447 14322 16438 I System.out: (HTTPLog)-Static: isSBSettingEnabled false
12-16 12:06:50.518 14322 16439 I System.out: (HTTPLog)-Static: isSBSettingEnabled false
12-16 12:06:50.518 14322 16439 I System.out: (HTTPLog)-Static: isSBSettingEnabled false
12-16 12:06:50.585 14322 16438 I System.out: (HTTPLog)-Static: isSBSettingEnabled false
12-16 12:06:50.585 14322 16438 I System.out: (HTTPLog)-Static: isSBSettingEnabled false
12-16 12:06:50.642 14322 16439 I System.out: (HTTPLog)-Static: isSBSettingEnabled false
12-16 12:06:50.642 14322 16439 I System.out: (HTTPLog)-Static: isSBSettingEnabled false
12-16 12:06:50.708 14322 16438 I System.out: (HTTPLog)-Static: isSBSettingEnabled false
12-16 12:06:50.708 14322 16438 I System.out: (HTTPLog)-Static: isSBSettingEnabled false
12-16 12:06:50.741 14322 16439 I System.out: (HTTPLog)-Static: isSBSettingEnabled false
12-16 12:06:50.741 14322 16439 I System.out: (HTTPLog)-Static: isSBSettingEnabled false
12-16 12:06:50.782 14322 16438 I System.out: (HTTPLog)-Static: isSBSettingEnabled false
12-16 12:06:50.782 14322 16438 I System.out: (HTTPLog)-Static: isSBSettingEnabled false
12-16 12:06:50.802 14322 16439 I System.out: (HTTPLog)-Static: isSBSettingEnabled false
12-16 12:06:50.802 14322 16439 I System.out: (HTTPLog)-Static: isSBSettingEnabled false
12-16 12:06:50.903 14322 16438 I System.out: (HTTPLog)-Static: isSBSettingEnabled false
12-16 12:06:50.903 14322 16438 I System.out: (HTTPLog)-Static: isSBSettingEnabled false
12-16 12:06:51.646 14322 14322 I ViewRootImpl@323ce5e[MainActivity]: The input has been finished in ImeInputStage.
12-16 12:06:51.710 14322 14322 I ViewRootImpl@323ce5e[MainActivity]: The input has been finished in ImeInputStage.
12-16 12:06:51.734 14322 14322 I ViewRootImpl@323ce5e[MainActivity]: MSG_RESIZED: frame=(0,0,1080,2220) ci=(0,63,0,0) vi=(0,63,0,0) or=1
12-16 12:06:52.662 14322 14322 I ViewRootImpl@323ce5e[MainActivity]: ViewPostIme pointer 0
12-16 12:06:52.712 14322 14322 I ViewRootImpl@323ce5e[MainActivity]: ViewPostIme pointer 1
12-16 12:06:53.130 14322 14322 W ActivityThread: handleWindowVisibility: no activity for token android.os.BinderProxy@7757b7d
12-16 12:06:53.158 14322 14322 D PhoneWindow: forceLight changed to true [] from com.android.internal.policy.PhoneWindow.updateForceLightNavigationBar:4274 com.android.internal.policy.DecorView.updateColorViews:1547 com.android.internal.policy.PhoneWindow.dispatchWindowAttributesChanged:3252 android.view.Window.setFlags:1153 com.android.internal.policy.PhoneWindow.generateLayout:2474 
12-16 12:06:53.158 14322 14322 I MultiWindowDecorSupport: [INFO] isPopOver = false
12-16 12:06:53.158 14322 14322 I MultiWindowDecorSupport: updateCaptionType >> DecorView@1d90eb3[], isFloating: false, isApplication: true, hasWindowDecorCaption: false, hasWindowControllerCallback: true
12-16 12:06:53.159 14322 14322 D MultiWindowDecorSupport: setCaptionType = 0, DecorView = DecorView@1d90eb3[]
12-16 12:06:53.182 14322 14322 I OsmDroid: Using tile source: Mapnik
12-16 12:06:53.182 14322 14322 I OsmDroid: Tile cache increased from 0 to 9
12-16 12:06:53.289 14322 14322 I ViewRootImpl@71b8432[PathAttributesActivity]: setView = com.android.internal.policy.DecorView@1d90eb3 TM=true MM=false
12-16 12:06:53.314 14322 14322 I ViewRootImpl@71b8432[PathAttributesActivity]: Relayout returned: old=(0,0,1080,2220) new=(0,0,1080,2220) req=(1080,2220)0 dur=8 res=0x7 s={true 522817523712} ch=true
12-16 12:06:53.315 14322 14540 D mali_winsys: EGLint new_window_surface(egl_winsys_display *, void *, EGLSurface, EGLConfig, egl_winsys_surface **, EGLBoolean) returns 0x3000
12-16 12:06:53.321 14322 14322 I ViewRootImpl@71b8432[PathAttributesActivity]: [DrawPending] drawPending(1) 1 android.view.ViewRootImpl.reportNextDraw:9952 android.view.ViewRootImpl.performTraversals:3329 android.view.ViewRootImpl.doTraversal:2222 
12-16 12:06:53.321 14322 14322 I ViewRootImpl@71b8432[PathAttributesActivity]: [DrawPending] performDraw() Waiting asnyc report
12-16 12:06:53.342 14322 16988 I System.out: (HTTPLog)-Static: isSBSettingEnabled false
12-16 12:06:53.342 14322 16988 I System.out: (HTTPLog)-Static: isSBSettingEnabled false
12-16 12:06:53.349 14322 16989 I System.out: (HTTPLog)-Static: isSBSettingEnabled false
12-16 12:06:53.349 14322 16989 I System.out: (HTTPLog)-Static: isSBSettingEnabled false
12-16 12:06:53.363 14322 14322 I ViewRootImpl@71b8432[PathAttributesActivity]: [DrawPending] pendingDrawFinished(0) 1 android.view.ViewRootImpl.lambda$performDraw$1$ViewRootImpl:4058 android.view.-$$Lambda$ViewRootImpl$7A_3tkr_Kw4TZAeIUGVlOoTcZhg.run:4 android.os.Handler.handleCallback:883 
12-16 12:06:53.363 14322 14322 I ViewRootImpl@71b8432[PathAttributesActivity]: [DrawPending] reportDrawFinished()
12-16 12:06:53.364 14322 14322 I ViewRootImpl@323ce5e[MainActivity]: MSG_WINDOW_FOCUS_CHANGED 0 1
12-16 12:06:53.365 14322 14322 D InputMethodManager: prepareNavigationBarInfo() DecorView@29d01af[MainActivity]
12-16 12:06:53.365 14322 14322 D InputMethodManager: getNavigationBarColor() -855310
12-16 12:06:53.374 14322 14322 I ViewRootImpl@71b8432[PathAttributesActivity]: MSG_WINDOW_FOCUS_CHANGED 1 1
12-16 12:06:53.375 14322 14322 D InputMethodManager: prepareNavigationBarInfo() DecorView@1d90eb3[PathAttributesActivity]
12-16 12:06:53.375 14322 14322 D InputMethodManager: getNavigationBarColor() -855310
12-16 12:06:53.379 14322 14322 D InputMethodManager: prepareNavigationBarInfo() DecorView@1d90eb3[PathAttributesActivity]
12-16 12:06:53.379 14322 14322 D InputMethodManager: getNavigationBarColor() -855310
12-16 12:06:53.379 14322 14322 V InputMethodManager: Starting input: tba=com.rmc.natour21 ic=null mNaviBarColor -855310 mIsGetNaviBarColorSuccess true , NavVisible : true , NavTrans : false
12-16 12:06:53.379 14322 14322 D InputMethodManager: startInputInner - Id : 0
12-16 12:06:53.379 14322 14322 I InputMethodManager: startInputInner - mService.startInputOrWindowGainedFocus
12-16 12:06:53.383 14322 14322 D InputTransport: Input channel destroyed: 'ClientS', fd=125
12-16 12:06:53.398 14322 14322 I ViewRootImpl@71b8432[PathAttributesActivity]: MSG_RESIZED: frame=(0,0,1080,2220) ci=(0,63,0,0) vi=(0,63,0,0) or=1
12-16 12:06:53.450 14322 16988 I System.out: (HTTPLog)-Static: isSBSettingEnabled false
12-16 12:06:53.450 14322 16988 I System.out: (HTTPLog)-Static: isSBSettingEnabled false
12-16 12:06:53.554 14322 16988 I System.out: (HTTPLog)-Static: isSBSettingEnabled false
12-16 12:06:53.554 14322 16988 I System.out: (HTTPLog)-Static: isSBSettingEnabled false
12-16 12:06:53.659 14322 16988 I System.out: (HTTPLog)-Static: isSBSettingEnabled false
12-16 12:06:53.659 14322 16988 I System.out: (HTTPLog)-Static: isSBSettingEnabled false
12-16 12:06:53.779 14322 16989 I System.out: (HTTPLog)-Static: isSBSettingEnabled false
12-16 12:06:53.779 14322 16989 I System.out: (HTTPLog)-Static: isSBSettingEnabled false
12-16 12:06:53.785 14322 14540 W libEGL  : EGLNativeWindowType 0x79ba59b490 disconnect failed
12-16 12:06:53.790 14322 16988 I System.out: (HTTPLog)-Static: isSBSettingEnabled false
12-16 12:06:53.791 14322 16988 I System.out: (HTTPLog)-Static: isSBSettingEnabled false
12-16 12:06:53.791 14322 14322 I ViewRootImpl@323ce5e[MainActivity]: Relayout returned: old=(0,0,1080,2220) new=(0,0,1080,2220) req=(1080,2220)8 dur=6 res=0x5 s={false 0} ch=true
12-16 12:06:53.792 14322 14322 I ViewRootImpl@323ce5e[MainActivity]: stopped(true) old=false
12-16 12:06:53.793 14322 14322 D ConnectivityManager: unregisterNetworkCallback; CallingUid : 10308, CallingPid : 14322
12-16 12:06:53.865 14322 16989 I System.out: (HTTPLog)-Static: isSBSettingEnabled false
12-16 12:06:53.866 14322 16989 I System.out: (HTTPLog)-Static: isSBSettingEnabled false
12-16 12:06:53.877 14322 16988 I System.out: (HTTPLog)-Static: isSBSettingEnabled false
12-16 12:06:53.877 14322 16988 I System.out: (HTTPLog)-Static: isSBSettingEnabled false
12-16 12:06:54.477 14322 14322 I ViewRootImpl@71b8432[PathAttributesActivity]: ViewPostIme pointer 0
12-16 12:06:54.535 14322 14322 I ViewRootImpl@71b8432[PathAttributesActivity]: ViewPostIme pointer 1
12-16 12:06:54.540 14322 14322 D InputMethodManager: prepareNavigationBarInfo() DecorView@1d90eb3[PathAttributesActivity]
12-16 12:06:54.541 14322 14322 D InputMethodManager: getNavigationBarColor() -855310
12-16 12:06:54.541 14322 14322 V InputMethodManager: Starting input: tba=com.rmc.natour21 ic=androidx.emoji2.viewsintegration.EmojiInputConnection@3726fe mNaviBarColor -855310 mIsGetNaviBarColorSuccess true , NavVisible : true , NavTrans : false
12-16 12:06:54.541 14322 14322 D InputMethodManager: startInputInner - Id : 0
12-16 12:06:54.543 14322 14322 I InputMethodManager: startInputInner - mService.startInputOrWindowGainedFocus
12-16 12:06:54.545 14322 14322 D InputTransport: Input channel destroyed: 'ClientS', fd=140
12-16 12:06:54.545 14322 14322 D InputMethodManager: SSI - flag : 0 Pid : 14322 view : com.rmc.natour21
12-16 12:06:54.546 14322 14322 D InputMethodManager: prepareNavigationBarInfo() DecorView@1d90eb3[PathAttributesActivity]
12-16 12:06:54.546 14322 14322 D InputMethodManager: getNavigationBarColor() -855310
12-16 12:06:54.550 14322 14322 D Editor  : waiting for the right moment
12-16 12:06:54.560 14322 14322 I AssistStructure: Flattened final assist data: 2932 bytes, containing 1 windows, 16 views
12-16 12:06:54.626 14322 14322 I ViewRootImpl@71b8432[PathAttributesActivity]: MSG_RESIZED: frame=(0,0,1080,2220) ci=(0,63,0,876) vi=(0,63,0,876) or=1
12-16 12:06:54.651 14322 14322 I ViewRootImpl@71b8432[PathAttributesActivity]: Relayout returned: old=(0,0,1080,2220) new=(0,0,1080,2220) req=(1080,2220)0 dur=13 res=0x1 s={true 522817523712} ch=false
12-16 12:06:58.360 14322 15879 W SendBird: [12:06:58.360 Connection$1:onMessage():235] onMessage instance : [PONG] com.sendbird.android.Connection@df8f48a
12-16 12:06:58.361 14322 15879 W Sendbird: [12:06:58.360 Connection$1:onMessage():236] onMessage instance : [PONG] com.sendbird.android.Connection@df8f48a
12-16 12:06:58.363 14322 15949 W SendBird: [12:06:58.363 EventController$1:call():141] ++ result[PONG] runnable=null
12-16 12:06:58.629 14322 14322 I ViewRootImpl@71b8432[PathAttributesActivity]: ViewPostIme key 0
12-16 12:06:58.638 14322 14322 I ViewRootImpl@71b8432[PathAttributesActivity]: ViewPostIme key 1
12-16 12:06:58.696 14322 14322 I ViewRootImpl@71b8432[PathAttributesActivity]: ViewPostIme key 0
12-16 12:06:58.701 14322 14322 I ViewRootImpl@71b8432[PathAttributesActivity]: ViewPostIme key 1
12-16 12:06:58.856 14322 14322 I ViewRootImpl@71b8432[PathAttributesActivity]: ViewPostIme key 0
12-16 12:06:58.858 14322 14322 I ViewRootImpl@71b8432[PathAttributesActivity]: ViewPostIme key 1
12-16 12:06:59.014 14322 16020 V NativeCrypto: SSL shutdown failed: ssl=0x79b50b9348: I/O error during system call, Broken pipe
12-16 12:07:03.360 14322 14322 I ViewRootImpl@71b8432[PathAttributesActivity]: ViewPostIme pointer 0
12-16 12:07:03.410 14322 14322 I ViewRootImpl@71b8432[PathAttributesActivity]: ViewPostIme pointer 1
12-16 12:07:03.414 14322 14322 D InputMethodManager: prepareNavigationBarInfo() DecorView@1d90eb3[PathAttributesActivity]
12-16 12:07:03.414 14322 14322 D InputMethodManager: getNavigationBarColor() -855310
12-16 12:07:03.414 14322 14322 V InputMethodManager: Starting input: tba=com.rmc.natour21 ic=androidx.emoji2.viewsintegration.EmojiInputConnection@a5574f3 mNaviBarColor -855310 mIsGetNaviBarColorSuccess true , NavVisible : true , NavTrans : false
12-16 12:07:03.414 14322 14322 D InputMethodManager: startInputInner - Id : 0
12-16 12:07:03.417 14322 14322 I InputMethodManager: startInputInner - mService.startInputOrWindowGainedFocus
12-16 12:07:03.419 14322 14322 D InputTransport: Input channel destroyed: 'ClientS', fd=120
12-16 12:07:03.419 14322 14322 D InputMethodManager: SSI - flag : 0 Pid : 14322 view : com.rmc.natour21
12-16 12:07:03.420 14322 14322 D InputMethodManager: prepareNavigationBarInfo() DecorView@1d90eb3[PathAttributesActivity]
12-16 12:07:03.420 14322 14322 D InputMethodManager: getNavigationBarColor() -855310
12-16 12:07:03.421 14322 14322 D Editor  : waiting for the right moment
12-16 12:07:03.423 14322 14322 W IInputConnectionWrapper: requestCursorAnchorInfo on inactive InputConnection
12-16 12:07:03.491 14322 14322 I ViewRootImpl@71b8432[PathAttributesActivity]: MSG_RESIZED: frame=(0,0,1080,2220) ci=(0,63,0,986) vi=(0,63,0,986) or=1
12-16 12:07:03.526 14322 14322 I ViewRootImpl@71b8432[PathAttributesActivity]: Relayout returned: old=(0,0,1080,2220) new=(0,0,1080,2220) req=(1080,2220)0 dur=22 res=0x1 s={true 522817523712} ch=false
12-16 12:07:07.836 14322 14322 I ViewRootImpl@71b8432[PathAttributesActivity]: ViewPostIme pointer 0
12-16 12:07:07.974 14322 14322 I ViewRootImpl@71b8432[PathAttributesActivity]: The input has been finished in ImeInputStage.
12-16 12:07:07.980 14322 14322 I ViewRootImpl@71b8432[PathAttributesActivity]: The input has been finished in ImeInputStage.
12-16 12:07:08.024 14322 14322 I ViewRootImpl@71b8432[PathAttributesActivity]: MSG_RESIZED: frame=(0,0,1080,2220) ci=(0,63,0,0) vi=(0,63,0,0) or=1
12-16 12:07:08.046 14322 14322 I ViewRootImpl@71b8432[PathAttributesActivity]: Relayout returned: old=(0,0,1080,2220) new=(0,0,1080,2220) req=(1080,2220)0 dur=5 res=0x1 s={true 522817523712} ch=false
12-16 12:07:09.070 14322 14322 I ViewRootImpl@71b8432[PathAttributesActivity]: ViewPostIme pointer 0
12-16 12:07:09.121 14322 14322 I ViewRootImpl@71b8432[PathAttributesActivity]: ViewPostIme pointer 1
12-16 12:07:12.577 14322 14322 I ViewRootImpl@71b8432[PathAttributesActivity]: ViewPostIme pointer 0
12-16 12:07:12.635 14322 14322 I ViewRootImpl@71b8432[PathAttributesActivity]: ViewPostIme pointer 1
12-16 12:07:12.656 14322 14322 D Dialog  : mIsSamsungBasicInteraction = false
12-16 12:07:12.656 14322 14322 D Dialog  : mIsSamsungBasicInteraction = false, isMetaDataInActivity = false
12-16 12:07:12.666 14322 14322 I MultiWindowDecorSupport: [INFO] isPopOver = false
12-16 12:07:12.667 14322 14322 I MultiWindowDecorSupport: updateCaptionType >> DecorView@d13c494[], isFloating: true, isApplication: true, hasWindowDecorCaption: false, hasWindowControllerCallback: false
12-16 12:07:12.667 14322 14322 D MultiWindowDecorSupport: setCaptionType = 0, DecorView = DecorView@d13c494[]
12-16 12:07:12.704 14322 14322 D ScrollView: initGoToTop
12-16 12:07:12.729 14322 14322 I ViewRootImpl@ab96565[PathAttributesActivity]: setView = com.android.internal.policy.DecorView@d13c494 TM=true MM=false
12-16 12:07:12.748 14322 14322 I ViewRootImpl@ab96565[PathAttributesActivity]: Relayout returned: old=(0,63,1080,2220) new=(28,874,1052,1408) req=(1024,534)0 dur=7 res=0x7 s={true 520977453056} ch=true
12-16 12:07:12.750 14322 14540 D mali_winsys: EGLint new_window_surface(egl_winsys_display *, void *, EGLSurface, EGLConfig, egl_winsys_surface **, EGLBoolean) returns 0x3000
12-16 12:07:12.754 14322 14322 I ViewRootImpl@ab96565[PathAttributesActivity]: [DrawPending] drawPending(1) 1 android.view.ViewRootImpl.reportNextDraw:9952 android.view.ViewRootImpl.performTraversals:3329 android.view.ViewRootImpl.doTraversal:2222 
12-16 12:07:12.754 14322 14322 I ViewRootImpl@ab96565[PathAttributesActivity]: [DrawPending] performDraw() Waiting asnyc report
12-16 12:07:12.758 14322 14322 E DecorView: mWindow.mActivityCurrentConfig is null
12-16 12:07:12.765 14322 14322 I ViewRootImpl@ab96565[PathAttributesActivity]: [DrawPending] pendingDrawFinished(0) 1 android.view.ViewRootImpl.lambda$performDraw$1$ViewRootImpl:4058 android.view.-$$Lambda$ViewRootImpl$7A_3tkr_Kw4TZAeIUGVlOoTcZhg.run:4 android.os.Handler.handleCallback:883 
12-16 12:07:12.765 14322 14322 I ViewRootImpl@ab96565[PathAttributesActivity]: [DrawPending] reportDrawFinished()
12-16 12:07:12.766 14322 14322 I ViewRootImpl@ab96565[PathAttributesActivity]: MSG_WINDOW_FOCUS_CHANGED 1 1
12-16 12:07:12.773 14322 14322 I ViewRootImpl@ab96565[PathAttributesActivity]: MSG_RESIZED: frame=(28,874,1052,1408) ci=(0,0,0,0) vi=(0,0,0,0) or=1
12-16 12:07:12.786 14322 14322 I ViewRootImpl@71b8432[PathAttributesActivity]: MSG_WINDOW_FOCUS_CHANGED 0 1
12-16 12:07:12.787 14322 14322 D InputMethodManager: prepareNavigationBarInfo() DecorView@1d90eb3[PathAttributesActivity]
12-16 12:07:12.787 14322 14322 D InputMethodManager: getNavigationBarColor() -855310
12-16 12:07:13.356 14322 15879 W SendBird: [12:07:13.356 Connection$1:onMessage():235] onMessage instance : [PONG] com.sendbird.android.Connection@df8f48a
12-16 12:07:13.357 14322 15879 W Sendbird: [12:07:13.357 Connection$1:onMessage():236] onMessage instance : [PONG] com.sendbird.android.Connection@df8f48a
12-16 12:07:13.359 14322 15949 W SendBird: [12:07:13.359 EventController$1:call():141] ++ result[PONG] runnable=null
12-16 12:07:13.819 14322 14322 D Toast   : show: focusDisplayId = 0, isFocusInDesktop = false mCustomDisplayId=-1
12-16 12:07:13.836 14322 17175 V Toast   : SHOW: android.widget.Toast$TN@c96becb
12-16 12:07:13.840 14322 14540 W libEGL  : EGLNativeWindowType 0x79b51e3a10 disconnect failed
12-16 12:07:13.840 14322 14322 I ViewRootImpl@ab96565[PathAttributesActivity]: dispatchDetachedFromWindow
12-16 12:07:13.845 14322 14322 D InputTransport: Input channel destroyed: '4eeb9ac', fd=120
12-16 12:07:13.846 14322 14322 I ViewRootImpl@323ce5e[MainActivity]: stopped(false) old=true
12-16 12:07:13.849 14322 14322 D ConnectivityManager: requestNetwork; CallingUid : 10308, CallingPid : 14322
12-16 12:07:13.854 14322 14322 I ViewRootImpl@323ce5e[MainActivity]: stopped(false) old=false
12-16 12:07:13.859 14322 14322 E ViewRootImpl: sendUserActionEvent() mView returned.
12-16 12:07:13.859 14322 14322 V Toast   : HANDLE SHOW: android.widget.Toast$TN@c96becb mView=null mNextView=android.widget.LinearLayout{be599f V.E...... ......I. 0,0-0,0}
12-16 12:07:13.859 14322 14322 V Toast   : HANDLE HIDE: android.widget.Toast$TN@c96becb mView=null
12-16 12:07:13.870 14322 14322 I ViewRootImpl@a0d494a[Toast]: setView = android.widget.LinearLayout@be599f TM=true MM=false
12-16 12:07:13.871 14322 14322 V Toast   : Text: Qerc in android.widget.Toast$TN@c96becb
12-16 12:07:13.883 14322 14322 I ViewRootImpl@323ce5e[MainActivity]: Relayout returned: old=(0,0,1080,2220) new=(0,0,1080,2220) req=(1080,2220)0 dur=8 res=0x7 s={true 520977453056} ch=true
12-16 12:07:13.883 14322 14540 D mali_winsys: EGLint new_window_surface(egl_winsys_display *, void *, EGLSurface, EGLConfig, egl_winsys_surface **, EGLBoolean) returns 0x3000
12-16 12:07:13.884 14322 14322 I ViewRootImpl@323ce5e[MainActivity]: [DrawPending] drawPending(1) 1 android.view.ViewRootImpl.reportNextDraw:9952 android.view.ViewRootImpl.performTraversals:3329 android.view.ViewRootImpl.doTraversal:2222 
12-16 12:07:13.884 14322 14322 I ViewRootImpl@323ce5e[MainActivity]: [DrawPending] performDraw() Waiting asnyc report
12-16 12:07:13.920 14322 14322 I ViewRootImpl@a0d494a[Toast]: Relayout returned: old=(0,63,1080,2220) new=(183,1936,896,2052) req=(713,116)0 dur=6 res=0x7 s={true 520198250496} ch=true
12-16 12:07:13.921 14322 14540 D mali_winsys: EGLint new_window_surface(egl_winsys_display *, void *, EGLSurface, EGLConfig, egl_winsys_surface **, EGLBoolean) returns 0x3000
12-16 12:07:13.922 14322 14322 I ViewRootImpl@a0d494a[Toast]: [DrawPending] drawPending(1) 0 android.view.ViewRootImpl.reportNextDraw:9952 android.view.ViewRootImpl.performTraversals:3329 android.view.ViewRootImpl.doTraversal:2222 
12-16 12:07:13.922 14322 14322 I ViewRootImpl@a0d494a[Toast]: [DrawPending] performDraw() Waiting asnyc report
12-16 12:07:13.941 14322 14322 I ViewRootImpl@a0d494a[Toast]: [DrawPending] pendingDrawFinished(0) 0 android.view.ViewRootImpl.lambda$performDraw$1$ViewRootImpl:4058 android.view.-$$Lambda$ViewRootImpl$7A_3tkr_Kw4TZAeIUGVlOoTcZhg.run:4 android.os.Handler.handleCallback:883 
12-16 12:07:13.941 14322 14322 I ViewRootImpl@a0d494a[Toast]: [DrawPending] reportDrawFinished()
12-16 12:07:13.942 14322 14322 I ViewRootImpl@323ce5e[MainActivity]: [DrawPending] pendingDrawFinished(0) 1 android.view.ViewRootImpl.lambda$performDraw$1$ViewRootImpl:4058 android.view.-$$Lambda$ViewRootImpl$7A_3tkr_Kw4TZAeIUGVlOoTcZhg.run:4 android.os.Handler.handleCallback:883 
12-16 12:07:13.942 14322 14322 I ViewRootImpl@323ce5e[MainActivity]: [DrawPending] reportDrawFinished()
12-16 12:07:13.954 14322 14322 I ViewRootImpl@323ce5e[MainActivity]: MSG_WINDOW_FOCUS_CHANGED 1 1
12-16 12:07:13.954 14322 14322 D InputMethodManager: prepareNavigationBarInfo() DecorView@29d01af[MainActivity]
12-16 12:07:13.954 14322 14322 D InputMethodManager: getNavigationBarColor() -855310
12-16 12:07:13.968 14322 14322 D InputMethodManager: prepareNavigationBarInfo() DecorView@29d01af[MainActivity]
12-16 12:07:13.968 14322 14322 D InputMethodManager: getNavigationBarColor() -855310
12-16 12:07:13.968 14322 14322 V InputMethodManager: Starting input: tba=com.rmc.natour21 ic=com.android.internal.widget.EditableInputConnection@cf7dbf0 mNaviBarColor -855310 mIsGetNaviBarColorSuccess true , NavVisible : true , NavTrans : false
12-16 12:07:13.968 14322 14322 D InputMethodManager: startInputInner - Id : 0
12-16 12:07:13.972 14322 14322 I InputMethodManager: startInputInner - mService.startInputOrWindowGainedFocus
12-16 12:07:13.975 14322 14322 D InputTransport: Input channel destroyed: 'ClientS', fd=115
12-16 12:07:13.975 14322 14322 I ViewRootImpl@a0d494a[Toast]: MSG_RESIZED: frame=(183,1936,896,2052) ci=(0,0,0,0) vi=(357,116,713,116) or=1
12-16 12:07:13.977 14322 14322 D InputMethodManager: SSI - flag : 0 Pid : 14322 view : com.rmc.natour21
12-16 12:07:13.977 14322 14322 D InputMethodManager: prepareNavigationBarInfo() DecorView@29d01af[MainActivity]
12-16 12:07:13.977 14322 14322 D InputMethodManager: getNavigationBarColor() -855310
12-16 12:07:14.066 14322 14322 I ViewRootImpl@323ce5e[MainActivity]: MSG_RESIZED: frame=(0,0,1080,2220) ci=(0,63,0,0) vi=(0,63,0,986) or=1
12-16 12:07:14.371 14322 14540 W libEGL  : EGLNativeWindowType 0x794ce24ad0 disconnect failed
12-16 12:07:14.377 14322 14322 I ViewRootImpl@71b8432[PathAttributesActivity]: Relayout returned: old=(0,0,1080,2220) new=(0,0,1080,2220) req=(1080,2220)8 dur=5 res=0x5 s={false 0} ch=true
12-16 12:07:14.378 14322 14322 I ViewRootImpl@71b8432[PathAttributesActivity]: stopped(true) old=false
12-16 12:07:14.395 14322 14322 I ViewRootImpl@71b8432[PathAttributesActivity]: dispatchDetachedFromWindow
12-16 12:07:14.402 14322 14322 D InputTransport: Input channel destroyed: '692d4b ', fd=83
12-16 12:07:17.017 14322 14322 I ViewRootImpl@323ce5e[MainActivity]: ViewPostIme pointer 0
12-16 12:07:17.187 14322 14322 I ViewRootImpl@323ce5e[MainActivity]: The input has been finished in ImeInputStage.
12-16 12:07:17.191 14322 14322 I ViewRootImpl@323ce5e[MainActivity]: The input has been finished in ImeInputStage.
12-16 12:07:17.232 14322 14322 I ViewRootImpl@323ce5e[MainActivity]: MSG_RESIZED: frame=(0,0,1080,2220) ci=(0,63,0,0) vi=(0,63,0,0) or=1
12-16 12:07:17.336 14322 14343 V Toast   : HIDE: android.widget.Toast$TN@c96becb
12-16 12:07:17.337 14322 14322 V Toast   : HANDLE HIDE: android.widget.Toast$TN@c96becb mView=android.widget.LinearLayout{be599f V.E...... ........ 0,0-713,116}
12-16 12:07:17.337 14322 14322 V Toast   : REMOVE! android.widget.LinearLayout{be599f V.E...... ........ 0,0-713,116} in android.widget.Toast$TN@c96becb
12-16 12:07:17.339 14322 14540 W libEGL  : EGLNativeWindowType 0x78fa3a3350 disconnect failed
12-16 12:07:17.339 14322 14322 I ViewRootImpl@a0d494a[Toast]: dispatchDetachedFromWindow
12-16 12:07:17.344 14322 14322 D InputTransport: Input channel destroyed: 'b96bec0', fd=120
12-16 12:07:28.356 14322 15879 W SendBird: [12:07:28.356 Connection$1:onMessage():235] onMessage instance : [PONG] com.sendbird.android.Connection@df8f48a
12-16 12:07:28.357 14322 15879 W Sendbird: [12:07:28.356 Connection$1:onMessage():236] onMessage instance : [PONG] com.sendbird.android.Connection@df8f48a
12-16 12:07:28.359 14322 15949 W SendBird: [12:07:28.359 EventController$1:call():141] ++ result[PONG] runnable=null
12-16 12:07:43.340 14322 15879 W SendBird: [12:07:43.340 Connection$1:onMessage():235] onMessage instance : [PONG] com.sendbird.android.Connection@df8f48a
12-16 12:07:43.341 14322 15879 W Sendbird: [12:07:43.340 Connection$1:onMessage():236] onMessage instance : [PONG] com.sendbird.android.Connection@df8f48a
12-16 12:07:43.343 14322 15949 W SendBird: [12:07:43.343 EventController$1:call():141] ++ result[PONG] runnable=null
12-16 12:07:45.523 14322 14322 I ViewRootImpl@323ce5e[MainActivity]: ViewPostIme pointer 0
12-16 12:07:45.577 14322 14322 I ViewRootImpl@323ce5e[MainActivity]: ViewPostIme pointer 1
12-16 12:07:45.610 14322 14322 D ConnectivityManager: unregisterNetworkCallback; CallingUid : 10308, CallingPid : 14322
12-16 12:07:45.670 14322 15767 V NativeCrypto: SSL shutdown failed: ssl=0x794fdea208: I/O error during system call, Broken pipe
12-16 12:07:45.706 14322 14322 D ConnectivityManager: requestNetwork; CallingUid : 10308, CallingPid : 14322
12-16 12:07:45.712 14322 14322 D InputMethodManager: HSIFW - flag : 0
12-16 12:07:45.951 14322 14322 I ViewRootImpl@323ce5e[MainActivity]: Relayout returned: old=(0,0,1080,2220) new=(0,0,1080,2220) req=(1080,2220)0 dur=9 res=0x1 s={true 520977453056} ch=false
12-16 12:07:46.034 14322 14322 I ViewRootImpl@323ce5e[MainActivity]: ViewPostIme pointer 0
12-16 12:07:46.950 14322 14540 W libEGL  : EGLNativeWindowType 0x79b51e3a10 disconnect failed
12-16 12:07:46.964 14322 14322 I ViewRootImpl@323ce5e[MainActivity]: Relayout returned: old=(0,0,1080,2220) new=(0,0,1080,2220) req=(1080,2220)8 dur=10 res=0x5 s={false 0} ch=true
12-16 12:07:46.965 14322 14322 I ViewRootImpl@323ce5e[MainActivity]: MSG_WINDOW_FOCUS_CHANGED 0 1
12-16 12:07:46.966 14322 14322 D InputMethodManager: prepareNavigationBarInfo() DecorView@29d01af[MainActivity]
12-16 12:07:46.966 14322 14322 D InputMethodManager: getNavigationBarColor() -855310
12-16 12:07:47.026 14322 14322 I ViewRootImpl@323ce5e[MainActivity]: stopped(true) old=false
12-16 12:07:47.067 14322 14322 D ConnectivityManager: unregisterNetworkCallback; CallingUid : 10308, CallingPid : 14322
12-16 12:07:47.096 14322 14322 D InputTransport: Input channel destroyed: 'ClientS', fd=128
12-16 12:07:47.106 14322 14322 I ViewRootImpl@323ce5e[MainActivity]: Relayout returned: old=(0,0,1080,2220) new=(0,0,1080,2220) req=(1080,2220)8 dur=6 res=0x5 s={false 0} ch=false
12-16 12:11:37.627 18843 18843 I om.rmc.natour2: Late-enabling -Xcheck:jni
12-16 12:11:37.679 18843 18843 E om.rmc.natour2: Unknown bits set in runtime_flags: 0x8000
12-16 12:11:37.699 18843 18843 D ActivityThread: setConscryptValidator
12-16 12:11:37.699 18843 18843 D ActivityThread: setConscryptValidator - put
12-16 12:11:37.748 18843 18843 I om.rmc.natour2: The ClassLoaderContext is a special shared library.
12-16 12:11:38.937 18843 18843 I FirebaseApp: Device unlocked: initializing all Firebase APIs for app [DEFAULT]
12-16 12:11:39.047 18843 18843 I FirebaseInitProvider: FirebaseApp initialization successful
12-16 12:11:39.112 18843 18870 I DynamiteModule: Considering local module com.google.android.gms.measurement.dynamite:70 and remote module com.google.android.gms.measurement.dynamite:87
12-16 12:11:39.112 18843 18870 I DynamiteModule: Selected remote version of com.google.android.gms.measurement.dynamite, version >= 87
12-16 12:11:39.112 18843 18870 V DynamiteModule: Dynamite loader version >= 2, using loadModule2NoCrashUtils
12-16 12:11:39.132 18843 18870 W System  : ClassLoader referenced unknown path: 
12-16 12:11:39.199 18843 18843 W com.facebook.UserSettingsManager: Please set a value for AutoLogAppEventsEnabled. Set the flag to TRUE if you want to collect app install, app launch and in-app purchase events automatically. To request user consent before collecting data, set the flag value to FALSE, then change to TRUE once user consent is received. Learn more: https://developers.facebook.com/docs/app-events/getting-started-app-events-android#disable-auto-events.
12-16 12:11:39.199 18843 18843 W com.facebook.UserSettingsManager: You haven't set a value for AdvertiserIDCollectionEnabled. Set the flag to TRUE if you want to collect Advertiser ID for better advertising and analytics results. To request user consent before collecting data, set the flag value to FALSE, then change to TRUE once user consent is received. Learn more: https://developers.facebook.com/docs/app-events/getting-started-app-events-android#disable-auto-events.
12-16 12:11:39.229 18843 18870 W om.rmc.natour2: Accessing hidden field Lsun/misc/Unsafe;->theUnsafe:Lsun/misc/Unsafe; (greylist, reflection, allowed)
12-16 12:11:39.230 18843 18870 W om.rmc.natour2: Accessing hidden method Lsun/misc/Unsafe;->objectFieldOffset(Ljava/lang/reflect/Field;)J (greylist,core-platform-api, linking, allowed)
12-16 12:11:39.230 18843 18870 W om.rmc.natour2: Accessing hidden method Lsun/misc/Unsafe;->arrayBaseOffset(Ljava/lang/Class;)I (greylist,core-platform-api, linking, allowed)
12-16 12:11:39.230 18843 18870 W om.rmc.natour2: Accessing hidden method Lsun/misc/Unsafe;->arrayIndexScale(Ljava/lang/Class;)I (greylist, linking, allowed)
12-16 12:11:39.232 18843 18891 W com.facebook.internal.NativeProtocol: Apps that target Android API 30+ (Android 11+) cannot call Facebook native apps unless the package visibility needs are declared. Please follow https://developers.facebook.com/docs/android/troubleshooting/#faq_267321845055988 to make the declaration.
12-16 12:11:39.274 18843 18887 D NetworkSecurityConfig: Using Network Security Config from resource network_security_config debugBuild: true
12-16 12:11:39.283 18843 18889 I System.out: (HTTPLog)-Static: isSBSettingEnabled false
12-16 12:11:39.283 18843 18889 I System.out: (HTTPLog)-Static: isSBSettingEnabled false
12-16 12:11:39.285 18843 18890 I System.out: (HTTPLog)-Static: isSBSettingEnabled false
12-16 12:11:39.285 18843 18890 I System.out: (HTTPLog)-Static: isSBSettingEnabled false
12-16 12:11:39.287 18843 18887 I System.out: (HTTPLog)-Static: isSBSettingEnabled false
12-16 12:11:39.287 18843 18887 I System.out: (HTTPLog)-Static: isSBSettingEnabled false
12-16 12:11:39.338 18843 18843 D KeyHash:: 3Fm4gBnqk2PYU3lntxOY4S7uHvQ=
12-16 12:11:39.351 18843 18894 I FA      : App measurement initialized, version: 75052
12-16 12:11:39.351 18843 18894 I FA      : To enable debug logging run: adb shell setprop log.tag.FA VERBOSE
12-16 12:11:39.351 18843 18894 I FA      : To enable faster debug mode event logging run:
12-16 12:11:39.351 18843 18894 I FA      :   adb shell setprop debug.firebase.analytics.app com.rmc.natour21
12-16 12:11:39.367 18843 18887 D TcpOptimizer: TcpOptimizer-ON
12-16 12:11:39.413 18843 18887 D libmdf  : libmdf v2.9.0.0 On 64bit PLATFORM
12-16 12:11:40.007 18843 18890 I System.out: (HTTPLog)-Static: isSBSettingEnabled false
12-16 12:11:40.007 18843 18890 I System.out: (HTTPLog)-Static: isSBSettingEnabled false
12-16 12:11:56.722 19002 19002 I om.rmc.natour2: Late-enabling -Xcheck:jni
12-16 12:11:56.765 19002 19002 E om.rmc.natour2: Unknown bits set in runtime_flags: 0x8000
12-16 12:11:56.787 19002 19002 D ActivityThread: setConscryptValidator
12-16 12:11:56.788 19002 19002 D ActivityThread: setConscryptValidator - put
12-16 12:11:56.840 19002 19002 I om.rmc.natour2: The ClassLoaderContext is a special shared library.
12-16 12:11:57.927 19002 19002 I FirebaseApp: Device unlocked: initializing all Firebase APIs for app [DEFAULT]
12-16 12:11:58.013 19002 19033 I DynamiteModule: Considering local module com.google.android.gms.measurement.dynamite:70 and remote module com.google.android.gms.measurement.dynamite:87
12-16 12:11:58.013 19002 19033 I DynamiteModule: Selected remote version of com.google.android.gms.measurement.dynamite, version >= 87
12-16 12:11:58.013 19002 19033 V DynamiteModule: Dynamite loader version >= 2, using loadModule2NoCrashUtils
12-16 12:11:58.021 19002 19033 W System  : ClassLoader referenced unknown path: 
12-16 12:11:58.025 19002 19002 I FirebaseInitProvider: FirebaseApp initialization successful
12-16 12:11:58.056 19002 19033 W om.rmc.natour2: Accessing hidden field Lsun/misc/Unsafe;->theUnsafe:Lsun/misc/Unsafe; (greylist, reflection, allowed)
12-16 12:11:58.056 19002 19033 W om.rmc.natour2: Accessing hidden method Lsun/misc/Unsafe;->objectFieldOffset(Ljava/lang/reflect/Field;)J (greylist,core-platform-api, linking, allowed)
12-16 12:11:58.056 19002 19033 W om.rmc.natour2: Accessing hidden method Lsun/misc/Unsafe;->arrayBaseOffset(Ljava/lang/Class;)I (greylist,core-platform-api, linking, allowed)
12-16 12:11:58.056 19002 19033 W om.rmc.natour2: Accessing hidden method Lsun/misc/Unsafe;->arrayIndexScale(Ljava/lang/Class;)I (greylist, linking, allowed)
12-16 12:11:58.106 19002 19040 I FA      : App measurement initialized, version: 75052
12-16 12:11:58.106 19002 19040 I FA      : To enable debug logging run: adb shell setprop log.tag.FA VERBOSE
12-16 12:11:58.106 19002 19040 I FA      : To enable faster debug mode event logging run:
12-16 12:11:58.106 19002 19040 I FA      :   adb shell setprop debug.firebase.analytics.app com.rmc.natour21
12-16 12:11:58.132 19002 19002 W com.facebook.UserSettingsManager: Please set a value for AutoLogAppEventsEnabled. Set the flag to TRUE if you want to collect app install, app launch and in-app purchase events automatically. To request user consent before collecting data, set the flag value to FALSE, then change to TRUE once user consent is received. Learn more: https://developers.facebook.com/docs/app-events/getting-started-app-events-android#disable-auto-events.
12-16 12:11:58.132 19002 19002 W com.facebook.UserSettingsManager: You haven't set a value for AdvertiserIDCollectionEnabled. Set the flag to TRUE if you want to collect Advertiser ID for better advertising and analytics results. To request user consent before collecting data, set the flag value to FALSE, then change to TRUE once user consent is received. Learn more: https://developers.facebook.com/docs/app-events/getting-started-app-events-android#disable-auto-events.
12-16 12:11:58.154 19002 19052 W com.facebook.internal.NativeProtocol: Apps that target Android API 30+ (Android 11+) cannot call Facebook native apps unless the package visibility needs are declared. Please follow https://developers.facebook.com/docs/android/troubleshooting/#faq_267321845055988 to make the declaration.
12-16 12:11:58.163 19002 19047 D NetworkSecurityConfig: Using Network Security Config from resource network_security_config debugBuild: true
12-16 12:11:58.170 19002 19049 I System.out: (HTTPLog)-Static: isSBSettingEnabled false
12-16 12:11:58.170 19002 19050 I System.out: (HTTPLog)-Static: isSBSettingEnabled false
12-16 12:11:58.170 19002 19050 I System.out: (HTTPLog)-Static: isSBSettingEnabled false
12-16 12:11:58.170 19002 19047 I System.out: (HTTPLog)-Static: isSBSettingEnabled false
12-16 12:11:58.170 19002 19047 I System.out: (HTTPLog)-Static: isSBSettingEnabled false
12-16 12:11:58.170 19002 19049 I System.out: (HTTPLog)-Static: isSBSettingEnabled false
12-16 12:11:58.175 19002 19050 D TcpOptimizer: TcpOptimizer-ON
12-16 12:11:58.186 19002 19002 D KeyHash:: 3Fm4gBnqk2PYU3lntxOY4S7uHvQ=
12-16 12:11:58.210 19002 19066 D libEGL  : loaded /vendor/lib64/egl/libGLES_mali.so
12-16 12:11:58.256 19002 19050 D libmdf  : libmdf v2.9.0.0 On 64bit PLATFORM
12-16 12:11:58.271 19002 19002 D PhoneWindow: forceLight changed to true [] from com.android.internal.policy.PhoneWindow.updateForceLightNavigationBar:4274 com.android.internal.policy.DecorView.updateColorViews:1547 com.android.internal.policy.PhoneWindow.dispatchWindowAttributesChanged:3252 android.view.Window.setFlags:1153 com.android.internal.policy.PhoneWindow.generateLayout:2474 
12-16 12:11:58.271 19002 19002 I MultiWindowDecorSupport: [INFO] isPopOver = false
12-16 12:11:58.271 19002 19002 I MultiWindowDecorSupport: updateCaptionType >> DecorView@597789f[], isFloating: false, isApplication: true, hasWindowDecorCaption: false, hasWindowControllerCallback: true
12-16 12:11:58.271 19002 19002 D MultiWindowDecorSupport: setCaptionType = 0, DecorView = DecorView@597789f[]
12-16 12:11:58.298 19002 19002 W om.rmc.natour2: Accessing hidden method Landroid/view/View;->computeFitSystemWindows(Landroid/graphics/Rect;Landroid/graphics/Rect;)Z (greylist, reflection, allowed)
12-16 12:11:58.298 19002 19002 W om.rmc.natour2: Accessing hidden method Landroid/view/ViewGroup;->makeOptionalFitsSystemWindows()V (greylist, reflection, allowed)
12-16 12:11:58.357 19002 19002 D ConnectivityManager: requestNetwork; CallingUid : 10308, CallingPid : 19002
12-16 12:11:58.363 19002 19033 W om.rmc.natour2: Accessing hidden method Lsun/misc/Unsafe;->compareAndSwapInt(Ljava/lang/Object;JII)Z (greylist, linking, allowed)
12-16 12:11:58.363 19002 19033 W om.rmc.natour2: Accessing hidden method Lsun/misc/Unsafe;->getObjectVolatile(Ljava/lang/Object;J)Ljava/lang/Object; (greylist, linking, allowed)
12-16 12:11:58.363 19002 19033 W om.rmc.natour2: Accessing hidden method Lsun/misc/Unsafe;->compareAndSwapObject(Ljava/lang/Object;JLjava/lang/Object;Ljava/lang/Object;)Z (greylist, linking, allowed)
12-16 12:11:58.363 19002 19033 W om.rmc.natour2: Accessing hidden method Lsun/misc/Unsafe;->compareAndSwapLong(Ljava/lang/Object;JJJ)Z (greylist, linking, allowed)
12-16 12:11:58.371 19002 19040 I FA      : Tag Manager is not found and thus will not be used
12-16 12:11:58.391 19002 19002 I ViewRootImpl@303f1ae[Splashscreen]: setView = com.android.internal.policy.DecorView@597789f TM=true MM=false
12-16 12:11:58.444 19002 19002 I ViewRootImpl@303f1ae[Splashscreen]: Relayout returned: old=(0,0,1080,2220) new=(0,0,1080,2220) req=(1080,2220)0 dur=6 res=0x7 s={true 525358039040} ch=true
12-16 12:11:58.447 19002 19002 I ViewRootImpl@303f1ae[Splashscreen]: [DrawPending] drawPending(1) 1 android.view.ViewRootImpl.reportNextDraw:9952 android.view.ViewRootImpl.performTraversals:3329 android.view.ViewRootImpl.doTraversal:2222 
12-16 12:11:58.447 19002 19002 I ViewRootImpl@303f1ae[Splashscreen]: [DrawPending] performDraw() Waiting asnyc report
12-16 12:11:58.460 19002 19064 D mali_winsys: EGLint new_window_surface(egl_winsys_display *, void *, EGLSurface, EGLConfig, egl_winsys_surface **, EGLBoolean) returns 0x3000
12-16 12:11:58.465 19002 19064 W Gralloc3: mapper 3.x is not supported
12-16 12:11:58.482 19002 19064 E cutils-trace: Error opening trace file: No such file or directory (2)
12-16 12:11:58.483 19002 19002 I ViewRootImpl@303f1ae[Splashscreen]: [DrawPending] pendingDrawFinished(0) 1 android.view.ViewRootImpl.lambda$performDraw$1$ViewRootImpl:4058 android.view.-$$Lambda$ViewRootImpl$7A_3tkr_Kw4TZAeIUGVlOoTcZhg.run:4 android.os.Handler.handleCallback:883 
12-16 12:11:58.483 19002 19002 I ViewRootImpl@303f1ae[Splashscreen]: [DrawPending] reportDrawFinished()
12-16 12:11:58.491 19002 19002 I ViewRootImpl@303f1ae[Splashscreen]: MSG_WINDOW_FOCUS_CHANGED 1 1
12-16 12:11:58.491 19002 19002 D InputMethodManager: prepareNavigationBarInfo() DecorView@597789f[Splashscreen]
12-16 12:11:58.491 19002 19002 D InputMethodManager: getNavigationBarColor() -855310
12-16 12:11:58.493 19002 19002 D InputMethodManager: prepareNavigationBarInfo() DecorView@597789f[Splashscreen]
12-16 12:11:58.493 19002 19002 D InputMethodManager: getNavigationBarColor() -855310
12-16 12:11:58.493 19002 19002 V InputMethodManager: Starting input: tba=com.rmc.natour21 ic=null mNaviBarColor -855310 mIsGetNaviBarColorSuccess true , NavVisible : true , NavTrans : false
12-16 12:11:58.493 19002 19002 D InputMethodManager: startInputInner - Id : 0
12-16 12:11:58.493 19002 19002 I InputMethodManager: startInputInner - mService.startInputOrWindowGainedFocus
12-16 12:11:58.496 19002 19002 I ViewRootImpl@303f1ae[Splashscreen]: MSG_RESIZED: frame=(0,0,1080,2220) ci=(0,0,0,0) vi=(0,0,0,0) or=1
