--------- beginning of main
12-16 12:05:43.474 14322 14322 I om.rmc.natour2: Late-enabling -Xcheck:jni
12-16 12:05:43.501 14322 14322 E om.rmc.natour2: Unknown bits set in runtime_flags: 0x8000
12-16 12:05:43.515 14322 14322 D ActivityThread: setConscryptValidator
12-16 12:05:43.515 14322 14322 D ActivityThread: setConscryptValidator - put
12-16 12:05:43.557 14322 14322 I om.rmc.natour2: The ClassLoaderContext is a special shared library.
12-16 12:05:44.658 14322 14322 I FirebaseApp: Device unlocked: initializing all Firebase APIs for app [DEFAULT]
12-16 12:05:44.745 14322 14455 I DynamiteModule: Considering local module com.google.android.gms.measurement.dynamite:70 and remote module com.google.android.gms.measurement.dynamite:87
12-16 12:05:44.745 14322 14455 I DynamiteModule: Selected remote version of com.google.android.gms.measurement.dynamite, version >= 87
12-16 12:05:44.745 14322 14455 V DynamiteModule: Dynamite loader version >= 2, using loadModule2NoCrashUtils
12-16 12:05:44.753 14322 14322 I FirebaseInitProvider: FirebaseApp initialization successful
12-16 12:05:44.759 14322 14455 W System  : ClassLoader referenced unknown path: 
12-16 12:05:44.809 14322 14455 W om.rmc.natour2: Accessing hidden field Lsun/misc/Unsafe;->theUnsafe:Lsun/misc/Unsafe; (greylist, reflection, allowed)
12-16 12:05:44.810 14322 14455 W om.rmc.natour2: Accessing hidden method Lsun/misc/Unsafe;->objectFieldOffset(Ljava/lang/reflect/Field;)J (greylist,core-platform-api, linking, allowed)
12-16 12:05:44.810 14322 14455 W om.rmc.natour2: Accessing hidden method Lsun/misc/Unsafe;->arrayBaseOffset(Ljava/lang/Class;)I (greylist,core-platform-api, linking, allowed)
12-16 12:05:44.810 14322 14455 W om.rmc.natour2: Accessing hidden method Lsun/misc/Unsafe;->arrayIndexScale(Ljava/lang/Class;)I (greylist, linking, allowed)
12-16 12:05:44.837 14322 14469 D NetworkSecurityConfig: Using Network Security Config from resource network_security_config debugBuild: true
12-16 12:05:44.865 14322 14469 I System.out: (HTTPLog)-Static: isSBSettingEnabled false
12-16 12:05:44.865 14322 14469 I System.out: (HTTPLog)-Static: isSBSettingEnabled false
12-16 12:05:44.879 14322 14322 W com.facebook.UserSettingsManager: Please set a value for AutoLogAppEventsEnabled. Set the flag to TRUE if you want to collect app install, app launch and in-app purchase events automatically. To request user consent before collecting data, set the flag value to FALSE, then change to TRUE once user consent is received. Learn more: https://developers.facebook.com/docs/app-events/getting-started-app-events-android#disable-auto-events.
12-16 12:05:44.879 14322 14322 W com.facebook.UserSettingsManager: You haven't set a value for AdvertiserIDCollectionEnabled. Set the flag to TRUE if you want to collect Advertiser ID for better advertising and analytics results. To request user consent before collecting data, set the flag value to FALSE, then change to TRUE once user consent is received. Learn more: https://developers.facebook.com/docs/app-events/getting-started-app-events-android#disable-auto-events.
12-16 12:05:44.923 14322 14469 D TcpOptimizer: TcpOptimizer-ON
12-16 12:05:44.926 14322 14481 I System.out: (HTTPLog)-Static: isSBSettingEnabled false
12-16 12:05:44.926 14322 14481 I System.out: (HTTPLog)-Static: isSBSettingEnabled false
12-16 12:05:44.927 14322 14501 I System.out: (HTTPLog)-Static: isSBSettingEnabled false
12-16 12:05:44.927 14322 14501 I System.out: (HTTPLog)-Static: isSBSettingEnabled false
12-16 12:05:44.929 14322 14512 W com.facebook.internal.NativeProtocol: Apps that target Android API 30+ (Android 11+) cannot call Facebook native apps unless the package visibility needs are declared. Please follow https://developers.facebook.com/docs/android/troubleshooting/#faq_267321845055988 to make the declaration.
12-16 12:05:44.931 14322 14468 I FA      : App measurement initialized, version: 75052
12-16 12:05:44.931 14322 14468 I FA      : To enable debug logging run: adb shell setprop log.tag.FA VERBOSE
12-16 12:05:44.932 14322 14468 I FA      : To enable faster debug mode event logging run:
12-16 12:05:44.932 14322 14468 I FA      :   adb shell setprop debug.firebase.analytics.app com.rmc.natour21
12-16 12:05:44.935 14322 14509 I System.out: (HTTPLog)-Static: isSBSettingEnabled false
12-16 12:05:44.935 14322 14509 I System.out: (HTTPLog)-Static: isSBSettingEnabled false
12-16 12:05:44.952 14322 14322 D KeyHash:: 3Fm4gBnqk2PYU3lntxOY4S7uHvQ=
12-16 12:05:44.978 14322 14469 D libmdf  : libmdf v2.9.0.0 On 64bit PLATFORM
12-16 12:05:45.020 14322 14546 D libEGL  : loaded /vendor/lib64/egl/libGLES_mali.so
12-16 12:05:45.070 14322 14322 D PhoneWindow: forceLight changed to true [] from com.android.internal.policy.PhoneWindow.updateForceLightNavigationBar:4274 com.android.internal.policy.DecorView.updateColorViews:1547 com.android.internal.policy.PhoneWindow.dispatchWindowAttributesChanged:3252 android.view.Window.setFlags:1153 com.android.internal.policy.PhoneWindow.generateLayout:2474 
12-16 12:05:45.071 14322 14322 I MultiWindowDecorSupport: [INFO] isPopOver = false
12-16 12:05:45.071 14322 14322 I MultiWindowDecorSupport: updateCaptionType >> DecorView@9f9dc97[], isFloating: false, isApplication: true, hasWindowDecorCaption: false, hasWindowControllerCallback: true
12-16 12:05:45.071 14322 14322 D MultiWindowDecorSupport: setCaptionType = 0, DecorView = DecorView@9f9dc97[]
12-16 12:05:45.078 14322 14468 I FA      : Tag Manager is not found and thus will not be used
12-16 12:05:45.103 14322 14322 W om.rmc.natour2: Accessing hidden method Landroid/view/View;->computeFitSystemWindows(Landroid/graphics/Rect;Landroid/graphics/Rect;)Z (greylist, reflection, allowed)
12-16 12:05:45.103 14322 14322 W om.rmc.natour2: Accessing hidden method Landroid/view/ViewGroup;->makeOptionalFitsSystemWindows()V (greylist, reflection, allowed)
12-16 12:05:45.197 14322 14322 D ConnectivityManager: requestNetwork; CallingUid : 10308, CallingPid : 14322
12-16 12:05:45.213 14322 14455 W om.rmc.natour2: Accessing hidden method Lsun/misc/Unsafe;->compareAndSwapInt(Ljava/lang/Object;JII)Z (greylist, linking, allowed)
12-16 12:05:45.213 14322 14455 W om.rmc.natour2: Accessing hidden method Lsun/misc/Unsafe;->getObjectVolatile(Ljava/lang/Object;J)Ljava/lang/Object; (greylist, linking, allowed)
12-16 12:05:45.213 14322 14455 W om.rmc.natour2: Accessing hidden method Lsun/misc/Unsafe;->compareAndSwapObject(Ljava/lang/Object;JLjava/lang/Object;Ljava/lang/Object;)Z (greylist, linking, allowed)
12-16 12:05:45.213 14322 14455 W om.rmc.natour2: Accessing hidden method Lsun/misc/Unsafe;->compareAndSwapLong(Ljava/lang/Object;JJJ)Z (greylist, linking, allowed)
12-16 12:05:45.245 14322 14322 I ViewRootImpl@220e9ed[Splashscreen]: setView = com.android.internal.policy.DecorView@9f9dc97 TM=true MM=false
12-16 12:05:45.278 14322 14505 I System.out: (HTTPLog)-Static: isSBSettingEnabled false
12-16 12:05:45.278 14322 14505 I System.out: (HTTPLog)-Static: isSBSettingEnabled false
12-16 12:05:45.315 14322 14322 I ViewRootImpl@220e9ed[Splashscreen]: Relayout returned: old=(0,0,1080,2220) new=(0,0,1080,2220) req=(1080,2220)0 dur=13 res=0x7 s={true 522963259392} ch=true
12-16 12:05:45.321 14322 14322 I ViewRootImpl@220e9ed[Splashscreen]: [DrawPending] drawPending(1) 1 android.view.ViewRootImpl.reportNextDraw:9952 android.view.ViewRootImpl.performTraversals:3329 android.view.ViewRootImpl.doTraversal:2222 
12-16 12:05:45.321 14322 14322 I ViewRootImpl@220e9ed[Splashscreen]: [DrawPending] performDraw() Waiting asnyc report
12-16 12:05:45.334 14322 14540 D mali_winsys: EGLint new_window_surface(egl_winsys_display *, void *, EGLSurface, EGLConfig, egl_winsys_surface **, EGLBoolean) returns 0x3000
12-16 12:05:45.350 14322 14540 W Gralloc3: mapper 3.x is not supported
12-16 12:05:45.450 14322 14540 E cutils-trace: Error opening trace file: No such file or directory (2)
12-16 12:05:45.452 14322 14322 I ViewRootImpl@220e9ed[Splashscreen]: [DrawPending] pendingDrawFinished(0) 1 android.view.ViewRootImpl.lambda$performDraw$1$ViewRootImpl:4058 android.view.-$$Lambda$ViewRootImpl$7A_3tkr_Kw4TZAeIUGVlOoTcZhg.run:4 android.os.Handler.handleCallback:883 
12-16 12:05:45.453 14322 14322 I ViewRootImpl@220e9ed[Splashscreen]: [DrawPending] reportDrawFinished()
12-16 12:05:45.474 14322 14322 I ViewRootImpl@220e9ed[Splashscreen]: MSG_WINDOW_FOCUS_CHANGED 1 1
12-16 12:05:45.474 14322 14322 D InputMethodManager: prepareNavigationBarInfo() DecorView@9f9dc97[Splashscreen]
12-16 12:05:45.474 14322 14322 D InputMethodManager: getNavigationBarColor() -855310
12-16 12:05:45.476 14322 14322 D InputMethodManager: prepareNavigationBarInfo() DecorView@9f9dc97[Splashscreen]
12-16 12:05:45.476 14322 14322 D InputMethodManager: getNavigationBarColor() -855310
12-16 12:05:45.476 14322 14322 V InputMethodManager: Starting input: tba=com.rmc.natour21 ic=null mNaviBarColor -855310 mIsGetNaviBarColorSuccess true , NavVisible : true , NavTrans : false
12-16 12:05:45.477 14322 14322 D InputMethodManager: startInputInner - Id : 0
12-16 12:05:45.477 14322 14322 I InputMethodManager: startInputInner - mService.startInputOrWindowGainedFocus
12-16 12:05:45.495 14322 14322 I ViewRootImpl@220e9ed[Splashscreen]: MSG_RESIZED: frame=(0,0,1080,2220) ci=(0,0,0,0) vi=(0,0,0,0) or=1
12-16 12:05:45.505 14322 14322 D InputMethodManager: prepareNavigationBarInfo() DecorView@9f9dc97[Splashscreen]
12-16 12:05:45.505 14322 14322 D InputMethodManager: getNavigationBarColor() -855310
12-16 12:05:45.505 14322 14322 V InputMethodManager: Starting input: tba=com.rmc.natour21 ic=null mNaviBarColor -855310 mIsGetNaviBarColorSuccess true , NavVisible : true , NavTrans : false
12-16 12:05:45.505 14322 14322 D InputMethodManager: startInputInner - Id : 0
12-16 12:05:45.527 14322 14509 I System.out: (HTTPLog)-Static: isSBSettingEnabled false
12-16 12:05:45.527 14322 14509 I System.out: (HTTPLog)-Static: isSBSettingEnabled false
12-16 12:05:45.537 14322 14501 I System.out: (HTTPLog)-Static: isSBSettingEnabled false
12-16 12:05:45.538 14322 14501 I System.out: (HTTPLog)-Static: isSBSettingEnabled false
12-16 12:05:45.702 14322 14505 W AnalyticsUserIDStore: initStore should have been called before calling setUserID
12-16 12:05:45.782 14322 14481 I System.out: (HTTPLog)-Static: isSBSettingEnabled false
12-16 12:05:45.782 14322 14481 I System.out: (HTTPLog)-Static: isSBSettingEnabled false
12-16 12:05:45.782 14322 14505 I System.out: (HTTPLog)-Static: isSBSettingEnabled false
12-16 12:05:45.783 14322 14505 I System.out: (HTTPLog)-Static: isSBSettingEnabled false
12-16 12:05:45.849 14322 14322 W ActivityThread: handleWindowVisibility: no activity for token android.os.BinderProxy@5ed8492
12-16 12:05:45.878 14322 14322 D PhoneWindow: forceLight changed to true [] from com.android.internal.policy.PhoneWindow.updateForceLightNavigationBar:4274 com.android.internal.policy.DecorView.updateColorViews:1547 com.android.internal.policy.PhoneWindow.dispatchWindowAttributesChanged:3252 android.view.Window.setFlags:1153 com.android.internal.policy.PhoneWindow.generateLayout:2474 
12-16 12:05:45.879 14322 14322 I MultiWindowDecorSupport: [INFO] isPopOver = false
12-16 12:05:45.879 14322 14322 I MultiWindowDecorSupport: updateCaptionType >> DecorView@7c8fc89[], isFloating: false, isApplication: true, hasWindowDecorCaption: false, hasWindowControllerCallback: true
12-16 12:05:45.879 14322 14322 D MultiWindowDecorSupport: setCaptionType = 0, DecorView = DecorView@7c8fc89[]
12-16 12:05:46.153 14322 14322 I ViewRootImpl@5c250a5[Login]: setView = com.android.internal.policy.DecorView@7c8fc89 TM=true MM=false
12-16 12:05:46.157 14322 14322 I ViewRootImpl@220e9ed[Splashscreen]: MSG_WINDOW_FOCUS_CHANGED 0 1
12-16 12:05:46.157 14322 14322 D InputMethodManager: prepareNavigationBarInfo() DecorView@9f9dc97[Splashscreen]
12-16 12:05:46.157 14322 14322 D InputMethodManager: getNavigationBarColor() -855310
12-16 12:05:46.214 14322 14322 I ViewRootImpl@5c250a5[Login]: Relayout returned: old=(0,0,1080,2220) new=(0,0,1080,2220) req=(1080,2220)0 dur=10 res=0x7 s={true 522962956288} ch=true
12-16 12:05:46.217 14322 14540 D mali_winsys: EGLint new_window_surface(egl_winsys_display *, void *, EGLSurface, EGLConfig, egl_winsys_surface **, EGLBoolean) returns 0x3000
12-16 12:05:46.238 14322 14322 I ViewRootImpl@5c250a5[Login]: [DrawPending] drawPending(1) 1 android.view.ViewRootImpl.reportNextDraw:9952 android.view.ViewRootImpl.performTraversals:3329 android.view.ViewRootImpl.doTraversal:2222 
12-16 12:05:46.239 14322 14322 I ViewRootImpl@5c250a5[Login]: [DrawPending] performDraw() Waiting asnyc report
12-16 12:05:46.378 14322 14322 I ViewRootImpl@5c250a5[Login]: [DrawPending] pendingDrawFinished(0) 1 android.view.ViewRootImpl.lambda$performDraw$1$ViewRootImpl:4058 android.view.-$$Lambda$ViewRootImpl$7A_3tkr_Kw4TZAeIUGVlOoTcZhg.run:4 android.os.Handler.handleCallback:883 
12-16 12:05:46.378 14322 14322 I ViewRootImpl@5c250a5[Login]: [DrawPending] reportDrawFinished()
12-16 12:05:46.383 14322 14322 I ViewRootImpl@5c250a5[Login]: MSG_WINDOW_FOCUS_CHANGED 1 1
12-16 12:05:46.384 14322 14322 D InputMethodManager: prepareNavigationBarInfo() DecorView@7c8fc89[Login]
12-16 12:05:46.384 14322 14322 D InputMethodManager: getNavigationBarColor() -855310
12-16 12:05:46.392 14322 14322 D EmergencyMode: [EmergencyManager] android createPackageContext successful: com.rmc.natour21
12-16 12:05:46.423 14322 14322 D InputMethodManager: prepareNavigationBarInfo() DecorView@7c8fc89[Login]
12-16 12:05:46.423 14322 14322 D InputMethodManager: getNavigationBarColor() -855310
12-16 12:05:46.423 14322 14322 V InputMethodManager: Starting input: tba=com.rmc.natour21 ic=null mNaviBarColor -855310 mIsGetNaviBarColorSuccess true , NavVisible : true , NavTrans : false
12-16 12:05:46.423 14322 14322 D InputMethodManager: startInputInner - Id : 0
12-16 12:05:46.423 14322 14322 I InputMethodManager: startInputInner - mService.startInputOrWindowGainedFocus
12-16 12:05:46.424 14322 14322 D InputTransport: Input channel destroyed: 'ClientS', fd=102
12-16 12:05:46.440 14322 14322 I ViewRootImpl@5c250a5[Login]: MSG_RESIZED: frame=(0,0,1080,2220) ci=(0,0,0,0) vi=(0,0,0,0) or=1
12-16 12:05:46.797 14322 14505 I System.out: (HTTPLog)-Static: isSBSettingEnabled false
12-16 12:05:46.797 14322 14505 I System.out: (HTTPLog)-Static: isSBSettingEnabled false
12-16 12:05:46.819 14322 14540 W libEGL  : EGLNativeWindowType 0x79b52d5b90 disconnect failed
12-16 12:05:46.826 14322 14322 I ViewRootImpl@220e9ed[Splashscreen]: Relayout returned: old=(0,0,1080,2220) new=(0,0,1080,2220) req=(1080,2220)8 dur=7 res=0x5 s={false 0} ch=true
12-16 12:05:46.840 14322 14322 D ConnectivityManager: unregisterNetworkCallback; CallingUid : 10308, CallingPid : 14322
12-16 12:05:46.841 14322 14322 I ViewRootImpl@220e9ed[Splashscreen]: stopped(true) old=false
12-16 12:05:46.845 14322 14455 W om.rmc.natour2: Accessing hidden method Lsun/misc/Unsafe;->putObjectVolatile(Ljava/lang/Object;JLjava/lang/Object;)V (greylist, linking, allowed)
12-16 12:05:46.846 14322 14322 I ViewRootImpl@220e9ed[Splashscreen]: dispatchDetachedFromWindow
12-16 12:05:46.849 14322 14322 D InputTransport: Input channel destroyed: '39aa534', fd=92
12-16 12:05:46.854 14322 14945 W om.rmc.natour2: Accessing hidden method Landroid/os/WorkSource;->add(I)Z (greylist, reflection, allowed)
12-16 12:05:46.854 14322 14945 W om.rmc.natour2: Accessing hidden method Landroid/os/WorkSource;->add(ILjava/lang/String;)Z (greylist, reflection, allowed)
12-16 12:05:46.854 14322 14945 W om.rmc.natour2: Accessing hidden method Landroid/os/WorkSource;->size()I (greylist, reflection, allowed)
12-16 12:05:46.854 14322 14945 W om.rmc.natour2: Accessing hidden method Landroid/os/WorkSource;->get(I)I (greylist, reflection, allowed)
12-16 12:05:46.854 14322 14945 W om.rmc.natour2: Accessing hidden method Landroid/os/WorkSource;->getName(I)Ljava/lang/String; (greylist, reflection, allowed)
12-16 12:05:46.855 14322 14945 W om.rmc.natour2: Accessing hidden method Landroid/os/WorkSource;->isEmpty()Z (greylist-max-o, reflection, denied)
12-16 12:05:46.886 14322 14953 E SendBird: [12:05:46.885 SendBird:getInstance():553] SendBird instance hasn't been initialized. Try SendBird.init().
12-16 12:05:46.887 14322 14322 W System.err: SendBirdException{code=800220, message=SendBird instance hasn't been initialized.}
12-16 12:05:46.887 14322 14322 W System.err: 	at com.sendbird.android.JobResultTask$callable$1.call(JobResultTask.kt:20)
12-16 12:05:46.887 14322 14322 W System.err: 	at java.util.concurrent.FutureTask.run(FutureTask.java:266)
12-16 12:05:46.887 14322 14322 W System.err: 	at java.util.concurrent.ThreadPoolExecutor.runWorker(ThreadPoolExecutor.java:1167)
12-16 12:05:46.887 14322 14322 W System.err: 	at java.util.concurrent.ThreadPoolExecutor$Worker.run(ThreadPoolExecutor.java:641)
12-16 12:05:46.887 14322 14322 W System.err: 	at java.lang.Thread.run(Thread.java:919)
12-16 12:05:47.818 14322 14322 I ViewRootImpl@5c250a5[Login]: ViewPostIme pointer 0
12-16 12:05:47.857 14322 14322 I ViewRootImpl@5c250a5[Login]: ViewPostIme pointer 1
12-16 12:05:47.930 14322 14322 W ActivityThread: handleWindowVisibility: no activity for token android.os.BinderProxy@a196a4a
12-16 12:05:47.975 14322 14322 D PhoneWindow: forceLight changed to true [] from com.android.internal.policy.PhoneWindow.updateForceLightNavigationBar:4274 com.android.internal.policy.DecorView.updateColorViews:1547 com.android.internal.policy.PhoneWindow.dispatchWindowAttributesChanged:3252 android.view.Window.setFlags:1153 com.android.internal.policy.PhoneWindow.generateLayout:2474 
12-16 12:05:47.976 14322 14322 I MultiWindowDecorSupport: [INFO] isPopOver = false
12-16 12:05:47.976 14322 14322 I MultiWindowDecorSupport: updateCaptionType >> DecorView@5027da1[], isFloating: false, isApplication: true, hasWindowDecorCaption: false, hasWindowControllerCallback: true
12-16 12:05:47.976 14322 14322 D MultiWindowDecorSupport: setCaptionType = 0, DecorView = DecorView@5027da1[]
12-16 12:05:47.995 14322 14322 I ViewRootImpl@5c80095[SignInHubActivity]: setView = com.android.internal.policy.DecorView@5027da1 TM=true MM=false
12-16 12:05:47.996 14322 14322 I ViewRootImpl@5c250a5[Login]: MSG_WINDOW_FOCUS_CHANGED 0 1
12-16 12:05:47.996 14322 14322 D InputMethodManager: prepareNavigationBarInfo() DecorView@7c8fc89[Login]
12-16 12:05:47.996 14322 14322 D InputMethodManager: getNavigationBarColor() -855310
12-16 12:05:48.021 14322 14322 I ViewRootImpl@5c80095[SignInHubActivity]: Relayout returned: old=(0,0,1080,2220) new=(0,0,1080,2220) req=(1080,2220)0 dur=8 res=0x7 s={true 522963402752} ch=true
12-16 12:05:48.025 14322 14322 I ViewRootImpl@5c80095[SignInHubActivity]: [DrawPending] drawPending(1) 1 android.view.ViewRootImpl.reportNextDraw:9952 android.view.ViewRootImpl.performTraversals:3329 android.view.ViewRootImpl.doTraversal:2222 
12-16 12:05:48.025 14322 14322 I ViewRootImpl@5c80095[SignInHubActivity]: [DrawPending] performDraw() Waiting asnyc report
12-16 12:05:48.026 14322 14540 D mali_winsys: EGLint new_window_surface(egl_winsys_display *, void *, EGLSurface, EGLConfig, egl_winsys_surface **, EGLBoolean) returns 0x3000
12-16 12:05:48.038 14322 14322 I ViewRootImpl@5c80095[SignInHubActivity]: [DrawPending] pendingDrawFinished(0) 1 android.view.ViewRootImpl.lambda$performDraw$1$ViewRootImpl:4058 android.view.-$$Lambda$ViewRootImpl$7A_3tkr_Kw4TZAeIUGVlOoTcZhg.run:4 android.os.Handler.handleCallback:883 
12-16 12:05:48.038 14322 14322 I ViewRootImpl@5c80095[SignInHubActivity]: [DrawPending] reportDrawFinished()
12-16 12:05:48.053 14322 14322 I ViewRootImpl@5c80095[SignInHubActivity]: MSG_WINDOW_FOCUS_CHANGED 1 1
12-16 12:05:48.054 14322 14322 D InputMethodManager: prepareNavigationBarInfo() DecorView@5027da1[SignInHubActivity]
12-16 12:05:48.054 14322 14322 D InputMethodManager: getNavigationBarColor() -855310
12-16 12:05:48.057 14322 14322 D InputMethodManager: prepareNavigationBarInfo() DecorView@5027da1[SignInHubActivity]
12-16 12:05:48.057 14322 14322 D InputMethodManager: getNavigationBarColor() -855310
12-16 12:05:48.057 14322 14322 V InputMethodManager: Starting input: tba=com.rmc.natour21 ic=null mNaviBarColor -855310 mIsGetNaviBarColorSuccess true , NavVisible : true , NavTrans : false
12-16 12:05:48.057 14322 14322 D InputMethodManager: startInputInner - Id : 0
12-16 12:05:48.057 14322 14322 I InputMethodManager: startInputInner - mService.startInputOrWindowGainedFocus
12-16 12:05:48.059 14322 14322 D InputTransport: Input channel destroyed: 'ClientS', fd=109
12-16 12:05:48.060 14322 14322 I ViewRootImpl@5c80095[SignInHubActivity]: MSG_RESIZED: frame=(0,0,1080,2220) ci=(0,63,0,0) vi=(0,63,0,0) or=1
12-16 12:05:48.116 14322 14322 I ViewRootImpl@5c80095[SignInHubActivity]: MSG_WINDOW_FOCUS_CHANGED 0 1
12-16 12:05:48.116 14322 14322 D InputMethodManager: prepareNavigationBarInfo() DecorView@5027da1[SignInHubActivity]
12-16 12:05:48.116 14322 14322 D InputMethodManager: getNavigationBarColor() -855310
12-16 12:05:48.720 14322 14322 D InputTransport: Input channel destroyed: 'ClientS', fd=113
12-16 12:05:51.954 14322 14322 I ViewRootImpl@5c80095[SignInHubActivity]: stopped(false) old=false
12-16 12:05:51.957 14322 14322 I ViewRootImpl@5c80095[SignInHubActivity]: MSG_WINDOW_FOCUS_CHANGED 1 1
12-16 12:05:51.958 14322 14322 D InputMethodManager: prepareNavigationBarInfo() DecorView@5027da1[SignInHubActivity]
12-16 12:05:51.958 14322 14322 D InputMethodManager: getNavigationBarColor() -855310
12-16 12:05:51.962 14322 14322 D InputMethodManager: prepareNavigationBarInfo() DecorView@5027da1[SignInHubActivity]
12-16 12:05:51.962 14322 14322 D InputMethodManager: getNavigationBarColor() -855310
12-16 12:05:51.962 14322 14322 V InputMethodManager: Starting input: tba=com.rmc.natour21 ic=null mNaviBarColor -855310 mIsGetNaviBarColorSuccess true , NavVisible : true , NavTrans : false
12-16 12:05:51.962 14322 14322 D InputMethodManager: startInputInner - Id : 0
12-16 12:05:51.962 14322 14322 I InputMethodManager: startInputInner - mService.startInputOrWindowGainedFocus
12-16 12:05:51.995 14322 14322 I ViewRootImpl@5c250a5[Login]: stopped(false) old=false
12-16 12:05:51.998 14322 14322 I ViewRootImpl@5c250a5[Login]: MSG_WINDOW_FOCUS_CHANGED 1 1
12-16 12:05:51.998 14322 14322 D InputMethodManager: prepareNavigationBarInfo() DecorView@7c8fc89[Login]
12-16 12:05:51.998 14322 14322 D InputMethodManager: getNavigationBarColor() -855310
12-16 12:05:52.005 14322 15316 W System  : Ignoring header X-Firebase-Locale because its value was null.
12-16 12:05:52.014 14322 14322 D InputMethodManager: prepareNavigationBarInfo() DecorView@7c8fc89[Login]
12-16 12:05:52.014 14322 14322 D InputMethodManager: getNavigationBarColor() -855310
12-16 12:05:52.014 14322 14322 V InputMethodManager: Starting input: tba=com.rmc.natour21 ic=null mNaviBarColor -855310 mIsGetNaviBarColorSuccess true , NavVisible : true , NavTrans : false
12-16 12:05:52.014 14322 14322 D InputMethodManager: startInputInner - Id : 0
12-16 12:05:52.014 14322 14322 I InputMethodManager: startInputInner - mService.startInputOrWindowGainedFocus
12-16 12:05:52.015 14322 14322 D InputTransport: Input channel destroyed: 'ClientS', fd=109
12-16 12:05:52.015 14322 14322 I ViewRootImpl@5c80095[SignInHubActivity]: MSG_WINDOW_FOCUS_CHANGED 0 1
12-16 12:05:52.015 14322 14322 D InputMethodManager: prepareNavigationBarInfo() DecorView@5027da1[SignInHubActivity]
12-16 12:05:52.015 14322 14322 D InputMethodManager: getNavigationBarColor() -855310
12-16 12:05:52.016 14322 15316 I System.out: (HTTPLog)-Static: isSBSettingEnabled false
12-16 12:05:52.016 14322 15316 I System.out: (HTTPLog)-Static: isSBSettingEnabled false
12-16 12:05:52.023 14322 14322 I ViewRootImpl@5c80095[SignInHubActivity]: stopped(true) old=false
12-16 12:05:52.046 14322 14540 W libEGL  : EGLNativeWindowType 0x79b52d8250 disconnect failed
12-16 12:05:52.047 14322 14322 I ViewRootImpl@5c80095[SignInHubActivity]: dispatchDetachedFromWindow
12-16 12:05:52.049 14322 14322 D InputTransport: Input channel destroyed: '2a421c9', fd=107
12-16 12:05:52.582 14322 15316 W System  : Ignoring header X-Firebase-Locale because its value was null.
12-16 12:05:52.588 14322 15316 I System.out: (HTTPLog)-Static: isSBSettingEnabled false
12-16 12:05:52.588 14322 15316 I System.out: (HTTPLog)-Static: isSBSettingEnabled false
12-16 12:05:52.832 14322 15316 D FirebaseAuth: Notifying id token listeners about user ( dOyjDFVmXBbtaV5V2GW8G96fUv43 ).
12-16 12:05:52.833 14322 15316 D FirebaseAuth: Notifying auth state listeners about user ( dOyjDFVmXBbtaV5V2GW8G96fUv43 ).
12-16 12:05:52.855 14322 14322 W ActivityThread: handleWindowVisibility: no activity for token android.os.BinderProxy@8d6350e
12-16 12:05:52.876 14322 14322 D PhoneWindow: forceLight changed to true [] from com.android.internal.policy.PhoneWindow.updateForceLightNavigationBar:4274 com.android.internal.policy.DecorView.updateColorViews:1547 com.android.internal.policy.PhoneWindow.dispatchWindowAttributesChanged:3252 android.view.Window.setFlags:1153 com.android.internal.policy.PhoneWindow.generateLayout:2474 
12-16 12:05:52.877 14322 14322 I MultiWindowDecorSupport: [INFO] isPopOver = false
12-16 12:05:52.877 14322 14322 I MultiWindowDecorSupport: updateCaptionType >> DecorView@7c74540[], isFloating: false, isApplication: true, hasWindowDecorCaption: false, hasWindowControllerCallback: true
12-16 12:05:52.877 14322 14322 D MultiWindowDecorSupport: setCaptionType = 0, DecorView = DecorView@7c74540[]
12-16 12:05:52.938 14322 14322 D Log: AppIntroBaseFragm: Slide null has been selected.
12-16 12:05:52.951 14322 14322 I ViewRootImpl@d94b65d[NaTourIntro]: setView = com.android.internal.policy.DecorView@7c74540 TM=true MM=false
12-16 12:05:52.961 14322 14322 I ViewRootImpl@5c250a5[Login]: MSG_WINDOW_FOCUS_CHANGED 0 1
12-16 12:05:52.961 14322 14322 D InputMethodManager: prepareNavigationBarInfo() DecorView@7c8fc89[Login]
12-16 12:05:52.961 14322 14322 D InputMethodManager: getNavigationBarColor() -855310
12-16 12:05:53.092 14322 14322 I ViewRootImpl@d94b65d[NaTourIntro]: Relayout returned: old=(0,0,1080,2220) new=(0,0,1080,2220) req=(1080,2220)0 dur=12 res=0x7 s={true 522729132032} ch=true
12-16 12:05:53.093 14322 14540 D mali_winsys: EGLint new_window_surface(egl_winsys_display *, void *, EGLSurface, EGLConfig, egl_winsys_surface **, EGLBoolean) returns 0x3000
12-16 12:05:53.118 14322 14322 I ViewRootImpl@d94b65d[NaTourIntro]: [DrawPending] drawPending(1) 1 android.view.ViewRootImpl.reportNextDraw:9952 android.view.ViewRootImpl.performTraversals:3329 android.view.ViewRootImpl.doTraversal:2222 
12-16 12:05:53.118 14322 14322 I ViewRootImpl@d94b65d[NaTourIntro]: [DrawPending] performDraw() Waiting asnyc report
12-16 12:05:53.155 14322 14322 I ViewRootImpl@d94b65d[NaTourIntro]: [DrawPending] pendingDrawFinished(0) 1 android.view.ViewRootImpl.lambda$performDraw$1$ViewRootImpl:4058 android.view.-$$Lambda$ViewRootImpl$7A_3tkr_Kw4TZAeIUGVlOoTcZhg.run:4 android.os.Handler.handleCallback:883 
12-16 12:05:53.155 14322 14322 I ViewRootImpl@d94b65d[NaTourIntro]: [DrawPending] reportDrawFinished()
12-16 12:05:53.157 14322 14322 D Log: AppIntroBaseFragm: Slide Benvenuto su Natour! has been selected.
12-16 12:05:53.158 14322 14322 I ViewRootImpl@d94b65d[NaTourIntro]: MSG_WINDOW_FOCUS_CHANGED 1 1
12-16 12:05:53.158 14322 14322 D InputMethodManager: prepareNavigationBarInfo() DecorView@7c74540[NaTourIntro]
12-16 12:05:53.158 14322 14322 D InputMethodManager: getNavigationBarColor() -855310
12-16 12:05:53.161 14322 14322 D InputMethodManager: prepareNavigationBarInfo() DecorView@7c74540[NaTourIntro]
12-16 12:05:53.161 14322 14322 D InputMethodManager: getNavigationBarColor() -855310
12-16 12:05:53.161 14322 14322 V InputMethodManager: Starting input: tba=com.rmc.natour21 ic=null mNaviBarColor -855310 mIsGetNaviBarColorSuccess true , NavVisible : true , NavTrans : false
12-16 12:05:53.161 14322 14322 D InputMethodManager: startInputInner - Id : 0
12-16 12:05:53.161 14322 14322 I InputMethodManager: startInputInner - mService.startInputOrWindowGainedFocus
12-16 12:05:53.177 14322 14322 D InputTransport: Input channel destroyed: 'ClientS', fd=113
12-16 12:05:53.178 14322 14322 I ViewRootImpl@d94b65d[NaTourIntro]: MSG_RESIZED: frame=(0,0,1080,2220) ci=(0,63,0,0) vi=(0,63,0,0) or=1
12-16 12:05:53.588 14322 14540 W libEGL  : EGLNativeWindowType 0x79ba599f50 disconnect failed
12-16 12:05:53.598 14322 14322 I ViewRootImpl@5c250a5[Login]: Relayout returned: old=(0,0,1080,2220) new=(0,0,1080,2220) req=(1080,2220)8 dur=10 res=0x5 s={false 0} ch=true
12-16 12:05:53.599 14322 14322 I ViewRootImpl@5c250a5[Login]: stopped(true) old=false
12-16 12:05:55.162 14322 14322 I ViewRootImpl@d94b65d[NaTourIntro]: ViewPostIme pointer 0
12-16 12:05:55.204 14322 14322 I ViewRootImpl@d94b65d[NaTourIntro]: ViewPostIme pointer 1
12-16 12:05:55.205 14322 14322 D Log: AppIntroBase: Change request will be allowed.
12-16 12:05:55.253 14322 14322 D Log: AppIntroBaseFragm: Slide Benvenuto su Natour! has been deselected.
12-16 12:05:55.253 14322 14322 D Log: AppIntroBaseFragm: Slide Cerca i percorsi più vicini a te! has been selected.
12-16 12:05:55.743 14322 14322 I ViewRootImpl@d94b65d[NaTourIntro]: ViewPostIme pointer 0
12-16 12:05:55.810 14322 14322 I ViewRootImpl@d94b65d[NaTourIntro]: ViewPostIme pointer 1
12-16 12:05:55.811 14322 14322 D Log: AppIntroBase: Change request will be allowed.
12-16 12:05:55.815 14322 14322 D Log: AppIntroBaseFragm: Slide Cerca i percorsi più vicini a te! has been deselected.
12-16 12:05:55.815 14322 14322 D Log: AppIntroBaseFragm: Slide Chatta con i tuoi amici ! has been selected.
12-16 12:05:56.223 14322 14322 I ViewRootImpl@d94b65d[NaTourIntro]: ViewPostIme pointer 0
12-16 12:05:56.273 14322 14322 I ViewRootImpl@d94b65d[NaTourIntro]: ViewPostIme pointer 1
12-16 12:05:56.274 14322 14322 D Log: AppIntroBase: Change request will be allowed.
12-16 12:05:56.277 14322 14572 I System.out: Firebase token: eyJhbGciOiJSUzI1NiIsImtpZCI6Ijk3OGI1NmM2NmVhYmIwZDlhNmJhOGNhMzMwMTU2NGEyMzhlYWZjODciLCJ0eXAiOiJKV1QifQ.eyJuYW1lIjoiY2xhdWRpbyB2ZWxvdHRpIiwicGljdHVyZSI6Imh0dHBzOi8vbGgzLmdvb2dsZXVzZXJjb250ZW50LmNvbS9hL0FMbTV3dTI5V2MtR0dNWkljYk9qc2hic0pORFJ6OW9ZQjNYR3hXUmRWekdIPXM5Ni1jIiwiaXNzIjoiaHR0cHM6Ly9zZWN1cmV0b2tlbi5nb29nbGUuY29tL25hdG91cjIxLWZjNmVhIiwiYXVkIjoibmF0b3VyMjEtZmM2ZWEiLCJhdXRoX3RpbWUiOjE2NzExODg3NTEsInVzZXJfaWQiOiJkT3lqREZWbVhCYnRhVjVWMkdXOEc5NmZVdjQzIiwic3ViIjoiZE95akRGVm1YQmJ0YVY1VjJHVzhHOTZmVXY0MyIsImlhdCI6MTY3MTE4ODc1MSwiZXhwIjoxNjcxMTkyMzUxLCJlbWFpbCI6ImNsYWRvdHRpMzFAZ21haWwuY29tIiwiZW1haWxfdmVyaWZpZWQiOnRydWUsImZpcmViYXNlIjp7ImlkZW50aXRpZXMiOnsiZ29vZ2xlLmNvbSI6WyIxMTI0OTI4NzA2NDA3MTc2NTQ1NzAiXSwiZW1haWwiOlsiY2xhZG90dGkzMUBnbWFpbC5jb20iXX0sInNpZ25faW5fcHJvdmlkZXIiOiJnb29nbGUuY29tIn19.RxZplc6vZUPul4PopRgqN9-kUpK7g3_qk4s0eKM6LLgPKmAENhUhR7twdTH7WQWG292u_Xt47dqc16PEaSr2tntcXDhZ9HjDxwW66Sc8WebyQpJtMbTnV0cTGGQv0Kxb94mvni_99nppPGiy_p2Cf7BttcWujPkhJK-1mTB7lpX_Ca-658LcLoyHqkhYULg_hLvPFi4XgI9bZlmMi_Sk7Nw3nNzGPyCypL__P5YZiuqcx3H68zuotadKTPy7hU14uyjAU2hQKFRZzJSPH2dBWKs5nGn4OJe68m-Jr_XJ4qmXnAcHMH6cOq9yAZ7xA7Cz7jCSU1gobJHwNihRTfYW0g
12-16 12:05:56.454 14322 15758 V NativeCrypto: Registering org/conscrypt/NativeCrypto's 286 native methods...
12-16 12:05:57.361 14322 14572 W om.rmc.natour2: Accessing hidden method Ldalvik/system/BlockGuard;->getThreadPolicy()Ldalvik/system/BlockGuard$Policy; (greylist,core-platform-api, linking, allowed)
12-16 12:05:57.361 14322 14572 W om.rmc.natour2: Accessing hidden method Ldalvik/system/BlockGuard$Policy;->onNetwork()V (greylist, linking, allowed)
12-16 12:05:57.361 14322 14572 W om.rmc.natour2: Accessing hidden method Ldalvik/system/CloseGuard;->close()V (greylist,core-platform-api, linking, allowed)
12-16 12:05:57.361 14322 14572 W om.rmc.natour2: Accessing hidden method Ldalvik/system/CloseGuard;->get()Ldalvik/system/CloseGuard; (greylist,core-platform-api, linking, allowed)
12-16 12:05:57.361 14322 14572 W om.rmc.natour2: Accessing hidden method Ldalvik/system/CloseGuard;->open(Ljava/lang/String;)V (greylist,core-platform-api, linking, allowed)
12-16 12:05:57.361 14322 14572 W om.rmc.natour2: Accessing hidden method Ldalvik/system/CloseGuard;->warnIfOpen()V (greylist,core-platform-api, linking, allowed)
12-16 12:05:57.364 14322 14572 W om.rmc.natour2: Accessing hidden method Ljava/security/spec/ECParameterSpec;->getCurveName()Ljava/lang/String; (greylist, reflection, allowed)
12-16 12:05:57.467 14322 14322 W ActivityThread: handleWindowVisibility: no activity for token android.os.BinderProxy@ad0fb63
12-16 12:05:57.487 14322 14322 D PhoneWindow: forceLight changed to true [] from com.android.internal.policy.PhoneWindow.updateForceLightNavigationBar:4274 com.android.internal.policy.DecorView.updateColorViews:1547 com.android.internal.policy.PhoneWindow.dispatchWindowAttributesChanged:3252 android.view.Window.setFlags:1153 com.android.internal.policy.PhoneWindow.generateLayout:2474 
12-16 12:05:57.487 14322 14322 I MultiWindowDecorSupport: [INFO] isPopOver = false
12-16 12:05:57.487 14322 14322 I MultiWindowDecorSupport: updateCaptionType >> DecorView@29d01af[], isFloating: false, isApplication: true, hasWindowDecorCaption: false, hasWindowControllerCallback: true
12-16 12:05:57.487 14322 14322 D MultiWindowDecorSupport: setCaptionType = 0, DecorView = DecorView@29d01af[]
12-16 12:05:57.823 14322 14322 D ConnectivityManager: requestNetwork; CallingUid : 10308, CallingPid : 14322
12-16 12:05:57.843 14322 14322 I ViewRootImpl@323ce5e[MainActivity]: setView = com.android.internal.policy.DecorView@29d01af TM=true MM=false
12-16 12:05:57.847 14322 15879 W om.rmc.natour2: Accessing hidden field Ljava/net/Socket;->impl:Ljava/net/SocketImpl; (greylist, reflection, allowed)
12-16 12:05:57.849 14322 14322 D SBUIKIT : [12:05:57.847 SendBirdUIKit$1:onInitSucceed():174] >> onInitSucceed()
12-16 12:05:57.854 14322 14322 I ViewRootImpl@d94b65d[NaTourIntro]: MSG_WINDOW_FOCUS_CHANGED 0 1
12-16 12:05:57.854 14322 14322 D InputMethodManager: prepareNavigationBarInfo() DecorView@7c74540[NaTourIntro]
12-16 12:05:57.854 14322 14322 D InputMethodManager: getNavigationBarColor() -855310
12-16 12:05:57.862 14322 15879 W om.rmc.natour2: Accessing hidden field Ljava/io/FileDescriptor;->descriptor:I (greylist, JNI, allowed)
12-16 12:05:57.941 14322 14322 I ViewRootImpl@323ce5e[MainActivity]: Relayout returned: old=(0,0,1080,2220) new=(0,0,1080,2220) req=(1080,2220)0 dur=13 res=0x7 s={true 522730115072} ch=true
12-16 12:05:57.942 14322 14540 D mali_winsys: EGLint new_window_surface(egl_winsys_display *, void *, EGLSurface, EGLConfig, egl_winsys_surface **, EGLBoolean) returns 0x3000
12-16 12:05:57.967 14322 14322 I ViewRootImpl@323ce5e[MainActivity]: [DrawPending] drawPending(1) 1 android.view.ViewRootImpl.reportNextDraw:9952 android.view.ViewRootImpl.performTraversals:3329 android.view.ViewRootImpl.doTraversal:2222 
12-16 12:05:57.967 14322 14322 I ViewRootImpl@323ce5e[MainActivity]: [DrawPending] performDraw() Waiting asnyc report
12-16 12:05:58.000 14322 15879 W om.rmc.natour2: Accessing hidden method Ljava/security/spec/ECParameterSpec;->setCurveName(Ljava/lang/String;)V (greylist, reflection, allowed)
12-16 12:05:58.223 14322 14322 I ViewRootImpl@323ce5e[MainActivity]: [DrawPending] pendingDrawFinished(0) 1 android.view.ViewRootImpl.lambda$performDraw$1$ViewRootImpl:4058 android.view.-$$Lambda$ViewRootImpl$7A_3tkr_Kw4TZAeIUGVlOoTcZhg.run:4 android.os.Handler.handleCallback:883 
12-16 12:05:58.223 14322 14322 I ViewRootImpl@323ce5e[MainActivity]: [DrawPending] reportDrawFinished()
12-16 12:05:58.230 14322 14322 I ViewRootImpl@323ce5e[MainActivity]: MSG_WINDOW_FOCUS_CHANGED 1 1
12-16 12:05:58.231 14322 14322 D InputMethodManager: prepareNavigationBarInfo() DecorView@29d01af[MainActivity]
12-16 12:05:58.231 14322 14322 D InputMethodManager: getNavigationBarColor() -855310
12-16 12:05:58.244 14322 14322 D InputMethodManager: prepareNavigationBarInfo() DecorView@29d01af[MainActivity]
12-16 12:05:58.244 14322 14322 D InputMethodManager: getNavigationBarColor() -855310
12-16 12:05:58.244 14322 14322 V InputMethodManager: Starting input: tba=com.rmc.natour21 ic=null mNaviBarColor -855310 mIsGetNaviBarColorSuccess true , NavVisible : true , NavTrans : false
12-16 12:05:58.244 14322 14322 D InputMethodManager: startInputInner - Id : 0
12-16 12:05:58.244 14322 14322 I InputMethodManager: startInputInner - mService.startInputOrWindowGainedFocus
12-16 12:05:58.247 14322 14322 D InputTransport: Input channel destroyed: 'ClientS', fd=115
12-16 12:05:58.261 14322 15879 W SendBird: [12:05:58.261 Connection$1:onMessage():235] onMessage instance : [LOGI] com.sendbird.android.Connection@df8f48a
12-16 12:05:58.263 14322 15879 W Sendbird: [12:05:58.262 Connection$1:onMessage():236] onMessage instance : [LOGI] com.sendbird.android.Connection@df8f48a
12-16 12:05:58.266 14322 14572 W Glide   : Failed to find GeneratedAppGlideModule. You should include an annotationProcessor compile dependency on com.github.bumptech.glide:compiler in your application and a @GlideModule annotated AppGlideModule implementation or LibraryGlideModules will be silently ignored
12-16 12:05:58.278 14322 14322 I ViewRootImpl@323ce5e[MainActivity]: MSG_RESIZED: frame=(0,0,1080,2220) ci=(0,63,0,0) vi=(0,63,0,0) or=1
12-16 12:05:58.288 14322 15949 W SendBird: [12:05:58.288 EventController$1:call():141] ++ result[LOGI] runnable=null
12-16 12:05:58.305 14322 14572 D ConnectivityManager: requestNetwork; CallingUid : 10308, CallingPid : 14322
12-16 12:05:58.322 14322 15871 D SBUIKIT : [12:05:58.321 SendBirdUIKit$2:call():298] ++ user nickname = claudio velotti, profileUrl = http://18.195.186.181:8080/img/92/raw
12-16 12:05:58.322 14322 15871 D SBUIKIT : [12:05:58.322 SendBirdUIKit:updateEmojiList():400] >> SendBirdUIkit::updateEmojiList()
12-16 12:05:58.383 14322 15976 I System.out: (HTTPLog)-Static: isSBSettingEnabled false
12-16 12:05:58.383 14322 15976 I System.out: (HTTPLog)-Static: isSBSettingEnabled false
12-16 12:05:58.478 14322 15879 W SendBird: [12:05:58.477 Connection$1:onMessage():235] onMessage instance : [PONG] com.sendbird.android.Connection@df8f48a
12-16 12:05:58.479 14322 15879 W Sendbird: [12:05:58.478 Connection$1:onMessage():236] onMessage instance : [PONG] com.sendbird.android.Connection@df8f48a
12-16 12:05:58.482 14322 15949 W SendBird: [12:05:58.481 EventController$1:call():141] ++ result[PONG] runnable=null
12-16 12:05:58.674 14322 14540 W libEGL  : EGLNativeWindowType 0x79b52d8250 disconnect failed
12-16 12:05:58.685 14322 14322 I ViewRootImpl@d94b65d[NaTourIntro]: Relayout returned: old=(0,0,1080,2220) new=(0,0,1080,2220) req=(1080,2220)8 dur=10 res=0x5 s={false 0} ch=true
12-16 12:05:58.687 14322 14322 I ViewRootImpl@d94b65d[NaTourIntro]: stopped(true) old=false
12-16 12:05:59.010 14322 14322 I System.out: SENDBIRD TOKEN OK ckOTAZioSROKNMJFPmblOe:APA91bGVcG9r_iXcHFgG4Iporvbe7LY4wQBAVWfyWIWJnWzg5h8jwyooQ25LxvLEqeLKSFX8jlOxjHRr5t9uy5rrsHMA7I4iE0NfcLRlw_nQeNQWpru1u2nLitOl0dT_dISCBj72bvr1
12-16 12:06:00.697 14322 14322 I Choreographer: Skipped 96 frames!  The application may be doing too much work on its main thread.
12-16 12:06:01.639 14322 14540 I         : Increase max job count 60
12-16 12:06:01.801 14322 16269 I System.out: (HTTPLog)-Static: isSBSettingEnabled false
12-16 12:06:01.801 14322 16269 I System.out: (HTTPLog)-Static: isSBSettingEnabled false
12-16 12:06:01.993 14322 15976 I System.out: (HTTPLog)-Static: isSBSettingEnabled false
12-16 12:06:01.993 14322 15976 I System.out: (HTTPLog)-Static: isSBSettingEnabled false
12-16 12:06:02.026 14322 16106 I System.out: (HTTPLog)-Static: isSBSettingEnabled false
12-16 12:06:02.026 14322 16106 I System.out: (HTTPLog)-Static: isSBSettingEnabled false
12-16 12:06:02.089 14322 16269 I System.out: (HTTPLog)-Static: isSBSettingEnabled false
12-16 12:06:02.089 14322 16269 I System.out: (HTTPLog)-Static: isSBSettingEnabled false
12-16 12:06:03.986 14322 14322 I ViewRootImpl@323ce5e[MainActivity]: ViewPostIme pointer 0
12-16 12:06:04.143 14322 14322 I ViewRootImpl@323ce5e[MainActivity]: ViewPostIme pointer 1
12-16 12:06:04.598 14322 14322 I ViewRootImpl@323ce5e[MainActivity]: ViewPostIme pointer 0
12-16 12:06:04.732 14322 14322 I ViewRootImpl@323ce5e[MainActivity]: ViewPostIme pointer 1
12-16 12:06:06.845 14322 14322 I ViewRootImpl@323ce5e[MainActivity]: ViewPostIme pointer 0
12-16 12:06:06.887 14322 14322 I ViewRootImpl@323ce5e[MainActivity]: ViewPostIme pointer 1
12-16 12:06:06.912 14322 14322 D ConnectivityManager: unregisterNetworkCallback; CallingUid : 10308, CallingPid : 14322
12-16 12:06:06.937 14322 14322 I StorageUtils: /data/user/0/com.rmc.natour21/files is writable
12-16 12:06:06.947 14322 14322 I StorageUtils: /storage/emulated/0/Android/data/com.rmc.natour21/files is writable
12-16 12:06:06.948 14322 14322 I StorageUtils: /storage/0123-4567/Android/data/com.rmc.natour21/files is writable
12-16 12:06:06.949 14322 14322 I StorageUtils: /data/user/0/com.rmc.natour21/files is writable
12-16 12:06:06.950 14322 14322 I StorageUtils: /storage/emulated/0/Android/data/com.rmc.natour21/files is writable
12-16 12:06:06.951 14322 14322 I StorageUtils: /storage/0123-4567/Android/data/com.rmc.natour21/files is writable
12-16 12:06:06.958 14322 14322 I OsmDroid: Using tile source: Mapnik
12-16 12:06:06.963 14322 14322 I OsmDroid: Tile cache increased from 0 to 9
12-16 12:06:07.164 14322 14322 D ConnectivityManager: requestNetwork; CallingUid : 10308, CallingPid : 14322
12-16 12:06:07.169 14322 14322 D InputMethodManager: prepareNavigationBarInfo() DecorView@29d01af[MainActivity]
12-16 12:06:07.169 14322 14322 D InputMethodManager: getNavigationBarColor() -855310
12-16 12:06:07.169 14322 14322 V InputMethodManager: Starting input: tba=com.rmc.natour21 ic=null mNaviBarColor -855310 mIsGetNaviBarColorSuccess true , NavVisible : true , NavTrans : false
12-16 12:06:07.169 14322 14322 D InputMethodManager: startInputInner - Id : 0
12-16 12:06:07.169 14322 14322 I InputMethodManager: startInputInner - mService.startInputOrWindowGainedFocus
12-16 12:06:07.171 14322 14322 D InputTransport: Input channel destroyed: 'ClientS', fd=125
12-16 12:06:07.201 14322 14322 I ViewRootImpl@323ce5e[MainActivity]: Relayout returned: old=(0,0,1080,2220) new=(0,0,1080,2220) req=(1080,2220)0 dur=4 res=0x1 s={true 522730115072} ch=false
12-16 12:06:07.216 14322 14322 I OsmDroid: Tile cache increased from 9 to 54
12-16 12:06:07.301 14322 14341 I om.rmc.natour2: Compiler allocated 4218KB to compile void android.view.ViewRootImpl.performTraversals()
12-16 12:06:07.321 14322 16438 I System.out: (HTTPLog)-Static: isSBSettingEnabled false
12-16 12:06:07.322 14322 16438 I System.out: (HTTPLog)-Static: isSBSettingEnabled false
12-16 12:06:07.325 14322 16439 I System.out: (HTTPLog)-Static: isSBSettingEnabled false
12-16 12:06:07.325 14322 16439 I System.out: (HTTPLog)-Static: isSBSettingEnabled false
12-16 12:06:07.435 14322 14337 I om.rmc.natour2: NativeAlloc concurrent copying GC freed 72998(4016KB) AllocSpace objects, 41(6852KB) LOS objects, 49% free, 11MB/22MB, paused 321us total 143.175ms
12-16 12:06:07.737 14322 16438 I System.out: (HTTPLog)-Static: isSBSettingEnabled false
12-16 12:06:07.737 14322 16438 I System.out: (HTTPLog)-Static: isSBSettingEnabled false
12-16 12:06:07.756 14322 16439 I System.out: (HTTPLog)-Static: isSBSettingEnabled false
12-16 12:06:07.756 14322 16439 I System.out: (HTTPLog)-Static: isSBSettingEnabled false
12-16 12:06:07.830 14322 16439 I System.out: (HTTPLog)-Static: isSBSettingEnabled false
12-16 12:06:07.830 14322 16439 I System.out: (HTTPLog)-Static: isSBSettingEnabled false
12-16 12:06:07.922 14322 16439 I System.out: (HTTPLog)-Static: isSBSettingEnabled false
12-16 12:06:07.922 14322 16439 I System.out: (HTTPLog)-Static: isSBSettingEnabled false
12-16 12:06:08.265 14322 16438 I System.out: (HTTPLog)-Static: isSBSettingEnabled false
12-16 12:06:08.265 14322 16438 I System.out: (HTTPLog)-Static: isSBSettingEnabled false
12-16 12:06:08.446 14322 16439 I System.out: (HTTPLog)-Static: isSBSettingEnabled false
12-16 12:06:08.447 14322 16439 I System.out: (HTTPLog)-Static: isSBSettingEnabled false
12-16 12:06:08.544 14322 16439 I System.out: (HTTPLog)-Static: isSBSettingEnabled false
12-16 12:06:08.544 14322 16439 I System.out: (HTTPLog)-Static: isSBSettingEnabled false
12-16 12:06:08.642 14322 16439 I System.out: (HTTPLog)-Static: isSBSettingEnabled false
12-16 12:06:08.643 14322 16439 I System.out: (HTTPLog)-Static: isSBSettingEnabled false
12-16 12:06:08.668 14322 14322 I ViewRootImpl@323ce5e[MainActivity]: ViewPostIme pointer 0
12-16 12:06:08.687 14322 16438 I System.out: (HTTPLog)-Static: isSBSettingEnabled false
12-16 12:06:08.687 14322 16438 I System.out: (HTTPLog)-Static: isSBSettingEnabled false
12-16 12:06:08.718 14322 14322 I ViewRootImpl@323ce5e[MainActivity]: ViewPostIme pointer 1
12-16 12:06:08.735 14322 14322 D InputMethodManager: prepareNavigationBarInfo() DecorView@29d01af[MainActivity]
12-16 12:06:08.735 14322 14322 D InputMethodManager: getNavigationBarColor() -855310
12-16 12:06:08.736 14322 14322 V InputMethodManager: Starting input: tba=com.rmc.natour21 ic=androidx.emoji2.viewsintegration.EmojiInputConnection@1b278ec mNaviBarColor -855310 mIsGetNaviBarColorSuccess true , NavVisible : true , NavTrans : false
12-16 12:06:08.736 14322 14322 D InputMethodManager: startInputInner - Id : 0
12-16 12:06:08.745 14322 14322 I InputMethodManager: startInputInner - mService.startInputOrWindowGainedFocus
12-16 12:06:08.748 14322 14322 D InputTransport: Input channel destroyed: 'ClientS', fd=74
12-16 12:06:08.748 14322 14322 D InputMethodManager: SSI - flag : 0 Pid : 14322 view : com.rmc.natour21
12-16 12:06:08.748 14322 14322 D InputMethodManager: prepareNavigationBarInfo() DecorView@29d01af[MainActivity]
12-16 12:06:08.748 14322 14322 D InputMethodManager: getNavigationBarColor() -855310
12-16 12:06:08.753 14322 16439 I System.out: (HTTPLog)-Static: isSBSettingEnabled false
12-16 12:06:08.753 14322 16439 I System.out: (HTTPLog)-Static: isSBSettingEnabled false
12-16 12:06:08.757 14322 14322 D Editor  : waiting for the right moment
12-16 12:06:08.775 14322 14322 I AssistStructure: Flattened final assist data: 5604 bytes, containing 1 windows, 44 views
12-16 12:06:08.810 14322 16438 I System.out: (HTTPLog)-Static: isSBSettingEnabled false
12-16 12:06:08.810 14322 16438 I System.out: (HTTPLog)-Static: isSBSettingEnabled false
12-16 12:06:08.867 14322 16439 I System.out: (HTTPLog)-Static: isSBSettingEnabled false
12-16 12:06:08.868 14322 16439 I System.out: (HTTPLog)-Static: isSBSettingEnabled false
12-16 12:06:08.928 14322 14322 D InputMethodManager: prepareNavigationBarInfo() DecorView@29d01af[MainActivity]
12-16 12:06:08.928 14322 14322 D InputMethodManager: getNavigationBarColor() -855310
12-16 12:06:08.928 14322 14322 V InputMethodManager: Starting input: tba=com.rmc.natour21 ic=null mNaviBarColor -855310 mIsGetNaviBarColorSuccess true , NavVisible : true , NavTrans : false
12-16 12:06:08.928 14322 14322 D InputMethodManager: startInputInner - Id : 0
12-16 12:06:08.929 14322 14322 I InputMethodManager: startInputInner - mService.startInputOrWindowGainedFocus
12-16 12:06:08.932 14322 14322 D InputTransport: Input channel destroyed: 'ClientS', fd=135
12-16 12:06:08.944 14322 16438 I System.out: (HTTPLog)-Static: isSBSettingEnabled false
12-16 12:06:08.944 14322 16438 I System.out: (HTTPLog)-Static: isSBSettingEnabled false
12-16 12:06:08.972 14322 16439 I System.out: (HTTPLog)-Static: isSBSettingEnabled false
12-16 12:06:08.972 14322 16439 I System.out: (HTTPLog)-Static: isSBSettingEnabled false
12-16 12:06:09.040 14322 14322 I ViewRootImpl@323ce5e[MainActivity]: MSG_RESIZED: frame=(0,0,1080,2220) ci=(0,63,0,0) vi=(0,63,0,986) or=1
12-16 12:06:09.055 14322 16438 I System.out: (HTTPLog)-Static: isSBSettingEnabled false
12-16 12:06:09.055 14322 16438 I System.out: (HTTPLog)-Static: isSBSettingEnabled false
12-16 12:06:09.066 14322 14322 W IInputConnectionWrapper: requestCursorAnchorInfo on inactive InputConnection
12-16 12:06:09.082 14322 16439 I System.out: (HTTPLog)-Static: isSBSettingEnabled false
12-16 12:06:09.082 14322 16439 I System.out: (HTTPLog)-Static: isSBSettingEnabled false
12-16 12:06:09.170 14322 16438 I System.out: (HTTPLog)-Static: isSBSettingEnabled false
12-16 12:06:09.170 14322 16438 I System.out: (HTTPLog)-Static: isSBSettingEnabled false
12-16 12:06:09.183 14322 16439 I System.out: (HTTPLog)-Static: isSBSettingEnabled false
12-16 12:06:09.183 14322 16439 I System.out: (HTTPLog)-Static: isSBSettingEnabled false
12-16 12:06:09.246 14322 16439 I System.out: (HTTPLog)-Static: isSBSettingEnabled false
12-16 12:06:09.246 14322 16439 I System.out: (HTTPLog)-Static: isSBSettingEnabled false
12-16 12:06:09.253 14322 16438 I System.out: (HTTPLog)-Static: isSBSettingEnabled false
12-16 12:06:09.253 14322 16438 I System.out: (HTTPLog)-Static: isSBSettingEnabled false
12-16 12:06:09.315 14322 16439 I System.out: (HTTPLog)-Static: isSBSettingEnabled false
12-16 12:06:09.315 14322 16439 I System.out: (HTTPLog)-Static: isSBSettingEnabled false
12-16 12:06:09.329 14322 16438 I System.out: (HTTPLog)-Static: isSBSettingEnabled false
12-16 12:06:09.329 14322 16438 I System.out: (HTTPLog)-Static: isSBSettingEnabled false
12-16 12:06:09.397 14322 16439 I System.out: (HTTPLog)-Static: isSBSettingEnabled false
12-16 12:06:09.397 14322 16439 I System.out: (HTTPLog)-Static: isSBSettingEnabled false
12-16 12:06:09.402 14322 16438 I System.out: (HTTPLog)-Static: isSBSettingEnabled false
12-16 12:06:09.402 14322 16438 I System.out: (HTTPLog)-Static: isSBSettingEnabled false
12-16 12:06:09.480 14322 16439 I System.out: (HTTPLog)-Static: isSBSettingEnabled false
12-16 12:06:09.480 14322 16439 I System.out: (HTTPLog)-Static: isSBSettingEnabled false
12-16 12:06:09.514 14322 16438 I System.out: (HTTPLog)-Static: isSBSettingEnabled false
12-16 12:06:09.515 14322 16438 I System.out: (HTTPLog)-Static: isSBSettingEnabled false
