11-26 15:53:42.342  9494  9526 I BLASTBufferQueue: [ViewRootImpl[com.rmc.natour21/com.rmc.natour21.MainActivity]#22] destructor()
11-26 15:53:42.343  9494  9526 I BufferQueueConsumer: [ViewRootImpl[com.rmc.natour21/com.rmc.natour21.MainActivity]#22(BLAST Consumer)22](id:251600000016,api:0,p:-1,c:9494) disconnect
11-26 15:53:42.348  9494  9494 I Quality : Skipped: true 1 cost 21.468956 refreshRate 11111111 processName com.rmc.natour21
11-26 15:53:42.351  9494  9808 I System.out: PATH: Cor A Cor, DISTANCE: 7.8551044921875, (5.512658, 18.658228) PREDICATE: true
11-26 15:53:42.352  9494  9808 I System.out: PATH: Sentiero Azzurro, DISTANCE: 526.354625, (5.512658, 18.658228) PREDICATE: false
11-26 15:53:42.354  9494  9808 I System.out: PATH: sentiero degli dei, DISTANCE: 33.87897265625, (5.512658, 18.658228) PREDICATE: false
11-26 15:53:42.516  9494 10089 I BLASTBufferQueue: releaseBufferCallbackThunk bufferId:40776419508366 framenumber:314 blastBufferQueue is dead
11-26 15:53:43.892  9494  9494 V AutofillManager: requestHideFillUi(null): anchor = null
11-26 15:53:43.975  9494  9494 V TextView: notifyAutoFillManagerAfterTextChanged
11-26 15:53:43.975  9494  9494 V AutofillManager: notifyValueChanged(1073741828): ignoring on state UNKNOWN
11-26 15:53:43.983  9494  9494 V TextView: notifyAutoFillManagerAfterTextChanged
11-26 15:53:43.983  9494  9494 V AutofillManager: notifyValueChanged(1073741828): ignoring on state UNKNOWN
11-26 15:53:43.999  9494  9494 I oplus.android.OplusFrameworkFactoryImpl: get feature:IOplusDynamicVsyncFeature
11-26 15:53:43.999  9494  9494 I oplus.android.OplusFrameworkFactoryImpl: get feature:IOplusDynamicVsyncFeature
11-26 15:53:43.999  9494  9494 I oplus.android.OplusFrameworkFactoryImpl: get feature:IOplusDynamicVsyncFeature
11-26 15:53:44.003  9494  9494 I oplus.android.OplusFrameworkFactoryImpl: get feature:IOplusDynamicVsyncFeature
11-26 15:53:44.003  9494  9494 I oplus.android.OplusFrameworkFactoryImpl: get feature:IOplusDynamicVsyncFeature
11-26 15:53:44.004  9494  9494 I oplus.android.OplusFrameworkFactoryImpl: get feature:IOplusDynamicVsyncFeature
11-26 15:53:44.016  9494  9494 D WindowManager: Add to mViews: DecorView@31b22ba[MainActivity],pkg= com.rmc.natour21
11-26 15:53:44.019  9494  9494 D ViewRootImpl[MainActivity]: hardware acceleration = true, sRendererEnabled = true, forceHwAccelerated = false
11-26 15:53:44.031  9494  9494 I Quality : Skipped: false 6 cost 67.425285 refreshRate 11111111 processName com.rmc.natour21
11-26 15:53:44.044  9494  9494 I BufferQueueConsumer: [](id:251600000018,api:0,p:-1,c:9494) connect: controlledByApp=false
11-26 15:53:44.044  9494  9494 I BLASTBufferQueue: [ViewRootImpl[com.rmc.natour21/com.rmc.natour21.MainActivity]#24] constructor()
11-26 15:53:44.046  9494  9494 V OplusZoomWindowDecorViewHelper: setLastReportedMergedConfiguration mZoomDisplayHeight: 2400 getDecorView.52110010
11-26 15:53:44.049  9494  9572 I BufferQueueProducer: [ViewRootImpl[com.rmc.natour21/com.rmc.natour21.MainActivity]#24(BLAST Consumer)24](id:251600000018,api:1,p:9494,c:9494) connect: api=1 producerControlledByApp=true
11-26 15:53:44.050  9494  9494 W BaseSlider: Floating point value used for stepSize(0.5). Using floats can have rounding errors which may result in incorrect values. Instead, consider using integers with a custom LabelFormatter to display the value correctly.
11-26 15:53:44.050  9494  9494 W BaseSlider: Floating point value used for stepSize(0.5). Using floats can have rounding errors which may result in incorrect values. Instead, consider using integers with a custom LabelFormatter to display the value correctly.
11-26 15:53:44.050  9494  9494 W BaseSlider: Floating point value used for valueTo(10.5). Using floats can have rounding errors which may result in incorrect values. Instead, consider using integers with a custom LabelFormatter to display the value correctly.
11-26 15:53:44.085  9494  9494 I Quality : Skipped: false 4 cost 53.430664 refreshRate 11111111 processName com.rmc.natour21
11-26 15:53:44.086  9494  9526 D SurfaceComposerClient: VRR [FRTC] client handle [bufferId:18446744073709551615 framenumber:0] [ffffffff, ffffffff]
11-26 15:53:44.099  9494  9494 I Quality : Skipped: false 1 cost 11.541203 refreshRate 11111111 processName com.rmc.natour21
11-26 15:53:44.810  9494  9494 V AutofillManager: requestHideFillUi(null): anchor = null
11-26 15:53:45.769  9494  9494 V AutofillManager: requestHideFillUi(null): anchor = null
11-26 15:53:46.583  9494  9494 V AutofillManager: requestHideFillUi(null): anchor = null
11-26 15:53:47.090  9494  9494 V AutofillManager: requestHideFillUi(null): anchor = null
11-26 15:53:47.210  9494  9494 V OplusZoomWindowDecorViewHelper: removeZoomView
11-26 15:53:47.211  9494  9572 I BufferQueueProducer: [ViewRootImpl[com.rmc.natour21/com.rmc.natour21.MainActivity]#24(BLAST Consumer)24](id:251600000018,api:1,p:9494,c:9494) disconnect: api 1
11-26 15:53:47.212  9494  9572 E BLASTBufferQueue: BLASTBufferItemConsumer::onDisconnect()
11-26 15:53:47.212  9494  9572 D OpenGLRenderer: endAllActiveAnimators on 0xb400006ec3386800 (RippleDrawable) with handle 0xb400006fb2e332a0
11-26 15:53:47.212  9494  9494 D View    : [Warning] assignParent to null: this = DecorView@31b22ba[MainActivity]
11-26 15:53:47.230  9494  9494 I Quality : Skipped: true 1 cost 12.415774 refreshRate 11111111 processName com.rmc.natour21
11-26 15:53:47.230  9494 10089 I BLASTBufferQueue: [ViewRootImpl[com.rmc.natour21/com.rmc.natour21.MainActivity]#24] destructor()
11-26 15:53:47.230  9494 10089 I BufferQueueConsumer: [ViewRootImpl[com.rmc.natour21/com.rmc.natour21.MainActivity]#24(BLAST Consumer)24](id:251600000018,api:0,p:-1,c:9494) disconnect
11-26 15:53:47.232  9494  9808 I System.out: PATH: Cor A Cor, DISTANCE: 7.8551044921875, (5.512658, 5.512658) PREDICATE: false
11-26 15:53:47.234  9494  9808 I System.out: PATH: Sentiero Azzurro, DISTANCE: 526.354625, (5.512658, 5.512658) PREDICATE: false
11-26 15:53:47.236  9494  9808 I System.out: PATH: sentiero degli dei, DISTANCE: 33.87897265625, (5.512658, 5.512658) PREDICATE: false
11-26 15:53:47.400  9494 10089 I BLASTBufferQueue: releaseBufferCallbackThunk bufferId:40776419508375 framenumber:113 blastBufferQueue is dead
11-26 15:53:56.213  9494 19513 W SendBird: [15:53:56.212 Connection$1:onMessage():235] onMessage instance : [PONG] com.sendbird.android.Connection@aa18372
11-26 15:53:56.215  9494 19513 W Sendbird: [15:53:56.214 Connection$1:onMessage():236] onMessage instance : [PONG] com.sendbird.android.Connection@aa18372
11-26 15:53:56.222  9494  9779 W SendBird: [15:53:56.221 EventController$1:call():141] ++ result[PONG] runnable=null
11-26 15:53:56.277  9494  9494 V AutofillManager: requestHideFillUi(null): anchor = null
11-26 15:53:56.381  9494  9494 V TextView: notifyAutoFillManagerAfterTextChanged
11-26 15:53:56.381  9494  9494 V AutofillManager: notifyValueChanged(1073741829): ignoring on state UNKNOWN
11-26 15:53:56.387  9494  9494 V TextView: notifyAutoFillManagerAfterTextChanged
11-26 15:53:56.387  9494  9494 V AutofillManager: notifyValueChanged(1073741829): ignoring on state UNKNOWN
11-26 15:53:56.399  9494  9494 I oplus.android.OplusFrameworkFactoryImpl: get feature:IOplusDynamicVsyncFeature
11-26 15:53:56.399  9494  9494 I oplus.android.OplusFrameworkFactoryImpl: get feature:IOplusDynamicVsyncFeature
11-26 15:53:56.399  9494  9494 I oplus.android.OplusFrameworkFactoryImpl: get feature:IOplusDynamicVsyncFeature
11-26 15:53:56.404  9494  9494 I oplus.android.OplusFrameworkFactoryImpl: get feature:IOplusDynamicVsyncFeature
11-26 15:53:56.404  9494  9494 I oplus.android.OplusFrameworkFactoryImpl: get feature:IOplusDynamicVsyncFeature
11-26 15:53:56.404  9494  9494 I oplus.android.OplusFrameworkFactoryImpl: get feature:IOplusDynamicVsyncFeature
11-26 15:53:56.415  9494  9494 D WindowManager: Add to mViews: DecorView@66b87d8[MainActivity],pkg= com.rmc.natour21
11-26 15:53:56.419  9494  9494 D ViewRootImpl[MainActivity]: hardware acceleration = true, sRendererEnabled = true, forceHwAccelerated = false
11-26 15:53:56.430  9494  9494 I Quality : Skipped: false 5 cost 64.19672 refreshRate 11111111 processName com.rmc.natour21
11-26 15:53:56.442  9494  9494 I BufferQueueConsumer: [](id:251600000019,api:0,p:-1,c:9494) connect: controlledByApp=false
11-26 15:53:56.442  9494  9494 I BLASTBufferQueue: [ViewRootImpl[com.rmc.natour21/com.rmc.natour21.MainActivity]#25] constructor()
11-26 15:53:56.444  9494  9494 V OplusZoomWindowDecorViewHelper: setLastReportedMergedConfiguration mZoomDisplayHeight: 2400 getDecorView.107710424
11-26 15:53:56.445  9494  9572 I BufferQueueProducer: [ViewRootImpl[com.rmc.natour21/com.rmc.natour21.MainActivity]#25(BLAST Consumer)25](id:251600000019,api:1,p:9494,c:9494) connect: api=1 producerControlledByApp=true
11-26 15:53:56.448  9494  9494 W BaseSlider: Floating point value used for stepSize(0.5). Using floats can have rounding errors which may result in incorrect values. Instead, consider using integers with a custom LabelFormatter to display the value correctly.
11-26 15:53:56.448  9494  9494 W BaseSlider: Floating point value used for stepSize(0.5). Using floats can have rounding errors which may result in incorrect values. Instead, consider using integers with a custom LabelFormatter to display the value correctly.
11-26 15:53:56.449  9494  9494 W BaseSlider: Floating point value used for valueTo(10.5). Using floats can have rounding errors which may result in incorrect values. Instead, consider using integers with a custom LabelFormatter to display the value correctly.
11-26 15:53:56.477  9494  9526 D SurfaceComposerClient: VRR [FRTC] client handle [bufferId:18446744073709551615 framenumber:0] [ffffffff, ffffffff]
11-26 15:53:56.477  9494  9494 I Quality : Skipped: false 3 cost 42.260662 refreshRate 11111111 processName com.rmc.natour21
11-26 15:53:56.491  9494  9494 I Quality : Skipped: false 1 cost 11.534953 refreshRate 11111111 processName com.rmc.natour21
11-26 15:53:58.201  9494  9494 V AutofillManager: requestHideFillUi(null): anchor = null
11-26 15:54:01.757  9494  9494 V AutofillManager: requestHideFillUi(null): anchor = null
11-26 15:54:01.822  9494  9494 V OplusZoomWindowDecorViewHelper: removeZoomView
11-26 15:54:01.825  9494  9572 I BufferQueueProducer: [ViewRootImpl[com.rmc.natour21/com.rmc.natour21.MainActivity]#25(BLAST Consumer)25](id:251600000019,api:1,p:9494,c:9494) disconnect: api 1
11-26 15:54:01.825  9494  9572 E BLASTBufferQueue: BLASTBufferItemConsumer::onDisconnect()
11-26 15:54:01.825  9494  9572 D OpenGLRenderer: endAllActiveAnimators on 0xb400006ef0d5e200 (RippleDrawable) with handle 0xb400006e9fb1a460
11-26 15:54:01.826  9494  9494 D View    : [Warning] assignParent to null: this = DecorView@66b87d8[MainActivity]
11-26 15:54:01.840  9494  9808 I System.out: PATH: Cor A Cor, DISTANCE: 7.8551044921875, (5.512658, 80.56962) PREDICATE: true
11-26 15:54:01.842  9494  9808 I System.out: PATH: Sentiero Azzurro, DISTANCE: 526.354625, (5.512658, 80.56962) PREDICATE: false
11-26 15:54:01.844  9494  9808 I System.out: PATH: sentiero degli dei, DISTANCE: 33.87897265625, (5.512658, 80.56962) PREDICATE: true
11-26 15:54:01.845  9494  9524 I BLASTBufferQueue: [ViewRootImpl[com.rmc.natour21/com.rmc.natour21.MainActivity]#25] destructor()
11-26 15:54:01.845  9494  9524 I BufferQueueConsumer: [ViewRootImpl[com.rmc.natour21/com.rmc.natour21.MainActivity]#25(BLAST Consumer)25](id:251600000019,api:0,p:-1,c:9494) disconnect
11-26 15:54:01.931  9494  9494 I Quality : Skipped: false 3 cost 33.936127 refreshRate 11111111 processName com.rmc.natour21
11-26 15:54:02.012  9494  9524 I BLASTBufferQueue: releaseBufferCallbackThunk bufferId:40776419508381 framenumber:203 blastBufferQueue is dead
11-26 15:54:11.214  9494 19513 W SendBird: [15:54:11.213 Connection$1:onMessage():235] onMessage instance : [PONG] com.sendbird.android.Connection@aa18372
11-26 15:54:11.216  9494 19513 W Sendbird: [15:54:11.215 Connection$1:onMessage():236] onMessage instance : [PONG] com.sendbird.android.Connection@aa18372
11-26 15:54:11.225  9494  9779 W SendBird: [15:54:11.224 EventController$1:call():141] ++ result[PONG] runnable=null
11-26 15:54:26.218  9494 19513 W SendBird: [15:54:26.216 Connection$1:onMessage():235] onMessage instance : [PONG] com.sendbird.android.Connection@aa18372
11-26 15:54:26.220  9494 19513 W Sendbird: [15:54:26.219 Connection$1:onMessage():236] onMessage instance : [PONG] com.sendbird.android.Connection@aa18372
11-26 15:54:26.228  9494  9779 W SendBird: [15:54:26.227 EventController$1:call():141] ++ result[PONG] runnable=null
11-26 15:54:29.077  9494  9494 V AutofillManager: requestHideFillUi(null): anchor = null
11-26 15:54:29.799  9494  9494 V AutofillManager: requestHideFillUi(null): anchor = null
11-26 15:54:29.890  9494  9494 V TextView: notifyAutoFillManagerAfterTextChanged
11-26 15:54:29.890  9494  9494 V AutofillManager: notifyValueChanged(1073741830): ignoring on state UNKNOWN
11-26 15:54:29.891  9494  9494 V TextView: notifyAutoFillManagerAfterTextChanged
11-26 15:54:29.891  9494  9494 V AutofillManager: notifyValueChanged(1073741830): ignoring on state UNKNOWN
11-26 15:54:29.902  9494  9494 I oplus.android.OplusFrameworkFactoryImpl: get feature:IOplusDynamicVsyncFeature
11-26 15:54:29.902  9494  9494 I oplus.android.OplusFrameworkFactoryImpl: get feature:IOplusDynamicVsyncFeature
11-26 15:54:29.902  9494  9494 I oplus.android.OplusFrameworkFactoryImpl: get feature:IOplusDynamicVsyncFeature
11-26 15:54:29.906  9494  9494 I oplus.android.OplusFrameworkFactoryImpl: get feature:IOplusDynamicVsyncFeature
11-26 15:54:29.906  9494  9494 I oplus.android.OplusFrameworkFactoryImpl: get feature:IOplusDynamicVsyncFeature
11-26 15:54:29.906  9494  9494 I oplus.android.OplusFrameworkFactoryImpl: get feature:IOplusDynamicVsyncFeature
11-26 15:54:29.917  9494  9494 D WindowManager: Add to mViews: DecorView@cf09cb7[MainActivity],pkg= com.rmc.natour21
11-26 15:54:29.922  9494  9494 D ViewRootImpl[MainActivity]: hardware acceleration = true, sRendererEnabled = true, forceHwAccelerated = false
11-26 15:54:29.932  9494  9494 I Quality : Skipped: false 4 cost 54.641216 refreshRate 11111111 processName com.rmc.natour21
11-26 15:54:29.944  9494  9494 I BufferQueueConsumer: [](id:25160000001a,api:0,p:-1,c:9494) connect: controlledByApp=false
11-26 15:54:29.945  9494  9494 I BLASTBufferQueue: [ViewRootImpl[com.rmc.natour21/com.rmc.natour21.MainActivity]#26] constructor()
11-26 15:54:29.946  9494  9494 V OplusZoomWindowDecorViewHelper: setLastReportedMergedConfiguration mZoomDisplayHeight: 2400 getDecorView.217095351
11-26 15:54:29.947  9494  9572 I BufferQueueProducer: [ViewRootImpl[com.rmc.natour21/com.rmc.natour21.MainActivity]#26(BLAST Consumer)26](id:25160000001a,api:1,p:9494,c:9494) connect: api=1 producerControlledByApp=true
11-26 15:54:29.950  9494  9494 W BaseSlider: Floating point value used for stepSize(0.5). Using floats can have rounding errors which may result in incorrect values. Instead, consider using integers with a custom LabelFormatter to display the value correctly.
11-26 15:54:29.951  9494  9494 W BaseSlider: Floating point value used for stepSize(0.5). Using floats can have rounding errors which may result in incorrect values. Instead, consider using integers with a custom LabelFormatter to display the value correctly.
11-26 15:54:29.951  9494  9494 W BaseSlider: Floating point value used for valueTo(10.5). Using floats can have rounding errors which may result in incorrect values. Instead, consider using integers with a custom LabelFormatter to display the value correctly.
11-26 15:54:29.977  9494  9524 D SurfaceComposerClient: VRR [FRTC] client handle [bufferId:18446744073709551615 framenumber:0] [ffffffff, ffffffff]
11-26 15:54:29.983  9494  9494 I Quality : Skipped: false 4 cost 50.42154 refreshRate 11111111 processName com.rmc.natour21
11-26 15:54:30.024  9494  9494 I Quality : Skipped: false 1 cost 11.491216 refreshRate 11111111 processName com.rmc.natour21
11-26 15:54:34.903  9494  9494 V AutofillManager: requestHideFillUi(null): anchor = null
11-26 15:54:34.986  9494 19709 V FA      : Recording user engagement, ms: 59449
11-26 15:54:35.017  9494 19711 D libMEOW : meow new tls: 0xb400006fa0d74a40
11-26 15:54:35.019  9494 18067 V FA      : onActivityCreated
11-26 15:54:35.020  9494 19711 D libMEOW : applied 1 plugins for [com.rmc.natour21]:
11-26 15:54:35.020  9494 19711 D libMEOW :   plugin 1: [libMEOW_gift.so]:
11-26 15:54:35.021  9494 19709 V FA      : Connecting to remote service
11-26 15:54:35.023  9494 19711 D libMEOW : meow delete tls: 0xb400006fa0d74a40
11-26 15:54:35.025  9494  9494 I OsmDroid: Using tile source: Mapnik
11-26 15:54:35.025  9494  9494 I OsmDroid: Tile cache increased from 0 to 9
11-26 15:54:35.031  9494 19709 V FA      : Connection attempt already in progress
11-26 15:54:35.031  9494 19709 V FA      : Activity paused, time: 3107645702
11-26 15:54:35.060  9494  9494 V TextView: notifyAutoFillManagerAfterTextChanged
11-26 15:54:35.060  9494  9494 V AutofillManager: notifyValueChanged(1073741824): ignoring on state UNKNOWN
11-26 15:54:35.060  9494  9494 V TextView: notifyAutoFillManagerAfterTextChanged
11-26 15:54:35.060  9494  9494 V AutofillManager: notifyValueChanged(1073741824): ignoring on state UNKNOWN
11-26 15:54:35.105  9494  9494 I Quality : ActivityThread: activityStart delay 99 com.rmc.natour21 9494
11-26 15:54:35.106  9494 19709 V FA      : Activity resumed, time: 3107645824
11-26 15:54:35.111  9494  9494 D WindowManager: Add to mViews: DecorView@feac36d[GeographicAreaActivity],pkg= com.rmc.natour21
11-26 15:54:35.113  9494  9494 D ViewRootImpl[GeographicAreaActivity]: hardware acceleration = true, sRendererEnabled = true, forceHwAccelerated = false
11-26 15:54:35.120  9494  9494 I Quality : Skipped: false 9 cost 103.8212 refreshRate 11111111 processName com.rmc.natour21
11-26 15:54:35.122  9494 19709 V FA      : Connection attempt already in progress
11-26 15:54:35.122  9494 19709 V FA      : Connection attempt already in progress
11-26 15:54:35.137  9494  9494 I BufferQueueConsumer: [](id:25160000001b,api:0,p:-1,c:9494) connect: controlledByApp=false
11-26 15:54:35.139  9494  9494 I BLASTBufferQueue: [ViewRootImpl[com.rmc.natour21/com.rmc.natour21.Fragment.home.search.GeographicAreaActivity]#27] constructor()
11-26 15:54:35.140  9494  9494 V OplusZoomWindowDecorViewHelper: setLastReportedMergedConfiguration mZoomDisplayHeight: 2400 getDecorView.267043693
11-26 15:54:35.140  9494  9572 I BufferQueueProducer: [ViewRootImpl[com.rmc.natour21/com.rmc.natour21.Fragment.home.search.GeographicAreaActivity]#27(BLAST Consumer)27](id:25160000001b,api:1,p:9494,c:9494) connect: api=1 producerControlledByApp=true
11-26 15:54:35.146  9494  9494 I OsmDroid: Tile cache increased from 9 to 60
11-26 15:54:35.171  9494  9494 I Quality : Skipped: false 3 cost 42.34588 refreshRate 11111111 processName com.rmc.natour21
11-26 15:54:35.171  9494  9526 D SurfaceComposerClient: VRR [FRTC] client handle [bufferId:18446744073709551615 framenumber:0] [ffffffff, ffffffff]
11-26 15:54:35.186  9494  9494 I Quality : Skipped: false 1 cost 13.260905 refreshRate 11111111 processName com.rmc.natour21
11-26 15:54:35.196  9494  9494 E Parcel  : Reading a NULL string not supported here.
11-26 15:54:35.196  9494 19709 D FA      : Connected to remote service
11-26 15:54:35.197  9494 19709 V FA      : Processing queued up service tasks: 4
11-26 15:54:35.235  9494  9494 I Quality : Skipped: false 1 cost 17.112032 refreshRate 11111111 processName com.rmc.natour21
11-26 15:54:35.595  9494  9572 I BufferQueueProducer: [ViewRootImpl[com.rmc.natour21/com.rmc.natour21.MainActivity]#23(BLAST Consumer)23](id:251600000017,api:1,p:9494,c:9494) disconnect: api 1
11-26 15:54:35.596  9494  9572 E BLASTBufferQueue: BLASTBufferItemConsumer::onDisconnect()
11-26 15:54:35.602  9494  9494 I BLASTBufferQueue: [ViewRootImpl[com.rmc.natour21/com.rmc.natour21.MainActivity]#23] destructor()
11-26 15:54:35.602  9494  9494 I BufferQueueConsumer: [ViewRootImpl[com.rmc.natour21/com.rmc.natour21.MainActivity]#23(BLAST Consumer)23](id:251600000017,api:0,p:-1,c:9494) disconnect
11-26 15:54:35.607  9494  9572 I BufferQueueProducer: [ViewRootImpl[com.rmc.natour21/com.rmc.natour21.MainActivity]#26(BLAST Consumer)26](id:25160000001a,api:1,p:9494,c:9494) disconnect: api 1
11-26 15:54:35.608  9494  9572 E BLASTBufferQueue: BLASTBufferItemConsumer::onDisconnect()
11-26 15:54:35.608  9494  9572 D OpenGLRenderer: endAllActiveAnimators on 0xb400006ec30f2a00 (RippleDrawable) with handle 0xb400006ec3044a40
11-26 15:54:35.622  9494  9525 I BLASTBufferQueue: [ViewRootImpl[com.rmc.natour21/com.rmc.natour21.MainActivity]#26] destructor()
11-26 15:54:35.622  9494  9525 I BufferQueueConsumer: [ViewRootImpl[com.rmc.natour21/com.rmc.natour21.MainActivity]#26(BLAST Consumer)26](id:25160000001a,api:0,p:-1,c:9494) disconnect
11-26 15:54:35.631  9494  9525 I BLASTBufferQueue: releaseBufferCallbackThunk bufferId:40776419508370 framenumber:280 blastBufferQueue is dead
11-26 15:54:35.632  9494  9525 I BLASTBufferQueue: releaseBufferCallbackThunk bufferId:40776419508388 framenumber:76 blastBufferQueue is dead
11-26 15:54:37.797  9494  9494 V AutofillManager: requestHideFillUi(null): anchor = null
11-26 15:54:37.797  9494  9494 D OplusSystemUINavigationGesture: [GESTURE_BUTTON] swipe from 0
11-26 15:54:37.797  9494  9494 D OplusSystemUINavigationGesture: [GESTURE_BUTTON] Hit Gesture Region !
11-26 15:54:37.920  9494 19709 V FA      : Recording user engagement, ms: 2812
11-26 15:54:37.934  9494 19709 V FA      : Activity paused, time: 3107648636
11-26 15:54:37.938  9494 19709 V FA      : Activity resumed, time: 3107648655
11-26 15:54:38.035  9494  9494 I BufferQueueConsumer: [](id:25160000001c,api:0,p:-1,c:9494) connect: controlledByApp=false
11-26 15:54:38.035  9494  9494 I BLASTBufferQueue: [ViewRootImpl[com.rmc.natour21/com.rmc.natour21.MainActivity]#28] constructor()
11-26 15:54:38.036  9494  9572 I BufferQueueProducer: [ViewRootImpl[com.rmc.natour21/com.rmc.natour21.MainActivity]#28(BLAST Consumer)28](id:25160000001c,api:1,p:9494,c:9494) connect: api=1 producerControlledByApp=true
11-26 15:54:38.060  9494  9524 D SurfaceComposerClient: VRR [FRTC] client handle [bufferId:18446744073709551615 framenumber:0] [ffffffff, ffffffff]
11-26 15:54:38.071  9494  9494 I BufferQueueConsumer: [](id:25160000001d,api:0,p:-1,c:9494) connect: controlledByApp=false
11-26 15:54:38.072  9494  9494 I BLASTBufferQueue: [ViewRootImpl[com.rmc.natour21/com.rmc.natour21.MainActivity]#29] constructor()
11-26 15:54:38.073  9494  9572 I BufferQueueProducer: [ViewRootImpl[com.rmc.natour21/com.rmc.natour21.MainActivity]#29(BLAST Consumer)29](id:25160000001d,api:1,p:9494,c:9494) connect: api=1 producerControlledByApp=true
11-26 15:54:38.094  9494  9525 D SurfaceComposerClient: VRR [FRTC] client handle [bufferId:18446744073709551615 framenumber:0] [ffffffff, ffffffff]
11-26 15:54:38.095  9494  9494 I Quality : Skipped: false 13 cost 145.64069 refreshRate 11111111 processName com.rmc.natour21
11-26 15:54:38.110  9494  9494 I Quality : Skipped: false 1 cost 14.295623 refreshRate 11111111 processName com.rmc.natour21
11-26 15:54:38.169  9494  9494 I Quality : Skipped: false 1 cost 17.523392 refreshRate 11111111 processName com.rmc.natour21
11-26 15:54:38.192  9494  9494 I Quality : Skipped: true 1 cost 17.39707 refreshRate 11111111 processName com.rmc.natour21
11-26 15:54:38.211  9494  9494 I Quality : Skipped: false 1 cost 14.736725 refreshRate 11111111 processName com.rmc.natour21
11-26 15:54:38.525  9494  9572 I BufferQueueProducer: [ViewRootImpl[com.rmc.natour21/com.rmc.natour21.Fragment.home.search.GeographicAreaActivity]#27(BLAST Consumer)27](id:25160000001b,api:1,p:9494,c:9494) disconnect: api 1
11-26 15:54:38.526  9494  9572 E BLASTBufferQueue: BLASTBufferItemConsumer::onDisconnect()
11-26 15:54:38.526  9494  9572 D OpenGLRenderer: endAllActiveAnimators on 0xb400006eb69fee00 (RippleDrawable) with handle 0xb400006f3fb36f00
11-26 15:54:38.531  9494  9494 I BLASTBufferQueue: [ViewRootImpl[com.rmc.natour21/com.rmc.natour21.Fragment.home.search.GeographicAreaActivity]#27] destructor()
11-26 15:54:38.532  9494  9494 I BufferQueueConsumer: [ViewRootImpl[com.rmc.natour21/com.rmc.natour21.Fragment.home.search.GeographicAreaActivity]#27(BLAST Consumer)27](id:25160000001b,api:0,p:-1,c:9494) disconnect
11-26 15:54:38.540  9494  9494 V OplusZoomWindowDecorViewHelper: removeZoomView
11-26 15:54:38.540  9494  9494 D View    : [Warning] assignParent to null: this = DecorView@feac36d[GeographicAreaActivity]
11-26 15:54:38.554  9494  9525 I BLASTBufferQueue: releaseBufferCallbackThunk bufferId:40776419508394 framenumber:97 blastBufferQueue is dead
11-26 15:54:41.216  9494 19513 W SendBird: [15:54:41.215 Connection$1:onMessage():235] onMessage instance : [PONG] com.sendbird.android.Connection@aa18372
11-26 15:54:41.219  9494 19513 W Sendbird: [15:54:41.218 Connection$1:onMessage():236] onMessage instance : [PONG] com.sendbird.android.Connection@aa18372
11-26 15:54:41.230  9494  9779 W SendBird: [15:54:41.228 EventController$1:call():141] ++ result[PONG] runnable=null
11-26 15:54:42.959  9494 19709 V FA      : Inactivity, disconnecting from the service
11-26 15:54:56.215  9494 19513 W SendBird: [15:54:56.213 Connection$1:onMessage():235] onMessage instance : [PONG] com.sendbird.android.Connection@aa18372
11-26 15:54:56.218  9494 19513 W Sendbird: [15:54:56.216 Connection$1:onMessage():236] onMessage instance : [PONG] com.sendbird.android.Connection@aa18372
11-26 15:54:56.227  9494  9779 W SendBird: [15:54:56.226 EventController$1:call():141] ++ result[PONG] runnable=null
11-26 15:55:08.178  9494  9494 I Quality : Skipped: false 2 cost 31.58734 refreshRate 11111111 processName com.rmc.natour21
11-26 15:55:08.258  9494  9494 I Quality : Skipped: true 1 cost 12.909216 refreshRate 11111111 processName com.rmc.natour21
11-26 15:55:08.489  9494 19709 V FA      : Recording user engagement, ms: 30540
11-26 15:55:08.594  9494 19709 V FA      : Connecting to remote service
11-26 15:55:08.643  9494 19709 V FA      : Connection attempt already in progress
11-26 15:55:08.643  9494 19709 V FA      : Activity paused, time: 3107679195
11-26 15:55:08.706  9494  9572 I BufferQueueProducer: [ViewRootImpl[com.rmc.natour21/com.rmc.natour21.MainActivity]#29(BLAST Consumer)29](id:25160000001d,api:1,p:9494,c:9494) disconnect: api 1
11-26 15:55:08.713  9494  9572 E BLASTBufferQueue: BLASTBufferItemConsumer::onDisconnect()
11-26 15:55:08.713  9494  9572 I BLASTBufferQueue: [ViewRootImpl[com.rmc.natour21/com.rmc.natour21.MainActivity]#29] destructor()
11-26 15:55:08.713  9494  9572 I BufferQueueConsumer: [ViewRootImpl[com.rmc.natour21/com.rmc.natour21.MainActivity]#29(BLAST Consumer)29](id:25160000001d,api:0,p:-1,c:9494) disconnect
11-26 15:55:08.754  9494  9572 I BufferQueueProducer: [ViewRootImpl[com.rmc.natour21/com.rmc.natour21.MainActivity]#28(BLAST Consumer)28](id:25160000001c,api:1,p:9494,c:9494) disconnect: api 1
11-26 15:55:08.758  9494  9572 E BLASTBufferQueue: BLASTBufferItemConsumer::onDisconnect()
11-26 15:55:08.758  9494  9572 I BLASTBufferQueue: [ViewRootImpl[com.rmc.natour21/com.rmc.natour21.MainActivity]#28] destructor()
11-26 15:55:08.758  9494  9572 I BufferQueueConsumer: [ViewRootImpl[com.rmc.natour21/com.rmc.natour21.MainActivity]#28(BLAST Consumer)28](id:25160000001c,api:0,p:-1,c:9494) disconnect
11-26 15:55:08.814  9494  9494 E Parcel  : Reading a NULL string not supported here.
11-26 15:55:08.816  9494 19709 D FA      : Connected to remote service
11-26 15:55:08.818  9494 19709 V FA      : Processing queued up service tasks: 2
11-26 15:55:09.056  9494  9641 E PINGER  : [15:55:09.054 Connection$Pinger:stop():522] Pinger stop true
11-26 15:55:09.059  9494  9641 E Sendbird:PINGER: [15:55:09.057 Connection$Pinger:stop():523] Pinger stop true
11-26 15:55:09.079  9494 19552 W SendBird: [15:55:09.077 Connection$1:onFailure():250] onFailed instance : com.sendbird.android.Connection@aa18372
11-26 15:55:09.089  9494 19552 W Sendbird: [15:55:09.086 Connection$1:onFailure():251] onFailed instance : com.sendbird.android.Connection@aa18372
11-26 15:55:09.092  9494 19552 W SendBird: [15:55:09.090 Connection$1:onFailure():256] onFailed handler : com.sendbird.android.SocketManager@7db5a47
11-26 15:55:09.095  9494 19552 W Sendbird: [15:55:09.093 Connection$1:onFailure():257] onFailed handler : com.sendbird.android.SocketManager@7db5a47
11-26 15:55:09.098  9494 19552 W SendBird: [15:55:09.096 SocketManager:onError():1002] >> onError : Socket is closed, reconnecting : false, explicitDisconnect : true
11-26 15:55:10.645  9494 19709 D FA      : Application going to the background
11-26 15:55:19.668  9494 19709 V FA      : Inactivity, disconnecting from the service
11-26 15:55:41.079  9494  9526 I BLASTBufferQueue: releaseBufferCallbackThunk bufferId:40776419508400 framenumber:10 blastBufferQueue is dead
11-26 15:55:41.080  9494  9526 I BLASTBufferQueue: releaseBufferCallbackThunk bufferId:40776419508406 framenumber:16 blastBufferQueue is dead
11-26 15:55:45.798  9494 19709 V FA      : Activity resumed, time: 3107716514
11-26 15:55:45.798  9494 19709 V FA      : Connecting to remote service
11-26 15:55:45.805  9494  9494 I BufferQueueConsumer: [](id:25160000001e,api:0,p:-1,c:9494) connect: controlledByApp=false
11-26 15:55:45.806  9494  9494 I BLASTBufferQueue: [ViewRootImpl[com.rmc.natour21/com.rmc.natour21.MainActivity]#30] constructor()
11-26 15:55:45.807  9494  9572 I BufferQueueProducer: [ViewRootImpl[com.rmc.natour21/com.rmc.natour21.MainActivity]#30(BLAST Consumer)30](id:25160000001e,api:1,p:9494,c:9494) connect: api=1 producerControlledByApp=true
11-26 15:55:45.836  9494  9524 D SurfaceComposerClient: VRR [FRTC] client handle [bufferId:18446744073709551615 framenumber:0] [ffffffff, ffffffff]
11-26 15:55:45.942  9494  9803 E Parcel  : Reading a NULL string not supported here.
11-26 15:55:45.960  9494  9494 I BufferQueueConsumer: [](id:25160000001f,api:0,p:-1,c:9494) connect: controlledByApp=false
11-26 15:55:45.960  9494  9494 I BLASTBufferQueue: [ViewRootImpl[com.rmc.natour21/com.rmc.natour21.MainActivity]#31] constructor()
11-26 15:55:45.962  9494  9572 I BufferQueueProducer: [ViewRootImpl[com.rmc.natour21/com.rmc.natour21.MainActivity]#31(BLAST Consumer)31](id:25160000001f,api:1,p:9494,c:9494) connect: api=1 producerControlledByApp=true
11-26 15:55:46.008  9494  9494 I Quality : Skipped: false 17 cost 192.58159 refreshRate 11111111 processName com.rmc.natour21
11-26 15:55:46.015  9494  9524 D SurfaceComposerClient: VRR [FRTC] client handle [bufferId:18446744073709551615 framenumber:0] [ffffffff, ffffffff]
11-26 15:55:46.018  9494  9494 E Parcel  : Reading a NULL string not supported here.
11-26 15:55:46.020  9494 19709 D FA      : Connected to remote service
11-26 15:55:46.022  9494 19709 V FA      : Processing queued up service tasks: 1
11-26 15:55:46.063  9494  9494 I Quality : Skipped: true 1 cost 12.402952 refreshRate 11111111 processName com.rmc.natour21
11-26 15:55:46.108  9494  9494 I Quality : Skipped: true 1 cost 12.872161 refreshRate 11111111 processName com.rmc.natour21
11-26 15:55:46.149  9494 20582 W SendBird: [15:55:46.148 Connection$1:onMessage():235] onMessage instance : [LOGI] com.sendbird.android.Connection@9bbe27b
11-26 15:55:46.153  9494 20582 W Sendbird: [15:55:46.151 Connection$1:onMessage():236] onMessage instance : [LOGI] com.sendbird.android.Connection@9bbe27b
11-26 15:55:46.157  9494  9779 W SendBird: [15:55:46.157 EventController$1:call():141] ++ result[LOGI] runnable=null
11-26 15:55:51.030  9494 19709 V FA      : Inactivity, disconnecting from the service
11-26 15:55:51.166  9494 20614 W SendBird: [15:55:51.165 SocketManager:onError():1002] >> onError : Server is unreachable., reconnecting : false, explicitDisconnect : false
11-26 15:55:51.201  9494 20614 E PINGER  : [15:55:51.201 Connection$Pinger:stop():522] Pinger stop true
11-26 15:55:51.203  9494 20614 E Sendbird:PINGER: [15:55:51.202 Connection$Pinger:stop():523] Pinger stop true
11-26 15:55:51.208  9494 20710 W SendBird: [15:55:51.208 Connection$1:onFailure():250] onFailed instance : com.sendbird.android.Connection@9bbe27b
11-26 15:55:51.210  9494 20710 W Sendbird: [15:55:51.209 Connection$1:onFailure():251] onFailed instance : com.sendbird.android.Connection@9bbe27b
11-26 15:55:51.211  9494 20710 W SendBird: [15:55:51.211 Connection$1:onFailure():256] onFailed handler : com.sendbird.android.SocketManager@7db5a47
11-26 15:55:51.212  9494 20710 W Sendbird: [15:55:51.212 Connection$1:onFailure():257] onFailed handler : com.sendbird.android.SocketManager@7db5a47
11-26 15:55:51.213  9494 20710 W SendBird: [15:55:51.212 SocketManager:onError():1002] >> onError : Socket is closed, reconnecting : true, explicitDisconnect : true
11-26 15:55:51.454  9494 20712 W SendBird: [15:55:51.452 Connection$1:onMessage():235] onMessage instance : [LOGI] com.sendbird.android.Connection@85da0e6
11-26 15:55:51.458  9494 20712 W Sendbird: [15:55:51.455 Connection$1:onMessage():236] onMessage instance : [LOGI] com.sendbird.android.Connection@85da0e6
11-26 15:55:51.469  9494  9779 W SendBird: [15:55:51.468 EventController$1:call():141] ++ result[LOGI] runnable=null
11-26 15:55:51.517  9494 20712 W SendBird: [15:55:51.516 Connection$1:onMessage():235] onMessage instance : [PONG] com.sendbird.android.Connection@85da0e6
11-26 15:55:51.518  9494 20712 W Sendbird: [15:55:51.517 Connection$1:onMessage():236] onMessage instance : [PONG] com.sendbird.android.Connection@85da0e6
11-26 15:55:51.525  9494  9779 W SendBird: [15:55:51.524 EventController$1:call():141] ++ result[PONG] runnable=null
11-26 15:56:07.007  9494 20712 W SendBird: [15:56:07.005 Connection$1:onMessage():235] onMessage instance : [PONG] com.sendbird.android.Connection@85da0e6
11-26 15:56:07.009  9494 20712 W Sendbird: [15:56:07.008 Connection$1:onMessage():236] onMessage instance : [PONG] com.sendbird.android.Connection@85da0e6
11-26 15:56:07.018  9494  9779 W SendBird: [15:56:07.017 EventController$1:call():141] ++ result[PONG] runnable=null
11-26 15:56:15.300  9494  9494 I Quality : Skipped: false 2 cost 24.495647 refreshRate 11111111 processName com.rmc.natour21
11-26 15:56:15.346  9494  9494 I Quality : Skipped: true 1 cost 14.070404 refreshRate 11111111 processName com.rmc.natour21
11-26 15:56:15.513  9494 19709 V FA      : Recording user engagement, ms: 29713
11-26 15:56:15.560  9494  9572 I BufferQueueProducer: [ViewRootImpl[com.rmc.natour21/com.rmc.natour21.MainActivity]#30(BLAST Consumer)30](id:25160000001e,api:1,p:9494,c:9494) disconnect: api 1
11-26 15:56:15.561  9494  9572 E BLASTBufferQueue: BLASTBufferItemConsumer::onDisconnect()
11-26 15:56:15.566  9494  9494 I BLASTBufferQueue: [ViewRootImpl[com.rmc.natour21/com.rmc.natour21.MainActivity]#30] destructor()
11-26 15:56:15.566  9494  9494 I BufferQueueConsumer: [ViewRootImpl[com.rmc.natour21/com.rmc.natour21.MainActivity]#30(BLAST Consumer)30](id:25160000001e,api:0,p:-1,c:9494) disconnect
11-26 15:56:15.573  9494  9572 I BufferQueueProducer: [ViewRootImpl[com.rmc.natour21/com.rmc.natour21.MainActivity]#31(BLAST Consumer)31](id:25160000001f,api:1,p:9494,c:9494) disconnect: api 1
11-26 15:56:15.577  9494  9572 E BLASTBufferQueue: BLASTBufferItemConsumer::onDisconnect()
11-26 15:56:15.587  9494  9494 I BLASTBufferQueue: [ViewRootImpl[com.rmc.natour21/com.rmc.natour21.MainActivity]#31] destructor()
11-26 15:56:15.587  9494  9494 I BufferQueueConsumer: [ViewRootImpl[com.rmc.natour21/com.rmc.natour21.MainActivity]#31(BLAST Consumer)31](id:25160000001f,api:0,p:-1,c:9494) disconnect
11-26 15:56:15.589  9494 19709 V FA      : Connecting to remote service
11-26 15:56:15.628  9494 19709 V FA      : Connection attempt already in progress
11-26 15:56:15.629  9494 19709 V FA      : Activity paused, time: 3107746227
11-26 15:56:15.658  9494  9494 E Parcel  : Reading a NULL string not supported here.
11-26 15:56:15.659  9494 19709 D FA      : Connected to remote service
11-26 15:56:15.661  9494 19709 V FA      : Processing queued up service tasks: 2
11-26 15:56:15.701  9494 10089 I BLASTBufferQueue: releaseBufferCallbackThunk bufferId:40776419508419 framenumber:10 blastBufferQueue is dead
11-26 15:56:15.701  9494 10089 I BLASTBufferQueue: releaseBufferCallbackThunk bufferId:40776419508410 framenumber:18 blastBufferQueue is dead
11-26 15:56:16.087  9494  9641 E PINGER  : [15:56:16.086 Connection$Pinger:stop():522] Pinger stop true
11-26 15:56:16.091  9494  9641 E Sendbird:PINGER: [15:56:16.088 Connection$Pinger:stop():523] Pinger stop true
11-26 15:56:16.091  9494 20712 W SendBird: [15:56:16.087 Connection$1:onMessage():235] onMessage instance : [PONG] com.sendbird.android.Connection@85da0e6
11-26 15:56:16.094  9494 20712 W Sendbird: [15:56:16.091 Connection$1:onMessage():236] onMessage instance : [PONG] com.sendbird.android.Connection@85da0e6
11-26 15:56:16.108  9494 20724 W SendBird: [15:56:16.106 Connection$1:onFailure():250] onFailed instance : com.sendbird.android.Connection@85da0e6
11-26 15:56:16.113  9494 20724 W Sendbird: [15:56:16.110 Connection$1:onFailure():251] onFailed instance : com.sendbird.android.Connection@85da0e6
11-26 15:56:16.114  9494  9779 W SendBird: [15:56:16.111 EventController$1:call():141] ++ result[PONG] runnable=null
11-26 15:56:16.118  9494 20724 W SendBird: [15:56:16.113 Connection$1:onFailure():256] onFailed handler : com.sendbird.android.SocketManager@7db5a47
11-26 15:56:16.122  9494 20724 W Sendbird: [15:56:16.119 Connection$1:onFailure():257] onFailed handler : com.sendbird.android.SocketManager@7db5a47
11-26 15:56:16.124  9494 20724 W SendBird: [15:56:16.122 SocketManager:onError():1002] >> onError : Socket is closed, reconnecting : false, explicitDisconnect : true
11-26 15:56:17.632  9494 19709 D FA      : Application going to the background
11-26 15:56:34.931  9494 19709 V FA      : Inactivity, disconnecting from the service
11-26 15:56:40.028  9494 19709 V FA      : Activity resumed, time: 3107770746
11-26 15:56:40.029  9494 19709 V FA      : Connecting to remote service
11-26 15:56:40.031  9494  9494 I Quality : Skipped: false 1 cost 11.336922 refreshRate 11111111 processName com.rmc.natour21
11-26 15:56:40.040  9494  9494 I BufferQueueConsumer: [](id:251600000020,api:0,p:-1,c:9494) connect: controlledByApp=false
11-26 15:56:40.041  9494  9494 I BLASTBufferQueue: [ViewRootImpl[com.rmc.natour21/com.rmc.natour21.MainActivity]#32] constructor()
11-26 15:56:40.042  9494  9572 I BufferQueueProducer: [ViewRootImpl[com.rmc.natour21/com.rmc.natour21.MainActivity]#32(BLAST Consumer)32](id:251600000020,api:1,p:9494,c:9494) connect: api=1 producerControlledByApp=true
11-26 15:56:40.075  9494 21349 D SurfaceComposerClient: VRR [FRTC] client handle [bufferId:18446744073709551615 framenumber:0] [ffffffff, ffffffff]
11-26 15:56:40.256  9494  9494 I BufferQueueConsumer: [](id:251600000021,api:0,p:-1,c:9494) connect: controlledByApp=false
11-26 15:56:40.257  9494  9494 I BLASTBufferQueue: [ViewRootImpl[com.rmc.natour21/com.rmc.natour21.MainActivity]#33] constructor()
11-26 15:56:40.259  9494  9572 I BufferQueueProducer: [ViewRootImpl[com.rmc.natour21/com.rmc.natour21.MainActivity]#33(BLAST Consumer)33](id:251600000021,api:1,p:9494,c:9494) connect: api=1 producerControlledByApp=true
11-26 15:56:40.310  9494  9494 I Quality : Skipped: false 11 cost 132.44957 refreshRate 11111111 processName com.rmc.natour21
11-26 15:56:40.313  9494 21349 D SurfaceComposerClient: VRR [FRTC] client handle [bufferId:18446744073709551615 framenumber:0] [ffffffff, ffffffff]
11-26 15:56:40.315  9494  9494 E Parcel  : Reading a NULL string not supported here.
11-26 15:56:40.319  9494 19709 D FA      : Connected to remote service
11-26 15:56:40.322  9494 19709 V FA      : Processing queued up service tasks: 1
11-26 15:56:40.385  9494  9494 I Quality : Skipped: true 1 cost 17.264824 refreshRate 11111111 processName com.rmc.natour21
11-26 15:56:40.404  9494  9494 I Quality : Skipped: true 1 cost 13.257638 refreshRate 11111111 processName com.rmc.natour21
11-26 15:56:40.445  9494  9494 I Quality : Skipped: true 1 cost 20.984451 refreshRate 11111111 processName com.rmc.natour21
11-26 15:56:41.341  9494 21359 W SendBird: [15:56:41.341 Connection$1:onMessage():235] onMessage instance : [LOGI] com.sendbird.android.Connection@3a815b1
11-26 15:56:41.343  9494 21359 W Sendbird: [15:56:41.342 Connection$1:onMessage():236] onMessage instance : [LOGI] com.sendbird.android.Connection@3a815b1
11-26 15:56:41.348  9494  9779 W SendBird: [15:56:41.347 EventController$1:call():141] ++ result[LOGI] runnable=null
11-26 15:56:42.251  9494  9494 V AutofillManager: requestHideFillUi(null): anchor = null
11-26 15:56:45.328  9494 19709 V FA      : Inactivity, disconnecting from the service
11-26 15:56:46.356  9494 21552 W SendBird: [15:56:46.355 SocketManager:onError():1002] >> onError : Server is unreachable., reconnecting : false, explicitDisconnect : false
11-26 15:56:46.392  9494 21552 E PINGER  : [15:56:46.392 Connection$Pinger:stop():522] Pinger stop true
11-26 15:56:46.394  9494 21552 E Sendbird:PINGER: [15:56:46.393 Connection$Pinger:stop():523] Pinger stop true
11-26 15:56:46.401  9494 21572 W SendBird: [15:56:46.400 Connection$1:onFailure():250] onFailed instance : com.sendbird.android.Connection@3a815b1
11-26 15:56:46.404  9494 21572 W Sendbird: [15:56:46.402 Connection$1:onFailure():251] onFailed instance : com.sendbird.android.Connection@3a815b1
11-26 15:56:46.405  9494 21572 W SendBird: [15:56:46.404 Connection$1:onFailure():256] onFailed handler : com.sendbird.android.SocketManager@7db5a47
11-26 15:56:46.406  9494 21572 W Sendbird: [15:56:46.405 Connection$1:onFailure():257] onFailed handler : com.sendbird.android.SocketManager@7db5a47
11-26 15:56:46.407  9494 21572 W SendBird: [15:56:46.406 SocketManager:onError():1002] >> onError : Socket is closed, reconnecting : true, explicitDisconnect : true
11-26 15:56:46.650  9494 21574 W SendBird: [15:56:46.649 Connection$1:onMessage():235] onMessage instance : [LOGI] com.sendbird.android.Connection@5afe600
11-26 15:56:46.655  9494 21574 W Sendbird: [15:56:46.652 Connection$1:onMessage():236] onMessage instance : [LOGI] com.sendbird.android.Connection@5afe600
11-26 15:56:46.662  9494  9779 W SendBird: [15:56:46.662 EventController$1:call():141] ++ result[LOGI] runnable=null
11-26 15:56:51.272  9494  9494 V AutofillManager: requestHideFillUi(null): anchor = null
11-26 15:56:51.347  9494  9494 I Quality : Skipped: false 1 cost 14.70815 refreshRate 11111111 processName com.rmc.natour21
11-26 15:56:51.353  9494 19709 V FA      : Recording user engagement, ms: 11324
11-26 15:56:51.372  9494 21632 D libMEOW : meow new tls: 0xb400006f9ab1e540
11-26 15:56:51.375  9494 21632 D libMEOW : applied 1 plugins for [com.rmc.natour21]:
11-26 15:56:51.375  9494 21632 D libMEOW :   plugin 1: [libMEOW_gift.so]:
11-26 15:56:51.378  9494 21632 D libMEOW : meow delete tls: 0xb400006f9ab1e540
11-26 15:56:51.381  9494 19709 V FA      : Connecting to remote service
11-26 15:56:51.382  9494 18067 V FA      : onActivityCreated
11-26 15:56:51.386  9494  9494 I OsmDroid: Using tile source: Mapnik
11-26 15:56:51.387  9494  9494 I OsmDroid: Tile cache increased from 0 to 9
11-26 15:56:51.391  9494 19709 V FA      : Connection attempt already in progress
11-26 15:56:51.391  9494 19709 V FA      : Activity paused, time: 3107782070
11-26 15:56:51.408  9494  9494 V TextView: notifyAutoFillManagerAfterTextChanged
11-26 15:56:51.408  9494  9494 V AutofillManager: notifyValueChanged(1073741824): ignoring on state UNKNOWN
11-26 15:56:51.408  9494  9494 V TextView: notifyAutoFillManagerAfterTextChanged
11-26 15:56:51.408  9494  9494 V AutofillManager: notifyValueChanged(1073741824): ignoring on state UNKNOWN
11-26 15:56:51.456  9494  9494 I Quality : ActivityThread: activityStart delay 88 com.rmc.natour21 9494
11-26 15:56:51.459  9494 19709 V FA      : Activity resumed, time: 3107782176
11-26 15:56:51.464  9494  9494 D WindowManager: Add to mViews: DecorView@dff1900[GeographicAreaActivity],pkg= com.rmc.natour21
11-26 15:56:51.467  9494  9494 D ViewRootImpl[GeographicAreaActivity]: hardware acceleration = true, sRendererEnabled = true, forceHwAccelerated = false
11-26 15:56:51.472  9494 19709 V FA      : Connection attempt already in progress
11-26 15:56:51.472  9494 19709 V FA      : Connection attempt already in progress
11-26 15:56:51.474  9494  9494 I Quality : Skipped: false 9 cost 100.5088 refreshRate 11111111 processName com.rmc.natour21
11-26 15:56:51.493  9494  9494 I BufferQueueConsumer: [](id:251600000022,api:0,p:-1,c:9494) connect: controlledByApp=false
11-26 15:56:51.493  9494  9494 I BLASTBufferQueue: [ViewRootImpl[com.rmc.natour21/com.rmc.natour21.Fragment.home.search.GeographicAreaActivity]#34] constructor()
11-26 15:56:51.494  9494  9494 V OplusZoomWindowDecorViewHelper: setLastReportedMergedConfiguration mZoomDisplayHeight: 2400 getDecorView.234821888
11-26 15:56:51.494  9494  9572 I BufferQueueProducer: [ViewRootImpl[com.rmc.natour21/com.rmc.natour21.Fragment.home.search.GeographicAreaActivity]#34(BLAST Consumer)34](id:251600000022,api:1,p:9494,c:9494) connect: api=1 producerControlledByApp=true
11-26 15:56:51.507  9494  9494 I OsmDroid: Tile cache increased from 9 to 60
11-26 15:56:51.529  9494  9524 D SurfaceComposerClient: VRR [FRTC] client handle [bufferId:18446744073709551615 framenumber:0] [ffffffff, ffffffff]
11-26 15:56:51.533  9494  9494 I Quality : Skipped: false 5 cost 58.3712 refreshRate 11111111 processName com.rmc.natour21
11-26 15:56:51.561  9494  9494 E Parcel  : Reading a NULL string not supported here.
11-26 15:56:51.562  9494 19709 D FA      : Connected to remote service
11-26 15:56:51.563  9494 19709 V FA      : Processing queued up service tasks: 4
11-26 15:56:51.577  9494  9494 I Quality : Skipped: true 1 cost 12.249125 refreshRate 11111111 processName com.rmc.natour21
11-26 15:56:51.655  9494  9494 I Quality : Skipped: true 1 cost 12.34264 refreshRate 11111111 processName com.rmc.natour21
11-26 15:56:51.670  9494 21589 W SendBird: [15:56:51.669 SocketManager:onError():1002] >> onError : Server is unreachable., reconnecting : false, explicitDisconnect : false
11-26 15:56:51.708  9494 21589 E PINGER  : [15:56:51.708 Connection$Pinger:stop():522] Pinger stop true
11-26 15:56:51.709  9494 21589 E Sendbird:PINGER: [15:56:51.708 Connection$Pinger:stop():523] Pinger stop true
11-26 15:56:51.715  9494 21677 W SendBird: [15:56:51.715 Connection$1:onFailure():250] onFailed instance : com.sendbird.android.Connection@5afe600
11-26 15:56:51.716  9494 21677 W Sendbird: [15:56:51.716 Connection$1:onFailure():251] onFailed instance : com.sendbird.android.Connection@5afe600
11-26 15:56:51.717  9494 21677 W SendBird: [15:56:51.716 Connection$1:onFailure():256] onFailed handler : com.sendbird.android.SocketManager@7db5a47
11-26 15:56:51.717  9494 21677 W Sendbird: [15:56:51.717 Connection$1:onFailure():257] onFailed handler : com.sendbird.android.SocketManager@7db5a47
11-26 15:56:51.718  9494 21677 W SendBird: [15:56:51.717 SocketManager:onError():1002] >> onError : Socket is closed, reconnecting : true, explicitDisconnect : true
11-26 15:56:51.923  9494 21679 W SendBird: [15:56:51.922 Connection$1:onMessage():235] onMessage instance : [LOGI] com.sendbird.android.Connection@dff9914
11-26 15:56:51.925  9494 21679 W Sendbird: [15:56:51.924 Connection$1:onMessage():236] onMessage instance : [LOGI] com.sendbird.android.Connection@dff9914
11-26 15:56:51.931  9494  9779 W SendBird: [15:56:51.930 EventController$1:call():141] ++ result[LOGI] runnable=null
11-26 15:56:51.964  9494  9572 I BufferQueueProducer: [ViewRootImpl[com.rmc.natour21/com.rmc.natour21.MainActivity]#33(BLAST Consumer)33](id:251600000021,api:1,p:9494,c:9494) disconnect: api 1
11-26 15:56:51.964  9494  9572 E BLASTBufferQueue: BLASTBufferItemConsumer::onDisconnect()
11-26 15:56:51.969  9494  9494 I BLASTBufferQueue: [ViewRootImpl[com.rmc.natour21/com.rmc.natour21.MainActivity]#33] destructor()
11-26 15:56:51.969  9494  9494 I BufferQueueConsumer: [ViewRootImpl[com.rmc.natour21/com.rmc.natour21.MainActivity]#33(BLAST Consumer)33](id:251600000021,api:0,p:-1,c:9494) disconnect
11-26 15:56:51.972  9494  9572 I BufferQueueProducer: [ViewRootImpl[com.rmc.natour21/com.rmc.natour21.MainActivity]#32(BLAST Consumer)32](id:251600000020,api:1,p:9494,c:9494) disconnect: api 1
11-26 15:56:51.973  9494  9572 E BLASTBufferQueue: BLASTBufferItemConsumer::onDisconnect()
11-26 15:56:51.973  9494  9572 D OpenGLRenderer: endAllActiveAnimators on 0xb400006ec30f2a00 (RippleDrawable) with handle 0xb400006f2fbbcc20
11-26 15:56:51.980  9494  9525 I BLASTBufferQueue: [ViewRootImpl[com.rmc.natour21/com.rmc.natour21.MainActivity]#32] destructor()
11-26 15:56:51.980  9494  9525 I BufferQueueConsumer: [ViewRootImpl[com.rmc.natour21/com.rmc.natour21.MainActivity]#32(BLAST Consumer)32](id:251600000020,api:0,p:-1,c:9494) disconnect
11-26 15:56:51.990  9494 21679 W SendBird: [15:56:51.988 Connection$1:onMessage():235] onMessage instance : [PONG] com.sendbird.android.Connection@dff9914
11-26 15:56:51.992  9494 21679 W Sendbird: [15:56:51.991 Connection$1:onMessage():236] onMessage instance : [PONG] com.sendbird.android.Connection@dff9914
11-26 15:56:51.997  9494  9779 W SendBird: [15:56:51.996 EventController$1:call():141] ++ result[PONG] runnable=null
11-26 15:56:52.000  9494  9525 I BLASTBufferQueue: releaseBufferCallbackThunk bufferId:40776419508430 framenumber:10 blastBufferQueue is dead
11-26 15:56:52.000  9494  9525 I BLASTBufferQueue: releaseBufferCallbackThunk bufferId:40776419508424 framenumber:148 blastBufferQueue is dead
11-26 15:56:53.522  9494 21776 I Quality : SlowSQLite: /executeForLastInsertedRowId INSERT OR REPLACE  INTO tiles(expires,provider,key,tile) VALUES (?,?,?,?)/ cost= /892
11-26 15:56:56.608  9494 19709 V FA      : Inactivity, disconnecting from the service
