11-26 15:48:58.689  9494  9494 I Quality : Skipped: false 1 cost 11.421812 refreshRate 11111111 processName com.rmc.natour21
11-26 15:48:58.735  9494  9494 I Quality : Skipped: true 1 cost 12.268961 refreshRate 11111111 processName com.rmc.natour21
11-26 15:48:58.783  9494  9494 I Quality : Skipped: true 1 cost 15.358531 refreshRate 11111111 processName com.rmc.natour21
11-26 15:48:58.805  9494  9494 I Quality : Skipped: true 1 cost 14.8001175 refreshRate 11111111 processName com.rmc.natour21
11-26 15:49:00.133  9494 13651 W SendBird: [15:49:00.132 Connection$1:onMessage():235] onMessage instance : [PONG] com.sendbird.android.Connection@6c34c5b
11-26 15:49:00.136  9494 13651 W Sendbird: [15:49:00.135 Connection$1:onMessage():236] onMessage instance : [PONG] com.sendbird.android.Connection@6c34c5b
11-26 15:49:00.146  9494  9779 W SendBird: [15:49:00.144 EventController$1:call():141] ++ result[PONG] runnable=null
11-26 15:49:15.149  9494 13651 W SendBird: [15:49:15.147 Connection$1:onMessage():235] onMessage instance : [PONG] com.sendbird.android.Connection@6c34c5b
11-26 15:49:15.152  9494 13651 W Sendbird: [15:49:15.150 Connection$1:onMessage():236] onMessage instance : [PONG] com.sendbird.android.Connection@6c34c5b
11-26 15:49:15.161  9494  9779 W SendBird: [15:49:15.160 EventController$1:call():141] ++ result[PONG] runnable=null
11-26 15:49:24.869  9494  9494 V AutofillManager: requestHideFillUi(null): anchor = null
11-26 15:49:25.072  9494  9494 I Quality : Skipped: false 10 cost 119.86759 refreshRate 11111111 processName com.rmc.natour21
11-26 15:49:30.150  9494 13651 W SendBird: [15:49:30.149 Connection$1:onMessage():235] onMessage instance : [PONG] com.sendbird.android.Connection@6c34c5b
11-26 15:49:30.153  9494 13651 W Sendbird: [15:49:30.151 Connection$1:onMessage():236] onMessage instance : [PONG] com.sendbird.android.Connection@6c34c5b
11-26 15:49:30.165  9494  9779 W SendBird: [15:49:30.164 EventController$1:call():141] ++ result[PONG] runnable=null
11-26 15:49:36.274  9494  9494 V AutofillManager: requestHideFillUi(null): anchor = null
11-26 15:49:37.598  9494  9494 V AutofillManager: requestHideFillUi(null): anchor = null
11-26 15:49:45.145  9494 13651 W SendBird: [15:49:45.143 Connection$1:onMessage():235] onMessage instance : [PONG] com.sendbird.android.Connection@6c34c5b
11-26 15:49:45.148  9494 13651 W Sendbird: [15:49:45.146 Connection$1:onMessage():236] onMessage instance : [PONG] com.sendbird.android.Connection@6c34c5b
11-26 15:49:45.158  9494  9779 W SendBird: [15:49:45.157 EventController$1:call():141] ++ result[PONG] runnable=null
11-26 15:49:46.973  9494  9494 I Quality : Skipped: false 2 cost 24.980436 refreshRate 11111111 processName com.rmc.natour21
11-26 15:49:47.219  9494  9494 I Quality : Skipped: false 2 cost 24.839848 refreshRate 11111111 processName com.rmc.natour21
11-26 15:49:48.878  9494  9494 V AutofillManager: requestHideFillUi(null): anchor = null
11-26 15:49:49.907  9494  9494 V AutofillManager: requestHideFillUi(null): anchor = null
11-26 15:49:55.542  9494  9494 V AutofillManager: requestHideFillUi(null): anchor = null
11-26 15:50:00.134  9494 13651 W SendBird: [15:50:00.132 Connection$1:onMessage():235] onMessage instance : [PONG] com.sendbird.android.Connection@6c34c5b
11-26 15:50:00.136  9494 13651 W Sendbird: [15:50:00.135 Connection$1:onMessage():236] onMessage instance : [PONG] com.sendbird.android.Connection@6c34c5b
11-26 15:50:00.146  9494  9779 W SendBird: [15:50:00.145 EventController$1:call():141] ++ result[PONG] runnable=null
11-26 15:50:14.642  9494  9494 V AutofillManager: requestHideFillUi(null): anchor = null
11-26 15:50:15.134  9494 13651 W SendBird: [15:50:15.132 Connection$1:onMessage():235] onMessage instance : [PONG] com.sendbird.android.Connection@6c34c5b
11-26 15:50:15.135  9494 13651 W Sendbird: [15:50:15.134 Connection$1:onMessage():236] onMessage instance : [PONG] com.sendbird.android.Connection@6c34c5b
11-26 15:50:15.143  9494  9779 W SendBird: [15:50:15.141 EventController$1:call():141] ++ result[PONG] runnable=null
11-26 15:50:23.701  9494  9494 V AutofillManager: requestHideFillUi(null): anchor = null
11-26 15:50:24.932  9494  9494 V AutofillManager: requestHideFillUi(null): anchor = null
11-26 15:50:30.136  9494 13651 W SendBird: [15:50:30.135 Connection$1:onMessage():235] onMessage instance : [PONG] com.sendbird.android.Connection@6c34c5b
11-26 15:50:30.138  9494 13651 W Sendbird: [15:50:30.137 Connection$1:onMessage():236] onMessage instance : [PONG] com.sendbird.android.Connection@6c34c5b
11-26 15:50:30.144  9494  9779 W SendBird: [15:50:30.143 EventController$1:call():141] ++ result[PONG] runnable=null
11-26 15:50:33.954  9494  9494 V AutofillManager: requestHideFillUi(null): anchor = null
11-26 15:50:39.567  9494  9494 V AutofillManager: requestHideFillUi(null): anchor = null
11-26 15:50:39.673  9494  9494 V OplusZoomWindowDecorViewHelper: removeZoomView
11-26 15:50:39.674  9494  9572 I BufferQueueProducer: [ViewRootImpl[com.rmc.natour21/com.rmc.natour21.MainActivity]#17(BLAST Consumer)17](id:251600000011,api:1,p:9494,c:9494) disconnect: api 1
11-26 15:50:39.675  9494  9572 E BLASTBufferQueue: BLASTBufferItemConsumer::onDisconnect()
11-26 15:50:39.675  9494  9572 D OpenGLRenderer: endAllActiveAnimators on 0xb400006f1f760400 (RippleDrawable) with handle 0xb400006eb6216fc0
11-26 15:50:39.675  9494  9494 D View    : [Warning] assignParent to null: this = DecorView@fa1d004[MainActivity]
11-26 15:50:39.688  9494  9524 I BLASTBufferQueue: [ViewRootImpl[com.rmc.natour21/com.rmc.natour21.MainActivity]#17] destructor()
11-26 15:50:39.688  9494  9524 I BufferQueueConsumer: [ViewRootImpl[com.rmc.natour21/com.rmc.natour21.MainActivity]#17(BLAST Consumer)17](id:251600000011,api:0,p:-1,c:9494) disconnect
11-26 15:50:39.696  9494  9494 I Quality : Skipped: true 2 cost 24.235344 refreshRate 11111111 processName com.rmc.natour21
11-26 15:50:39.854  9494  9520 I om.rmc.natour2: Background concurrent copying GC freed 385701(11MB) AllocSpace objects, 25(504KB) LOS objects, 49% free, 14MB/28MB, paused 154us,68us total 100.648ms
11-26 15:50:39.869  9494 10089 I BLASTBufferQueue: releaseBufferCallbackThunk bufferId:40776419508337 framenumber:2797 blastBufferQueue is dead
11-26 15:50:40.840  9494  9585 I System.out: PATH: Cor A Cor, DISTANCE: 7.85547412109375, (5.512658, 92.44304) PREDICATE: true
11-26 15:50:40.842  9494  9585 I System.out: PATH: Sentiero Azzurro, DISTANCE: 526.3541875, (5.512658, 92.44304) PREDICATE: false
11-26 15:50:40.844  9494  9585 I System.out: PATH: sentiero degli dei, DISTANCE: 33.87944140625, (5.512658, 92.44304) PREDICATE: true
11-26 15:50:40.947  9494  9494 I Quality : Skipped: false 2 cost 30.440634 refreshRate 11111111 processName com.rmc.natour21
11-26 15:50:45.143  9494 13651 W SendBird: [15:50:45.141 Connection$1:onMessage():235] onMessage instance : [PONG] com.sendbird.android.Connection@6c34c5b
11-26 15:50:45.146  9494 13651 W Sendbird: [15:50:45.144 Connection$1:onMessage():236] onMessage instance : [PONG] com.sendbird.android.Connection@6c34c5b
11-26 15:50:45.155  9494  9779 W SendBird: [15:50:45.153 EventController$1:call():141] ++ result[PONG] runnable=null
11-26 15:51:00.130  9494 13651 W SendBird: [15:51:00.129 Connection$1:onMessage():235] onMessage instance : [PONG] com.sendbird.android.Connection@6c34c5b
11-26 15:51:00.133  9494 13651 W Sendbird: [15:51:00.132 Connection$1:onMessage():236] onMessage instance : [PONG] com.sendbird.android.Connection@6c34c5b
11-26 15:51:00.142  9494  9779 W SendBird: [15:51:00.141 EventController$1:call():141] ++ result[PONG] runnable=null
11-26 15:51:09.928  9494 17601 V FA      : Recording user engagement, ms: 336144
11-26 15:51:09.978  9494  9572 I BufferQueueProducer: [ViewRootImpl[com.rmc.natour21/com.rmc.natour21.MainActivity]#15(BLAST Consumer)15](id:25160000000f,api:1,p:9494,c:9494) disconnect: api 1
11-26 15:51:09.981  9494  9572 E BLASTBufferQueue: BLASTBufferItemConsumer::onDisconnect()
11-26 15:51:09.984  9494 17601 V FA      : Connecting to remote service
11-26 15:51:10.001  9494  9494 I BLASTBufferQueue: [ViewRootImpl[com.rmc.natour21/com.rmc.natour21.MainActivity]#15] destructor()
11-26 15:51:10.001  9494  9494 I BufferQueueConsumer: [ViewRootImpl[com.rmc.natour21/com.rmc.natour21.MainActivity]#15(BLAST Consumer)15](id:25160000000f,api:0,p:-1,c:9494) disconnect
11-26 15:51:10.025  9494 17601 V FA      : Connection attempt already in progress
11-26 15:51:10.027  9494 17601 V FA      : Activity paused, time: 3107440643
11-26 15:51:10.101  9494  9494 E Parcel  : Reading a NULL string not supported here.
11-26 15:51:10.103  9494 17601 D FA      : Connected to remote service
11-26 15:51:10.105  9494 17601 V FA      : Processing queued up service tasks: 2
11-26 15:51:10.487  9494  9641 E PINGER  : [15:51:10.486 Connection$Pinger:stop():522] Pinger stop true
11-26 15:51:10.489  9494  9641 E Sendbird:PINGER: [15:51:10.488 Connection$Pinger:stop():523] Pinger stop true
11-26 15:51:10.490  9494 13651 W SendBird: [15:51:10.489 Connection$1:onMessage():235] onMessage instance : [PONG] com.sendbird.android.Connection@6c34c5b
11-26 15:51:10.492  9494 13651 W Sendbird: [15:51:10.491 Connection$1:onMessage():236] onMessage instance : [PONG] com.sendbird.android.Connection@6c34c5b
11-26 15:51:10.502  9494 13651 W SendBird: [15:51:10.500 Connection$1:onFailure():250] onFailed instance : com.sendbird.android.Connection@6c34c5b
11-26 15:51:10.504  9494 13651 W Sendbird: [15:51:10.502 Connection$1:onFailure():251] onFailed instance : com.sendbird.android.Connection@6c34c5b
11-26 15:51:10.506  9494 13651 W SendBird: [15:51:10.504 Connection$1:onFailure():256] onFailed handler : com.sendbird.android.SocketManager@7db5a47
11-26 15:51:10.508  9494 13651 W Sendbird: [15:51:10.506 Connection$1:onFailure():257] onFailed handler : com.sendbird.android.SocketManager@7db5a47
11-26 15:51:10.509  9494  9779 W SendBird: [15:51:10.506 EventController$1:call():141] ++ result[PONG] runnable=null
11-26 15:51:10.510  9494 13651 W SendBird: [15:51:10.509 SocketManager:onError():1002] >> onError : Socket is closed, reconnecting : false, explicitDisconnect : true
11-26 15:51:12.030  9494 17601 D FA      : Application going to the background
11-26 15:51:16.429  9494 17601 V FA      : Activity resumed, time: 3107447145
11-26 15:51:16.536  9494  9494 I BufferQueueConsumer: [](id:251600000012,api:0,p:-1,c:9494) connect: controlledByApp=false
11-26 15:51:16.537  9494  9494 I BLASTBufferQueue: [ViewRootImpl[com.rmc.natour21/com.rmc.natour21.MainActivity]#18] constructor()
11-26 15:51:16.537  9494  9572 I BufferQueueProducer: [ViewRootImpl[com.rmc.natour21/com.rmc.natour21.MainActivity]#18(BLAST Consumer)18](id:251600000012,api:1,p:9494,c:9494) connect: api=1 producerControlledByApp=true
11-26 15:51:16.552  9494  9494 I Quality : Skipped: false 5 cost 60.336403 refreshRate 11111111 processName com.rmc.natour21
11-26 15:51:16.577  9494  9494 I Quality : Skipped: true 1 cost 18.433384 refreshRate 11111111 processName com.rmc.natour21
11-26 15:51:16.585  9494  9524 I BLASTBufferQueue: releaseBufferCallbackThunk bufferId:40776419508321 framenumber:863 blastBufferQueue is dead
11-26 15:51:21.402  9494  9494 V AutofillManager: requestHideFillUi(null): anchor = null
11-26 15:51:21.439  9494 17601 V FA      : Inactivity, disconnecting from the service
11-26 15:51:21.547  9494  9494 V TextView: notifyAutoFillManagerAfterTextChanged
11-26 15:51:21.547  9494  9494 V AutofillManager: notifyValueChanged(1073741827): ignoring on state UNKNOWN
11-26 15:51:21.557  9494  9494 V TextView: notifyAutoFillManagerAfterTextChanged
11-26 15:51:21.557  9494  9494 V AutofillManager: notifyValueChanged(1073741827): ignoring on state UNKNOWN
11-26 15:51:21.577  9494  9494 I oplus.android.OplusFrameworkFactoryImpl: get feature:IOplusDynamicVsyncFeature
11-26 15:51:21.577  9494  9494 I oplus.android.OplusFrameworkFactoryImpl: get feature:IOplusDynamicVsyncFeature
11-26 15:51:21.577  9494  9494 I oplus.android.OplusFrameworkFactoryImpl: get feature:IOplusDynamicVsyncFeature
11-26 15:51:21.582  9494  9494 I oplus.android.OplusFrameworkFactoryImpl: get feature:IOplusDynamicVsyncFeature
11-26 15:51:21.582  9494  9494 I oplus.android.OplusFrameworkFactoryImpl: get feature:IOplusDynamicVsyncFeature
11-26 15:51:21.582  9494  9494 I oplus.android.OplusFrameworkFactoryImpl: get feature:IOplusDynamicVsyncFeature
11-26 15:51:21.596  9494  9494 D WindowManager: Add to mViews: DecorView@2f37048[MainActivity],pkg= com.rmc.natour21
11-26 15:51:21.599  9494  9494 D ViewRootImpl[MainActivity]: hardware acceleration = true, sRendererEnabled = true, forceHwAccelerated = false
11-26 15:51:21.607  9494  9494 I Quality : Skipped: false 7 cost 84.71997 refreshRate 11111111 processName com.rmc.natour21
11-26 15:51:21.620  9494  9494 I BufferQueueConsumer: [](id:251600000013,api:0,p:-1,c:9494) connect: controlledByApp=false
11-26 15:51:21.621  9494  9494 I BLASTBufferQueue: [ViewRootImpl[com.rmc.natour21/com.rmc.natour21.MainActivity]#19] constructor()
11-26 15:51:21.622  9494  9494 V OplusZoomWindowDecorViewHelper: setLastReportedMergedConfiguration mZoomDisplayHeight: 2400 getDecorView.49508424
11-26 15:51:21.624  9494  9572 I BufferQueueProducer: [ViewRootImpl[com.rmc.natour21/com.rmc.natour21.MainActivity]#19(BLAST Consumer)19](id:251600000013,api:1,p:9494,c:9494) connect: api=1 producerControlledByApp=true
11-26 15:51:21.627  9494  9494 W BaseSlider: Floating point value used for stepSize(0.5). Using floats can have rounding errors which may result in incorrect values. Instead, consider using integers with a custom LabelFormatter to display the value correctly.
11-26 15:51:21.628  9494  9494 W BaseSlider: Floating point value used for stepSize(0.5). Using floats can have rounding errors which may result in incorrect values. Instead, consider using integers with a custom LabelFormatter to display the value correctly.
11-26 15:51:21.628  9494  9494 W BaseSlider: Floating point value used for valueTo(10.5). Using floats can have rounding errors which may result in incorrect values. Instead, consider using integers with a custom LabelFormatter to display the value correctly.
11-26 15:51:21.666  9494  9494 I Quality : Skipped: false 4 cost 52.967453 refreshRate 11111111 processName com.rmc.natour21
11-26 15:51:21.667  9494 10089 D SurfaceComposerClient: VRR [FRTC] client handle [bufferId:18446744073709551615 framenumber:0] [ffffffff, ffffffff]
11-26 15:51:21.726  9494  9494 I Quality : Skipped: false 1 cost 12.591251 refreshRate 11111111 processName com.rmc.natour21
11-26 15:51:21.749  9494 17767 W SendBird: [15:51:21.748 Connection$1:onMessage():235] onMessage instance : [LOGI] com.sendbird.android.Connection@897731c
11-26 15:51:21.754  9494 17767 W Sendbird: [15:51:21.751 Connection$1:onMessage():236] onMessage instance : [LOGI] com.sendbird.android.Connection@897731c
11-26 15:51:21.763  9494  9779 W SendBird: [15:51:21.762 EventController$1:call():141] ++ result[LOGI] runnable=null
11-26 15:51:26.772  9494 17862 W SendBird: [15:51:26.772 SocketManager:onError():1002] >> onError : Server is unreachable., reconnecting : false, explicitDisconnect : false
11-26 15:51:26.808  9494 17862 E PINGER  : [15:51:26.808 Connection$Pinger:stop():522] Pinger stop true
11-26 15:51:26.810  9494 17862 E Sendbird:PINGER: [15:51:26.809 Connection$Pinger:stop():523] Pinger stop true
11-26 15:51:26.816  9494 17868 W SendBird: [15:51:26.815 Connection$1:onFailure():250] onFailed instance : com.sendbird.android.Connection@897731c
11-26 15:51:26.820  9494 17868 W Sendbird: [15:51:26.818 Connection$1:onFailure():251] onFailed instance : com.sendbird.android.Connection@897731c
11-26 15:51:26.821  9494 17868 W SendBird: [15:51:26.820 Connection$1:onFailure():256] onFailed handler : com.sendbird.android.SocketManager@7db5a47
11-26 15:51:26.822  9494 17868 W Sendbird: [15:51:26.822 Connection$1:onFailure():257] onFailed handler : com.sendbird.android.SocketManager@7db5a47
11-26 15:51:26.824  9494 17868 W SendBird: [15:51:26.823 SocketManager:onError():1002] >> onError : Socket is closed, reconnecting : true, explicitDisconnect : true
11-26 15:51:27.036  9494 17870 W SendBird: [15:51:27.035 Connection$1:onMessage():235] onMessage instance : [LOGI] com.sendbird.android.Connection@81dc0a
11-26 15:51:27.038  9494 17870 W Sendbird: [15:51:27.037 Connection$1:onMessage():236] onMessage instance : [LOGI] com.sendbird.android.Connection@81dc0a
11-26 15:51:27.049  9494  9779 W SendBird: [15:51:27.047 EventController$1:call():141] ++ result[LOGI] runnable=null
11-26 15:51:32.055  9494 17881 W SendBird: [15:51:32.054 SocketManager:onError():1002] >> onError : Server is unreachable., reconnecting : false, explicitDisconnect : false
11-26 15:51:32.092  9494 17881 E PINGER  : [15:51:32.091 Connection$Pinger:stop():522] Pinger stop true
11-26 15:51:32.094  9494 17881 E Sendbird:PINGER: [15:51:32.092 Connection$Pinger:stop():523] Pinger stop true
11-26 15:51:32.100  9494 17890 W SendBird: [15:51:32.099 Connection$1:onFailure():250] onFailed instance : com.sendbird.android.Connection@81dc0a
11-26 15:51:32.103  9494 17890 W Sendbird: [15:51:32.101 Connection$1:onFailure():251] onFailed instance : com.sendbird.android.Connection@81dc0a
11-26 15:51:32.104  9494 17890 W SendBird: [15:51:32.103 Connection$1:onFailure():256] onFailed handler : com.sendbird.android.SocketManager@7db5a47
11-26 15:51:32.105  9494 17890 W Sendbird: [15:51:32.104 Connection$1:onFailure():257] onFailed handler : com.sendbird.android.SocketManager@7db5a47
11-26 15:51:32.106  9494 17890 W SendBird: [15:51:32.105 SocketManager:onError():1002] >> onError : Socket is closed, reconnecting : true, explicitDisconnect : true
11-26 15:51:32.311  9494 17892 W SendBird: [15:51:32.311 Connection$1:onMessage():235] onMessage instance : [LOGI] com.sendbird.android.Connection@889c28
11-26 15:51:32.313  9494 17892 W Sendbird: [15:51:32.312 Connection$1:onMessage():236] onMessage instance : [LOGI] com.sendbird.android.Connection@889c28
11-26 15:51:32.323  9494  9779 W SendBird: [15:51:32.322 EventController$1:call():141] ++ result[LOGI] runnable=null
11-26 15:51:37.330  9494 17903 W SendBird: [15:51:37.329 SocketManager:onError():1002] >> onError : Server is unreachable., reconnecting : false, explicitDisconnect : false
11-26 15:51:37.366  9494 17903 E PINGER  : [15:51:37.366 Connection$Pinger:stop():522] Pinger stop true
11-26 15:51:37.369  9494 17903 E Sendbird:PINGER: [15:51:37.367 Connection$Pinger:stop():523] Pinger stop true
11-26 15:51:37.375  9494 17908 W SendBird: [15:51:37.374 Connection$1:onFailure():250] onFailed instance : com.sendbird.android.Connection@889c28
11-26 15:51:37.377  9494 17908 W Sendbird: [15:51:37.376 Connection$1:onFailure():251] onFailed instance : com.sendbird.android.Connection@889c28
11-26 15:51:37.378  9494 17908 W SendBird: [15:51:37.378 Connection$1:onFailure():256] onFailed handler : com.sendbird.android.SocketManager@7db5a47
11-26 15:51:37.379  9494 17908 W Sendbird: [15:51:37.378 Connection$1:onFailure():257] onFailed handler : com.sendbird.android.SocketManager@7db5a47
11-26 15:51:37.380  9494 17908 W SendBird: [15:51:37.379 SocketManager:onError():1002] >> onError : Socket is closed, reconnecting : true, explicitDisconnect : true
11-26 15:51:38.704  9494 17911 W SendBird: [15:51:38.702 Connection$1:onMessage():235] onMessage instance : [LOGI] com.sendbird.android.Connection@5a522f6
11-26 15:51:38.708  9494 17911 W Sendbird: [15:51:38.706 Connection$1:onMessage():236] onMessage instance : [LOGI] com.sendbird.android.Connection@5a522f6
11-26 15:51:38.718  9494  9779 W SendBird: [15:51:38.717 EventController$1:call():141] ++ result[LOGI] runnable=null
11-26 15:51:43.729  9494 17921 W SendBird: [15:51:43.728 SocketManager:onError():1002] >> onError : Server is unreachable., reconnecting : false, explicitDisconnect : false
11-26 15:51:43.775  9494 17921 E PINGER  : [15:51:43.774 Connection$Pinger:stop():522] Pinger stop true
11-26 15:51:43.781  9494 17921 E Sendbird:PINGER: [15:51:43.777 Connection$Pinger:stop():523] Pinger stop true
11-26 15:51:43.792  9494 17925 W SendBird: [15:51:43.791 Connection$1:onFailure():250] onFailed instance : com.sendbird.android.Connection@5a522f6
11-26 15:51:43.795  9494 17925 W Sendbird: [15:51:43.793 Connection$1:onFailure():251] onFailed instance : com.sendbird.android.Connection@5a522f6
11-26 15:51:43.796  9494 17925 W SendBird: [15:51:43.796 Connection$1:onFailure():256] onFailed handler : com.sendbird.android.SocketManager@7db5a47
11-26 15:51:43.797  9494 17925 W Sendbird: [15:51:43.797 Connection$1:onFailure():257] onFailed handler : com.sendbird.android.SocketManager@7db5a47
11-26 15:51:43.798  9494 17925 W SendBird: [15:51:43.798 SocketManager:onError():1002] >> onError : Socket is closed, reconnecting : true, explicitDisconnect : true
11-26 15:51:44.011  9494 17927 W SendBird: [15:51:44.010 Connection$1:onMessage():235] onMessage instance : [LOGI] com.sendbird.android.Connection@ad2cbf4
11-26 15:51:44.015  9494 17927 W Sendbird: [15:51:44.013 Connection$1:onMessage():236] onMessage instance : [LOGI] com.sendbird.android.Connection@ad2cbf4
11-26 15:51:44.021  9494  9779 W SendBird: [15:51:44.021 EventController$1:call():141] ++ result[LOGI] runnable=null
11-26 15:51:49.033  9494 17938 W SendBird: [15:51:49.032 SocketManager:onError():1002] >> onError : Server is unreachable., reconnecting : false, explicitDisconnect : false
11-26 15:51:49.068  9494 17938 E PINGER  : [15:51:49.068 Connection$Pinger:stop():522] Pinger stop true
11-26 15:51:49.070  9494 17938 E Sendbird:PINGER: [15:51:49.069 Connection$Pinger:stop():523] Pinger stop true
11-26 15:51:49.077  9494 17944 W SendBird: [15:51:49.076 Connection$1:onFailure():250] onFailed instance : com.sendbird.android.Connection@ad2cbf4
11-26 15:51:49.080  9494 17944 W Sendbird: [15:51:49.078 Connection$1:onFailure():251] onFailed instance : com.sendbird.android.Connection@ad2cbf4
11-26 15:51:49.081  9494 17944 W SendBird: [15:51:49.081 Connection$1:onFailure():256] onFailed handler : com.sendbird.android.SocketManager@7db5a47
11-26 15:51:49.082  9494 17944 W Sendbird: [15:51:49.082 Connection$1:onFailure():257] onFailed handler : com.sendbird.android.SocketManager@7db5a47
11-26 15:51:49.084  9494 17944 W SendBird: [15:51:49.083 SocketManager:onError():1002] >> onError : Socket is closed, reconnecting : true, explicitDisconnect : true
11-26 15:51:49.321  9494 17947 W SendBird: [15:51:49.319 Connection$1:onMessage():235] onMessage instance : [LOGI] com.sendbird.android.Connection@22fbea2
11-26 15:51:49.325  9494 17947 W Sendbird: [15:51:49.322 Connection$1:onMessage():236] onMessage instance : [LOGI] com.sendbird.android.Connection@22fbea2
11-26 15:51:49.333  9494  9779 W SendBird: [15:51:49.333 EventController$1:call():141] ++ result[LOGI] runnable=null
11-26 15:51:50.110  9494  9494 V AutofillManager: requestHideFillUi(null): anchor = null
11-26 15:51:54.344  9494 17957 W SendBird: [15:51:54.343 SocketManager:onError():1002] >> onError : Server is unreachable., reconnecting : false, explicitDisconnect : false
11-26 15:51:54.381  9494 17957 E PINGER  : [15:51:54.381 Connection$Pinger:stop():522] Pinger stop true
11-26 15:51:54.383  9494 17957 E Sendbird:PINGER: [15:51:54.382 Connection$Pinger:stop():523] Pinger stop true
11-26 15:51:54.389  9494 17961 W SendBird: [15:51:54.388 Connection$1:onFailure():250] onFailed instance : com.sendbird.android.Connection@22fbea2
11-26 15:51:54.392  9494 17961 W Sendbird: [15:51:54.390 Connection$1:onFailure():251] onFailed instance : com.sendbird.android.Connection@22fbea2
11-26 15:51:54.393  9494 17961 W SendBird: [15:51:54.393 Connection$1:onFailure():256] onFailed handler : com.sendbird.android.SocketManager@7db5a47
11-26 15:51:54.394  9494 17961 W Sendbird: [15:51:54.394 Connection$1:onFailure():257] onFailed handler : com.sendbird.android.SocketManager@7db5a47
11-26 15:51:54.396  9494 17961 W SendBird: [15:51:54.395 SocketManager:onError():1002] >> onError : Socket is closed, reconnecting : true, explicitDisconnect : true
11-26 15:51:54.673  9494 17963 W SendBird: [15:51:54.672 Connection$1:onMessage():235] onMessage instance : [LOGI] com.sendbird.android.Connection@54fcb75
11-26 15:51:54.679  9494 17963 W Sendbird: [15:51:54.676 Connection$1:onMessage():236] onMessage instance : [LOGI] com.sendbird.android.Connection@54fcb75
11-26 15:51:54.690  9494  9779 W SendBird: [15:51:54.689 EventController$1:call():141] ++ result[LOGI] runnable=null
11-26 15:51:59.702  9494 17974 W SendBird: [15:51:59.701 SocketManager:onError():1002] >> onError : Server is unreachable., reconnecting : false, explicitDisconnect : false
11-26 15:51:59.746  9494 17974 E PINGER  : [15:51:59.745 Connection$Pinger:stop():522] Pinger stop true
11-26 15:51:59.751  9494 17974 E Sendbird:PINGER: [15:51:59.748 Connection$Pinger:stop():523] Pinger stop true
11-26 15:51:59.761  9494 17978 W SendBird: [15:51:59.760 Connection$1:onFailure():250] onFailed instance : com.sendbird.android.Connection@54fcb75
11-26 15:51:59.764  9494 17978 W Sendbird: [15:51:59.762 Connection$1:onFailure():251] onFailed instance : com.sendbird.android.Connection@54fcb75
11-26 15:51:59.765  9494 17978 W SendBird: [15:51:59.765 Connection$1:onFailure():256] onFailed handler : com.sendbird.android.SocketManager@7db5a47
11-26 15:51:59.767  9494 17978 W Sendbird: [15:51:59.766 Connection$1:onFailure():257] onFailed handler : com.sendbird.android.SocketManager@7db5a47
11-26 15:51:59.768  9494 17978 W SendBird: [15:51:59.767 SocketManager:onError():1002] >> onError : Socket is closed, reconnecting : true, explicitDisconnect : true
11-26 15:52:00.527  9494 17980 W SendBird: [15:52:00.526 Connection$1:onMessage():235] onMessage instance : [LOGI] com.sendbird.android.Connection@41a394b
11-26 15:52:00.531  9494 17980 W Sendbird: [15:52:00.529 Connection$1:onMessage():236] onMessage instance : [LOGI] com.sendbird.android.Connection@41a394b
11-26 15:52:00.538  9494  9779 W SendBird: [15:52:00.537 EventController$1:call():141] ++ result[LOGI] runnable=null
11-26 15:52:05.550  9494 17991 W SendBird: [15:52:05.549 SocketManager:onError():1002] >> onError : Server is unreachable., reconnecting : false, explicitDisconnect : false
11-26 15:52:05.597  9494 17991 E PINGER  : [15:52:05.595 Connection$Pinger:stop():522] Pinger stop true
11-26 15:52:05.602  9494 17991 E Sendbird:PINGER: [15:52:05.599 Connection$Pinger:stop():523] Pinger stop true
11-26 15:52:05.613  9494 17995 W SendBird: [15:52:05.612 Connection$1:onFailure():250] onFailed instance : com.sendbird.android.Connection@41a394b
11-26 15:52:05.617  9494 17995 W Sendbird: [15:52:05.615 Connection$1:onFailure():251] onFailed instance : com.sendbird.android.Connection@41a394b
11-26 15:52:05.618  9494 17995 W SendBird: [15:52:05.617 Connection$1:onFailure():256] onFailed handler : com.sendbird.android.SocketManager@7db5a47
11-26 15:52:05.619  9494 17995 W Sendbird: [15:52:05.618 Connection$1:onFailure():257] onFailed handler : com.sendbird.android.SocketManager@7db5a47
11-26 15:52:05.620  9494 17995 W SendBird: [15:52:05.619 SocketManager:onError():1002] >> onError : Socket is closed, reconnecting : true, explicitDisconnect : true
11-26 15:52:05.860  9494 17997 W SendBird: [15:52:05.859 Connection$1:onMessage():235] onMessage instance : [LOGI] com.sendbird.android.Connection@d135a91
11-26 15:52:05.866  9494 17997 W Sendbird: [15:52:05.863 Connection$1:onMessage():236] onMessage instance : [LOGI] com.sendbird.android.Connection@d135a91
11-26 15:52:05.874  9494  9779 W SendBird: [15:52:05.874 EventController$1:call():141] ++ result[LOGI] runnable=null
11-26 15:52:10.886  9494 18009 W SendBird: [15:52:10.885 SocketManager:onError():1002] >> onError : Server is unreachable., reconnecting : false, explicitDisconnect : false
11-26 15:52:10.931  9494 18009 E PINGER  : [15:52:10.929 Connection$Pinger:stop():522] Pinger stop true
11-26 15:52:10.935  9494 18009 E Sendbird:PINGER: [15:52:10.933 Connection$Pinger:stop():523] Pinger stop true
11-26 15:52:10.945  9494 18013 W SendBird: [15:52:10.944 Connection$1:onFailure():250] onFailed instance : com.sendbird.android.Connection@d135a91
11-26 15:52:10.948  9494 18013 W Sendbird: [15:52:10.946 Connection$1:onFailure():251] onFailed instance : com.sendbird.android.Connection@d135a91
11-26 15:52:10.950  9494 18013 W SendBird: [15:52:10.949 Connection$1:onFailure():256] onFailed handler : com.sendbird.android.SocketManager@7db5a47
11-26 15:52:10.951  9494 18013 W Sendbird: [15:52:10.950 Connection$1:onFailure():257] onFailed handler : com.sendbird.android.SocketManager@7db5a47
11-26 15:52:10.951  9494 18013 W SendBird: [15:52:10.951 SocketManager:onError():1002] >> onError : Socket is closed, reconnecting : true, explicitDisconnect : true
11-26 15:52:11.192  9494 18015 W SendBird: [15:52:11.191 Connection$1:onMessage():235] onMessage instance : [LOGI] com.sendbird.android.Connection@abac8c7
11-26 15:52:11.197  9494 18015 W Sendbird: [15:52:11.194 Connection$1:onMessage():236] onMessage instance : [LOGI] com.sendbird.android.Connection@abac8c7
11-26 15:52:11.207  9494  9779 W SendBird: [15:52:11.206 EventController$1:call():141] ++ result[LOGI] runnable=null
11-26 15:52:16.220  9494 18026 W SendBird: [15:52:16.218 SocketManager:onError():1002] >> onError : Server is unreachable., reconnecting : false, explicitDisconnect : false
11-26 15:52:16.265  9494 18026 E PINGER  : [15:52:16.264 Connection$Pinger:stop():522] Pinger stop true
11-26 15:52:16.270  9494 18026 E Sendbird:PINGER: [15:52:16.267 Connection$Pinger:stop():523] Pinger stop true
11-26 15:52:16.280  9494 18031 W SendBird: [15:52:16.279 Connection$1:onFailure():250] onFailed instance : com.sendbird.android.Connection@abac8c7
11-26 15:52:16.282  9494 18031 W Sendbird: [15:52:16.281 Connection$1:onFailure():251] onFailed instance : com.sendbird.android.Connection@abac8c7
11-26 15:52:16.283  9494 18031 W SendBird: [15:52:16.283 Connection$1:onFailure():256] onFailed handler : com.sendbird.android.SocketManager@7db5a47
11-26 15:52:16.284  9494 18031 W Sendbird: [15:52:16.283 Connection$1:onFailure():257] onFailed handler : com.sendbird.android.SocketManager@7db5a47
11-26 15:52:16.284  9494 18031 W SendBird: [15:52:16.284 SocketManager:onError():1002] >> onError : Socket is closed, reconnecting : true, explicitDisconnect : true
11-26 15:52:16.524  9494 18033 W SendBird: [15:52:16.522 Connection$1:onMessage():235] onMessage instance : [LOGI] com.sendbird.android.Connection@fe996d
11-26 15:52:16.529  9494 18033 W Sendbird: [15:52:16.526 Connection$1:onMessage():236] onMessage instance : [LOGI] com.sendbird.android.Connection@fe996d
11-26 15:52:16.538  9494  9779 W SendBird: [15:52:16.537 EventController$1:call():141] ++ result[LOGI] runnable=null
11-26 15:52:21.547  9494 18044 W SendBird: [15:52:21.546 SocketManager:onError():1002] >> onError : Server is unreachable., reconnecting : false, explicitDisconnect : false
11-26 15:52:21.582  9494 18044 E PINGER  : [15:52:21.581 Connection$Pinger:stop():522] Pinger stop true
11-26 15:52:21.583  9494 18044 E Sendbird:PINGER: [15:52:21.582 Connection$Pinger:stop():523] Pinger stop true
11-26 15:52:21.583  9494  9494 I Quality : Skipped: false 2 cost 24.607037 refreshRate 11111111 processName com.rmc.natour21
11-26 15:52:21.589  9494 18054 W SendBird: [15:52:21.588 Connection$1:onFailure():250] onFailed instance : com.sendbird.android.Connection@fe996d
11-26 15:52:21.590  9494 18054 W Sendbird: [15:52:21.589 Connection$1:onFailure():251] onFailed instance : com.sendbird.android.Connection@fe996d
11-26 15:52:21.590  9494 18054 W SendBird: [15:52:21.590 Connection$1:onFailure():256] onFailed handler : com.sendbird.android.SocketManager@7db5a47
11-26 15:52:21.591  9494 18054 W Sendbird: [15:52:21.591 Connection$1:onFailure():257] onFailed handler : com.sendbird.android.SocketManager@7db5a47
11-26 15:52:21.592  9494 18054 W SendBird: [15:52:21.591 SocketManager:onError():1002] >> onError : Socket is closed, reconnecting : false, explicitDisconnect : true
11-26 15:52:21.631  9494  9494 I Quality : Skipped: true 1 cost 14.10336 refreshRate 11111111 processName com.rmc.natour21
11-26 15:52:21.745  9494 18069 V FA      : Recording user engagement, ms: 65316
11-26 15:52:21.786  9494  9572 I BufferQueueProducer: [ViewRootImpl[com.rmc.natour21/com.rmc.natour21.MainActivity]#18(BLAST Consumer)18](id:251600000012,api:1,p:9494,c:9494) disconnect: api 1
11-26 15:52:21.789  9494  9572 E BLASTBufferQueue: BLASTBufferItemConsumer::onDisconnect()
11-26 15:52:21.794  9494 18056 W SendBird: [15:52:21.793 Connection$1:onMessage():235] onMessage instance : [LOGI] com.sendbird.android.Connection@630686b
11-26 15:52:21.795  9494  9494 I BLASTBufferQueue: [ViewRootImpl[com.rmc.natour21/com.rmc.natour21.MainActivity]#18] destructor()
11-26 15:52:21.795  9494  9494 I BufferQueueConsumer: [ViewRootImpl[com.rmc.natour21/com.rmc.natour21.MainActivity]#18(BLAST Consumer)18](id:251600000012,api:0,p:-1,c:9494) disconnect
11-26 15:52:21.797  9494 18069 V FA      : Connecting to remote service
11-26 15:52:21.799  9494  9572 I BufferQueueProducer: [ViewRootImpl[com.rmc.natour21/com.rmc.natour21.MainActivity]#19(BLAST Consumer)19](id:251600000013,api:1,p:9494,c:9494) disconnect: api 1
11-26 15:52:21.801  9494 18056 W Sendbird: [15:52:21.799 Connection$1:onMessage():236] onMessage instance : [LOGI] com.sendbird.android.Connection@630686b
11-26 15:52:21.801  9494  9572 E BLASTBufferQueue: BLASTBufferItemConsumer::onDisconnect()
11-26 15:52:21.814  9494  9494 I BLASTBufferQueue: [ViewRootImpl[com.rmc.natour21/com.rmc.natour21.MainActivity]#19] destructor()
11-26 15:52:21.814  9494  9494 I BufferQueueConsumer: [ViewRootImpl[com.rmc.natour21/com.rmc.natour21.MainActivity]#19(BLAST Consumer)19](id:251600000013,api:0,p:-1,c:9494) disconnect
11-26 15:52:21.816  9494  9779 W SendBird: [15:52:21.814 EventController$1:call():141] ++ result[LOGI] runnable=null
11-26 15:52:21.823  9494 18069 V FA      : Connection attempt already in progress
11-26 15:52:21.830  9494 18069 V FA      : Activity paused, time: 3107512461
11-26 15:52:21.916  9494 18056 W SendBird: [15:52:21.913 Connection$1:onMessage():235] onMessage instance : [PONG] com.sendbird.android.Connection@630686b
11-26 15:52:21.918  9494 18056 W Sendbird: [15:52:21.917 Connection$1:onMessage():236] onMessage instance : [PONG] com.sendbird.android.Connection@630686b
11-26 15:52:21.921  9494  9494 E Parcel  : Reading a NULL string not supported here.
11-26 15:52:21.925  9494 18069 D FA      : Connected to remote service
11-26 15:52:21.928  9494 18069 V FA      : Processing queued up service tasks: 2
11-26 15:52:21.934  9494  9779 W SendBird: [15:52:21.932 EventController$1:call():141] ++ result[PONG] runnable=null
11-26 15:52:22.323  9494  9641 E PINGER  : [15:52:22.321 Connection$Pinger:stop():522] Pinger stop true
11-26 15:52:22.325  9494  9641 E Sendbird:PINGER: [15:52:22.324 Connection$Pinger:stop():523] Pinger stop true
11-26 15:52:22.326  9494 18056 W SendBird: [15:52:22.325 Connection$1:onMessage():235] onMessage instance : [PONG] com.sendbird.android.Connection@630686b
11-26 15:52:22.329  9494 18056 W Sendbird: [15:52:22.327 Connection$1:onMessage():236] onMessage instance : [PONG] com.sendbird.android.Connection@630686b
11-26 15:52:22.344  9494 18056 W SendBird: [15:52:22.339 Connection$1:onFailure():250] onFailed instance : com.sendbird.android.Connection@630686b
11-26 15:52:22.346  9494 18056 W Sendbird: [15:52:22.344 Connection$1:onFailure():251] onFailed instance : com.sendbird.android.Connection@630686b
11-26 15:52:22.350  9494 18056 W SendBird: [15:52:22.347 Connection$1:onFailure():256] onFailed handler : com.sendbird.android.SocketManager@7db5a47
11-26 15:52:22.353  9494  9779 W SendBird: [15:52:22.350 EventController$1:call():141] ++ result[PONG] runnable=null
11-26 15:52:22.353  9494 18056 W Sendbird: [15:52:22.351 Connection$1:onFailure():257] onFailed handler : com.sendbird.android.SocketManager@7db5a47
11-26 15:52:22.356  9494 18056 W SendBird: [15:52:22.353 SocketManager:onError():1002] >> onError : Socket is closed, reconnecting : false, explicitDisconnect : true
11-26 15:52:23.833  9494 18069 D FA      : Application going to the background
11-26 15:52:24.037  9494 18069 V FA      : Activity resumed, time: 3107514754
11-26 15:52:24.038  9494  9494 I Quality : Skipped: false 1 cost 16.439154 refreshRate 11111111 processName com.rmc.natour21
11-26 15:52:24.063  9494  9494 I BufferQueueConsumer: [](id:251600000014,api:0,p:-1,c:9494) connect: controlledByApp=false
11-26 15:52:24.063  9494  9494 I BLASTBufferQueue: [ViewRootImpl[com.rmc.natour21/com.rmc.natour21.MainActivity]#20] constructor()
11-26 15:52:24.065  9494  9572 I BufferQueueProducer: [ViewRootImpl[com.rmc.natour21/com.rmc.natour21.MainActivity]#20(BLAST Consumer)20](id:251600000014,api:1,p:9494,c:9494) connect: api=1 producerControlledByApp=true
11-26 15:52:24.174  9494  9526 D SurfaceComposerClient: VRR [FRTC] client handle [bufferId:18446744073709551615 framenumber:0] [ffffffff, ffffffff]
11-26 15:52:24.181  9494  9526 I BLASTBufferQueue: releaseBufferCallbackThunk bufferId:40776419508343 framenumber:98 blastBufferQueue is dead
11-26 15:52:24.183  9494  9526 I BLASTBufferQueue: releaseBufferCallbackThunk bufferId:40776419508346 framenumber:22 blastBufferQueue is dead
11-26 15:52:24.224  9494  9494 I BufferQueueConsumer: [](id:251600000015,api:0,p:-1,c:9494) connect: controlledByApp=false
11-26 15:52:24.224  9494  9494 I BLASTBufferQueue: [ViewRootImpl[com.rmc.natour21/com.rmc.natour21.MainActivity]#21] constructor()
11-26 15:52:24.226  9494  9572 I BufferQueueProducer: [ViewRootImpl[com.rmc.natour21/com.rmc.natour21.MainActivity]#21(BLAST Consumer)21](id:251600000015,api:1,p:9494,c:9494) connect: api=1 producerControlledByApp=true
11-26 15:52:24.278  9494  9526 D SurfaceComposerClient: VRR [FRTC] client handle [bufferId:18446744073709551615 framenumber:0] [ffffffff, ffffffff]
11-26 15:52:24.280  9494  9494 I Quality : Skipped: false 8 cost 94.979034 refreshRate 11111111 processName com.rmc.natour21
11-26 15:52:24.336  9494  9494 I Quality : Skipped: false 1 cost 21.34925 refreshRate 11111111 processName com.rmc.natour21
11-26 15:52:24.359  9494  9494 I Quality : Skipped: false 2 cost 22.778671 refreshRate 11111111 processName com.rmc.natour21
11-26 15:52:24.870  9494 18233 W SendBird: [15:52:24.870 Connection$1:onMessage():235] onMessage instance : [LOGI] com.sendbird.android.Connection@bc48fd6
11-26 15:52:24.871  9494 18233 W Sendbird: [15:52:24.870 Connection$1:onMessage():236] onMessage instance : [LOGI] com.sendbird.android.Connection@bc48fd6
11-26 15:52:24.874  9494  9779 W SendBird: [15:52:24.874 EventController$1:call():141] ++ result[LOGI] runnable=null
11-26 15:52:24.906  9494 18233 W SendBird: [15:52:24.905 Connection$1:onMessage():235] onMessage instance : [PONG] com.sendbird.android.Connection@bc48fd6
11-26 15:52:24.906  9494 18233 W Sendbird: [15:52:24.906 Connection$1:onMessage():236] onMessage instance : [PONG] com.sendbird.android.Connection@bc48fd6
11-26 15:52:24.908  9494  9779 W SendBird: [15:52:24.908 EventController$1:call():141] ++ result[PONG] runnable=null
11-26 15:52:29.047  9494 18069 V FA      : Inactivity, disconnecting from the service
11-26 15:52:39.921  9494 18233 W SendBird: [15:52:39.921 Connection$1:onMessage():235] onMessage instance : [PONG] com.sendbird.android.Connection@bc48fd6
11-26 15:52:39.922  9494 18233 W Sendbird: [15:52:39.922 Connection$1:onMessage():236] onMessage instance : [PONG] com.sendbird.android.Connection@bc48fd6
11-26 15:52:39.929  9494  9779 W SendBird: [15:52:39.928 EventController$1:call():141] ++ result[PONG] runnable=null
11-26 15:52:54.522  9494  9494 I Quality : Skipped: true 1 cost 13.061374 refreshRate 11111111 processName com.rmc.natour21
11-26 15:52:54.593  9494  9494 I Quality : Skipped: true 1 cost 15.602855 refreshRate 11111111 processName com.rmc.natour21
11-26 15:52:54.743  9494 18069 V FA      : Recording user engagement, ms: 30705
11-26 15:52:54.777  9494  9572 I BufferQueueProducer: [ViewRootImpl[com.rmc.natour21/com.rmc.natour21.MainActivity]#20(BLAST Consumer)20](id:251600000014,api:1,p:9494,c:9494) disconnect: api 1
11-26 15:52:54.779  9494  9572 E BLASTBufferQueue: BLASTBufferItemConsumer::onDisconnect()
11-26 15:52:54.780  9494 18069 V FA      : Connecting to remote service
11-26 15:52:54.792  9494  9494 I BLASTBufferQueue: [ViewRootImpl[com.rmc.natour21/com.rmc.natour21.MainActivity]#20] destructor()
11-26 15:52:54.792  9494  9494 I BufferQueueConsumer: [ViewRootImpl[com.rmc.natour21/com.rmc.natour21.MainActivity]#20(BLAST Consumer)20](id:251600000014,api:0,p:-1,c:9494) disconnect
11-26 15:52:54.805  9494  9572 I BufferQueueProducer: [ViewRootImpl[com.rmc.natour21/com.rmc.natour21.MainActivity]#21(BLAST Consumer)21](id:251600000015,api:1,p:9494,c:9494) disconnect: api 1
11-26 15:52:54.807  9494  9572 E BLASTBufferQueue: BLASTBufferItemConsumer::onDisconnect()
11-26 15:52:54.814  9494 18069 V FA      : Connection attempt already in progress
11-26 15:52:54.814  9494 18069 V FA      : Activity paused, time: 3107545459
11-26 15:52:54.823  9494  9494 I BLASTBufferQueue: [ViewRootImpl[com.rmc.natour21/com.rmc.natour21.MainActivity]#21] destructor()
11-26 15:52:54.823  9494  9494 I BufferQueueConsumer: [ViewRootImpl[com.rmc.natour21/com.rmc.natour21.MainActivity]#21(BLAST Consumer)21](id:251600000015,api:0,p:-1,c:9494) disconnect
11-26 15:52:54.890  9494  9494 E Parcel  : Reading a NULL string not supported here.
11-26 15:52:54.893  9494 18069 D FA      : Connected to remote service
11-26 15:52:54.896  9494 18069 V FA      : Processing queued up service tasks: 2
11-26 15:52:54.923  9494 18233 W SendBird: [15:52:54.921 Connection$1:onMessage():235] onMessage instance : [PONG] com.sendbird.android.Connection@bc48fd6
11-26 15:52:54.925  9494 18233 W Sendbird: [15:52:54.924 Connection$1:onMessage():236] onMessage instance : [PONG] com.sendbird.android.Connection@bc48fd6
11-26 15:52:54.939  9494  9526 I BLASTBufferQueue: releaseBufferCallbackThunk bufferId:40776419508360 framenumber:9 blastBufferQueue is dead
11-26 15:52:54.940  9494  9526 I BLASTBufferQueue: releaseBufferCallbackThunk bufferId:40776419508355 framenumber:20 blastBufferQueue is dead
11-26 15:52:54.951  9494  9779 W SendBird: [15:52:54.950 EventController$1:call():141] ++ result[PONG] runnable=null
11-26 15:52:55.310  9494 18233 W SendBird: [15:52:55.308 Connection$1:onMessage():235] onMessage instance : [PONG] com.sendbird.android.Connection@bc48fd6
11-26 15:52:55.314  9494 18233 W Sendbird: [15:52:55.311 Connection$1:onMessage():236] onMessage instance : [PONG] com.sendbird.android.Connection@bc48fd6
11-26 15:52:55.327  9494  9779 W SendBird: [15:52:55.326 EventController$1:call():141] ++ result[PONG] runnable=null
11-26 15:52:55.327  9494  9641 E PINGER  : [15:52:55.325 Connection$Pinger:stop():522] Pinger stop false
11-26 15:52:55.333  9494  9641 E Sendbird:PINGER: [15:52:55.329 Connection$Pinger:stop():523] Pinger stop false
11-26 15:52:55.368  9494 18290 W SendBird: [15:52:55.365 Connection$1:onFailure():250] onFailed instance : com.sendbird.android.Connection@bc48fd6
11-26 15:52:55.378  9494 18290 W Sendbird: [15:52:55.370 Connection$1:onFailure():251] onFailed instance : com.sendbird.android.Connection@bc48fd6
11-26 15:52:55.382  9494 18290 W SendBird: [15:52:55.379 Connection$1:onFailure():256] onFailed handler : com.sendbird.android.SocketManager@7db5a47
11-26 15:52:55.385  9494 18290 W Sendbird: [15:52:55.382 Connection$1:onFailure():257] onFailed handler : com.sendbird.android.SocketManager@7db5a47
11-26 15:52:55.388  9494 18290 W SendBird: [15:52:55.386 SocketManager:onError():1002] >> onError : Socket is closed, reconnecting : false, explicitDisconnect : true
11-26 15:52:56.817  9494 18069 D FA      : Application going to the background
11-26 15:53:10.015  9494 18069 V FA      : Inactivity, disconnecting from the service
11-26 15:53:35.537  9494 18069 V FA      : Activity resumed, time: 3107586253
11-26 15:53:35.540  9494 18069 V FA      : Connecting to remote service
11-26 15:53:35.548  9494  9494 I BufferQueueConsumer: [](id:251600000016,api:0,p:-1,c:9494) connect: controlledByApp=false
11-26 15:53:35.548  9494  9494 I BLASTBufferQueue: [ViewRootImpl[com.rmc.natour21/com.rmc.natour21.MainActivity]#22] constructor()
11-26 15:53:35.550  9494  9572 I BufferQueueProducer: [ViewRootImpl[com.rmc.natour21/com.rmc.natour21.MainActivity]#22(BLAST Consumer)22](id:251600000016,api:1,p:9494,c:9494) connect: api=1 producerControlledByApp=true
11-26 15:53:35.610  9494  9526 D SurfaceComposerClient: VRR [FRTC] client handle [bufferId:18446744073709551615 framenumber:0] [ffffffff, ffffffff]
11-26 15:53:35.703  9494  9494 I BufferQueueConsumer: [](id:251600000017,api:0,p:-1,c:9494) connect: controlledByApp=false
11-26 15:53:35.704  9494  9494 I BLASTBufferQueue: [ViewRootImpl[com.rmc.natour21/com.rmc.natour21.MainActivity]#23] constructor()
11-26 15:53:35.705  9494  9572 I BufferQueueProducer: [ViewRootImpl[com.rmc.natour21/com.rmc.natour21.MainActivity]#23(BLAST Consumer)23](id:251600000017,api:1,p:9494,c:9494) connect: api=1 producerControlledByApp=true
11-26 15:53:35.742  9494  9494 I Quality : Skipped: false 6 cost 73.84256 refreshRate 11111111 processName com.rmc.natour21
11-26 15:53:35.747  9494  9525 D SurfaceComposerClient: VRR [FRTC] client handle [bufferId:18446744073709551615 framenumber:0] [ffffffff, ffffffff]
11-26 15:53:35.749  9494  9803 E Parcel  : Reading a NULL string not supported here.
11-26 15:53:35.757  9494  9494 E Parcel  : Reading a NULL string not supported here.
11-26 15:53:35.758  9494 18069 D FA      : Connected to remote service
11-26 15:53:35.776  9494 18069 V FA      : Processing queued up service tasks: 1
11-26 15:53:35.839  9494  9494 I Quality : Skipped: false 2 cost 25.345196 refreshRate 11111111 processName com.rmc.natour21
11-26 15:53:35.869  9494  9494 I Quality : Skipped: true 1 cost 21.8186 refreshRate 11111111 processName com.rmc.natour21
11-26 15:53:35.893  9494  9494 I Quality : Skipped: true 2 cost 22.914484 refreshRate 11111111 processName com.rmc.natour21
11-26 15:53:35.896  9494 18992 W SendBird: [15:53:35.896 Connection$1:onMessage():235] onMessage instance : [LOGI] com.sendbird.android.Connection@d7ba698
11-26 15:53:35.897  9494 18992 W Sendbird: [15:53:35.897 Connection$1:onMessage():236] onMessage instance : [LOGI] com.sendbird.android.Connection@d7ba698
11-26 15:53:35.900  9494  9779 W SendBird: [15:53:35.899 EventController$1:call():141] ++ result[LOGI] runnable=null
11-26 15:53:35.926  9494  9494 I Quality : Skipped: true 2 cost 22.804195 refreshRate 11111111 processName com.rmc.natour21
11-26 15:53:35.958  9494  9494 I Quality : Skipped: false 1 cost 21.145573 refreshRate 11111111 processName com.rmc.natour21
11-26 15:53:36.042  9494  9520 I om.rmc.natour2: Background concurrent copying GC freed 248625(9968KB) AllocSpace objects, 48(1536KB) LOS objects, 49% free, 13MB/26MB, paused 104us,89us total 149.416ms
11-26 15:53:38.098  9494  9494 V AutofillManager: requestHideFillUi(null): anchor = null
11-26 15:53:40.798  9494 18069 V FA      : Inactivity, disconnecting from the service
11-26 15:53:40.918  9494 19025 W SendBird: [15:53:40.917 SocketManager:onError():1002] >> onError : Server is unreachable., reconnecting : false, explicitDisconnect : false
11-26 15:53:40.954  9494 19025 E PINGER  : [15:53:40.953 Connection$Pinger:stop():522] Pinger stop true
11-26 15:53:40.955  9494 19025 E Sendbird:PINGER: [15:53:40.954 Connection$Pinger:stop():523] Pinger stop true
11-26 15:53:40.958  9494 19511 W SendBird: [15:53:40.958 Connection$1:onFailure():250] onFailed instance : com.sendbird.android.Connection@d7ba698
11-26 15:53:40.960  9494 19511 W Sendbird: [15:53:40.959 Connection$1:onFailure():251] onFailed instance : com.sendbird.android.Connection@d7ba698
11-26 15:53:40.961  9494 19511 W SendBird: [15:53:40.960 Connection$1:onFailure():256] onFailed handler : com.sendbird.android.SocketManager@7db5a47
11-26 15:53:40.961  9494 19511 W Sendbird: [15:53:40.961 Connection$1:onFailure():257] onFailed handler : com.sendbird.android.SocketManager@7db5a47
11-26 15:53:40.961  9494 19511 W SendBird: [15:53:40.961 SocketManager:onError():1002] >> onError : Socket is closed, reconnecting : true, explicitDisconnect : true
11-26 15:53:41.153  9494 19513 W SendBird: [15:53:41.153 Connection$1:onMessage():235] onMessage instance : [LOGI] com.sendbird.android.Connection@aa18372
11-26 15:53:41.154  9494 19513 W Sendbird: [15:53:41.154 Connection$1:onMessage():236] onMessage instance : [LOGI] com.sendbird.android.Connection@aa18372
11-26 15:53:41.160  9494  9779 W SendBird: [15:53:41.159 EventController$1:call():141] ++ result[LOGI] runnable=null
11-26 15:53:41.219  9494 19513 W SendBird: [15:53:41.218 Connection$1:onMessage():235] onMessage instance : [PONG] com.sendbird.android.Connection@aa18372
11-26 15:53:41.219  9494 19513 W Sendbird: [15:53:41.219 Connection$1:onMessage():236] onMessage instance : [PONG] com.sendbird.android.Connection@aa18372
11-26 15:53:41.223  9494  9779 W SendBird: [15:53:41.222 EventController$1:call():141] ++ result[PONG] runnable=null
11-26 15:53:42.225  9494  9494 V AutofillManager: requestHideFillUi(null): anchor = null
11-26 15:53:42.319  9494  9494 V OplusZoomWindowDecorViewHelper: removeZoomView
11-26 15:53:42.321  9494  9572 I BufferQueueProducer: [ViewRootImpl[com.rmc.natour21/com.rmc.natour21.MainActivity]#22(BLAST Consumer)22](id:251600000016,api:1,p:9494,c:9494) disconnect: api 1
11-26 15:53:42.322  9494  9572 E BLASTBufferQueue: BLASTBufferItemConsumer::onDisconnect()
11-26 15:53:42.322  9494  9572 D OpenGLRenderer: endAllActiveAnimators on 0xb400006f12ed8000 (RippleDrawable) with handle 0xb400006ec30c2620
11-26 15:53:42.322  9494  9494 D View    : [Warning] assignParent to null: this = DecorView@2f37048[MainActivity]
