11-26 15:59:50.698 23667 23667 W System.err: 	at android.location.Geocoder.getFromLocationName(Geocoder.java:215)
11-26 15:59:50.698 23667 23667 W System.err: 	at android.location.Geocoder.getFromLocationName(Geocoder.java:164)
11-26 15:59:50.698 23667 23667 W System.err: 	at com.rmc.natour21.Fragment.InsertPath.InsertFragment.geoCode(InsertFragment.kt:528)
11-26 15:59:50.698 23667 23667 W System.err: 	at com.rmc.natour21.Fragment.InsertPath.InsertFragment$onViewCreated$2$1.onQueryTextChange(InsertFragment.kt:288)
11-26 15:59:50.698 23667 23667 W System.err: 	at android.widget.SearchView.onTextChanged(SearchView.java:1293)
11-26 15:59:50.698 23667 23667 W System.err: 	at android.widget.SearchView.access$2100(SearchView.java:101)
11-26 15:59:50.698 23667 23667 W System.err: 	at android.widget.SearchView$10.onTextChanged(SearchView.java:1822)
11-26 15:59:50.698 23667 23667 W System.err: 	at android.widget.TextView.sendOnTextChanged(TextView.java:10908)
11-26 15:59:50.698 23667 23667 W System.err: 	at android.widget.TextView.setText(TextView.java:6460)
11-26 15:59:50.698 23667 23667 W System.err: 	at android.widget.TextView.setText(TextView.java:6286)
11-26 15:59:50.698 23667 23667 W System.err: 	at android.widget.EditText.setText(EditText.java:121)
11-26 15:59:50.698 23667 23667 W System.err: 	at android.widget.TextView.setText(TextView.java:6238)
11-26 15:59:50.698 23667 23667 W System.err: 	at android.widget.TextView.onRestoreInstanceState(TextView.java:6105)
11-26 15:59:50.699 23667 23667 W System.err: 	at android.view.View.dispatchRestoreInstanceState(View.java:21228)
11-26 15:59:50.699 23667 23667 W System.err: 	at android.view.ViewGroup.dispatchRestoreInstanceState(ViewGroup.java:4124)
11-26 15:59:50.699 23667 23667 W System.err: 	at android.view.ViewGroup.dispatchRestoreInstanceState(ViewGroup.java:4124)
11-26 15:59:50.699 23667 23667 W System.err: 	at android.view.ViewGroup.dispatchRestoreInstanceState(ViewGroup.java:4124)
11-26 15:59:50.699 23667 23667 W System.err: 	at android.view.ViewGroup.dispatchRestoreInstanceState(ViewGroup.java:4124)
11-26 15:59:50.699 23667 23667 W System.err: 	at android.view.ViewGroup.dispatchRestoreInstanceState(ViewGroup.java:4124)
11-26 15:59:50.699 23667 23667 W System.err: 	at android.view.ViewGroup.dispatchRestoreInstanceState(ViewGroup.java:4124)
11-26 15:59:50.699 23667 23667 W System.err: 	at android.view.View.restoreHierarchyState(View.java:21206)
11-26 15:59:50.699 23667 23667 W System.err: 	at androidx.fragment.app.Fragment.restoreViewState(Fragment.java:689)
11-26 15:59:50.699 23667 23667 W System.err: 	at androidx.fragment.app.Fragment.restoreViewState(Fragment.java:3151)
11-26 15:59:50.699 23667 23667 W System.err: 	at androidx.fragment.app.Fragment.performActivityCreated(Fragment.java:3142)
11-26 15:59:50.699 23667 23667 W System.err: 	at androidx.fragment.app.FragmentStateManager.activityCreated(FragmentStateManager.java:579)
11-26 15:59:50.699 23667 23667 W System.err: 	at androidx.fragment.app.FragmentStateManager.moveToExpectedState(FragmentStateManager.java:264)
11-26 15:59:50.699 23667 23667 W System.err: 	at androidx.fragment.app.FragmentManager.executeOpsTogether(FragmentManager.java:1899)
11-26 15:59:50.699 23667 23667 W System.err: 	at androidx.fragment.app.FragmentManager.removeRedundantOperationsAndExecute(FragmentManager.java:1817)
11-26 15:59:50.699 23667 23667 W System.err: 	at androidx.fragment.app.FragmentManager.execPendingActions(FragmentManager.java:1760)
11-26 15:59:50.699 23667 23667 W System.err: 	at androidx.fragment.app.FragmentManager$5.run(FragmentManager.java:547)
11-26 15:59:50.699 23667 23667 W System.err: 	at android.os.Handler.handleCallback(Handler.java:938)
11-26 15:59:50.699 23667 23667 W System.err: 	at android.os.Handler.dispatchMessage(Handler.java:99)
11-26 15:59:50.699 23667 23667 W System.err: 	at android.os.Looper.loopOnce(Looper.java:233)
11-26 15:59:50.699 23667 23667 W System.err: 	at android.os.Looper.loop(Looper.java:344)
11-26 15:59:50.700 23667 23667 W System.err: 	at android.app.ActivityThread.main(ActivityThread.java:8223)
11-26 15:59:50.700 23667 23667 W System.err: 	at java.lang.reflect.Method.invoke(Native Method)
11-26 15:59:50.700 23667 23667 W System.err: 	at com.android.internal.os.RuntimeInit$MethodAndArgsCaller.run(RuntimeInit.java:589)
11-26 15:59:50.700 23667 23667 W System.err: 	at com.android.internal.os.ZygoteInit.main(ZygoteInit.java:1071)
11-26 15:59:50.701 23667 23667 V TextView: notifyAutoFillManagerAfterTextChanged
11-26 15:59:50.701 23667 23667 V AutofillManager: notifyValueChanged(1073741826): ignoring on state FINISHED
11-26 15:59:50.714 23667 23667 I Quality : Skipped: false 19 cost 219.08199 refreshRate 11111111 processName com.rmc.natour21
11-26 15:59:50.732 23667 23667 I OsmDroid: Tile cache increased from 9 to 60
11-26 15:59:50.746 23667 23667 I Quality : Skipped: false 2 cost 26.759027 refreshRate 11111111 processName com.rmc.natour21
11-26 15:59:52.067 23667 23667 V AutofillManager: requestHideFillUi(null): anchor = null
11-26 15:59:52.270 23667 23667 I Quality : Skipped: false 2 cost 26.66972 refreshRate 11111111 processName com.rmc.natour21
11-26 15:59:52.293 23667 23667 I Quality : Skipped: false 1 cost 15.763871 refreshRate 11111111 processName com.rmc.natour21
11-26 15:59:52.646 23667 23667 I Quality : Skipped: false 7 cost 86.72417 refreshRate 11111111 processName com.rmc.natour21
11-26 15:59:53.146 23667 23667 V AutofillManager: requestHideFillUi(null): anchor = null
11-26 15:59:53.274 23667 23691 W System  : A resource failed to call close. 
11-26 15:59:53.713 23667 23667 V AutofillManager: requestHideFillUi(null): anchor = null
11-26 15:59:53.837 23667 23667 I Quality : Skipped: false 1 cost 16.456982 refreshRate 11111111 processName com.rmc.natour21
11-26 15:59:53.978 23667 23667 I Quality : Skipped: false 3 cost 33.892113 refreshRate 11111111 processName com.rmc.natour21
11-26 15:59:54.364 23667 23667 V AutofillManager: requestHideFillUi(null): anchor = null
11-26 15:59:54.517 23667 23667 I Quality : Skipped: false 2 cost 22.507273 refreshRate 11111111 processName com.rmc.natour21
11-26 15:59:55.009 23667 23667 V AutofillManager: requestHideFillUi(null): anchor = null
11-26 15:59:57.236 23667 23667 V AutofillManager: requestHideFillUi(null): anchor = null
11-26 15:59:57.275 23667 23667 V AutofillManager: ignoring notifyViewEntered(flags=0, view=1073741825) on state FINISHED because view was already entered: {1073741825, 1073741826}
11-26 15:59:57.280 23667 23667 D InputMethodManager: showSoftInput() view=androidx.appcompat.widget.AppCompatEditText{4b80086 VFED..CL. .F.P..ID 96,48-984,168 #7f0a026a app:id/path_name aid=1073741825} flags=0 reason=SHOW_SOFT_INPUT
11-26 15:59:57.294 23667 23667 I Quality : Skipped: false 1 cost 11.806862 refreshRate 11111111 processName com.rmc.natour21
11-26 15:59:57.304 23667 23667 D WindowManager: Add to mViews: android.widget.PopupWindow$PopupDecorView{ec79736 V.E...... R.....I. 0,0-0,0},pkg= com.rmc.natour21
11-26 15:59:57.306 23667 23667 D ViewRootImpl[PopupWindow:96fcf5b]: hardware acceleration = true, sRendererEnabled = true, forceHwAccelerated = false
11-26 15:59:57.332 23667 23667 I BufferQueueConsumer: [](id:5c7300000004,api:0,p:-1,c:23667) connect: controlledByApp=false
11-26 15:59:57.333 23667 23667 I BLASTBufferQueue: [ViewRootImpl[PopupWindow:96fcf5b]#4] constructor()
11-26 15:59:57.335 23667 23783 I BufferQueueProducer: [ViewRootImpl[PopupWindow:96fcf5b]#4(BLAST Consumer)4](id:5c7300000004,api:1,p:23667,c:23667) connect: api=1 producerControlledByApp=true
11-26 15:59:57.347 23667 25197 D SurfaceComposerClient: VRR [FRTC] client handle [bufferId:18446744073709551615 framenumber:0] [ffffffff, ffffffff]
11-26 15:59:57.363 23667 23667 D InsetsController: show(ime(), fromIme=true)
11-26 15:59:58.028 23667 23667 V OplusZoomWindowDecorViewHelper: removeZoomView
11-26 15:59:58.029 23667 23783 I BufferQueueProducer: [ViewRootImpl[PopupWindow:96fcf5b]#4(BLAST Consumer)4](id:5c7300000004,api:1,p:23667,c:23667) disconnect: api 1
11-26 15:59:58.030 23667 23783 E BLASTBufferQueue: BLASTBufferItemConsumer::onDisconnect()
11-26 15:59:58.030 23667 23667 D View    : [Warning] assignParent to null: this = android.widget.PopupWindow$PopupDecorView{ec79736 V.E...... R......D 0,0-120,120}
11-26 15:59:58.030 23667 23667 I BLASTBufferQueue: [ViewRootImpl[PopupWindow:96fcf5b]#4] destructor()
11-26 15:59:58.030 23667 23667 I BufferQueueConsumer: [ViewRootImpl[PopupWindow:96fcf5b]#4(BLAST Consumer)4](id:5c7300000004,api:0,p:-1,c:23667) disconnect
11-26 15:59:58.037 23667 23667 V TextView: notifyAutoFillManagerAfterTextChanged
11-26 15:59:58.037 23667 23667 V AutofillManager: notifyValueChanged(1073741825): ignoring on state FINISHED
11-26 15:59:58.184 23667 23667 V TextView: notifyAutoFillManagerAfterTextChanged
11-26 15:59:58.184 23667 23667 V AutofillManager: notifyValueChanged(1073741825): ignoring on state FINISHED
11-26 15:59:58.196 23667 25197 I BLASTBufferQueue: releaseBufferCallbackThunk bufferId:101648990994461 framenumber:2 blastBufferQueue is dead
11-26 15:59:58.330 23667 23667 V TextView: notifyAutoFillManagerAfterTextChanged
11-26 15:59:58.330 23667 23667 V AutofillManager: notifyValueChanged(1073741825): ignoring on state FINISHED
11-26 15:59:58.488 23667 23667 V TextView: notifyAutoFillManagerAfterTextChanged
11-26 15:59:58.488 23667 23667 V AutofillManager: notifyValueChanged(1073741825): ignoring on state FINISHED
11-26 15:59:58.521 23667 25197 E BLASTBufferQueue: [ViewRootImpl[com.rmc.natour21/com.rmc.natour21.MainActivity]#1](f:0,a:2) isEGL=1, mPendingRelease.size()=1, mMaxAcquiredBuffers=4, currentMaxAcquiredBufferCount=2
11-26 15:59:58.622 23667 23667 E SpannableStringBuilder: SPAN_EXCLUSIVE_EXCLUSIVE spans cannot have a zero length
11-26 15:59:58.622 23667 23667 E SpannableStringBuilder: SPAN_EXCLUSIVE_EXCLUSIVE spans cannot have a zero length
11-26 15:59:58.623 23667 23667 V TextView: notifyAutoFillManagerAfterTextChanged
11-26 15:59:58.623 23667 23667 V AutofillManager: notifyValueChanged(1073741825): ignoring on state FINISHED
11-26 15:59:58.659 23667 25197 E BLASTBufferQueue: [ViewRootImpl[com.rmc.natour21/com.rmc.natour21.MainActivity]#1](f:0,a:3) isEGL=1, mPendingRelease.size()=2, mMaxAcquiredBuffers=4, currentMaxAcquiredBufferCount=2
11-26 15:59:58.757 23667 23667 V AutofillManager: requestHideFillUi(null): anchor = null
11-26 15:59:58.757 23667 23667 D OplusSystemUINavigationGesture: [GESTURE_BUTTON] swipe from 1
11-26 15:59:58.757 23667 23667 D OplusSystemUINavigationGesture: [GESTURE_BUTTON] Hit Gesture Region !
11-26 15:59:59.615 23667 23667 V AutofillManager: requestHideFillUi(null): anchor = null
11-26 15:59:59.734 23667 23667 I Quality : Skipped: false 3 cost 34.095573 refreshRate 11111111 processName com.rmc.natour21
11-26 15:59:59.751 23667 23667 I Quality : Skipped: false 1 cost 12.341655 refreshRate 11111111 processName com.rmc.natour21
11-26 16:00:00.184 23667 23667 V AutofillManager: requestHideFillUi(null): anchor = null
11-26 16:00:00.295 23667 23667 I Quality : Skipped: false 4 cost 51.126015 refreshRate 11111111 processName com.rmc.natour21
11-26 16:00:00.313 23667 23667 I Quality : Skipped: false 1 cost 13.552361 refreshRate 11111111 processName com.rmc.natour21
11-26 16:00:00.476 23667 23667 I Quality : Skipped: false 2 cost 24.451408 refreshRate 11111111 processName com.rmc.natour21
11-26 16:00:00.502 23667 23667 I Quality : Skipped: false 1 cost 16.683722 refreshRate 11111111 processName com.rmc.natour21
11-26 16:00:00.557 23667 24047 W SendBird: [16:00:00.556 Connection$1:onMessage():235] onMessage instance : [PONG] com.sendbird.android.Connection@2c23b85
11-26 16:00:00.557 23667 23667 I Quality : Skipped: false 4 cost 50.10151 refreshRate 11111111 processName com.rmc.natour21
11-26 16:00:00.559 23667 24047 W Sendbird: [16:00:00.557 Connection$1:onMessage():236] onMessage instance : [PONG] com.sendbird.android.Connection@2c23b85
11-26 16:00:00.566 23667 24083 W SendBird: [16:00:00.565 EventController$1:call():141] ++ result[PONG] runnable=null
11-26 16:00:00.727 23667 23667 V AutofillManager: requestHideFillUi(null): anchor = null
11-26 16:00:00.811 23667 23667 I Quality : Skipped: false 1 cost 11.999323 refreshRate 11111111 processName com.rmc.natour21
11-26 16:00:00.963 23667 23667 I Quality : Skipped: false 2 cost 28.86208 refreshRate 11111111 processName com.rmc.natour21
11-26 16:00:01.215 23667 23667 V AutofillManager: requestHideFillUi(null): anchor = null
11-26 16:00:01.424 23667 23667 I Quality : Skipped: false 4 cost 52.601433 refreshRate 11111111 processName com.rmc.natour21
11-26 16:00:01.441 23667 23667 I Quality : Skipped: false 1 cost 13.487377 refreshRate 11111111 processName com.rmc.natour21
11-26 16:00:01.829 23667 23667 I Quality : Skipped: false 2 cost 31.872139 refreshRate 11111111 processName com.rmc.natour21
11-26 16:00:02.159 23667 23667 I Quality : Skipped: false 1 cost 13.907822 refreshRate 11111111 processName com.rmc.natour21
11-26 16:00:02.204 23667 23667 I Quality : Skipped: false 3 cost 36.246815 refreshRate 11111111 processName com.rmc.natour21
11-26 16:00:02.291 23667 23667 I Quality : Skipped: false 1 cost 11.273295 refreshRate 11111111 processName com.rmc.natour21
11-26 16:00:02.494 23667 23667 I Quality : Skipped: false 1 cost 12.528336 refreshRate 11111111 processName com.rmc.natour21
11-26 16:00:02.564 23667 23667 I Quality : Skipped: false 3 cost 37.660847 refreshRate 11111111 processName com.rmc.natour21
11-26 16:00:03.405 23667 23667 V AutofillManager: requestHideFillUi(null): anchor = null
11-26 16:00:03.504 23667 23667 I Quality : Skipped: false 3 cost 35.01014 refreshRate 11111111 processName com.rmc.natour21
11-26 16:00:03.799 23667 23667 V AutofillManager: requestHideFillUi(null): anchor = null
11-26 16:00:04.936 23667 23667 V AutofillManager: requestHideFillUi(null): anchor = null
11-26 16:00:06.286 23667 23667 V AutofillManager: requestHideFillUi(null): anchor = null
11-26 16:00:07.619 23667 23667 V AutofillManager: requestHideFillUi(null): anchor = null
11-26 16:00:08.261 23667 23667 V AutofillManager: requestHideFillUi(null): anchor = null
11-26 16:00:08.406 23667 23667 I Quality : Skipped: false 1 cost 17.328959 refreshRate 11111111 processName com.rmc.natour21
11-26 16:00:08.634 23667 23667 I Quality : Skipped: false 3 cost 42.956783 refreshRate 11111111 processName com.rmc.natour21
11-26 16:00:08.654 23667 23667 I Quality : Skipped: false 1 cost 18.99784 refreshRate 11111111 processName com.rmc.natour21
11-26 16:00:08.674 23667 23667 I Quality : Skipped: false 1 cost 16.176659 refreshRate 11111111 processName com.rmc.natour21
11-26 16:00:08.695 23667 23667 I Quality : Skipped: false 1 cost 14.9426155 refreshRate 11111111 processName com.rmc.natour21
11-26 16:00:08.715 23667 23667 I Quality : Skipped: false 1 cost 12.465408 refreshRate 11111111 processName com.rmc.natour21
11-26 16:00:08.770 23667 23667 I Quality : Skipped: false 1 cost 11.331132 refreshRate 11111111 processName com.rmc.natour21
11-26 16:00:08.827 23667 23667 I Quality : Skipped: false 1 cost 11.561395 refreshRate 11111111 processName com.rmc.natour21
11-26 16:00:08.883 23667 23667 I Quality : Skipped: false 1 cost 12.301735 refreshRate 11111111 processName com.rmc.natour21
11-26 16:00:10.713 23667 23667 V AutofillManager: requestHideFillUi(null): anchor = null
11-26 16:00:10.909 23667 23667 I Quality : Skipped: false 1 cost 18.196997 refreshRate 11111111 processName com.rmc.natour21
11-26 16:00:10.925 23667 23667 I Quality : Skipped: false 1 cost 12.442147 refreshRate 11111111 processName com.rmc.natour21
11-26 16:00:11.015 23667 23667 I Quality : Skipped: false 1 cost 12.150629 refreshRate 11111111 processName com.rmc.natour21
11-26 16:00:11.914 23667 23667 V AutofillManager: requestHideFillUi(null): anchor = null
11-26 16:00:12.013 23667 23667 I Quality : Skipped: false 1 cost 17.137508 refreshRate 11111111 processName com.rmc.natour21
11-26 16:00:12.796 23667 23667 V AutofillManager: requestHideFillUi(null): anchor = null
11-26 16:00:13.615 23667 23667 V AutofillManager: requestHideFillUi(null): anchor = null
11-26 16:00:15.569 23667 24047 W SendBird: [16:00:15.567 Connection$1:onMessage():235] onMessage instance : [PONG] com.sendbird.android.Connection@2c23b85
11-26 16:00:15.571 23667 24047 W Sendbird: [16:00:15.570 Connection$1:onMessage():236] onMessage instance : [PONG] com.sendbird.android.Connection@2c23b85
11-26 16:00:15.580 23667 24083 W SendBird: [16:00:15.579 EventController$1:call():141] ++ result[PONG] runnable=null
11-26 16:00:18.475 23667 23667 V AutofillManager: requestHideFillUi(null): anchor = null
11-26 16:00:19.479 23667 23667 V AutofillManager: requestHideFillUi(null): anchor = null
11-26 16:00:19.911 23667 23667 I Quality : Skipped: false 2 cost 23.037592 refreshRate 11111111 processName com.rmc.natour21
11-26 16:00:22.799 23667 23667 V AutofillManager: requestHideFillUi(null): anchor = null
11-26 16:00:24.190 23667 23667 V AutofillManager: requestHideFillUi(null): anchor = null
11-26 16:00:24.594 23667 24155 D BONUSPACK: OSRMRoadManager.getRoads:https://routing.openstreetmap.de/routed-car/route/v1/driving/14.4226629680,40.8229089949;14.4277734924,40.8194632228?alternatives=false&overview=full&steps=true
11-26 16:00:25.812 23667 24155 D BONUSPACK: OSRMRoadManager.getRoads - finished
11-26 16:00:25.819 23667 23696 I Quality : Blocked msg = Package name: com.rmc.natour21 [ schedGroup: 5 schedPolicy: 0 ] process the message: { when=-1s233ms what=2 target=android.view.GestureDetector$GestureHandler arg1=3 } took 1233 ms
11-26 16:00:25.820 23667 23667 V AutofillManager: requestHideFillUi(null): anchor = null
11-26 16:00:25.821 23667 23667 I Choreographer: Skipped 110 frames!  The application may be doing too much work on its main thread.
11-26 16:00:25.821 23667 23667 I Quality : Skipped: false 110 cost 1228.0183 refreshRate 11111111 processName com.rmc.natour21
11-26 16:00:25.839 23667 24078 I OpenGLRenderer: Davey! duration=1241ms; Flags=0, FrameTimelineVsyncId=28757642, IntendedVsync=999257938716814, Vsync=999259160939024, InputEventId=603157879, HandleInputStart=999259166893251, AnimationStart=999259167402174, PerformTraversalsStart=999259167404097, DrawStart=999259169195097, FrameDeadline=999257958716814, FrameInterval=999259166735097, FrameStartTime=11111111, SyncQueued=999259172279097, SyncStart=999259172394174, IssueDrawCommandsStart=999259172677251, SwapBuffers=999259178689328, FrameCompleted=999259180628021, DequeueBufferDuration=40923, QueueBufferDuration=771385, GpuCompleted=999259180628021, SwapBuffersCompleted=999259180628021, DisplayPresentTime=0, 
11-26 16:00:26.179 23667 24155 D BONUSPACK: OSRMRoadManager.getRoads:https://routing.openstreetmap.de/routed-car/route/v1/driving/14.4226629680,40.8229089949;14.4277734924,40.8194632228;14.4279015757,40.8193372137?alternatives=false&overview=full&steps=true
11-26 16:00:26.224 23667 24155 D BONUSPACK: OSRMRoadManager.getRoads - finished
11-26 16:00:26.236 23667 23667 I Quality : Skipped: false 5 cost 65.28818 refreshRate 11111111 processName com.rmc.natour21
11-26 16:00:27.976 23667 23667 V AutofillManager: requestHideFillUi(null): anchor = null
11-26 16:00:29.643 23667 23667 V AutofillManager: requestHideFillUi(null): anchor = null
11-26 16:00:30.299 23667 23667 V AutofillManager: requestHideFillUi(null): anchor = null
11-26 16:00:30.570 23667 24047 W SendBird: [16:00:30.569 Connection$1:onMessage():235] onMessage instance : [PONG] com.sendbird.android.Connection@2c23b85
11-26 16:00:30.571 23667 24047 W Sendbird: [16:00:30.570 Connection$1:onMessage():236] onMessage instance : [PONG] com.sendbird.android.Connection@2c23b85
11-26 16:00:30.575 23667 24083 W SendBird: [16:00:30.575 EventController$1:call():141] ++ result[PONG] runnable=null
11-26 16:00:31.767 23667 25731 I Quality : SlowSQLite: /executeForLastInsertedRowId INSERT OR REPLACE  INTO tiles(expires,provider,key,tile) VALUES (?,?,?,?)/ cost= /851
11-26 16:00:37.373 23667 23667 V AutofillManager: requestHideFillUi(null): anchor = null
11-26 16:00:37.451 23667 23667 D WindowManager: Add to mViews: android.widget.PopupWindow$PopupDecorView{ade1b56 V.E...... R.....I. 0,0-0,0},pkg= com.rmc.natour21
11-26 16:00:37.454 23667 23667 D ViewRootImpl[PopupWindow:1ccf6fb]: hardware acceleration = true, sRendererEnabled = true, forceHwAccelerated = false
11-26 16:00:37.462 23667 23667 I Quality : Skipped: false 1 cost 17.020456 refreshRate 11111111 processName com.rmc.natour21
11-26 16:00:37.475 23667 23667 I BufferQueueConsumer: [](id:5c7300000005,api:0,p:-1,c:23667) connect: controlledByApp=false
11-26 16:00:37.475 23667 23667 I BLASTBufferQueue: [ViewRootImpl[PopupWindow:1ccf6fb]#5] constructor()
11-26 16:00:37.478 23667 23783 I BufferQueueProducer: [ViewRootImpl[PopupWindow:1ccf6fb]#5(BLAST Consumer)5](id:5c7300000005,api:1,p:23667,c:23667) connect: api=1 producerControlledByApp=true
11-26 16:00:37.521 23667 24078 D SurfaceComposerClient: VRR [FRTC] client handle [bufferId:18446744073709551615 framenumber:0] [ffffffff, ffffffff]
11-26 16:00:37.522 23667 23667 I Quality : Skipped: false 4 cost 55.296288 refreshRate 11111111 processName com.rmc.natour21
11-26 16:00:38.965 23667 23667 V AutofillManager: requestHideFillUi(null): anchor = null
11-26 16:00:38.994 23667 23667 D InputMethodManager: showSoftInput() view=androidx.appcompat.widget.AppCompatEditText{4b80086 VFED..CL. .F.P.... 96,48-984,168 #7f0a026a app:id/path_name aid=1073741825} flags=0 reason=SHOW_SOFT_INPUT
11-26 16:00:39.003 23667 23667 V AutofillManager: ignoring notifyViewEntered(flags=0, view=1073741825) on state FINISHED because view was already entered: {1073741825, 1073741826}
11-26 16:00:39.047 23667 23667 D InsetsController: show(ime(), fromIme=true)
11-26 16:00:40.367 23667 23667 V TextView: notifyAutoFillManagerAfterTextChanged
11-26 16:00:40.367 23667 23667 V AutofillManager: notifyValueChanged(1073741825): ignoring on state FINISHED
11-26 16:00:40.368 23667 23667 V OplusZoomWindowDecorViewHelper: removeZoomView
11-26 16:00:40.369 23667 23783 I BufferQueueProducer: [ViewRootImpl[PopupWindow:1ccf6fb]#5(BLAST Consumer)5](id:5c7300000005,api:1,p:23667,c:23667) disconnect: api 1
11-26 16:00:40.370 23667 23783 E BLASTBufferQueue: BLASTBufferItemConsumer::onDisconnect()
11-26 16:00:40.371 23667 23667 D View    : [Warning] assignParent to null: this = android.widget.PopupWindow$PopupDecorView{ade1b56 V.E...... R......D 0,0-490,173}
11-26 16:00:40.371 23667 23667 I BLASTBufferQueue: [ViewRootImpl[PopupWindow:1ccf6fb]#5] destructor()
11-26 16:00:40.371 23667 23667 I BufferQueueConsumer: [ViewRootImpl[PopupWindow:1ccf6fb]#5(BLAST Consumer)5](id:5c7300000005,api:0,p:-1,c:23667) disconnect
11-26 16:00:40.402 23667 24078 E BLASTBufferQueue: [ViewRootImpl[com.rmc.natour21/com.rmc.natour21.MainActivity]#1](f:0,a:2) isEGL=1, mPendingRelease.size()=1, mMaxAcquiredBuffers=4, currentMaxAcquiredBufferCount=2
11-26 16:00:40.509 23667 23667 V TextView: notifyAutoFillManagerAfterTextChanged
11-26 16:00:40.509 23667 23667 V AutofillManager: notifyValueChanged(1073741825): ignoring on state FINISHED
11-26 16:00:40.538 23667 24078 E BLASTBufferQueue: [ViewRootImpl[com.rmc.natour21/com.rmc.natour21.MainActivity]#1](f:0,a:3) isEGL=1, mPendingRelease.size()=2, mMaxAcquiredBuffers=4, currentMaxAcquiredBufferCount=2
11-26 16:00:40.636 23667 24078 I BLASTBufferQueue: releaseBufferCallbackThunk bufferId:101648990994467 framenumber:2 blastBufferQueue is dead
11-26 16:00:41.502 23667 23667 V AutofillManager: requestHideFillUi(null): anchor = null
11-26 16:00:41.502 23667 23667 D OplusSystemUINavigationGesture: [GESTURE_BUTTON] swipe from 1
11-26 16:00:41.502 23667 23667 D OplusSystemUINavigationGesture: [GESTURE_BUTTON] Hit Gesture Region !
11-26 16:00:42.131 23667 23667 V AutofillManager: requestHideFillUi(null): anchor = null
11-26 16:00:42.597 23667 23667 I Choreographer: Skipped 33 frames!  The application may be doing too much work on its main thread.
11-26 16:00:42.597 23667 23667 I Quality : Skipped: false 33 cost 367.40802 refreshRate 11111111 processName com.rmc.natour21
11-26 16:00:42.611 23667 25874 V FA      : Recording user engagement, ms: 132331
11-26 16:00:42.622 23667 25875 D libMEOW : meow new tls: 0xb400006f3bc31a00
11-26 16:00:42.623 23667 25875 D libMEOW : applied 1 plugins for [com.rmc.natour21]:
11-26 16:00:42.623 23667 25875 D libMEOW :   plugin 1: [libMEOW_gift.so]:
11-26 16:00:42.623 23667 25875 D libMEOW : meow delete tls: 0xb400006f3bc31a00
11-26 16:00:42.630 23667 25874 V FA      : Connecting to remote service
11-26 16:00:42.635 23667 25873 V FA      : onActivityCreated
11-26 16:00:42.638 23667 25874 V FA      : Connection attempt already in progress
11-26 16:00:42.638 23667 25874 V FA      : Activity paused, time: 3108013328
11-26 16:00:42.657 23667 23667 I OsmDroid: Using tile source: Mapnik
11-26 16:00:42.657 23667 23667 I OsmDroid: Tile cache increased from 0 to 9
11-26 16:00:42.678 23667 23667 V TextView: notifyAutoFillManagerAfterTextChanged
11-26 16:00:42.678 23667 23667 V AutofillManager: notifyValueChanged(1073741824): ignoring on state UNKNOWN
11-26 16:00:42.679 23667 23667 V TextView: notifyAutoFillManagerAfterTextChanged
11-26 16:00:42.679 23667 23667 V AutofillManager: notifyValueChanged(1073741824): ignoring on state UNKNOWN
11-26 16:00:42.683 23667 23667 V TextView: notifyAutoFillManagerAfterTextChanged
11-26 16:00:42.683 23667 23667 V AutofillManager: notifyValueChanged(1073741825): ignoring on state UNKNOWN
11-26 16:00:42.700 23667 23667 V TextView: notifyAutoFillManagerAfterTextChanged
11-26 16:00:42.700 23667 23667 V AutofillManager: notifyValueChanged(1073741825): ignoring on state UNKNOWN
11-26 16:00:42.703 23667 23667 V TextView: notifyAutoFillManagerAfterTextChanged
11-26 16:00:42.703 23667 23667 V AutofillManager: notifyValueChanged(1073741826): ignoring on state UNKNOWN
11-26 16:00:42.704 23667 23667 V TextView: notifyAutoFillManagerAfterTextChanged
11-26 16:00:42.704 23667 23667 V AutofillManager: notifyValueChanged(1073741826): ignoring on state UNKNOWN
11-26 16:00:42.704 23667 23667 V TextView: notifyAutoFillManagerAfterTextChanged
11-26 16:00:42.704 23667 23667 V AutofillManager: notifyValueChanged(1073741826): ignoring on state UNKNOWN
11-26 16:00:42.706 23667 23667 I oplus.android.OplusFrameworkFactoryImpl: get feature:IOplusDynamicVsyncFeature
11-26 16:00:42.706 23667 23667 I oplus.android.OplusFrameworkFactoryImpl: get feature:IOplusDynamicVsyncFeature
11-26 16:00:42.706 23667 23667 I oplus.android.OplusFrameworkFactoryImpl: get feature:IOplusDynamicVsyncFeature
11-26 16:00:42.723 23667 23667 I Quality : ActivityThread: activityStart delay 103 com.rmc.natour21 23667
11-26 16:00:42.725 23667 25874 V FA      : Activity resumed, time: 3108013442
11-26 16:00:42.730 23667 23667 D WindowManager: Add to mViews: DecorView@f568d9b[PathAttributesActivity],pkg= com.rmc.natour21
11-26 16:00:42.732 23667 23667 D ViewRootImpl[PathAttributesActivity]: hardware acceleration = true, sRendererEnabled = true, forceHwAccelerated = false
11-26 16:00:42.737 23667 23667 I Quality : Skipped: false 10 cost 114.32932 refreshRate 11111111 processName com.rmc.natour21
11-26 16:00:42.742 23667 25874 V FA      : Connection attempt already in progress
11-26 16:00:42.742 23667 25874 V FA      : Connection attempt already in progress
11-26 16:00:42.759 23667 23667 I BufferQueueConsumer: [](id:5c7300000006,api:0,p:-1,c:23667) connect: controlledByApp=false
11-26 16:00:42.760 23667 23667 I BLASTBufferQueue: [ViewRootImpl[com.rmc.natour21/com.rmc.natour21.Fragment.InsertPath.PathAttributesActivity]#6] constructor()
11-26 16:00:42.761 23667 23667 V OplusZoomWindowDecorViewHelper: setLastReportedMergedConfiguration mZoomDisplayHeight: 2400 getDecorView.257330587
11-26 16:00:42.763 23667 23783 I BufferQueueProducer: [ViewRootImpl[com.rmc.natour21/com.rmc.natour21.Fragment.InsertPath.PathAttributesActivity]#6(BLAST Consumer)6](id:5c7300000006,api:1,p:23667,c:23667) connect: api=1 producerControlledByApp=true
11-26 16:00:42.770 23667 23667 I OsmDroid: Tile cache increased from 9 to 12
11-26 16:00:42.811 23667 23667 I Quality : Skipped: false 5 cost 64.49901 refreshRate 11111111 processName com.rmc.natour21
11-26 16:00:42.812 23667 24078 D SurfaceComposerClient: VRR [FRTC] client handle [bufferId:18446744073709551615 framenumber:0] [ffffffff, ffffffff]
11-26 16:00:42.825 23667 23667 I Quality : Skipped: false 1 cost 11.166382 refreshRate 11111111 processName com.rmc.natour21
11-26 16:00:42.831 23667 23667 E Parcel  : Reading a NULL string not supported here.
11-26 16:00:42.832 23667 25874 D FA      : Connected to remote service
11-26 16:00:42.833 23667 25874 V FA      : Processing queued up service tasks: 4
11-26 16:00:43.244 23667 23783 I BufferQueueProducer: [ViewRootImpl[com.rmc.natour21/com.rmc.natour21.MainActivity]#1(BLAST Consumer)1](id:5c7300000001,api:1,p:23667,c:23667) disconnect: api 1
11-26 16:00:43.245 23667 23783 E BLASTBufferQueue: BLASTBufferItemConsumer::onDisconnect()
11-26 16:00:43.249 23667 23667 I BLASTBufferQueue: [ViewRootImpl[com.rmc.natour21/com.rmc.natour21.MainActivity]#1] destructor()
11-26 16:00:43.249 23667 23667 I BufferQueueConsumer: [ViewRootImpl[com.rmc.natour21/com.rmc.natour21.MainActivity]#1(BLAST Consumer)1](id:5c7300000001,api:0,p:-1,c:23667) disconnect
11-26 16:00:43.255 23667 23667 V AutofillManager: updateSessionLocked(): id=null, bounds=null, value=null, action=5, flags=0
11-26 16:00:43.283 23667 24078 I BLASTBufferQueue: releaseBufferCallbackThunk bufferId:101648990994438 framenumber:3732 blastBufferQueue is dead
11-26 16:00:45.788 23667 24047 W SendBird: [16:00:45.787 Connection$1:onMessage():235] onMessage instance : [PONG] com.sendbird.android.Connection@2c23b85
11-26 16:00:45.789 23667 24047 W Sendbird: [16:00:45.789 Connection$1:onMessage():236] onMessage instance : [PONG] com.sendbird.android.Connection@2c23b85
11-26 16:00:45.800 23667 24083 W SendBird: [16:00:45.798 EventController$1:call():141] ++ result[PONG] runnable=null
11-26 16:00:46.439 23667 23667 V AutofillManager: requestHideFillUi(null): anchor = null
11-26 16:00:46.440 23667 23667 D OplusSystemUINavigationGesture: [GESTURE_BUTTON] swipe from 0
11-26 16:00:46.440 23667 23667 D OplusSystemUINavigationGesture: [GESTURE_BUTTON] Hit Gesture Region !
11-26 16:00:46.465 23667 23667 V AutofillManager: receiver results: flags=7 enabled=true, enabledForAugmentedOnly: false
11-26 16:00:46.466 23667 23667 V AutofillManager: startSessionLocked(): id=1073741826, bounds=null, value=[type=1, value=0_chars], flags=0, state=UNKNOWN, compatMode=false, augmentedOnly=false, enabledAugmentedOnly=false, enteredIds=null
11-26 16:00:46.484 23667 23667 D InputMethodManager: showSoftInput() view=androidx.appcompat.widget.AppCompatEditText{c394485 VFED..CL. .F.P..ID 24,321-297,465 #7f0a026a app:id/path_name aid=1073741826} flags=0 reason=SHOW_SOFT_INPUT
11-26 16:00:46.488 23667 23667 I Quality : Skipped: false 1 cost 20.128653 refreshRate 11111111 processName com.rmc.natour21
11-26 16:00:46.497 23667 23667 I AssistStructure: Flattened final assist data: 2744 bytes, containing 1 windows, 16 views
11-26 16:00:46.514 23667 23667 D InsetsController: show(ime(), fromIme=true)
11-26 16:00:46.719 23667 23667 V AutofillManager: setSessionFinished(): from ACTIVE to FINISHED; autofillableIds=[1073741824, 1073741825, 1073741826]
11-26 16:00:47.857 23667 25874 V FA      : Inactivity, disconnecting from the service
11-26 16:00:47.879 23667 23667 V AutofillManager: requestHideFillUi(null): anchor = null
11-26 16:00:47.914 23667 23693 E BLASTBufferQueue: [ViewRootImpl[com.rmc.natour21/com.rmc.natour21.Fragment.InsertPath.PathAttributesActivity]#6](f:0,a:2) isEGL=1, mPendingRelease.size()=1, mMaxAcquiredBuffers=4, currentMaxAcquiredBufferCount=2
11-26 16:00:47.980 23667 23693 E BLASTBufferQueue: [ViewRootImpl[com.rmc.natour21/com.rmc.natour21.Fragment.InsertPath.PathAttributesActivity]#6](f:0,a:3) isEGL=1, mPendingRelease.size()=2, mMaxAcquiredBuffers=4, currentMaxAcquiredBufferCount=2
11-26 16:00:52.013 23667 23667 V AutofillManager: requestHideFillUi(null): anchor = null
11-26 16:00:52.014 23667 23667 D OplusSystemUINavigationGesture: [GESTURE_BUTTON] swipe from 1
11-26 16:00:52.015 23667 23667 D OplusSystemUINavigationGesture: [GESTURE_BUTTON] Hit Gesture Region !
11-26 16:01:00.574 23667 24047 W SendBird: [16:01:00.573 Connection$1:onMessage():235] onMessage instance : [PONG] com.sendbird.android.Connection@2c23b85
11-26 16:01:00.575 23667 24047 W Sendbird: [16:01:00.575 Connection$1:onMessage():236] onMessage instance : [PONG] com.sendbird.android.Connection@2c23b85
11-26 16:01:00.585 23667 24083 W SendBird: [16:01:00.583 EventController$1:call():141] ++ result[PONG] runnable=null
11-26 16:01:03.201 23667 23667 V AutofillManager: requestHideFillUi(null): anchor = null
11-26 16:01:03.283 23667 23667 I Quality : Skipped: false 2 cost 29.41489 refreshRate 11111111 processName com.rmc.natour21
11-26 16:01:03.287 23667 25874 V FA      : Recording user engagement, ms: 20561
11-26 16:01:03.300 23667 25874 V FA      : Connecting to remote service
11-26 16:01:03.307 23667 25874 V FA      : Connection attempt already in progress
11-26 16:01:03.307 23667 25874 V FA      : Activity paused, time: 3108034003
11-26 16:01:03.310 23667 23667 E Parcel  : Reading a NULL string not supported here.
11-26 16:01:03.311 23667 25874 D FA      : Connected to remote service
11-26 16:01:03.311 23667 25874 V FA      : Processing queued up service tasks: 2
11-26 16:01:03.833 23667 24047 W SendBird: [16:01:03.832 Connection$1:onMessage():235] onMessage instance : [PONG] com.sendbird.android.Connection@2c23b85
11-26 16:01:03.833 23667 23985 E PINGER  : [16:01:03.832 Connection$Pinger:stop():522] Pinger stop true
11-26 16:01:03.835 23667 24047 W Sendbird: [16:01:03.833 Connection$1:onMessage():236] onMessage instance : [PONG] com.sendbird.android.Connection@2c23b85
11-26 16:01:03.838 23667 23985 E Sendbird:PINGER: [16:01:03.836 Connection$Pinger:stop():523] Pinger stop true
11-26 16:01:03.842 23667 24083 W SendBird: [16:01:03.840 EventController$1:call():141] ++ result[PONG] runnable=null
11-26 16:01:03.846 23667 24088 W SendBird: [16:01:03.845 Connection$1:onFailure():250] onFailed instance : com.sendbird.android.Connection@2c23b85
11-26 16:01:03.849 23667 24088 W Sendbird: [16:01:03.847 Connection$1:onFailure():251] onFailed instance : com.sendbird.android.Connection@2c23b85
11-26 16:01:03.850 23667 24088 W SendBird: [16:01:03.849 Connection$1:onFailure():256] onFailed handler : com.sendbird.android.SocketManager@97d41ea
11-26 16:01:03.852 23667 24088 W Sendbird: [16:01:03.851 Connection$1:onFailure():257] onFailed handler : com.sendbird.android.SocketManager@97d41ea
11-26 16:01:03.854 23667 24088 W SendBird: [16:01:03.853 SocketManager:onError():1002] >> onError : Socket is closed, reconnecting : false, explicitDisconnect : true
11-26 16:01:05.310 23667 25874 D FA      : Application going to the background
11-26 16:01:06.788 23667 23783 I BufferQueueProducer: [ViewRootImpl[com.rmc.natour21/com.rmc.natour21.Fragment.InsertPath.PathAttributesActivity]#6(BLAST Consumer)6](id:5c7300000006,api:1,p:23667,c:23667) disconnect: api 1
11-26 16:01:06.790 23667 23783 E BLASTBufferQueue: BLASTBufferItemConsumer::onDisconnect()
11-26 16:01:06.805 23667 23667 I BLASTBufferQueue: [ViewRootImpl[com.rmc.natour21/com.rmc.natour21.Fragment.InsertPath.PathAttributesActivity]#6] destructor()
11-26 16:01:06.805 23667 23667 I BufferQueueConsumer: [ViewRootImpl[com.rmc.natour21/com.rmc.natour21.Fragment.InsertPath.PathAttributesActivity]#6(BLAST Consumer)6](id:5c7300000006,api:0,p:-1,c:23667) disconnect
11-26 16:01:07.186 23667 23667 V AutofillManager: updateSessionLocked(): id=null, bounds=null, value=null, action=5, flags=0
11-26 16:01:07.241 23667 23693 I BLASTBufferQueue: releaseBufferCallbackThunk bufferId:101648990994468 framenumber:186 blastBufferQueue is dead
11-26 16:01:09.257 23667 25874 V FA      : Activity resumed, time: 3108039974
11-26 16:01:09.259 23667 23667 V AutofillManager: ignoring notifyViewEntered(flags=0, view=1073741826) on state FINISHED because view was already entered: {1073741824, 1073741825, 1073741826}
11-26 16:01:09.271 23667 23667 I BufferQueueConsumer: [](id:5c7300000007,api:0,p:-1,c:23667) connect: controlledByApp=false
11-26 16:01:09.272 23667 23667 I BLASTBufferQueue: [ViewRootImpl[com.rmc.natour21/com.rmc.natour21.Fragment.InsertPath.PathAttributesActivity]#7] constructor()
11-26 16:01:09.288 23667 23783 I BufferQueueProducer: [ViewRootImpl[com.rmc.natour21/com.rmc.natour21.Fragment.InsertPath.PathAttributesActivity]#7(BLAST Consumer)7](id:5c7300000007,api:1,p:23667,c:23667) connect: api=1 producerControlledByApp=true
11-26 16:01:09.334 23667 24078 D SurfaceComposerClient: VRR [FRTC] client handle [bufferId:18446744073709551615 framenumber:0] [ffffffff, ffffffff]
11-26 16:01:09.545 23667 26561 W SendBird: [16:01:09.544 Connection$1:onMessage():235] onMessage instance : [LOGI] com.sendbird.android.Connection@b706650
11-26 16:01:09.548 23667 26561 W Sendbird: [16:01:09.546 Connection$1:onMessage():236] onMessage instance : [LOGI] com.sendbird.android.Connection@b706650
11-26 16:01:09.556 23667 24083 W SendBird: [16:01:09.555 EventController$1:call():141] ++ result[LOGI] runnable=null
11-26 16:01:10.079 23667 23667 V AutofillManager: requestHideFillUi(null): anchor = null
11-26 16:01:10.182 23667 23667 I Quality : Skipped: false 2 cost 27.708796 refreshRate 11111111 processName com.rmc.natour21
11-26 16:01:10.185 23667 25874 V FA      : Screen exposed for less than 1000 ms. Event not sent. time: 928
11-26 16:01:10.187 23667 25874 V FA      : Activity paused, time: 3108040902
11-26 16:01:10.730 23667 23985 E PINGER  : [16:01:10.729 Connection$Pinger:stop():522] Pinger stop false
11-26 16:01:10.733 23667 23985 E Sendbird:PINGER: [16:01:10.730 Connection$Pinger:stop():523] Pinger stop false
11-26 16:01:10.739 23667 26739 W SendBird: [16:01:10.738 Connection$1:onFailure():250] onFailed instance : com.sendbird.android.Connection@b706650
11-26 16:01:10.741 23667 26739 W Sendbird: [16:01:10.740 Connection$1:onFailure():251] onFailed instance : com.sendbird.android.Connection@b706650
11-26 16:01:10.742 23667 26739 W SendBird: [16:01:10.741 Connection$1:onFailure():256] onFailed handler : com.sendbird.android.SocketManager@97d41ea
11-26 16:01:10.743 23667 26739 W Sendbird: [16:01:10.742 Connection$1:onFailure():257] onFailed handler : com.sendbird.android.SocketManager@97d41ea
11-26 16:01:10.743 23667 26739 W SendBird: [16:01:10.743 SocketManager:onError():1002] >> onError : Socket is closed, reconnecting : false, explicitDisconnect : true
11-26 16:01:12.188 23667 25874 D FA      : Application going to the background
11-26 16:01:12.721 23667 23783 I BufferQueueProducer: [ViewRootImpl[com.rmc.natour21/com.rmc.natour21.Fragment.InsertPath.PathAttributesActivity]#7(BLAST Consumer)7](id:5c7300000007,api:1,p:23667,c:23667) disconnect: api 1
11-26 16:01:12.723 23667 23783 E BLASTBufferQueue: BLASTBufferItemConsumer::onDisconnect()
11-26 16:01:12.738 23667 23667 I BLASTBufferQueue: [ViewRootImpl[com.rmc.natour21/com.rmc.natour21.Fragment.InsertPath.PathAttributesActivity]#7] destructor()
11-26 16:01:12.738 23667 23667 I BufferQueueConsumer: [ViewRootImpl[com.rmc.natour21/com.rmc.natour21.Fragment.InsertPath.PathAttributesActivity]#7(BLAST Consumer)7](id:5c7300000007,api:0,p:-1,c:23667) disconnect
11-26 16:01:12.892 23667 23667 V AutofillManager: updateSessionLocked(): id=null, bounds=null, value=null, action=5, flags=0
11-26 16:01:12.930 23667 23693 I BLASTBufferQueue: releaseBufferCallbackThunk bufferId:101648990994477 framenumber:88 blastBufferQueue is dead
11-26 16:01:14.358 23667 23667 V AutofillManager: ignoring notifyViewEntered(flags=0, view=1073741826) on state FINISHED because view was already entered: {1073741824, 1073741825, 1073741826}
11-26 16:01:14.358 23667 25874 V FA      : Activity resumed, time: 3108045075
11-26 16:01:14.370 23667 23667 I BufferQueueConsumer: [](id:5c7300000008,api:0,p:-1,c:23667) connect: controlledByApp=false
11-26 16:01:14.371 23667 23667 I BLASTBufferQueue: [ViewRootImpl[com.rmc.natour21/com.rmc.natour21.Fragment.InsertPath.PathAttributesActivity]#8] constructor()
11-26 16:01:14.372 23667 23783 I BufferQueueProducer: [ViewRootImpl[com.rmc.natour21/com.rmc.natour21.Fragment.InsertPath.PathAttributesActivity]#8(BLAST Consumer)8](id:5c7300000008,api:1,p:23667,c:23667) connect: api=1 producerControlledByApp=true
11-26 16:01:14.388 23667 24078 D SurfaceComposerClient: VRR [FRTC] client handle [bufferId:18446744073709551615 framenumber:0] [ffffffff, ffffffff]
11-26 16:01:14.597 23667 27085 W SendBird: [16:01:14.596 Connection$1:onMessage():235] onMessage instance : [LOGI] com.sendbird.android.Connection@fd72970
11-26 16:01:14.599 23667 27085 W Sendbird: [16:01:14.598 Connection$1:onMessage():236] onMessage instance : [LOGI] com.sendbird.android.Connection@fd72970
11-26 16:01:14.612 23667 24083 W SendBird: [16:01:14.611 EventController$1:call():141] ++ result[LOGI] runnable=null
11-26 16:01:14.650 23667 27085 W SendBird: [16:01:14.649 Connection$1:onMessage():235] onMessage instance : [PONG] com.sendbird.android.Connection@fd72970
11-26 16:01:14.652 23667 27085 W Sendbird: [16:01:14.651 Connection$1:onMessage():236] onMessage instance : [PONG] com.sendbird.android.Connection@fd72970
11-26 16:01:14.662 23667 24083 W SendBird: [16:01:14.659 EventController$1:call():141] ++ result[PONG] runnable=null
11-26 16:01:15.188 23667 23667 V AutofillManager: requestHideFillUi(null): anchor = null
11-26 16:01:15.189 23667 23667 D OplusSystemUINavigationGesture: [GESTURE_BUTTON] swipe from 1
11-26 16:01:15.189 23667 23667 D OplusSystemUINavigationGesture: [GESTURE_BUTTON] Hit Gesture Region !
11-26 16:01:16.981 23667 23667 D Activity: dispatchKeyEvent to com.rmc.natour21.Fragment.InsertPath.PathAttributesActivity@b0cff66 will call onBackPressed
11-26 16:01:16.981 23667 23667 D Activity: com.rmc.natour21.Fragment.InsertPath.PathAttributesActivity@b0cff66onBackPressed!
11-26 16:01:16.992 23667 25874 V FA      : Recording user engagement, ms: 2633
11-26 16:01:17.009 23667 23667 V AutofillManager: ignoring notifyViewEntered(flags=0, view=1073741825) on state FINISHED because view was already entered: {1073741825, 1073741826}
11-26 16:01:17.020 23667 25874 V FA      : Activity paused, time: 3108047709
11-26 16:01:17.021 23667 25874 V FA      : Activity resumed, time: 3108047726
11-26 16:01:17.029 23667 23667 I BufferQueueConsumer: [](id:5c7300000009,api:0,p:-1,c:23667) connect: controlledByApp=false
11-26 16:01:17.029 23667 23667 I BLASTBufferQueue: [ViewRootImpl[com.rmc.natour21/com.rmc.natour21.MainActivity]#9] constructor()
11-26 16:01:17.031 23667 23783 I BufferQueueProducer: [ViewRootImpl[com.rmc.natour21/com.rmc.natour21.MainActivity]#9(BLAST Consumer)9](id:5c7300000009,api:1,p:23667,c:23667) connect: api=1 producerControlledByApp=true
11-26 16:01:17.125 23667 24078 D SurfaceComposerClient: VRR [FRTC] client handle [bufferId:18446744073709551615 framenumber:0] [ffffffff, ffffffff]
11-26 16:01:17.545 23667 23783 I BufferQueueProducer: [ViewRootImpl[com.rmc.natour21/com.rmc.natour21.Fragment.InsertPath.PathAttributesActivity]#8(BLAST Consumer)8](id:5c7300000008,api:1,p:23667,c:23667) disconnect: api 1
11-26 16:01:17.546 23667 23783 E BLASTBufferQueue: BLASTBufferItemConsumer::onDisconnect()
11-26 16:01:17.557 23667 23667 I BLASTBufferQueue: [ViewRootImpl[com.rmc.natour21/com.rmc.natour21.Fragment.InsertPath.PathAttributesActivity]#8] destructor()
11-26 16:01:17.557 23667 23667 I BufferQueueConsumer: [ViewRootImpl[com.rmc.natour21/com.rmc.natour21.Fragment.InsertPath.PathAttributesActivity]#8(BLAST Consumer)8](id:5c7300000008,api:0,p:-1,c:23667) disconnect
11-26 16:01:17.562 23667 23667 V AutofillManager: updateSessionLocked(): id=null, bounds=null, value=null, action=5, flags=0
11-26 16:01:17.564 23667 23667 D AutofillManager: onActivityFinishing(): calling cancelLocked()
11-26 16:01:17.564 23667 23667 V AutofillManager: cancelSessionLocked(): FINISHED
11-26 16:01:17.576 23667 23667 V OplusZoomWindowDecorViewHelper: removeZoomView
11-26 16:01:17.576 23667 23667 D View    : [Warning] assignParent to null: this = DecorView@f568d9b[PathAttributesActivity]
11-26 16:01:17.584 23667 23667 I Quality : Skipped: false 1 cost 19.265673 refreshRate 11111111 processName com.rmc.natour21
11-26 16:01:17.587 23667 24078 I BLASTBufferQueue: releaseBufferCallbackThunk bufferId:101648990994485 framenumber:26 blastBufferQueue is dead
11-26 16:01:18.417 23667 23667 V AutofillManager: requestHideFillUi(null): anchor = null
11-26 16:01:18.459 23667 23667 I oplus.android.OplusFrameworkFactoryImpl: get feature:IOplusDynamicVsyncFeature
11-26 16:01:18.459 23667 23667 I oplus.android.OplusFrameworkFactoryImpl: get feature:IOplusDynamicVsyncFeature
11-26 16:01:18.459 23667 23667 I oplus.android.OplusFrameworkFactoryImpl: get feature:IOplusDynamicVsyncFeature
11-26 16:01:18.480 23667 23667 V TextView: notifyAutoFillManagerAfterTextChanged
11-26 16:01:18.480 23667 23667 V AutofillManager: notifyValueChanged(1073741877): ignoring on state FINISHED
11-26 16:01:18.480 23667 23667 V TextView: notifyAutoFillManagerAfterTextChanged
11-26 16:01:18.480 23667 23667 V AutofillManager: notifyValueChanged(1073741877): ignoring on state FINISHED
11-26 16:01:18.507 23667 23667 I oplus.android.OplusFrameworkFactoryImpl: get feature:IOplusDynamicVsyncFeature
11-26 16:01:18.507 23667 23667 I oplus.android.OplusFrameworkFactoryImpl: get feature:IOplusDynamicVsyncFeature
11-26 16:01:18.507 23667 23667 I oplus.android.OplusFrameworkFactoryImpl: get feature:IOplusDynamicVsyncFeature
11-26 16:01:18.516 23667 23667 V TextView: notifyAutoFillManagerAfterTextChanged
11-26 16:01:18.516 23667 23667 V AutofillManager: notifyValueChanged(1073741824): ignoring on state FINISHED
11-26 16:01:18.530 23667 23667 I Quality : Skipped: false 6 cost 73.84496 refreshRate 11111111 processName com.rmc.natour21
11-26 16:01:18.665 23667 23667 I Quality : Skipped: false 11 cost 129.39326 refreshRate 11111111 processName com.rmc.natour21
11-26 16:01:18.706 23667 23667 I Quality : Skipped: false 3 cost 36.35156 refreshRate 11111111 processName com.rmc.natour21
11-26 16:01:18.750 23667 23667 I Quality : Skipped: true 1 cost 13.169204 refreshRate 11111111 processName com.rmc.natour21
11-26 16:01:19.592 23667 24091 D skia    : SkJpegCodec::onGetPixels +
11-26 16:01:19.608 23667 24091 D skia    : SkJpegCodec::onGetPixels -
11-26 16:01:19.613 23667 24091 D skia    : SkJpegCodec::onGetPixels +
11-26 16:01:19.626 23667 24091 D skia    : SkJpegCodec::onGetPixels -
11-26 16:01:19.634 23667 24091 D skia    : SkJpegCodec::onGetPixels +
11-26 16:01:19.643 23667 24091 D skia    : SkJpegCodec::onGetPixels -
11-26 16:01:19.800 23667 23667 I Quality : Skipped: false 5 cost 59.8397 refreshRate 11111111 processName com.rmc.natour21
11-26 16:01:21.427 23667 23667 I Quality : Skipped: true 3 cost 36.610977 refreshRate 11111111 processName com.rmc.natour21
11-26 16:01:21.465 23667 23667 I Quality : Skipped: true 2 cost 29.895636 refreshRate 11111111 processName com.rmc.natour21
11-26 16:01:22.038 23667 25874 V FA      : Inactivity, disconnecting from the service
11-26 16:01:23.852 23667 23667 V AutofillManager: requestHideFillUi(null): anchor = null
11-26 16:01:23.951 23667 23667 I oplus.android.OplusFrameworkFactoryImpl: get feature:IOplusDynamicVsyncFeature
11-26 16:01:23.951 23667 23667 I oplus.android.OplusFrameworkFactoryImpl: get feature:IOplusDynamicVsyncFeature
11-26 16:01:23.951 23667 23667 I oplus.android.OplusFrameworkFactoryImpl: get feature:IOplusDynamicVsyncFeature
11-26 16:01:23.966 23667 23667 I oplus.android.OplusFrameworkFactoryImpl: get feature:IOplusDynamicVsyncFeature
11-26 16:01:23.966 23667 23667 I oplus.android.OplusFrameworkFactoryImpl: get feature:IOplusDynamicVsyncFeature
11-26 16:01:23.966 23667 23667 I oplus.android.OplusFrameworkFactoryImpl: get feature:IOplusDynamicVsyncFeature
11-26 16:01:23.967 23667 23667 I oplus.android.OplusFrameworkFactoryImpl: get feature:IOplusDynamicVsyncFeature
11-26 16:01:23.967 23667 23667 I oplus.android.OplusFrameworkFactoryImpl: get feature:IOplusDynamicVsyncFeature
11-26 16:01:23.967 23667 23667 I oplus.android.OplusFrameworkFactoryImpl: get feature:IOplusDynamicVsyncFeature
11-26 16:01:24.008 23667 23667 I Quality : Skipped: false 5 cost 60.25108 refreshRate 11111111 processName com.rmc.natour21
11-26 16:01:24.393 23667 23667 I oplus.android.OplusFrameworkFactoryImpl: get feature:IOplusDynamicVsyncFeature
11-26 16:01:24.393 23667 23667 I oplus.android.OplusFrameworkFactoryImpl: get feature:IOplusDynamicVsyncFeature
11-26 16:01:24.393 23667 23667 I oplus.android.OplusFrameworkFactoryImpl: get feature:IOplusDynamicVsyncFeature
11-26 16:01:24.431 23667 23667 I Quality : Skipped: false 2 cost 22.59694 refreshRate 11111111 processName com.rmc.natour21
11-26 16:01:24.449 23667 27317 D ListServiceUtils: mListServiceUtils::init CallingPid 23667
11-26 16:01:24.450 23667 27317 D ListServiceUtils: mListServiceUtils::init this 0xb400006f9aaa8080
11-26 16:01:24.450 23667 27317 V ListServiceUtils: checkInListByUid start module:custom-icc uid:10364  time 999317795443us
11-26 16:01:24.450 23667 27317 V ListServiceUtils: checkInListByUid end module:custom-icc uid:10364  time 999317795925us
11-26 16:01:24.450 23667 27317 D ListServiceUtils: checkInListByUid module:custom-icc uid:10364 cost 482us return 0
11-26 16:01:24.452 23667 27317 V ListServiceUtils: checkInListByUid module:image-processing uid:10364 cost 309us return (null)
11-26 16:01:24.452 23667 27317 V JpegEncoderExtImpl: Resolution: 300 x 300,support: 0;
11-26 16:01:24.476 23667 23667 I Quality : Skipped: false 3 cost 34.024193 refreshRate 11111111 processName com.rmc.natour21
