11-26 15:38:46.115  9494  9805 V ListServiceUtils: checkInListByUid module:image-processing uid:10364 cost 119us return (null)
11-26 15:38:46.115  9494  9805 V JpegEncoderExtImpl: Resolution: 400 x 400,support: 0;
11-26 15:38:46.298  9494  9791 D skia    : SkJpegCodec::onGetPixels +
11-26 15:38:46.330  9494  9791 D skia    : SkJpegCodec::onGetPixels -
11-26 15:38:46.336  9494  9791 V ListServiceUtils: checkInListByUid start module:custom-icc uid:10364  time 998028064202us
11-26 15:38:46.337  9494  9791 V ListServiceUtils: checkInListByUid end module:custom-icc uid:10364  time 998028064447us
11-26 15:38:46.337  9494  9791 D ListServiceUtils: checkInListByUid module:custom-icc uid:10364 cost 244us return 0
11-26 15:38:46.337  9494  9791 V ListServiceUtils: checkInListByUid module:image-processing uid:10364 cost 149us return (null)
11-26 15:38:46.337  9494  9791 V JpegEncoderExtImpl: Resolution: 604 x 400,support: 0;
11-26 15:38:46.861  9494  9805 E ion     : ioctl c0044901 failed with code -1: Invalid argument
11-26 15:38:46.863  9494  9805 D skia    : stream getLength() not supported, use temp buffer for loading stream, buffer addr 0x6ed247f000 length 1289246
11-26 15:38:46.863  9494  9805 D skia    : LoadInputStreamToMem va 0x6ed247f000  size 1291520
11-26 15:38:46.864  9494  9805 D libjpeg-alpha: Huffman Builder run in subthread
11-26 15:38:46.866  9494  9805 D libjpeg-alpha: Tile Decoder (#thread:4, size:512 256 256 416x480, alignment:256x16)
11-26 15:38:46.899  9494  9805 V ListServiceUtils: checkInListByUid start module:custom-icc uid:10364  time 998028627242us
11-26 15:38:46.900  9494  9805 V ListServiceUtils: checkInListByUid end module:custom-icc uid:10364  time 998028628267us
11-26 15:38:46.901  9494  9805 D ListServiceUtils: checkInListByUid module:custom-icc uid:10364 cost 1024us return 0
11-26 15:38:46.901  9494  9805 E ListServiceUtils: checkInListByUid module:custom-icc uid:10364 cost 1024us return 0
11-26 15:38:46.901  9494  9805 V ListServiceUtils: checkInListByUid module:image-processing uid:10364 cost 410us return (null)
11-26 15:38:46.901  9494  9805 V JpegEncoderExtImpl: Resolution: 105 x 105,support: 0;
11-26 15:38:48.022  9494 10864 W SendBird: [15:38:48.021 SocketManager:onError():1002] >> onError : Server is unreachable., reconnecting : false, explicitDisconnect : false
11-26 15:38:48.059  9494 10864 E PINGER  : [15:38:48.059 Connection$Pinger:stop():522] Pinger stop true
11-26 15:38:48.062  9494 10864 E Sendbird:PINGER: [15:38:48.060 Connection$Pinger:stop():523] Pinger stop true
11-26 15:38:48.068  9494 10973 W SendBird: [15:38:48.067 Connection$1:onFailure():250] onFailed instance : com.sendbird.android.Connection@1df911f
11-26 15:38:48.070  9494 10973 W Sendbird: [15:38:48.069 Connection$1:onFailure():251] onFailed instance : com.sendbird.android.Connection@1df911f
11-26 15:38:48.071  9494 10973 W SendBird: [15:38:48.070 Connection$1:onFailure():256] onFailed handler : com.sendbird.android.SocketManager@7db5a47
11-26 15:38:48.071  9494 10973 W Sendbird: [15:38:48.071 Connection$1:onFailure():257] onFailed handler : com.sendbird.android.SocketManager@7db5a47
11-26 15:38:48.072  9494 10973 W SendBird: [15:38:48.071 SocketManager:onError():1002] >> onError : Socket is closed, reconnecting : true, explicitDisconnect : true
11-26 15:38:48.301  9494 10975 W SendBird: [15:38:48.299 Connection$1:onMessage():235] onMessage instance : [LOGI] com.sendbird.android.Connection@4d01b22
11-26 15:38:48.304  9494 10975 W Sendbird: [15:38:48.302 Connection$1:onMessage():236] onMessage instance : [LOGI] com.sendbird.android.Connection@4d01b22
11-26 15:38:48.313  9494  9779 W SendBird: [15:38:48.312 EventController$1:call():141] ++ result[LOGI] runnable=null
11-26 15:38:48.362  9494 10975 W SendBird: [15:38:48.361 Connection$1:onMessage():235] onMessage instance : [PONG] com.sendbird.android.Connection@4d01b22
11-26 15:38:48.363  9494 10975 W Sendbird: [15:38:48.362 Connection$1:onMessage():236] onMessage instance : [PONG] com.sendbird.android.Connection@4d01b22
11-26 15:38:48.367  9494  9779 W SendBird: [15:38:48.367 EventController$1:call():141] ++ result[PONG] runnable=null
11-26 15:38:50.351  9494  9558 V FA      : Inactivity, disconnecting from the service
11-26 15:38:52.586  9494  9494 V AutofillManager: requestHideFillUi(null): anchor = null
11-26 15:38:52.752  9494  9494 I Quality : Skipped: false 3 cost 34.68586 refreshRate 11111111 processName com.rmc.natour21
11-26 15:38:53.474  9494  9494 D CompatibilityChangeReporter: Compat change id reported: 147798919; UID 10364; state: ENABLED
11-26 15:38:53.494  9494  9494 I Quality : Skipped: false 1 cost 19.467272 refreshRate 11111111 processName com.rmc.natour21
11-26 15:38:53.591  9494  9494 V AutofillManager: requestHideFillUi(null): anchor = null
11-26 15:38:57.640  9494  9494 V AutofillManager: requestHideFillUi(null): anchor = null
11-26 15:39:03.371  9494 10975 W SendBird: [15:39:03.370 Connection$1:onMessage():235] onMessage instance : [PONG] com.sendbird.android.Connection@4d01b22
11-26 15:39:03.372  9494 10975 W Sendbird: [15:39:03.372 Connection$1:onMessage():236] onMessage instance : [PONG] com.sendbird.android.Connection@4d01b22
11-26 15:39:03.377  9494  9779 W SendBird: [15:39:03.377 EventController$1:call():141] ++ result[PONG] runnable=null
11-26 15:39:18.360  9494 10975 W SendBird: [15:39:18.359 Connection$1:onMessage():235] onMessage instance : [PONG] com.sendbird.android.Connection@4d01b22
11-26 15:39:18.361  9494 10975 W Sendbird: [15:39:18.360 Connection$1:onMessage():236] onMessage instance : [PONG] com.sendbird.android.Connection@4d01b22
11-26 15:39:18.366  9494  9779 W SendBird: [15:39:18.365 EventController$1:call():141] ++ result[PONG] runnable=null
11-26 15:39:27.228  9494  9494 V AutofillManager: requestHideFillUi(null): anchor = null
11-26 15:39:29.078  9494  9494 V AutofillManager: requestHideFillUi(null): anchor = null
11-26 15:39:29.078  9494  9494 D OplusSystemUINavigationGesture: [GESTURE_BUTTON] swipe from 0
11-26 15:39:29.079  9494  9494 D OplusSystemUINavigationGesture: [GESTURE_BUTTON] Hit Gesture Region !
11-26 15:39:29.175  9494  9494 I Quality : Skipped: false 1 cost 13.741474 refreshRate 11111111 processName com.rmc.natour21
11-26 15:39:29.182  9494 11768 V FA      : Recording user engagement, ms: 44181
11-26 15:39:29.209  9494 11768 V FA      : Connecting to remote service
11-26 15:39:29.217  9494 11768 V FA      : Connection attempt already in progress
11-26 15:39:29.217  9494 11768 V FA      : Activity paused, time: 3106739899
11-26 15:39:29.217  9494 11768 V FA      : Activity resumed, time: 3106739933
11-26 15:39:29.222  9494  9494 I Quality : Skipped: false 1 cost 16.3758 refreshRate 11111111 processName com.rmc.natour21
11-26 15:39:29.231  9494 11768 V FA      : Connection attempt already in progress
11-26 15:39:29.232  9494 11768 V FA      : Connection attempt already in progress
11-26 15:39:29.375  9494  9494 I BufferQueueConsumer: [](id:251600000004,api:0,p:-1,c:9494) connect: controlledByApp=false
11-26 15:39:29.375  9494  9494 I BLASTBufferQueue: [ViewRootImpl[com.rmc.natour21/com.rmc.natour21.MainActivity]#4] constructor()
11-26 15:39:29.378  9494  9572 I BufferQueueProducer: [ViewRootImpl[com.rmc.natour21/com.rmc.natour21.MainActivity]#4(BLAST Consumer)4](id:251600000004,api:1,p:9494,c:9494) connect: api=1 producerControlledByApp=true
11-26 15:39:29.441  9494  9494 I Quality : Skipped: false 12 cost 143.70482 refreshRate 11111111 processName com.rmc.natour21
11-26 15:39:29.441  9494  9525 D SurfaceComposerClient: VRR [FRTC] client handle [bufferId:18446744073709551615 framenumber:0] [ffffffff, ffffffff]
11-26 15:39:29.459  9494  9494 I Quality : Skipped: true 1 cost 15.889653 refreshRate 11111111 processName com.rmc.natour21
11-26 15:39:29.470  9494  9494 E Parcel  : Reading a NULL string not supported here.
11-26 15:39:29.471  9494 11768 D FA      : Connected to remote service
11-26 15:39:29.472  9494 11768 V FA      : Processing queued up service tasks: 4
11-26 15:39:29.506  9494  9494 I Quality : Skipped: false 1 cost 18.4848 refreshRate 11111111 processName com.rmc.natour21
11-26 15:39:29.526  9494  9494 I Quality : Skipped: false 1 cost 16.044916 refreshRate 11111111 processName com.rmc.natour21
11-26 15:39:29.873  9494  9572 I BufferQueueProducer: [ViewRootImpl[com.rmc.natour21/com.rmc.natour21.Fragment.path.PathPageActivity]#3(BLAST Consumer)3](id:251600000003,api:1,p:9494,c:9494) disconnect: api 1
11-26 15:39:29.874  9494  9572 E BLASTBufferQueue: BLASTBufferItemConsumer::onDisconnect()
11-26 15:39:29.874  9494  9572 D OpenGLRenderer: endAllActiveAnimators on 0xb400006edeb3d600 (RippleDrawable) with handle 0xb400006ec3226700
11-26 15:39:29.881  9494  9494 I BLASTBufferQueue: [ViewRootImpl[com.rmc.natour21/com.rmc.natour21.Fragment.path.PathPageActivity]#3] destructor()
11-26 15:39:29.881  9494  9494 I BufferQueueConsumer: [ViewRootImpl[com.rmc.natour21/com.rmc.natour21.Fragment.path.PathPageActivity]#3(BLAST Consumer)3](id:251600000003,api:0,p:-1,c:9494) disconnect
11-26 15:39:29.895  9494  9494 V OplusZoomWindowDecorViewHelper: removeZoomView
11-26 15:39:29.895  9494  9494 D View    : [Warning] assignParent to null: this = DecorView@949e2f3[PathPageActivity]
11-26 15:39:29.901  9494  9524 I BLASTBufferQueue: releaseBufferCallbackThunk bufferId:40776419508243 framenumber:305 blastBufferQueue is dead
11-26 15:39:29.906  9494  9494 I Quality : Skipped: false 1 cost 15.246053 refreshRate 11111111 processName com.rmc.natour21
11-26 15:39:33.372  9494 10975 W SendBird: [15:39:33.371 Connection$1:onMessage():235] onMessage instance : [PONG] com.sendbird.android.Connection@4d01b22
11-26 15:39:33.373  9494 10975 W Sendbird: [15:39:33.372 Connection$1:onMessage():236] onMessage instance : [PONG] com.sendbird.android.Connection@4d01b22
11-26 15:39:33.378  9494  9779 W SendBird: [15:39:33.378 EventController$1:call():141] ++ result[PONG] runnable=null
11-26 15:39:34.509  9494 11768 V FA      : Inactivity, disconnecting from the service
11-26 15:39:48.373  9494 10975 W SendBird: [15:39:48.372 Connection$1:onMessage():235] onMessage instance : [PONG] com.sendbird.android.Connection@4d01b22
11-26 15:39:48.376  9494 10975 W Sendbird: [15:39:48.374 Connection$1:onMessage():236] onMessage instance : [PONG] com.sendbird.android.Connection@4d01b22
11-26 15:39:48.383  9494  9779 W SendBird: [15:39:48.383 EventController$1:call():141] ++ result[PONG] runnable=null
11-26 15:39:55.193  9494  9494 V AutofillManager: requestHideFillUi(null): anchor = null
11-26 15:39:55.193  9494  9494 D OplusSystemUINavigationGesture: [GESTURE_BUTTON] swipe from 1
11-26 15:39:55.194  9494  9494 D OplusSystemUINavigationGesture: [GESTURE_BUTTON] Hit Gesture Region !
11-26 15:40:03.382  9494 10975 W SendBird: [15:40:03.380 Connection$1:onMessage():235] onMessage instance : [PONG] com.sendbird.android.Connection@4d01b22
11-26 15:40:03.385  9494 10975 W Sendbird: [15:40:03.383 Connection$1:onMessage():236] onMessage instance : [PONG] com.sendbird.android.Connection@4d01b22
11-26 15:40:03.393  9494  9779 W SendBird: [15:40:03.393 EventController$1:call():141] ++ result[PONG] runnable=null
11-26 15:40:18.385  9494 10975 W SendBird: [15:40:18.382 Connection$1:onMessage():235] onMessage instance : [PONG] com.sendbird.android.Connection@4d01b22
11-26 15:40:18.387  9494 10975 W Sendbird: [15:40:18.386 Connection$1:onMessage():236] onMessage instance : [PONG] com.sendbird.android.Connection@4d01b22
11-26 15:40:18.396  9494  9779 W SendBird: [15:40:18.395 EventController$1:call():141] ++ result[PONG] runnable=null
11-26 15:40:26.427  9494 11790 V FA      : Recording user engagement, ms: 57200
11-26 15:40:26.465  9494 11790 V FA      : Connecting to remote service
11-26 15:40:26.476  9494  9572 I BufferQueueProducer: [ViewRootImpl[com.rmc.natour21/com.rmc.natour21.MainActivity]#4(BLAST Consumer)4](id:251600000004,api:1,p:9494,c:9494) disconnect: api 1
11-26 15:40:26.477  9494  9572 E BLASTBufferQueue: BLASTBufferItemConsumer::onDisconnect()
11-26 15:40:26.492  9494 11790 V FA      : Connection attempt already in progress
11-26 15:40:26.493  9494 11790 V FA      : Activity paused, time: 3106797134
11-26 15:40:26.493  9494  9494 I BLASTBufferQueue: [ViewRootImpl[com.rmc.natour21/com.rmc.natour21.MainActivity]#4] destructor()
11-26 15:40:26.493  9494  9494 I BufferQueueConsumer: [ViewRootImpl[com.rmc.natour21/com.rmc.natour21.MainActivity]#4(BLAST Consumer)4](id:251600000004,api:0,p:-1,c:9494) disconnect
11-26 15:40:26.566  9494  9494 E Parcel  : Reading a NULL string not supported here.
11-26 15:40:26.567  9494 11790 D FA      : Connected to remote service
11-26 15:40:26.569  9494 11790 V FA      : Processing queued up service tasks: 2
11-26 15:40:26.983  9494  9641 E PINGER  : [15:40:26.981 Connection$Pinger:stop():522] Pinger stop true
11-26 15:40:26.983  9494 10975 W SendBird: [15:40:26.981 Connection$1:onMessage():235] onMessage instance : [PONG] com.sendbird.android.Connection@4d01b22
11-26 15:40:26.985  9494 10975 W Sendbird: [15:40:26.983 Connection$1:onMessage():236] onMessage instance : [PONG] com.sendbird.android.Connection@4d01b22
11-26 15:40:26.985  9494  9641 E Sendbird:PINGER: [15:40:26.983 Connection$Pinger:stop():523] Pinger stop true
11-26 15:40:27.001  9494 10987 W SendBird: [15:40:26.999 Connection$1:onFailure():250] onFailed instance : com.sendbird.android.Connection@4d01b22
11-26 15:40:27.004  9494  9779 W SendBird: [15:40:27.001 EventController$1:call():141] ++ result[PONG] runnable=null
11-26 15:40:27.014  9494 10987 W Sendbird: [15:40:27.009 Connection$1:onFailure():251] onFailed instance : com.sendbird.android.Connection@4d01b22
11-26 15:40:27.018  9494 10987 W SendBird: [15:40:27.015 Connection$1:onFailure():256] onFailed handler : com.sendbird.android.SocketManager@7db5a47
11-26 15:40:27.021  9494 10987 W Sendbird: [15:40:27.019 Connection$1:onFailure():257] onFailed handler : com.sendbird.android.SocketManager@7db5a47
11-26 15:40:27.025  9494 10987 W SendBird: [15:40:27.022 SocketManager:onError():1002] >> onError : Socket is closed, reconnecting : false, explicitDisconnect : true
11-26 15:40:28.497  9494 11790 D FA      : Application going to the background
11-26 15:40:32.407  9494  9520 W om.rmc.natour2: Cleared Reference was only reachable from finalizer (only reported once)
11-26 15:40:34.345  9494 11790 V FA      : Inactivity, disconnecting from the service
11-26 15:40:38.301  9494 11790 V FA      : Activity resumed, time: 3106809018
11-26 15:40:38.302  9494 11790 V FA      : Connecting to remote service
11-26 15:40:38.393  9494  9803 E Parcel  : Reading a NULL string not supported here.
11-26 15:40:38.456  9494  9494 I BufferQueueConsumer: [](id:251600000005,api:0,p:-1,c:9494) connect: controlledByApp=false
11-26 15:40:38.456  9494  9494 I BLASTBufferQueue: [ViewRootImpl[com.rmc.natour21/com.rmc.natour21.MainActivity]#5] constructor()
11-26 15:40:38.458  9494  9572 I BufferQueueProducer: [ViewRootImpl[com.rmc.natour21/com.rmc.natour21.MainActivity]#5(BLAST Consumer)5](id:251600000005,api:1,p:9494,c:9494) connect: api=1 producerControlledByApp=true
11-26 15:40:38.478  9494  9494 I Quality : Skipped: false 8 cost 93.658875 refreshRate 11111111 processName com.rmc.natour21
11-26 15:40:38.504  9494  9494 E Parcel  : Reading a NULL string not supported here.
11-26 15:40:38.504  9494  9494 I Quality : Skipped: false 1 cost 19.064005 refreshRate 11111111 processName com.rmc.natour21
11-26 15:40:38.505  9494 11790 D FA      : Connected to remote service
11-26 15:40:38.505  9494 11790 V FA      : Processing queued up service tasks: 1
11-26 15:40:38.509  9494  9525 I BLASTBufferQueue: releaseBufferCallbackThunk bufferId:40776419508253 framenumber:67 blastBufferQueue is dead
11-26 15:40:38.618  9494 11946 W SendBird: [15:40:38.617 Connection$1:onMessage():235] onMessage instance : [LOGI] com.sendbird.android.Connection@ca6a9ec
11-26 15:40:38.620  9494 11946 W Sendbird: [15:40:38.619 Connection$1:onMessage():236] onMessage instance : [LOGI] com.sendbird.android.Connection@ca6a9ec
11-26 15:40:38.627  9494  9779 W SendBird: [15:40:38.626 EventController$1:call():141] ++ result[LOGI] runnable=null
11-26 15:40:38.667  9494 11946 W SendBird: [15:40:38.666 Connection$1:onMessage():235] onMessage instance : [PONG] com.sendbird.android.Connection@ca6a9ec
11-26 15:40:38.667  9494 11946 W Sendbird: [15:40:38.667 Connection$1:onMessage():236] onMessage instance : [PONG] com.sendbird.android.Connection@ca6a9ec
11-26 15:40:38.671  9494  9779 W SendBird: [15:40:38.670 EventController$1:call():141] ++ result[PONG] runnable=null
11-26 15:40:43.515  9494 11790 V FA      : Inactivity, disconnecting from the service
11-26 15:40:46.083  9494  9494 V AutofillManager: requestHideFillUi(null): anchor = null
11-26 15:40:53.684  9494 11946 W SendBird: [15:40:53.683 Connection$1:onMessage():235] onMessage instance : [PONG] com.sendbird.android.Connection@ca6a9ec
11-26 15:40:53.687  9494 11946 W Sendbird: [15:40:53.685 Connection$1:onMessage():236] onMessage instance : [PONG] com.sendbird.android.Connection@ca6a9ec
11-26 15:40:53.694  9494  9779 W SendBird: [15:40:53.693 EventController$1:call():141] ++ result[PONG] runnable=null
11-26 15:41:08.691  9494 11946 W SendBird: [15:41:08.689 Connection$1:onMessage():235] onMessage instance : [PONG] com.sendbird.android.Connection@ca6a9ec
11-26 15:41:08.694  9494 11946 W Sendbird: [15:41:08.693 Connection$1:onMessage():236] onMessage instance : [PONG] com.sendbird.android.Connection@ca6a9ec
11-26 15:41:08.706  9494  9779 W SendBird: [15:41:08.704 EventController$1:call():141] ++ result[PONG] runnable=null
11-26 15:41:12.795  9494  9494 V AutofillManager: requestHideFillUi(null): anchor = null
11-26 15:41:23.687  9494 11946 W SendBird: [15:41:23.685 Connection$1:onMessage():235] onMessage instance : [PONG] com.sendbird.android.Connection@ca6a9ec
11-26 15:41:23.691  9494 11946 W Sendbird: [15:41:23.689 Connection$1:onMessage():236] onMessage instance : [PONG] com.sendbird.android.Connection@ca6a9ec
11-26 15:41:23.704  9494  9779 W SendBird: [15:41:23.702 EventController$1:call():141] ++ result[PONG] runnable=null
11-26 15:41:38.693  9494 11946 W SendBird: [15:41:38.690 Connection$1:onMessage():235] onMessage instance : [PONG] com.sendbird.android.Connection@ca6a9ec
11-26 15:41:38.696  9494 11946 W Sendbird: [15:41:38.694 Connection$1:onMessage():236] onMessage instance : [PONG] com.sendbird.android.Connection@ca6a9ec
11-26 15:41:38.710  9494  9779 W SendBird: [15:41:38.708 EventController$1:call():141] ++ result[PONG] runnable=null
11-26 15:41:40.792  9494  9494 V AutofillManager: requestHideFillUi(null): anchor = null
11-26 15:41:40.793  9494  9494 D OplusSystemUINavigationGesture: [GESTURE_BUTTON] swipe from 1
11-26 15:41:40.793  9494  9494 D OplusSystemUINavigationGesture: [GESTURE_BUTTON] Hit Gesture Region !
11-26 15:41:40.914  9494 12006 V FA      : Recording user engagement, ms: 62612
11-26 15:41:40.922  9494 12007 D libMEOW : meow new tls: 0xb400006fa7e7fd00
11-26 15:41:40.922  9494 12007 D libMEOW : applied 1 plugins for [com.rmc.natour21]:
11-26 15:41:40.922  9494 12007 D libMEOW :   plugin 1: [libMEOW_gift.so]:
11-26 15:41:40.922  9494 12007 D libMEOW : meow delete tls: 0xb400006fa7e7fd00
11-26 15:41:40.935  9494 12006 V FA      : Connecting to remote service
11-26 15:41:40.936  9494 12005 V FA      : onActivityCreated
11-26 15:41:40.942  9494 12006 V FA      : Connection attempt already in progress
11-26 15:41:40.942  9494 12006 V FA      : Activity paused, time: 3106871630
11-26 15:41:40.955  9494  9494 I oplus.android.OplusFrameworkFactoryImpl: get feature:IOplusDynamicVsyncFeature
11-26 15:41:40.955  9494  9494 I oplus.android.OplusFrameworkFactoryImpl: get feature:IOplusDynamicVsyncFeature
11-26 15:41:40.955  9494  9494 I oplus.android.OplusFrameworkFactoryImpl: get feature:IOplusDynamicVsyncFeature
11-26 15:41:41.023  9494  9494 I oplus.android.OplusFrameworkFactoryImpl: get feature:IOplusDynamicVsyncFeature
11-26 15:41:41.023  9494  9494 I oplus.android.OplusFrameworkFactoryImpl: get feature:IOplusDynamicVsyncFeature
11-26 15:41:41.023  9494  9494 I oplus.android.OplusFrameworkFactoryImpl: get feature:IOplusDynamicVsyncFeature
11-26 15:41:41.024  9494  9494 I oplus.android.OplusFrameworkFactoryImpl: get feature:IOplusDynamicVsyncFeature
11-26 15:41:41.024  9494  9494 I oplus.android.OplusFrameworkFactoryImpl: get feature:IOplusDynamicVsyncFeature
11-26 15:41:41.024  9494  9494 I oplus.android.OplusFrameworkFactoryImpl: get feature:IOplusDynamicVsyncFeature
11-26 15:41:41.056  9494 12006 V FA      : Activity resumed, time: 3106871773
11-26 15:41:41.060  9494  9494 D WindowManager: Add to mViews: DecorView@1d153e8[PathPageActivity],pkg= com.rmc.natour21
11-26 15:41:41.064  9494  9494 D ViewRootImpl[PathPageActivity]: hardware acceleration = true, sRendererEnabled = true, forceHwAccelerated = false
11-26 15:41:41.071  9494 12006 V FA      : Connection attempt already in progress
11-26 15:41:41.071  9494 12006 V FA      : Connection attempt already in progress
11-26 15:41:41.089  9494  9494 I BufferQueueConsumer: [](id:251600000006,api:0,p:-1,c:9494) connect: controlledByApp=false
11-26 15:41:41.090  9494  9494 I BLASTBufferQueue: [ViewRootImpl[com.rmc.natour21/com.rmc.natour21.Fragment.path.PathPageActivity]#6] constructor()
11-26 15:41:41.091  9494  9494 V OplusZoomWindowDecorViewHelper: setLastReportedMergedConfiguration mZoomDisplayHeight: 2400 getDecorView.30495720
11-26 15:41:41.091  9494  9572 I BufferQueueProducer: [ViewRootImpl[com.rmc.natour21/com.rmc.natour21.Fragment.path.PathPageActivity]#6(BLAST Consumer)6](id:251600000006,api:1,p:9494,c:9494) connect: api=1 producerControlledByApp=true
11-26 15:41:41.147  9494  9524 D SurfaceComposerClient: VRR [FRTC] client handle [bufferId:18446744073709551615 framenumber:0] [ffffffff, ffffffff]
11-26 15:41:41.155  9494  9494 I Quality : Skipped: false 6 cost 73.25031 refreshRate 11111111 processName com.rmc.natour21
11-26 15:41:41.183  9494  9494 E Parcel  : Reading a NULL string not supported here.
11-26 15:41:41.183  9494 12006 D FA      : Connected to remote service
11-26 15:41:41.184  9494 12006 V FA      : Processing queued up service tasks: 4
11-26 15:41:41.186  9494  9494 I Quality : Skipped: false 2 cost 25.580032 refreshRate 11111111 processName com.rmc.natour21
11-26 15:41:41.218  9494  9494 I Quality : Skipped: false 1 cost 12.683951 refreshRate 11111111 processName com.rmc.natour21
11-26 15:41:41.243  9494  9494 I Quality : Skipped: true 1 cost 15.208537 refreshRate 11111111 processName com.rmc.natour21
11-26 15:41:41.275  9494  9494 I Quality : Skipped: true 1 cost 13.491612 refreshRate 11111111 processName com.rmc.natour21
11-26 15:41:41.314  9494  9494 I oplus.android.OplusFrameworkFactoryImpl: get feature:IOplusDynamicVsyncFeature
11-26 15:41:41.314  9494  9494 I oplus.android.OplusFrameworkFactoryImpl: get feature:IOplusDynamicVsyncFeature
11-26 15:41:41.314  9494  9494 I oplus.android.OplusFrameworkFactoryImpl: get feature:IOplusDynamicVsyncFeature
11-26 15:41:41.338  9494  9494 I oplus.android.OplusFrameworkFactoryImpl: get feature:IOplusDynamicVsyncFeature
11-26 15:41:41.338  9494  9494 I oplus.android.OplusFrameworkFactoryImpl: get feature:IOplusDynamicVsyncFeature
11-26 15:41:41.338  9494  9494 I oplus.android.OplusFrameworkFactoryImpl: get feature:IOplusDynamicVsyncFeature
11-26 15:41:41.353  9494  9494 I Quality : Skipped: true 4 cost 46.728725 refreshRate 11111111 processName com.rmc.natour21
11-26 15:41:41.579  9494  9572 I BufferQueueProducer: [ViewRootImpl[com.rmc.natour21/com.rmc.natour21.MainActivity]#5(BLAST Consumer)5](id:251600000005,api:1,p:9494,c:9494) disconnect: api 1
11-26 15:41:41.580  9494  9572 E BLASTBufferQueue: BLASTBufferItemConsumer::onDisconnect()
11-26 15:41:41.595  9494  9494 I BLASTBufferQueue: [ViewRootImpl[com.rmc.natour21/com.rmc.natour21.MainActivity]#5] destructor()
11-26 15:41:41.595  9494  9494 I BufferQueueConsumer: [ViewRootImpl[com.rmc.natour21/com.rmc.natour21.MainActivity]#5(BLAST Consumer)5](id:251600000005,api:0,p:-1,c:9494) disconnect
11-26 15:41:41.630  9494  9524 I BLASTBufferQueue: releaseBufferCallbackThunk bufferId:40776419508257 framenumber:45 blastBufferQueue is dead
11-26 15:41:46.223  9494 12006 V FA      : Inactivity, disconnecting from the service
11-26 15:41:53.943  9494 11946 W SendBird: [15:41:53.941 Connection$1:onMessage():235] onMessage instance : [PONG] com.sendbird.android.Connection@ca6a9ec
11-26 15:41:53.946  9494 11946 W Sendbird: [15:41:53.944 Connection$1:onMessage():236] onMessage instance : [PONG] com.sendbird.android.Connection@ca6a9ec
11-26 15:41:53.958  9494  9779 W SendBird: [15:41:53.956 EventController$1:call():141] ++ result[PONG] runnable=null
11-26 15:42:08.928  9494 11946 W SendBird: [15:42:08.927 Connection$1:onMessage():235] onMessage instance : [PONG] com.sendbird.android.Connection@ca6a9ec
11-26 15:42:08.931  9494 11946 W Sendbird: [15:42:08.930 Connection$1:onMessage():236] onMessage instance : [PONG] com.sendbird.android.Connection@ca6a9ec
11-26 15:42:08.942  9494  9779 W SendBird: [15:42:08.940 EventController$1:call():141] ++ result[PONG] runnable=null
11-26 15:42:11.165  9494 12006 V FA      : Recording user engagement, ms: 30106
11-26 15:42:11.208  9494  9572 I BufferQueueProducer: [ViewRootImpl[com.rmc.natour21/com.rmc.natour21.Fragment.path.PathPageActivity]#6(BLAST Consumer)6](id:251600000006,api:1,p:9494,c:9494) disconnect: api 1
11-26 15:42:11.209  9494  9572 E BLASTBufferQueue: BLASTBufferItemConsumer::onDisconnect()
11-26 15:42:11.218  9494  9494 I BLASTBufferQueue: [ViewRootImpl[com.rmc.natour21/com.rmc.natour21.Fragment.path.PathPageActivity]#6] destructor()
11-26 15:42:11.218  9494  9494 I BufferQueueConsumer: [ViewRootImpl[com.rmc.natour21/com.rmc.natour21.Fragment.path.PathPageActivity]#6(BLAST Consumer)6](id:251600000006,api:0,p:-1,c:9494) disconnect
11-26 15:42:11.229  9494 12006 V FA      : Connecting to remote service
11-26 15:42:11.243  9494 12006 V FA      : Connection attempt already in progress
11-26 15:42:11.244  9494 12006 V FA      : Activity paused, time: 3106901880
11-26 15:42:11.297  9494  9494 E Parcel  : Reading a NULL string not supported here.
11-26 15:42:11.299  9494 12006 D FA      : Connected to remote service
11-26 15:42:11.302  9494 12006 V FA      : Processing queued up service tasks: 2
11-26 15:42:11.723  9494  9641 E PINGER  : [15:42:11.720 Connection$Pinger:stop():522] Pinger stop true
11-26 15:42:11.726  9494 11946 W SendBird: [15:42:11.724 Connection$1:onMessage():235] onMessage instance : [PONG] com.sendbird.android.Connection@ca6a9ec
11-26 15:42:11.728  9494  9641 E Sendbird:PINGER: [15:42:11.724 Connection$Pinger:stop():523] Pinger stop true
11-26 15:42:11.730  9494 11946 W Sendbird: [15:42:11.727 Connection$1:onMessage():236] onMessage instance : [PONG] com.sendbird.android.Connection@ca6a9ec
11-26 15:42:11.742  9494 11979 W SendBird: [15:42:11.741 Connection$1:onFailure():250] onFailed instance : com.sendbird.android.Connection@ca6a9ec
11-26 15:42:11.743  9494  9779 W SendBird: [15:42:11.740 EventController$1:call():141] ++ result[PONG] runnable=null
11-26 15:42:11.756  9494 11979 W Sendbird: [15:42:11.752 Connection$1:onFailure():251] onFailed instance : com.sendbird.android.Connection@ca6a9ec
11-26 15:42:11.761  9494 11979 W SendBird: [15:42:11.758 Connection$1:onFailure():256] onFailed handler : com.sendbird.android.SocketManager@7db5a47
11-26 15:42:11.765  9494 11979 W Sendbird: [15:42:11.762 Connection$1:onFailure():257] onFailed handler : com.sendbird.android.SocketManager@7db5a47
11-26 15:42:11.770  9494 11979 W SendBird: [15:42:11.766 SocketManager:onError():1002] >> onError : Socket is closed, reconnecting : false, explicitDisconnect : true
11-26 15:42:13.246  9494 12006 D FA      : Application going to the background
11-26 15:42:17.255  9494 12006 V FA      : Activity resumed, time: 3106907971
11-26 15:42:17.283  9494  9494 I BufferQueueConsumer: [](id:251600000007,api:0,p:-1,c:9494) connect: controlledByApp=false
11-26 15:42:17.283  9494  9494 I BLASTBufferQueue: [ViewRootImpl[com.rmc.natour21/com.rmc.natour21.Fragment.path.PathPageActivity]#7] constructor()
11-26 15:42:17.285  9494  9572 I BufferQueueProducer: [ViewRootImpl[com.rmc.natour21/com.rmc.natour21.Fragment.path.PathPageActivity]#7(BLAST Consumer)7](id:251600000007,api:1,p:9494,c:9494) connect: api=1 producerControlledByApp=true
11-26 15:42:17.294  9494 12006 V FA      : Screen exposed for less than 1000 ms. Event not sent. time: 35
11-26 15:42:17.301  9494 12006 V FA      : Activity paused, time: 3106908006
11-26 15:42:17.314  9494  9572 I BufferQueueProducer: [ViewRootImpl[com.rmc.natour21/com.rmc.natour21.Fragment.path.PathPageActivity]#7(BLAST Consumer)7](id:251600000007,api:1,p:9494,c:9494) disconnect: api 1
11-26 15:42:17.331  9494  9572 E BLASTBufferQueue: BLASTBufferItemConsumer::onDisconnect()
11-26 15:42:17.340  9494  9494 I BLASTBufferQueue: [ViewRootImpl[com.rmc.natour21/com.rmc.natour21.Fragment.path.PathPageActivity]#7] destructor()
11-26 15:42:17.340  9494  9494 I BufferQueueConsumer: [ViewRootImpl[com.rmc.natour21/com.rmc.natour21.Fragment.path.PathPageActivity]#7(BLAST Consumer)7](id:251600000007,api:0,p:-1,c:9494) disconnect
11-26 15:42:17.590  9494 12505 W SendBird: [15:42:17.589 Connection$1:onMessage():235] onMessage instance : [LOGI] com.sendbird.android.Connection@18b4b14
11-26 15:42:17.592  9494 12505 W Sendbird: [15:42:17.590 Connection$1:onMessage():236] onMessage instance : [LOGI] com.sendbird.android.Connection@18b4b14
11-26 15:42:17.599  9494  9779 W SendBird: [15:42:17.598 EventController$1:call():141] ++ result[LOGI] runnable=null
11-26 15:42:17.870  9494  9641 E PINGER  : [15:42:17.869 Connection$Pinger:stop():522] Pinger stop false
11-26 15:42:17.871  9494  9641 E Sendbird:PINGER: [15:42:17.870 Connection$Pinger:stop():523] Pinger stop false
11-26 15:42:17.873  9494 12505 W SendBird: [15:42:17.872 Connection$1:onMessage():235] onMessage instance : [PONG] com.sendbird.android.Connection@18b4b14
11-26 15:42:17.874  9494 12505 W Sendbird: [15:42:17.873 Connection$1:onMessage():236] onMessage instance : [PONG] com.sendbird.android.Connection@18b4b14
11-26 15:42:17.881  9494 12596 W SendBird: [15:42:17.880 Connection$1:onFailure():250] onFailed instance : com.sendbird.android.Connection@18b4b14
11-26 15:42:17.886  9494  9779 W SendBird: [15:42:17.884 EventController$1:call():141] ++ result[PONG] runnable=null
11-26 15:42:17.886  9494 12596 W Sendbird: [15:42:17.882 Connection$1:onFailure():251] onFailed instance : com.sendbird.android.Connection@18b4b14
11-26 15:42:17.887  9494 12596 W SendBird: [15:42:17.886 Connection$1:onFailure():256] onFailed handler : com.sendbird.android.SocketManager@7db5a47
11-26 15:42:17.888  9494 12596 W Sendbird: [15:42:17.888 Connection$1:onFailure():257] onFailed handler : com.sendbird.android.SocketManager@7db5a47
11-26 15:42:17.890  9494 12596 W SendBird: [15:42:17.889 SocketManager:onError():1002] >> onError : Socket is closed, reconnecting : false, explicitDisconnect : true
11-26 15:42:19.302  9494 12006 D FA      : Application going to the background
11-26 15:42:22.521  9494 12006 V FA      : Activity resumed, time: 3106913238
11-26 15:42:22.533  9494  9494 I BufferQueueConsumer: [](id:251600000008,api:0,p:-1,c:9494) connect: controlledByApp=false
11-26 15:42:22.533  9494  9494 I BLASTBufferQueue: [ViewRootImpl[com.rmc.natour21/com.rmc.natour21.Fragment.path.PathPageActivity]#8] constructor()
11-26 15:42:22.534  9494  9572 I BufferQueueProducer: [ViewRootImpl[com.rmc.natour21/com.rmc.natour21.Fragment.path.PathPageActivity]#8(BLAST Consumer)8](id:251600000008,api:1,p:9494,c:9494) connect: api=1 producerControlledByApp=true
11-26 15:42:22.572  9494  9494 I Quality : Skipped: false 1 cost 11.594094 refreshRate 11111111 processName com.rmc.natour21
11-26 15:42:22.573  9494  9524 I BLASTBufferQueue: releaseBufferCallbackThunk bufferId:40776419508263 framenumber:21 blastBufferQueue is dead
11-26 15:42:22.821  9494 12718 W SendBird: [15:42:22.820 Connection$1:onMessage():235] onMessage instance : [LOGI] com.sendbird.android.Connection@8a5a90f
11-26 15:42:22.823  9494 12718 W Sendbird: [15:42:22.822 Connection$1:onMessage():236] onMessage instance : [LOGI] com.sendbird.android.Connection@8a5a90f
11-26 15:42:22.829  9494  9779 W SendBird: [15:42:22.829 EventController$1:call():141] ++ result[LOGI] runnable=null
11-26 15:42:27.530  9494 12006 V FA      : Inactivity, disconnecting from the service
11-26 15:42:27.839  9494 12750 W SendBird: [15:42:27.838 SocketManager:onError():1002] >> onError : Server is unreachable., reconnecting : false, explicitDisconnect : false
11-26 15:42:27.888  9494 12750 E PINGER  : [15:42:27.886 Connection$Pinger:stop():522] Pinger stop true
11-26 15:42:27.894  9494 12750 E Sendbird:PINGER: [15:42:27.890 Connection$Pinger:stop():523] Pinger stop true
11-26 15:42:27.906  9494 12756 W SendBird: [15:42:27.905 Connection$1:onFailure():250] onFailed instance : com.sendbird.android.Connection@8a5a90f
11-26 15:42:27.910  9494 12756 W Sendbird: [15:42:27.908 Connection$1:onFailure():251] onFailed instance : com.sendbird.android.Connection@8a5a90f
11-26 15:42:27.911  9494 12756 W SendBird: [15:42:27.910 Connection$1:onFailure():256] onFailed handler : com.sendbird.android.SocketManager@7db5a47
11-26 15:42:27.913  9494 12756 W Sendbird: [15:42:27.912 Connection$1:onFailure():257] onFailed handler : com.sendbird.android.SocketManager@7db5a47
11-26 15:42:27.914  9494 12756 W SendBird: [15:42:27.913 SocketManager:onError():1002] >> onError : Socket is closed, reconnecting : true, explicitDisconnect : true
11-26 15:42:28.135  9494 12758 W SendBird: [15:42:28.134 Connection$1:onMessage():235] onMessage instance : [LOGI] com.sendbird.android.Connection@568bcf5
11-26 15:42:28.139  9494 12758 W Sendbird: [15:42:28.137 Connection$1:onMessage():236] onMessage instance : [LOGI] com.sendbird.android.Connection@568bcf5
11-26 15:42:28.146  9494  9779 W SendBird: [15:42:28.146 EventController$1:call():141] ++ result[LOGI] runnable=null
11-26 15:42:28.185  9494 12758 W SendBird: [15:42:28.185 Connection$1:onMessage():235] onMessage instance : [PONG] com.sendbird.android.Connection@568bcf5
11-26 15:42:28.187  9494 12758 W Sendbird: [15:42:28.186 Connection$1:onMessage():236] onMessage instance : [PONG] com.sendbird.android.Connection@568bcf5
11-26 15:42:28.191  9494  9779 W SendBird: [15:42:28.190 EventController$1:call():141] ++ result[PONG] runnable=null
11-26 15:42:43.440  9494 12758 W SendBird: [15:42:43.438 Connection$1:onMessage():235] onMessage instance : [PONG] com.sendbird.android.Connection@568bcf5
11-26 15:42:43.444  9494 12758 W Sendbird: [15:42:43.442 Connection$1:onMessage():236] onMessage instance : [PONG] com.sendbird.android.Connection@568bcf5
11-26 15:42:43.458  9494  9779 W SendBird: [15:42:43.457 EventController$1:call():141] ++ result[PONG] runnable=null
11-26 15:42:48.203  9494  9494 V AutofillManager: requestHideFillUi(null): anchor = null
11-26 15:42:58.226  9494 12758 W SendBird: [15:42:58.224 Connection$1:onMessage():235] onMessage instance : [PONG] com.sendbird.android.Connection@568bcf5
11-26 15:42:58.229  9494 12758 W Sendbird: [15:42:58.227 Connection$1:onMessage():236] onMessage instance : [PONG] com.sendbird.android.Connection@568bcf5
11-26 15:42:58.240  9494  9779 W SendBird: [15:42:58.238 EventController$1:call():141] ++ result[PONG] runnable=null
11-26 15:43:13.208  9494 12758 W SendBird: [15:43:13.205 Connection$1:onMessage():235] onMessage instance : [PONG] com.sendbird.android.Connection@568bcf5
11-26 15:43:13.211  9494 12758 W Sendbird: [15:43:13.209 Connection$1:onMessage():236] onMessage instance : [PONG] com.sendbird.android.Connection@568bcf5
11-26 15:43:13.221  9494  9779 W SendBird: [15:43:13.220 EventController$1:call():141] ++ result[PONG] runnable=null
11-26 15:43:14.876  9494  9494 V AutofillManager: requestHideFillUi(null): anchor = null
11-26 15:43:14.877  9494  9494 D OplusSystemUINavigationGesture: [GESTURE_BUTTON] swipe from 1
11-26 15:43:14.877  9494  9494 D OplusSystemUINavigationGesture: [GESTURE_BUTTON] Hit Gesture Region !
11-26 15:43:28.207  9494 12758 W SendBird: [15:43:28.205 Connection$1:onMessage():235] onMessage instance : [PONG] com.sendbird.android.Connection@568bcf5
11-26 15:43:28.210  9494 12758 W Sendbird: [15:43:28.209 Connection$1:onMessage():236] onMessage instance : [PONG] com.sendbird.android.Connection@568bcf5
11-26 15:43:28.222  9494  9779 W SendBird: [15:43:28.221 EventController$1:call():141] ++ result[PONG] runnable=null
11-26 15:43:31.136  9494  9494 I Quality : Skipped: false 3 cost 34.088657 refreshRate 11111111 processName com.rmc.natour21
11-26 15:43:31.140  9494 12861 V FA      : Recording user engagement, ms: 68618
11-26 15:43:31.158  9494 12863 D libMEOW : meow new tls: 0xb400006f9aad5180
11-26 15:43:31.158  9494 12863 D libMEOW : applied 1 plugins for [com.rmc.natour21]:
11-26 15:43:31.158  9494 12863 D libMEOW :   plugin 1: [libMEOW_gift.so]:
11-26 15:43:31.158  9494 12861 V FA      : Connecting to remote service
11-26 15:43:31.159  9494 12863 D libMEOW : meow delete tls: 0xb400006f9aad5180
11-26 15:43:31.165  9494 12861 V FA      : Connection attempt already in progress
11-26 15:43:31.165  9494 12861 V FA      : Activity paused, time: 3106981857
11-26 15:43:31.167  9494 12860 V FA      : onActivityCreated
11-26 15:43:31.178  9494  9494 I StorageUtils: /data/user/0/com.rmc.natour21/files is writable
11-26 15:43:31.194  9494  9494 I StorageUtils: /storage/emulated/0/Android/data/com.rmc.natour21/files is writable
11-26 15:43:31.444  9494  9494 I StorageUtils: /storage/A435-F94C/Android/data/com.rmc.natour21/files is writable
11-26 15:43:31.445  9494  9494 I StorageUtils: /data/user/0/com.rmc.natour21/files is writable
11-26 15:43:31.445  9494  9494 I StorageUtils: /storage/emulated/0/Android/data/com.rmc.natour21/files is writable
11-26 15:43:31.450  9494  9494 I StorageUtils: /storage/A435-F94C/Android/data/com.rmc.natour21/files is writable
11-26 15:43:31.456  9494  9494 I OsmDroid: Using tile source: Mapnik
11-26 15:43:31.458  9494  9494 I OsmDroid: Tile cache increased from 0 to 9
11-26 15:43:31.674  9494  9641 E PINGER  : [15:43:31.674 Connection$Pinger:stop():522] Pinger stop true
11-26 15:43:31.675  9494  9641 E Sendbird:PINGER: [15:43:31.674 Connection$Pinger:stop():523] Pinger stop true
11-26 15:43:31.676  9494 12773 W SendBird: [15:43:31.676 Connection$1:onFailure():250] onFailed instance : com.sendbird.android.Connection@568bcf5
11-26 15:43:31.677  9494 12773 W Sendbird: [15:43:31.677 Connection$1:onFailure():251] onFailed instance : com.sendbird.android.Connection@568bcf5
11-26 15:43:31.678  9494 12773 W SendBird: [15:43:31.677 Connection$1:onFailure():256] onFailed handler : com.sendbird.android.SocketManager@7db5a47
11-26 15:43:31.678  9494 12773 W Sendbird: [15:43:31.678 Connection$1:onFailure():257] onFailed handler : com.sendbird.android.SocketManager@7db5a47
11-26 15:43:31.678  9494 12773 W SendBird: [15:43:31.678 SocketManager:onError():1002] >> onError : Socket is closed, reconnecting : false, explicitDisconnect : true
11-26 15:43:32.334  9494  9494 I Quality : SlowSQLite: /execute CREATE TABLE IF NOT EXISTS android_metadata (locale TEXT)/ cost= /863
11-26 15:43:32.478  9494  9494 V TextView: notifyAutoFillManagerAfterTextChanged
11-26 15:43:32.478  9494  9494 V AutofillManager: notifyValueChanged(1073741824): ignoring on state UNKNOWN
11-26 15:43:32.481  9494  9494 V TextView: notifyAutoFillManagerAfterTextChanged
11-26 15:43:32.481  9494  9494 V AutofillManager: notifyValueChanged(1073741824): ignoring on state UNKNOWN
11-26 15:43:32.482  9494  9494 I Quality : ActivityThread: viewInflate delay 1311 com.rmc.natour21:layout/activity_show_path 9494
11-26 15:43:32.507  9494  9494 I Quality : ActivityThread: activityStart delay 1356 com.rmc.natour21 9494
11-26 15:43:32.513  9494 12861 V FA      : Activity resumed, time: 3106983230
11-26 15:43:32.517  9494  9494 D WindowManager: Add to mViews: DecorView@66d28e0[ShowPathActivity],pkg= com.rmc.natour21
11-26 15:43:32.520  9494  9494 D ViewRootImpl[ShowPathActivity]: hardware acceleration = true, sRendererEnabled = true, forceHwAccelerated = false
11-26 15:43:32.520  9494 12861 V FA      : Connection attempt already in progress
11-26 15:43:32.520  9494 12861 V FA      : Connection attempt already in progress
11-26 15:43:32.525  9494  9494 I Quality : ActivityThread: activityLifecycle delay 1374 com.rmc.natour21 9494
11-26 15:43:32.526  9494  9494 I Choreographer: Skipped 123 frames!  The application may be doing too much work on its main thread.
11-26 15:43:32.526  9494  9494 I Quality : Skipped: false 123 cost 1367.9723 refreshRate 11111111 processName com.rmc.natour21
11-26 15:43:32.530  9494  9527 I Quality : Blocked msg = Package name: com.rmc.natour21 [ schedGroup: 5 schedPolicy: 0 ] process the message: { when=-1s381ms what=159 target=android.app.ActivityThread$H obj=android.app.servertransaction.ClientTransaction@86943148 } took 1374 ms
11-26 15:43:32.538  9494  9525 I OpenGLRenderer: Davey! duration=1377ms; Flags=0, FrameTimelineVsyncId=28717897, IntendedVsync=998308686991627, Vsync=998310053658280, InputEventId=0, HandleInputStart=998310055120041, AnimationStart=998310055122195, PerformTraversalsStart=998310055498195, DrawStart=998310055616733, FrameDeadline=998308706991627, FrameInterval=998310054964041, FrameStartTime=11111111, SyncQueued=998310056224964, SyncStart=998310056277656, IssueDrawCommandsStart=998310056356425, SwapBuffers=998310059289964, FrameCompleted=998310065015502, DequeueBufferDuration=21846, QueueBufferDuration=619154, GpuCompleted=998310065015502, SwapBuffersCompleted=998310065015502, DisplayPresentTime=0, 
11-26 15:43:32.559  9494  9494 I BufferQueueConsumer: [](id:251600000009,api:0,p:-1,c:9494) connect: controlledByApp=false
11-26 15:43:32.559  9494  9494 I BLASTBufferQueue: [ViewRootImpl[com.rmc.natour21/com.rmc.natour21.Fragment.path.map.ShowPathActivity]#9] constructor()
11-26 15:43:32.561  9494  9494 V OplusZoomWindowDecorViewHelper: setLastReportedMergedConfiguration mZoomDisplayHeight: 2400 getDecorView.107817184
11-26 15:43:32.561  9494  9572 I BufferQueueProducer: [ViewRootImpl[com.rmc.natour21/com.rmc.natour21.Fragment.path.map.ShowPathActivity]#9(BLAST Consumer)9](id:251600000009,api:1,p:9494,c:9494) connect: api=1 producerControlledByApp=true
11-26 15:43:32.571  9494  9494 V AutofillManager: notifyValueChanged(1073741825): ignoring on state UNKNOWN
11-26 15:43:32.574  9494  9494 I OsmDroid: Tile cache increased from 9 to 60
11-26 15:43:32.699  9494  9524 D SurfaceComposerClient: VRR [FRTC] client handle [bufferId:18446744073709551615 framenumber:0] [ffffffff, ffffffff]
11-26 15:43:32.702  9494  9524 I OpenGLRenderer: Davey! duration=1541ms; Flags=1, FrameTimelineVsyncId=28717897, IntendedVsync=998308686991627, Vsync=998310053658280, InputEventId=0, HandleInputStart=998310055120041, AnimationStart=998310055122195, PerformTraversalsStart=998310055498195, DrawStart=998310101295195, FrameDeadline=998308706991627, FrameInterval=998310054964041, FrameStartTime=11111111, SyncQueued=998310113896041, SyncStart=998310114038810, IssueDrawCommandsStart=998310115307195, SwapBuffers=998310223474502, FrameCompleted=998310228672349, DequeueBufferDuration=29616, QueueBufferDuration=1503077, GpuCompleted=998310228672349, SwapBuffersCompleted=998310228672349, DisplayPresentTime=4931863805577936896, 
11-26 15:43:32.705  9494  9494 I Quality : Skipped: false 15 cost 174.43771 refreshRate 11111111 processName com.rmc.natour21
11-26 15:43:32.754  9494  9808 D BONUSPACK: OSRMRoadManager.getRoads:https://routing.openstreetmap.de/routed-car/route/v1/driving/14.5410233319,40.6338872404;14.4868424053,40.6313157141?alternatives=false&overview=full&steps=true
11-26 15:43:32.782  9494 12873 W SendBird: [15:43:32.781 Connection$1:onMessage():235] onMessage instance : [LOGI] com.sendbird.android.Connection@61dcfde
11-26 15:43:32.786  9494 12873 W Sendbird: [15:43:32.784 Connection$1:onMessage():236] onMessage instance : [LOGI] com.sendbird.android.Connection@61dcfde
11-26 15:43:32.792  9494  9779 W SendBird: [15:43:32.792 EventController$1:call():141] ++ result[LOGI] runnable=null
11-26 15:43:32.985  9494  9808 D BONUSPACK: OSRMRoadManager.getRoads - finished
11-26 15:43:33.021  9494  9808 D skia    : SkJpegCodec::onGetPixels +
11-26 15:43:33.037  9494  9808 D skia    : SkJpegCodec::onGetPixels -
11-26 15:43:33.053  9494  9808 I System.out: SHOWPOI IS TRUE
11-26 15:43:33.121  9494  9494 I Choreographer: Skipped 37 frames!  The application may be doing too much work on its main thread.
11-26 15:43:33.121  9494  9494 I Quality : Skipped: false 37 cost 413.8886 refreshRate 11111111 processName com.rmc.natour21
11-26 15:43:33.150  9494 12861 V FA      : Screen exposed for less than 1000 ms. Event not sent. time: 637
11-26 15:43:33.151  9494 12861 V FA      : Connection attempt already in progress
11-26 15:43:33.151  9494 12861 V FA      : Activity paused, time: 3106983867
11-26 15:43:33.167  9494  9494 E Parcel  : Reading a NULL string not supported here.
11-26 15:43:33.183  9494 12861 D FA      : Connected to remote service
11-26 15:43:33.184  9494 12861 V FA      : Processing queued up service tasks: 5
11-26 15:43:33.210  9494  9572 I BufferQueueProducer: [ViewRootImpl[com.rmc.natour21/com.rmc.natour21.Fragment.path.PathPageActivity]#8(BLAST Consumer)8](id:251600000008,api:1,p:9494,c:9494) disconnect: api 1
11-26 15:43:33.211  9494  9572 E BLASTBufferQueue: BLASTBufferItemConsumer::onDisconnect()
11-26 15:43:33.215  9494  9494 I BLASTBufferQueue: [ViewRootImpl[com.rmc.natour21/com.rmc.natour21.Fragment.path.PathPageActivity]#8] destructor()
11-26 15:43:33.215  9494  9494 I BufferQueueConsumer: [ViewRootImpl[com.rmc.natour21/com.rmc.natour21.Fragment.path.PathPageActivity]#8(BLAST Consumer)8](id:251600000008,api:0,p:-1,c:9494) disconnect
11-26 15:43:33.278  9494  9525 I BLASTBufferQueue: releaseBufferCallbackThunk bufferId:40776419508277 framenumber:92 blastBufferQueue is dead
11-26 15:43:33.688  9494  9641 E PINGER  : [15:43:33.688 Connection$Pinger:stop():522] Pinger stop false
11-26 15:43:33.689  9494  9641 E Sendbird:PINGER: [15:43:33.689 Connection$Pinger:stop():523] Pinger stop false
11-26 15:43:33.690  9494 12873 W SendBird: [15:43:33.690 Connection$1:onMessage():235] onMessage instance : [PONG] com.sendbird.android.Connection@61dcfde
11-26 15:43:33.691  9494 12965 W SendBird: [15:43:33.691 Connection$1:onFailure():250] onFailed instance : com.sendbird.android.Connection@61dcfde
11-26 15:43:33.691  9494 12873 W Sendbird: [15:43:33.691 Connection$1:onMessage():236] onMessage instance : [PONG] com.sendbird.android.Connection@61dcfde
11-26 15:43:33.692  9494 12965 W Sendbird: [15:43:33.691 Connection$1:onFailure():251] onFailed instance : com.sendbird.android.Connection@61dcfde
11-26 15:43:33.692  9494 12965 W SendBird: [15:43:33.692 Connection$1:onFailure():256] onFailed handler : com.sendbird.android.SocketManager@7db5a47
11-26 15:43:33.693  9494 12965 W Sendbird: [15:43:33.692 Connection$1:onFailure():257] onFailed handler : com.sendbird.android.SocketManager@7db5a47
11-26 15:43:33.693  9494 12965 W SendBird: [15:43:33.693 SocketManager:onError():1002] >> onError : Socket is closed, reconnecting : false, explicitDisconnect : true
11-26 15:43:33.695  9494  9779 W SendBird: [15:43:33.694 EventController$1:call():141] ++ result[PONG] runnable=null
11-26 15:43:34.427  9494  9522 W System  : A resource failed to call close. 
11-26 15:43:34.428  9494  9522 W System  : A resource failed to call close. 
11-26 15:43:34.428  9494  9522 W System  : A resource failed to call close. 
11-26 15:43:34.429  9494  9522 W System  : A resource failed to call close. 
11-26 15:43:34.429  9494  9522 W System  : A resource failed to call close. 
11-26 15:43:34.430  9494  9522 W System  : A resource failed to call close. 
11-26 15:43:35.152  9494 12861 D FA      : Application going to the background
11-26 15:43:40.181  9494 12861 V FA      : Inactivity, disconnecting from the service
11-26 15:43:43.448  9494 12861 V FA      : Activity resumed, time: 3106994165
11-26 15:43:43.457  9494 12861 V FA      : Connecting to remote service
11-26 15:43:43.476  9494  9494 E Parcel  : Reading a NULL string not supported here.
11-26 15:43:43.477  9494 12861 D FA      : Connected to remote service
11-26 15:43:43.479  9494 12861 V FA      : Processing queued up service tasks: 1
11-26 15:43:44.741  9494 13129 W SendBird: [15:43:44.740 Connection$1:onMessage():235] onMessage instance : [LOGI] com.sendbird.android.Connection@efff40b
11-26 15:43:44.744  9494 13129 W Sendbird: [15:43:44.742 Connection$1:onMessage():236] onMessage instance : [LOGI] com.sendbird.android.Connection@efff40b
11-26 15:43:44.749  9494  9779 W SendBird: [15:43:44.749 EventController$1:call():141] ++ result[LOGI] runnable=null
11-26 15:43:44.796  9494 13129 W SendBird: [15:43:44.796 Connection$1:onMessage():235] onMessage instance : [PONG] com.sendbird.android.Connection@efff40b
11-26 15:43:44.797  9494 13129 W Sendbird: [15:43:44.797 Connection$1:onMessage():236] onMessage instance : [PONG] com.sendbird.android.Connection@efff40b
11-26 15:43:44.800  9494  9779 W SendBird: [15:43:44.800 EventController$1:call():141] ++ result[PONG] runnable=null
11-26 15:43:46.375  9494  9494 I Quality : Skipped: true 1 cost 20.736656 refreshRate 11111111 processName com.rmc.natour21
11-26 15:43:46.394  9494  9494 I Quality : Skipped: false 1 cost 17.417765 refreshRate 11111111 processName com.rmc.natour21
11-26 15:43:46.888  9494 12861 V FA      : Recording user engagement, ms: 3439
11-26 15:43:46.896  9494  9572 I BufferQueueProducer: [ViewRootImpl[com.rmc.natour21/com.rmc.natour21.Fragment.path.map.ShowPathActivity]#9(BLAST Consumer)9](id:251600000009,api:1,p:9494,c:9494) disconnect: api 1
