11-26 15:58:42.701 23667 23667 I StorageUtils: /data/user/0/com.rmc.natour21/files is writable
11-26 15:58:42.705 23667 23821 I libPerfCtl: fbcNotifySbeRescue ret=-1
11-26 15:58:42.709 23667 23667 I StorageUtils: /storage/emulated/0/Android/data/com.rmc.natour21/files is writable
11-26 15:58:42.997 23667 23667 I StorageUtils: /storage/A435-F94C/Android/data/com.rmc.natour21/files is writable
11-26 15:58:42.999 23667 23667 I StorageUtils: /data/user/0/com.rmc.natour21/files is writable
11-26 15:58:42.999 23667 23667 I StorageUtils: /storage/emulated/0/Android/data/com.rmc.natour21/files is writable
11-26 15:58:43.009 23667 23667 I StorageUtils: /storage/A435-F94C/Android/data/com.rmc.natour21/files is writable
11-26 15:58:43.016 23667 23667 I OsmDroid: Using tile source: Mapnik
11-26 15:58:43.019 23667 23667 I OsmDroid: Tile cache increased from 0 to 9
11-26 15:58:43.081 23667 23667 V TextView: notifyAutoFillManagerAfterTextChanged
11-26 15:58:43.081 23667 23667 V AutofillManager: notifyValueChanged(1073741825): ignoring on state UNKNOWN
11-26 15:58:43.083 23667 23667 V TextView: notifyAutoFillManagerAfterTextChanged
11-26 15:58:43.083 23667 23667 V AutofillManager: notifyValueChanged(1073741825): ignoring on state UNKNOWN
11-26 15:58:43.090 23667 23667 V TextView: notifyAutoFillManagerAfterTextChanged
11-26 15:58:43.090 23667 23667 V AutofillManager: notifyValueChanged(1073741826): ignoring on state UNKNOWN
11-26 15:58:43.091 23667 23667 V TextView: notifyAutoFillManagerAfterTextChanged
11-26 15:58:43.091 23667 23667 V AutofillManager: notifyValueChanged(1073741826): ignoring on state UNKNOWN
11-26 15:58:43.131 23667 23667 I Quality : ActivityThread: viewInflate delay 437 com.rmc.natour21:layout/fragment_insert 23667
11-26 15:58:43.164 23667 23667 I Choreographer: Skipped 43 frames!  The application may be doing too much work on its main thread.
11-26 15:58:43.164 23667 23667 I Quality : Skipped: false 43 cost 477.91095 refreshRate 11111111 processName com.rmc.natour21
11-26 15:58:43.180 23667 23667 I OsmDroid: Tile cache increased from 9 to 60
11-26 15:58:43.194 23667 23821 I libPerfCtl: fbcNotifySbeRescue ret=-1
11-26 15:58:43.198 23667 23667 I Quality : Skipped: false 2 cost 23.384377 refreshRate 11111111 processName com.rmc.natour21
11-26 15:58:43.199 23667 23821 I libPerfCtl: fbcNotifySbeRescue ret=-1
11-26 15:58:43.203 23667 23821 I libPerfCtl: fbcNotifySbeRescue ret=-1
11-26 15:58:43.301 23667 23667 I Quality : Skipped: false 7 cost 81.43976 refreshRate 11111111 processName com.rmc.natour21
11-26 15:58:43.328 23667 23667 I Quality : Skipped: false 1 cost 18.840963 refreshRate 11111111 processName com.rmc.natour21
11-26 15:58:43.348 23667 23667 I Quality : Skipped: false 1 cost 16.171288 refreshRate 11111111 processName com.rmc.natour21
11-26 15:58:45.567 23667 24047 W SendBird: [15:58:45.565 Connection$1:onMessage():235] onMessage instance : [PONG] com.sendbird.android.Connection@2c23b85
11-26 15:58:45.569 23667 24047 W Sendbird: [15:58:45.567 Connection$1:onMessage():236] onMessage instance : [PONG] com.sendbird.android.Connection@2c23b85
11-26 15:58:45.577 23667 24083 W SendBird: [15:58:45.575 EventController$1:call():141] ++ result[PONG] runnable=null
11-26 15:58:50.830 23667 23667 V AutofillManager: requestHideFillUi(null): anchor = null
11-26 15:58:55.409 23667 23667 V AutofillManager: requestHideFillUi(null): anchor = null
11-26 15:58:55.656 23667 23667 V AutofillManager: receiver results: flags=7 enabled=true, enabledForAugmentedOnly: false
11-26 15:58:55.656 23667 23667 V AutofillManager: startSessionLocked(): id=1073741825, bounds=null, value=[type=1, value=0_chars], flags=0, state=UNKNOWN, compatMode=false, augmentedOnly=false, enabledAugmentedOnly=false, enteredIds=null
11-26 15:58:55.692 23667 23667 D CompatibilityChangeReporter: Compat change id reported: 163400105; UID 10364; state: DISABLED
11-26 15:58:55.692 23667 23667 I Quality : Skipped: false 3 cost 41.71336 refreshRate 11111111 processName com.rmc.natour21
11-26 15:58:55.703 23667 23667 I AssistStructure: Flattened final assist data: 5008 bytes, containing 1 windows, 43 views
11-26 15:58:55.951 23667 23667 V AutofillManager: setSessionFinished(): from ACTIVE to FINISHED; autofillableIds=[1073741825, 1073741826]
11-26 15:58:59.743 23667 23667 V AutofillManager: requestHideFillUi(null): anchor = null
11-26 15:58:59.821 23667 23667 D InputMethodManager: showSoftInput() view=androidx.appcompat.widget.AppCompatEditText{8df909a VFED..CL. .F.P.... 96,48-984,168 #7f0a026a app:id/path_name aid=1073741825} flags=0 reason=SHOW_SOFT_INPUT
11-26 15:58:59.835 23667 23667 V AutofillManager: ignoring notifyViewEntered(flags=0, view=1073741825) on state FINISHED because view was already entered: {1073741825, 1073741826}
11-26 15:58:59.836 23667 23667 I Quality : Skipped: false 2 cost 23.063765 refreshRate 11111111 processName com.rmc.natour21
11-26 15:59:00.101 23667 23667 D InsetsController: show(ime(), fromIme=true)
11-26 15:59:00.268 23667 23667 V AutofillManager: requestHideFillUi(null): anchor = null
11-26 15:59:00.347 23667 23667 D InputMethodManager: showSoftInput() view=androidx.appcompat.widget.AppCompatEditText{8df909a VFED..CL. .F.P.... 96,48-984,168 #7f0a026a app:id/path_name aid=1073741825} flags=0 reason=SHOW_SOFT_INPUT
11-26 15:59:00.351 23667 23667 V AutofillManager: ignoring notifyViewEntered(flags=0, view=1073741825) on state FINISHED because view was already entered: {1073741825, 1073741826}
11-26 15:59:00.351 23667 23667 D InsetsController: show(ime(), fromIme=true)
11-26 15:59:00.562 23667 24047 W SendBird: [15:59:00.561 Connection$1:onMessage():235] onMessage instance : [PONG] com.sendbird.android.Connection@2c23b85
11-26 15:59:00.563 23667 24047 W Sendbird: [15:59:00.563 Connection$1:onMessage():236] onMessage instance : [PONG] com.sendbird.android.Connection@2c23b85
11-26 15:59:00.568 23667 24083 W SendBird: [15:59:00.567 EventController$1:call():141] ++ result[PONG] runnable=null
11-26 15:59:01.187 23667 23892 E BLASTBufferQueue: [ViewRootImpl[com.rmc.natour21/com.rmc.natour21.MainActivity]#1](f:0,a:2) isEGL=1, mPendingRelease.size()=1, mMaxAcquiredBuffers=4, currentMaxAcquiredBufferCount=2
11-26 15:59:01.652 23667 23667 V AutofillManager: requestHideFillUi(null): anchor = null
11-26 15:59:01.652 23667 23667 D OplusSystemUINavigationGesture: [GESTURE_BUTTON] swipe from 1
11-26 15:59:01.652 23667 23667 D OplusSystemUINavigationGesture: [GESTURE_BUTTON] Hit Gesture Region !
11-26 15:59:01.690 23667 23892 E BLASTBufferQueue: [ViewRootImpl[com.rmc.natour21/com.rmc.natour21.MainActivity]#1](f:0,a:3) isEGL=1, mPendingRelease.size()=2, mMaxAcquiredBuffers=4, currentMaxAcquiredBufferCount=2
11-26 15:59:03.874 23667 23667 V AutofillManager: requestHideFillUi(null): anchor = null
11-26 15:59:03.919 23667 23667 I oplus.android.OplusFrameworkFactoryImpl: get feature:IOplusDynamicVsyncFeature
11-26 15:59:03.919 23667 23667 I oplus.android.OplusFrameworkFactoryImpl: get feature:IOplusDynamicVsyncFeature
11-26 15:59:03.920 23667 23667 I oplus.android.OplusFrameworkFactoryImpl: get feature:IOplusDynamicVsyncFeature
11-26 15:59:03.946 23667 23667 V TextView: notifyAutoFillManagerAfterTextChanged
11-26 15:59:03.946 23667 23667 V AutofillManager: notifyValueChanged(1073741869): ignoring on state FINISHED
11-26 15:59:03.946 23667 23667 V TextView: notifyAutoFillManagerAfterTextChanged
11-26 15:59:03.946 23667 23667 V AutofillManager: notifyValueChanged(1073741869): ignoring on state FINISHED
11-26 15:59:03.975 23667 23667 I oplus.android.OplusFrameworkFactoryImpl: get feature:IOplusDynamicVsyncFeature
11-26 15:59:03.975 23667 23667 I oplus.android.OplusFrameworkFactoryImpl: get feature:IOplusDynamicVsyncFeature
11-26 15:59:03.975 23667 23667 I oplus.android.OplusFrameworkFactoryImpl: get feature:IOplusDynamicVsyncFeature
11-26 15:59:03.985 23667 23667 V TextView: notifyAutoFillManagerAfterTextChanged
11-26 15:59:03.985 23667 23667 V AutofillManager: notifyValueChanged(1073741824): ignoring on state FINISHED
11-26 15:59:04.000 23667 23667 I Quality : Skipped: false 8 cost 91.528885 refreshRate 11111111 processName com.rmc.natour21
11-26 15:59:04.165 23667 23667 I Quality : Skipped: false 14 cost 155.64949 refreshRate 11111111 processName com.rmc.natour21
11-26 15:59:04.200 23667 23667 I Quality : Skipped: false 3 cost 33.691845 refreshRate 11111111 processName com.rmc.natour21
11-26 15:59:04.245 23667 23667 I Quality : Skipped: true 1 cost 11.260504 refreshRate 11111111 processName com.rmc.natour21
11-26 15:59:05.415 23667 23667 I Quality : Skipped: false 5 cost 59.297707 refreshRate 11111111 processName com.rmc.natour21
11-26 15:59:08.412 23667 23667 V AutofillManager: requestHideFillUi(null): anchor = null
11-26 15:59:08.451 23667 23667 I OsmDroid: Using tile source: Mapnik
11-26 15:59:08.451 23667 23667 I OsmDroid: Tile cache increased from 0 to 9
11-26 15:59:08.475 23667 23667 V TextView: notifyAutoFillManagerAfterTextChanged
11-26 15:59:08.475 23667 23667 V AutofillManager: notifyValueChanged(1073741870): ignoring on state FINISHED
11-26 15:59:08.476 23667 23667 V TextView: notifyAutoFillManagerAfterTextChanged
11-26 15:59:08.476 23667 23667 V AutofillManager: notifyValueChanged(1073741870): ignoring on state FINISHED
11-26 15:59:08.483 23667 23667 V TextView: notifyAutoFillManagerAfterTextChanged
11-26 15:59:08.483 23667 23667 V AutofillManager: notifyValueChanged(1073741871): ignoring on state FINISHED
11-26 15:59:08.483 23667 23667 V TextView: notifyAutoFillManagerAfterTextChanged
11-26 15:59:08.483 23667 23667 V AutofillManager: notifyValueChanged(1073741871): ignoring on state FINISHED
11-26 15:59:08.518 23667 23667 V TextView: notifyAutoFillManagerAfterTextChanged
11-26 15:59:08.518 23667 23667 V AutofillManager: notifyValueChanged(1073741825): ignoring on state FINISHED
11-26 15:59:08.733 23667 23667 W System.err: java.io.IOException: INVALID_ARGUMENT: At least one of address or componentFilters must be specified.
11-26 15:59:08.733 23667 23667 W System.err: 	at android.location.Geocoder$GeocodeListener.getResults(Geocoder.java:246)
11-26 15:59:08.733 23667 23667 W System.err: 	at android.location.Geocoder.getFromLocationName(Geocoder.java:215)
11-26 15:59:08.733 23667 23667 W System.err: 	at android.location.Geocoder.getFromLocationName(Geocoder.java:164)
11-26 15:59:08.733 23667 23667 W System.err: 	at com.rmc.natour21.Fragment.InsertPath.InsertFragment.geoCode(InsertFragment.kt:528)
11-26 15:59:08.733 23667 23667 W System.err: 	at com.rmc.natour21.Fragment.InsertPath.InsertFragment$onViewCreated$2$1.onQueryTextChange(InsertFragment.kt:288)
11-26 15:59:08.733 23667 23667 W System.err: 	at android.widget.SearchView.onTextChanged(SearchView.java:1293)
11-26 15:59:08.733 23667 23667 W System.err: 	at android.widget.SearchView.access$2100(SearchView.java:101)
11-26 15:59:08.733 23667 23667 W System.err: 	at android.widget.SearchView$10.onTextChanged(SearchView.java:1822)
11-26 15:59:08.733 23667 23667 W System.err: 	at android.widget.TextView.sendOnTextChanged(TextView.java:10908)
11-26 15:59:08.733 23667 23667 W System.err: 	at android.widget.TextView.setText(TextView.java:6460)
11-26 15:59:08.733 23667 23667 W System.err: 	at android.widget.TextView.setText(TextView.java:6286)
11-26 15:59:08.733 23667 23667 W System.err: 	at android.widget.EditText.setText(EditText.java:121)
11-26 15:59:08.733 23667 23667 W System.err: 	at android.widget.TextView.setText(TextView.java:6238)
11-26 15:59:08.733 23667 23667 W System.err: 	at android.widget.TextView.onRestoreInstanceState(TextView.java:6105)
11-26 15:59:08.733 23667 23667 W System.err: 	at android.view.View.dispatchRestoreInstanceState(View.java:21228)
11-26 15:59:08.733 23667 23667 W System.err: 	at android.view.ViewGroup.dispatchRestoreInstanceState(ViewGroup.java:4124)
11-26 15:59:08.733 23667 23667 W System.err: 	at android.view.ViewGroup.dispatchRestoreInstanceState(ViewGroup.java:4124)
11-26 15:59:08.733 23667 23667 W System.err: 	at android.view.ViewGroup.dispatchRestoreInstanceState(ViewGroup.java:4124)
11-26 15:59:08.733 23667 23667 W System.err: 	at android.view.ViewGroup.dispatchRestoreInstanceState(ViewGroup.java:4124)
11-26 15:59:08.733 23667 23667 W System.err: 	at android.view.ViewGroup.dispatchRestoreInstanceState(ViewGroup.java:4124)
11-26 15:59:08.733 23667 23667 W System.err: 	at android.view.ViewGroup.dispatchRestoreInstanceState(ViewGroup.java:4124)
11-26 15:59:08.733 23667 23667 W System.err: 	at android.view.View.restoreHierarchyState(View.java:21206)
11-26 15:59:08.733 23667 23667 W System.err: 	at androidx.fragment.app.Fragment.restoreViewState(Fragment.java:689)
11-26 15:59:08.733 23667 23667 W System.err: 	at androidx.fragment.app.Fragment.restoreViewState(Fragment.java:3151)
11-26 15:59:08.733 23667 23667 W System.err: 	at androidx.fragment.app.Fragment.performActivityCreated(Fragment.java:3142)
11-26 15:59:08.733 23667 23667 W System.err: 	at androidx.fragment.app.FragmentStateManager.activityCreated(FragmentStateManager.java:579)
11-26 15:59:08.733 23667 23667 W System.err: 	at androidx.fragment.app.FragmentStateManager.moveToExpectedState(FragmentStateManager.java:264)
11-26 15:59:08.733 23667 23667 W System.err: 	at androidx.fragment.app.FragmentManager.executeOpsTogether(FragmentManager.java:1899)
11-26 15:59:08.733 23667 23667 W System.err: 	at androidx.fragment.app.FragmentManager.removeRedundantOperationsAndExecute(FragmentManager.java:1817)
11-26 15:59:08.734 23667 23667 W System.err: 	at androidx.fragment.app.FragmentManager.execPendingActions(FragmentManager.java:1760)
11-26 15:59:08.734 23667 23667 W System.err: 	at androidx.fragment.app.FragmentManager$5.run(FragmentManager.java:547)
11-26 15:59:08.734 23667 23667 W System.err: 	at android.os.Handler.handleCallback(Handler.java:938)
11-26 15:59:08.734 23667 23667 W System.err: 	at android.os.Handler.dispatchMessage(Handler.java:99)
11-26 15:59:08.734 23667 23667 W System.err: 	at android.os.Looper.loopOnce(Looper.java:233)
11-26 15:59:08.734 23667 23667 W System.err: 	at android.os.Looper.loop(Looper.java:344)
11-26 15:59:08.734 23667 23667 W System.err: 	at android.app.ActivityThread.main(ActivityThread.java:8223)
11-26 15:59:08.734 23667 23667 W System.err: 	at java.lang.reflect.Method.invoke(Native Method)
11-26 15:59:08.734 23667 23667 W System.err: 	at com.android.internal.os.RuntimeInit$MethodAndArgsCaller.run(RuntimeInit.java:589)
11-26 15:59:08.734 23667 23667 W System.err: 	at com.android.internal.os.ZygoteInit.main(ZygoteInit.java:1071)
11-26 15:59:08.735 23667 23667 V TextView: notifyAutoFillManagerAfterTextChanged
11-26 15:59:08.735 23667 23667 V AutofillManager: notifyValueChanged(1073741826): ignoring on state FINISHED
11-26 15:59:08.748 23667 23667 I Quality : Skipped: false 27 cost 302.8296 refreshRate 11111111 processName com.rmc.natour21
11-26 15:59:08.762 23667 23667 I OsmDroid: Tile cache increased from 9 to 60
11-26 15:59:08.775 23667 23667 I Quality : Skipped: false 2 cost 25.703844 refreshRate 11111111 processName com.rmc.natour21
11-26 15:59:11.773 23667 23667 V AutofillManager: requestHideFillUi(null): anchor = null
11-26 15:59:11.809 23667 23667 I oplus.android.OplusFrameworkFactoryImpl: get feature:IOplusDynamicVsyncFeature
11-26 15:59:11.809 23667 23667 I oplus.android.OplusFrameworkFactoryImpl: get feature:IOplusDynamicVsyncFeature
11-26 15:59:11.810 23667 23667 I oplus.android.OplusFrameworkFactoryImpl: get feature:IOplusDynamicVsyncFeature
11-26 15:59:11.828 23667 23667 V TextView: notifyAutoFillManagerAfterTextChanged
11-26 15:59:11.828 23667 23667 V AutofillManager: notifyValueChanged(1073741872): ignoring on state FINISHED
11-26 15:59:11.828 23667 23667 V TextView: notifyAutoFillManagerAfterTextChanged
11-26 15:59:11.828 23667 23667 V AutofillManager: notifyValueChanged(1073741872): ignoring on state FINISHED
11-26 15:59:11.850 23667 23667 I oplus.android.OplusFrameworkFactoryImpl: get feature:IOplusDynamicVsyncFeature
11-26 15:59:11.850 23667 23667 I oplus.android.OplusFrameworkFactoryImpl: get feature:IOplusDynamicVsyncFeature
11-26 15:59:11.850 23667 23667 I oplus.android.OplusFrameworkFactoryImpl: get feature:IOplusDynamicVsyncFeature
11-26 15:59:11.858 23667 23667 V TextView: notifyAutoFillManagerAfterTextChanged
11-26 15:59:11.858 23667 23667 V AutofillManager: notifyValueChanged(1073741824): ignoring on state FINISHED
11-26 15:59:11.868 23667 23667 I Quality : Skipped: false 5 cost 58.143085 refreshRate 11111111 processName com.rmc.natour21
11-26 15:59:12.011 23667 23667 I Quality : Skipped: false 11 cost 131.40985 refreshRate 11111111 processName com.rmc.natour21
11-26 15:59:12.033 23667 23667 I Quality : Skipped: false 1 cost 19.022264 refreshRate 11111111 processName com.rmc.natour21
11-26 15:59:12.049 23667 23667 I Quality : Skipped: false 1 cost 12.244957 refreshRate 11111111 processName com.rmc.natour21
11-26 15:59:12.427 23667 23667 V AutofillManager: requestHideFillUi(null): anchor = null
11-26 15:59:12.589 23667 23667 I Quality : Skipped: false 2 cost 25.106554 refreshRate 11111111 processName com.rmc.natour21
11-26 15:59:12.599 23667 24091 D skia    : SkJpegCodec::onGetPixels +
11-26 15:59:12.615 23667 24091 D skia    : SkJpegCodec::onGetPixels -
11-26 15:59:12.622 23667 24091 D skia    : SkJpegCodec::onGetPixels +
11-26 15:59:12.629 23667 24091 D skia    : SkJpegCodec::onGetPixels -
11-26 15:59:12.637 23667 24091 D skia    : SkJpegCodec::onGetPixels +
11-26 15:59:12.646 23667 24091 D skia    : SkJpegCodec::onGetPixels -
11-26 15:59:12.815 23667 23667 I Quality : Skipped: false 5 cost 60.86531 refreshRate 11111111 processName com.rmc.natour21
11-26 15:59:15.562 23667 24047 W SendBird: [15:59:15.561 Connection$1:onMessage():235] onMessage instance : [PONG] com.sendbird.android.Connection@2c23b85
11-26 15:59:15.564 23667 24047 W Sendbird: [15:59:15.563 Connection$1:onMessage():236] onMessage instance : [PONG] com.sendbird.android.Connection@2c23b85
11-26 15:59:15.572 23667 24083 W SendBird: [15:59:15.570 EventController$1:call():141] ++ result[PONG] runnable=null
11-26 15:59:15.579 23667 23667 V AutofillManager: requestHideFillUi(null): anchor = null
11-26 15:59:15.613 23667 23667 I OsmDroid: Using tile source: Mapnik
11-26 15:59:15.613 23667 23667 I OsmDroid: Tile cache increased from 0 to 9
11-26 15:59:15.636 23667 23667 V TextView: notifyAutoFillManagerAfterTextChanged
11-26 15:59:15.636 23667 23667 V AutofillManager: notifyValueChanged(1073741873): ignoring on state FINISHED
11-26 15:59:15.639 23667 23667 V TextView: notifyAutoFillManagerAfterTextChanged
11-26 15:59:15.639 23667 23667 V AutofillManager: notifyValueChanged(1073741873): ignoring on state FINISHED
11-26 15:59:15.648 23667 23667 V TextView: notifyAutoFillManagerAfterTextChanged
11-26 15:59:15.648 23667 23667 V AutofillManager: notifyValueChanged(1073741874): ignoring on state FINISHED
11-26 15:59:15.649 23667 23667 V TextView: notifyAutoFillManagerAfterTextChanged
11-26 15:59:15.649 23667 23667 V AutofillManager: notifyValueChanged(1073741874): ignoring on state FINISHED
11-26 15:59:15.676 23667 23667 V TextView: notifyAutoFillManagerAfterTextChanged
11-26 15:59:15.676 23667 23667 V AutofillManager: notifyValueChanged(1073741825): ignoring on state FINISHED
11-26 15:59:16.245 23667 23667 W System.err: java.io.IOException: INVALID_ARGUMENT: At least one of address or componentFilters must be specified.
11-26 15:59:16.245 23667 23667 W System.err: 	at android.location.Geocoder$GeocodeListener.getResults(Geocoder.java:246)
11-26 15:59:16.245 23667 23667 W System.err: 	at android.location.Geocoder.getFromLocationName(Geocoder.java:215)
11-26 15:59:16.245 23667 23667 W System.err: 	at android.location.Geocoder.getFromLocationName(Geocoder.java:164)
11-26 15:59:16.245 23667 23667 W System.err: 	at com.rmc.natour21.Fragment.InsertPath.InsertFragment.geoCode(InsertFragment.kt:528)
11-26 15:59:16.245 23667 23667 W System.err: 	at com.rmc.natour21.Fragment.InsertPath.InsertFragment$onViewCreated$2$1.onQueryTextChange(InsertFragment.kt:288)
11-26 15:59:16.245 23667 23667 W System.err: 	at android.widget.SearchView.onTextChanged(SearchView.java:1293)
11-26 15:59:16.245 23667 23667 W System.err: 	at android.widget.SearchView.access$2100(SearchView.java:101)
11-26 15:59:16.245 23667 23667 W System.err: 	at android.widget.SearchView$10.onTextChanged(SearchView.java:1822)
11-26 15:59:16.245 23667 23667 W System.err: 	at android.widget.TextView.sendOnTextChanged(TextView.java:10908)
11-26 15:59:16.246 23667 23667 W System.err: 	at android.widget.TextView.setText(TextView.java:6460)
11-26 15:59:16.246 23667 23667 W System.err: 	at android.widget.TextView.setText(TextView.java:6286)
11-26 15:59:16.246 23667 23667 W System.err: 	at android.widget.EditText.setText(EditText.java:121)
11-26 15:59:16.246 23667 23667 W System.err: 	at android.widget.TextView.setText(TextView.java:6238)
11-26 15:59:16.246 23667 23667 W System.err: 	at android.widget.TextView.onRestoreInstanceState(TextView.java:6105)
11-26 15:59:16.246 23667 23667 W System.err: 	at android.view.View.dispatchRestoreInstanceState(View.java:21228)
11-26 15:59:16.246 23667 23667 W System.err: 	at android.view.ViewGroup.dispatchRestoreInstanceState(ViewGroup.java:4124)
11-26 15:59:16.246 23667 23667 W System.err: 	at android.view.ViewGroup.dispatchRestoreInstanceState(ViewGroup.java:4124)
11-26 15:59:16.246 23667 23667 W System.err: 	at android.view.ViewGroup.dispatchRestoreInstanceState(ViewGroup.java:4124)
11-26 15:59:16.246 23667 23667 W System.err: 	at android.view.ViewGroup.dispatchRestoreInstanceState(ViewGroup.java:4124)
11-26 15:59:16.246 23667 23667 W System.err: 	at android.view.ViewGroup.dispatchRestoreInstanceState(ViewGroup.java:4124)
11-26 15:59:16.246 23667 23667 W System.err: 	at android.view.ViewGroup.dispatchRestoreInstanceState(ViewGroup.java:4124)
11-26 15:59:16.246 23667 23667 W System.err: 	at android.view.View.restoreHierarchyState(View.java:21206)
11-26 15:59:16.246 23667 23667 W System.err: 	at androidx.fragment.app.Fragment.restoreViewState(Fragment.java:689)
11-26 15:59:16.246 23667 23667 W System.err: 	at androidx.fragment.app.Fragment.restoreViewState(Fragment.java:3151)
11-26 15:59:16.246 23667 23667 W System.err: 	at androidx.fragment.app.Fragment.performActivityCreated(Fragment.java:3142)
11-26 15:59:16.246 23667 23667 W System.err: 	at androidx.fragment.app.FragmentStateManager.activityCreated(FragmentStateManager.java:579)
11-26 15:59:16.246 23667 23667 W System.err: 	at androidx.fragment.app.FragmentStateManager.moveToExpectedState(FragmentStateManager.java:264)
11-26 15:59:16.246 23667 23667 W System.err: 	at androidx.fragment.app.FragmentManager.executeOpsTogether(FragmentManager.java:1899)
11-26 15:59:16.246 23667 23667 W System.err: 	at androidx.fragment.app.FragmentManager.removeRedundantOperationsAndExecute(FragmentManager.java:1817)
11-26 15:59:16.246 23667 23667 W System.err: 	at androidx.fragment.app.FragmentManager.execPendingActions(FragmentManager.java:1760)
11-26 15:59:16.246 23667 23667 W System.err: 	at androidx.fragment.app.FragmentManager$5.run(FragmentManager.java:547)
11-26 15:59:16.246 23667 23667 W System.err: 	at android.os.Handler.handleCallback(Handler.java:938)
11-26 15:59:16.246 23667 23667 W System.err: 	at android.os.Handler.dispatchMessage(Handler.java:99)
11-26 15:59:16.246 23667 23667 W System.err: 	at android.os.Looper.loopOnce(Looper.java:233)
11-26 15:59:16.246 23667 23667 W System.err: 	at android.os.Looper.loop(Looper.java:344)
11-26 15:59:16.246 23667 23667 W System.err: 	at android.app.ActivityThread.main(ActivityThread.java:8223)
11-26 15:59:16.246 23667 23667 W System.err: 	at java.lang.reflect.Method.invoke(Native Method)
11-26 15:59:16.246 23667 23667 W System.err: 	at com.android.internal.os.RuntimeInit$MethodAndArgsCaller.run(RuntimeInit.java:589)
11-26 15:59:16.246 23667 23667 W System.err: 	at com.android.internal.os.ZygoteInit.main(ZygoteInit.java:1071)
11-26 15:59:16.248 23667 23667 V TextView: notifyAutoFillManagerAfterTextChanged
11-26 15:59:16.248 23667 23667 V AutofillManager: notifyValueChanged(1073741826): ignoring on state FINISHED
11-26 15:59:16.263 23667 23667 I Choreographer: Skipped 59 frames!  The application may be doing too much work on its main thread.
11-26 15:59:16.264 23667 23667 I Quality : Skipped: false 59 cost 658.97174 refreshRate 11111111 processName com.rmc.natour21
11-26 15:59:16.276 23667 23667 I OsmDroid: Tile cache increased from 9 to 60
11-26 15:59:16.290 23667 23667 I Quality : Skipped: false 1 cost 18.435877 refreshRate 11111111 processName com.rmc.natour21
11-26 15:59:17.788 23667 23667 V AutofillManager: requestHideFillUi(null): anchor = null
11-26 15:59:17.824 23667 23667 V AutofillManager: ignoring notifyViewEntered(flags=0, view=1073741825) on state FINISHED because view was already entered: {1073741825, 1073741826}
11-26 15:59:17.829 23667 23667 D InputMethodManager: showSoftInput() view=androidx.appcompat.widget.AppCompatEditText{1f267ab VFED..CL. .F.P..ID 96,48-984,168 #7f0a026a app:id/path_name aid=1073741825} flags=0 reason=SHOW_SOFT_INPUT
11-26 15:59:17.878 23667 23667 D InsetsController: show(ime(), fromIme=true)
11-26 15:59:18.705 23667 23667 V TextView: notifyAutoFillManagerAfterTextChanged
11-26 15:59:18.705 23667 23667 V AutofillManager: notifyValueChanged(1073741825): ignoring on state FINISHED
11-26 15:59:18.865 23667 23667 V TextView: notifyAutoFillManagerAfterTextChanged
11-26 15:59:18.865 23667 23667 V AutofillManager: notifyValueChanged(1073741825): ignoring on state FINISHED
11-26 15:59:19.015 23667 23667 V TextView: notifyAutoFillManagerAfterTextChanged
11-26 15:59:19.015 23667 23667 V AutofillManager: notifyValueChanged(1073741825): ignoring on state FINISHED
11-26 15:59:19.048 23667 23892 E BLASTBufferQueue: [ViewRootImpl[com.rmc.natour21/com.rmc.natour21.MainActivity]#1](f:0,a:2) isEGL=1, mPendingRelease.size()=1, mMaxAcquiredBuffers=4, currentMaxAcquiredBufferCount=2
11-26 15:59:19.172 23667 23667 V TextView: notifyAutoFillManagerAfterTextChanged
11-26 15:59:19.172 23667 23667 V AutofillManager: notifyValueChanged(1073741825): ignoring on state FINISHED
11-26 15:59:19.204 23667 23892 E BLASTBufferQueue: [ViewRootImpl[com.rmc.natour21/com.rmc.natour21.MainActivity]#1](f:0,a:3) isEGL=1, mPendingRelease.size()=2, mMaxAcquiredBuffers=4, currentMaxAcquiredBufferCount=2
11-26 15:59:19.323 23667 23667 V TextView: notifyAutoFillManagerAfterTextChanged
11-26 15:59:19.323 23667 23667 V AutofillManager: notifyValueChanged(1073741825): ignoring on state FINISHED
11-26 15:59:20.528 23667 23667 V AutofillManager: requestHideFillUi(null): anchor = null
11-26 15:59:20.528 23667 23667 D OplusSystemUINavigationGesture: [GESTURE_BUTTON] swipe from 1
11-26 15:59:20.528 23667 23667 D OplusSystemUINavigationGesture: [GESTURE_BUTTON] Hit Gesture Region !
11-26 15:59:21.777 23667 23667 V AutofillManager: requestHideFillUi(null): anchor = null
11-26 15:59:21.825 23667 23667 D InputMethodManager: showSoftInput() view=android.widget.SearchView$SearchAutoComplete{e850d11 VFED..CL. .F....ID 0,0-0,0 #1020465 android:id/search_src_text aid=1073741826} flags=0 reason=SHOW_SOFT_INPUT
11-26 15:59:21.834 23667 23667 V AutofillManager: ignoring notifyViewEntered(flags=0, view=1073741826) on state FINISHED because view was already entered: {1073741825, 1073741826}
11-26 15:59:21.851 23667 23667 D InsetsController: show(ime(), fromIme=true)
11-26 15:59:23.358 23667 23693 E BLASTBufferQueue: [ViewRootImpl[com.rmc.natour21/com.rmc.natour21.MainActivity]#1](f:0,a:2) isEGL=1, mPendingRelease.size()=1, mMaxAcquiredBuffers=4, currentMaxAcquiredBufferCount=2
11-26 15:59:23.874 23667 23693 E BLASTBufferQueue: [ViewRootImpl[com.rmc.natour21/com.rmc.natour21.MainActivity]#1](f:0,a:3) isEGL=1, mPendingRelease.size()=2, mMaxAcquiredBuffers=4, currentMaxAcquiredBufferCount=2
11-26 15:59:24.945 23667 23667 V TextView: notifyAutoFillManagerAfterTextChanged
11-26 15:59:24.945 23667 23667 V AutofillManager: notifyValueChanged(1073741826): ignoring on state FINISHED
11-26 15:59:25.128 23667 23667 V TextView: notifyAutoFillManagerAfterTextChanged
11-26 15:59:25.128 23667 23667 V AutofillManager: notifyValueChanged(1073741826): ignoring on state FINISHED
11-26 15:59:25.132 23667 23667 I Quality : Skipped: false 10 cost 182.11601 refreshRate 16666667 processName com.rmc.natour21
11-26 15:59:25.371 23667 23667 V TextView: notifyAutoFillManagerAfterTextChanged
11-26 15:59:25.371 23667 23667 V AutofillManager: notifyValueChanged(1073741826): ignoring on state FINISHED
11-26 15:59:25.685 23667 23667 V TextView: notifyAutoFillManagerAfterTextChanged
11-26 15:59:25.685 23667 23667 V AutofillManager: notifyValueChanged(1073741826): ignoring on state FINISHED
11-26 15:59:26.201 23667 23667 V TextView: notifyAutoFillManagerAfterTextChanged
11-26 15:59:26.201 23667 23667 V AutofillManager: notifyValueChanged(1073741826): ignoring on state FINISHED
11-26 15:59:26.425 23667 23667 V TextView: notifyAutoFillManagerAfterTextChanged
11-26 15:59:26.425 23667 23667 V AutofillManager: notifyValueChanged(1073741826): ignoring on state FINISHED
11-26 15:59:26.446 23667 23667 D WindowManager: Add to mViews: android.widget.PopupWindow$PopupDecorView{a4eeefe V.E...... R.....I. 0,0-0,0},pkg= com.rmc.natour21
11-26 15:59:26.452 23667 23667 D ViewRootImpl[PopupWindow:266ed03]: hardware acceleration = true, sRendererEnabled = true, forceHwAccelerated = false
11-26 15:59:26.461 23667 23667 I Quality : Skipped: false 1 cost 30.837332 refreshRate 16666667 processName com.rmc.natour21
11-26 15:59:26.481 23667 23667 I BufferQueueConsumer: [](id:5c7300000002,api:0,p:-1,c:23667) connect: controlledByApp=false
11-26 15:59:26.482 23667 23667 I BLASTBufferQueue: [ViewRootImpl[PopupWindow:266ed03]#2] constructor()
11-26 15:59:26.485 23667 23783 I BufferQueueProducer: [ViewRootImpl[PopupWindow:266ed03]#2(BLAST Consumer)2](id:5c7300000002,api:1,p:23667,c:23667) connect: api=1 producerControlledByApp=true
11-26 15:59:26.512 23667 23693 D SurfaceComposerClient: VRR [FRTC] client handle [bufferId:18446744073709551615 framenumber:0] [ffffffff, ffffffff]
11-26 15:59:26.533 23667 25197 E BLASTBufferQueue: [ViewRootImpl[PopupWindow:266ed03]#2](f:0,a:2) isEGL=1, mPendingRelease.size()=1, mMaxAcquiredBuffers=4, currentMaxAcquiredBufferCount=2
11-26 15:59:26.924 23667 23667 V TextView: notifyAutoFillManagerAfterTextChanged
11-26 15:59:26.924 23667 23667 V AutofillManager: notifyValueChanged(1073741826): ignoring on state FINISHED
11-26 15:59:27.122 23667 23667 V TextView: notifyAutoFillManagerAfterTextChanged
11-26 15:59:27.123 23667 23667 V AutofillManager: notifyValueChanged(1073741826): ignoring on state FINISHED
11-26 15:59:27.141 23667 23783 I BufferQueueProducer: [ViewRootImpl[PopupWindow:266ed03]#2(BLAST Consumer)2](id:5c7300000002,api:1,p:23667,c:23667) disconnect: api 1
11-26 15:59:27.141 23667 23783 E BLASTBufferQueue: BLASTBufferItemConsumer::onDisconnect()
11-26 15:59:27.142 23667 23783 I BufferQueueProducer: [ViewRootImpl[PopupWindow:266ed03]#2(BLAST Consumer)2](id:5c7300000002,api:1,p:23667,c:23667) connect: api=1 producerControlledByApp=true
11-26 15:59:27.148 23667 23667 V OplusZoomWindowDecorViewHelper: removeZoomView
11-26 15:59:27.156 23667 23783 I BufferQueueProducer: [ViewRootImpl[PopupWindow:266ed03]#2(BLAST Consumer)2](id:5c7300000002,api:1,p:23667,c:23667) disconnect: api 1
11-26 15:59:27.157 23667 23783 E BLASTBufferQueue: BLASTBufferItemConsumer::onDisconnect()
11-26 15:59:27.157 23667 23667 D View    : [Warning] assignParent to null: this = android.widget.PopupWindow$PopupDecorView{a4eeefe V.E...... R.....ID 0,0-990,0}
11-26 15:59:27.157 23667 23667 I BLASTBufferQueue: [ViewRootImpl[PopupWindow:266ed03]#2] destructor()
11-26 15:59:27.157 23667 23667 I BufferQueueConsumer: [ViewRootImpl[PopupWindow:266ed03]#2(BLAST Consumer)2](id:5c7300000002,api:0,p:-1,c:23667) disconnect
11-26 15:59:27.167 23667 23667 I Quality : Skipped: false 1 cost 24.419989 refreshRate 16666667 processName com.rmc.natour21
11-26 15:59:27.433 23667 25197 I BLASTBufferQueue: releaseBufferCallbackThunk bufferId:101648990994449 framenumber:2 blastBufferQueue is dead
11-26 15:59:28.275 23667 23667 V TextView: notifyAutoFillManagerAfterTextChanged
11-26 15:59:28.275 23667 23667 V AutofillManager: notifyValueChanged(1073741826): ignoring on state FINISHED
11-26 15:59:30.379 23667 23667 V TextView: notifyAutoFillManagerAfterTextChanged
11-26 15:59:30.379 23667 23667 V AutofillManager: notifyValueChanged(1073741826): ignoring on state FINISHED
11-26 15:59:30.397 23667 23667 D WindowManager: Add to mViews: android.widget.PopupWindow$PopupDecorView{c26fd0a V.E...... R.....I. 0,0-0,0},pkg= com.rmc.natour21
11-26 15:59:30.399 23667 23667 D ViewRootImpl[PopupWindow:266ed03]: hardware acceleration = true, sRendererEnabled = true, forceHwAccelerated = false
11-26 15:59:30.427 23667 23667 I BufferQueueConsumer: [](id:5c7300000003,api:0,p:-1,c:23667) connect: controlledByApp=false
11-26 15:59:30.428 23667 23667 I BLASTBufferQueue: [ViewRootImpl[PopupWindow:266ed03]#3] constructor()
11-26 15:59:30.430 23667 23783 I BufferQueueProducer: [ViewRootImpl[PopupWindow:266ed03]#3(BLAST Consumer)3](id:5c7300000003,api:1,p:23667,c:23667) connect: api=1 producerControlledByApp=true
11-26 15:59:30.455 23667 25197 D SurfaceComposerClient: VRR [FRTC] client handle [bufferId:18446744073709551615 framenumber:0] [ffffffff, ffffffff]
11-26 15:59:30.461 23667 25197 E BLASTBufferQueue: [ViewRootImpl[PopupWindow:266ed03]#3](f:0,a:2) isEGL=1, mPendingRelease.size()=1, mMaxAcquiredBuffers=4, currentMaxAcquiredBufferCount=2
11-26 15:59:30.568 23667 24047 W SendBird: [15:59:30.565 Connection$1:onMessage():235] onMessage instance : [PONG] com.sendbird.android.Connection@2c23b85
11-26 15:59:30.571 23667 24047 W Sendbird: [15:59:30.569 Connection$1:onMessage():236] onMessage instance : [PONG] com.sendbird.android.Connection@2c23b85
11-26 15:59:30.583 23667 24083 W SendBird: [15:59:30.582 EventController$1:call():141] ++ result[PONG] runnable=null
11-26 15:59:31.484 23667 23667 V AutofillManager: requestHideFillUi(null): anchor = null
11-26 15:59:31.551 23667 23693 E BLASTBufferQueue: [ViewRootImpl[PopupWindow:266ed03]#3](f:0,a:3) isEGL=1, mPendingRelease.size()=2, mMaxAcquiredBuffers=4, currentMaxAcquiredBufferCount=2
11-26 15:59:32.053 23667 23667 V TextView: notifyAutoFillManagerAfterTextChanged
11-26 15:59:32.053 23667 23667 V AutofillManager: notifyValueChanged(1073741826): ignoring on state FINISHED
11-26 15:59:32.238 23667 23667 V OplusZoomWindowDecorViewHelper: removeZoomView
11-26 15:59:32.239 23667 23783 I BufferQueueProducer: [ViewRootImpl[PopupWindow:266ed03]#3(BLAST Consumer)3](id:5c7300000003,api:1,p:23667,c:23667) disconnect: api 1
11-26 15:59:32.239 23667 23783 E BLASTBufferQueue: BLASTBufferItemConsumer::onDisconnect()
11-26 15:59:32.240 23667 23783 D OpenGLRenderer: endAllActiveAnimators on 0xb400006ee22ea600 (DropDownListView) with handle 0xb400006ede9fc580
11-26 15:59:32.240 23667 23667 D View    : [Warning] assignParent to null: this = android.widget.PopupWindow$PopupDecorView{c26fd0a V.E...... R.....ID 0,0-990,168}
11-26 15:59:32.242 23667 25197 I BLASTBufferQueue: [ViewRootImpl[PopupWindow:266ed03]#3] destructor()
11-26 15:59:32.243 23667 25197 I BufferQueueConsumer: [ViewRootImpl[PopupWindow:266ed03]#3(BLAST Consumer)3](id:5c7300000003,api:0,p:-1,c:23667) disconnect
11-26 15:59:32.247 23667 23667 I Choreographer: Skipped 42 frames!  The application may be doing too much work on its main thread.
11-26 15:59:32.247 23667 23667 I Quality : Skipped: false 42 cost 701.40326 refreshRate 16666667 processName com.rmc.natour21
11-26 15:59:32.275 23667 25197 I OpenGLRenderer: Davey! duration=721ms; Flags=0, FrameTimelineVsyncId=28752741, IntendedVsync=999204891425156, Vsync=999205591425170, InputEventId=0, HandleInputStart=999205592997248, AnimationStart=999205592999479, PerformTraversalsStart=999205593027402, DrawStart=999205594320017, FrameDeadline=999204911425156, FrameInterval=999205592828402, FrameStartTime=16666667, SyncQueued=999205600466171, SyncStart=999205600606171, IssueDrawCommandsStart=999205600736325, SwapBuffers=999205604454863, FrameCompleted=999205613161017, DequeueBufferDuration=21846, QueueBufferDuration=452692, GpuCompleted=999205613161017, SwapBuffersCompleted=999205608629633, DisplayPresentTime=0, 
11-26 15:59:32.297 23667 23667 D InsetsController: show(ime(), fromIme=true)
11-26 15:59:32.509 23667 25197 I BLASTBufferQueue: releaseBufferCallbackThunk bufferId:101648990994455 framenumber:44 blastBufferQueue is dead
11-26 15:59:34.634 23667 25547 I Quality : SlowSQLite: /executeForLastInsertedRowId INSERT OR REPLACE  INTO tiles(expires,provider,key,tile) VALUES (?,?,?,?)/ cost= /896
11-26 15:59:37.654 23667 23667 V AutofillManager: requestHideFillUi(null): anchor = null
11-26 15:59:41.463 23667 23667 V AutofillManager: requestHideFillUi(null): anchor = null
11-26 15:59:41.519 23667 23667 I Quality : Skipped: false 1 cost 11.860361 refreshRate 11111111 processName com.rmc.natour21
11-26 15:59:44.020 23667 23667 V AutofillManager: requestHideFillUi(null): anchor = null
11-26 15:59:45.635 23667 24047 W SendBird: [15:59:45.632 Connection$1:onMessage():235] onMessage instance : [PONG] com.sendbird.android.Connection@2c23b85
11-26 15:59:45.638 23667 24047 W Sendbird: [15:59:45.636 Connection$1:onMessage():236] onMessage instance : [PONG] com.sendbird.android.Connection@2c23b85
11-26 15:59:45.651 23667 24083 W SendBird: [15:59:45.650 EventController$1:call():141] ++ result[PONG] runnable=null
11-26 15:59:46.669 23667 23667 V AutofillManager: requestHideFillUi(null): anchor = null
11-26 15:59:46.829 23667 23667 V AutofillManager: requestHideFillUi(null): anchor = null
11-26 15:59:46.992 23667 23667 V AutofillManager: requestHideFillUi(null): anchor = null
11-26 15:59:47.699 23667 23667 V AutofillManager: requestHideFillUi(null): anchor = null
11-26 15:59:47.919 23667 23667 W System.err: java.io.IOException: INVALID_ARGUMENT: At least one of address or componentFilters must be specified.
11-26 15:59:47.919 23667 23667 W System.err: 	at android.location.Geocoder$GeocodeListener.getResults(Geocoder.java:246)
11-26 15:59:47.919 23667 23667 W System.err: 	at android.location.Geocoder.getFromLocationName(Geocoder.java:215)
11-26 15:59:47.919 23667 23667 W System.err: 	at android.location.Geocoder.getFromLocationName(Geocoder.java:164)
11-26 15:59:47.919 23667 23667 W System.err: 	at com.rmc.natour21.Fragment.InsertPath.InsertFragment.geoCode(InsertFragment.kt:528)
11-26 15:59:47.919 23667 23667 W System.err: 	at com.rmc.natour21.Fragment.InsertPath.InsertFragment$onViewCreated$2$1.onQueryTextChange(InsertFragment.kt:288)
11-26 15:59:47.919 23667 23667 W System.err: 	at android.widget.SearchView.onTextChanged(SearchView.java:1293)
11-26 15:59:47.919 23667 23667 W System.err: 	at android.widget.SearchView.access$2100(SearchView.java:101)
11-26 15:59:47.919 23667 23667 W System.err: 	at android.widget.SearchView$10.onTextChanged(SearchView.java:1822)
11-26 15:59:47.919 23667 23667 W System.err: 	at android.widget.TextView.sendOnTextChanged(TextView.java:10908)
11-26 15:59:47.920 23667 23667 W System.err: 	at android.widget.TextView.setText(TextView.java:6460)
11-26 15:59:47.920 23667 23667 W System.err: 	at android.widget.TextView.setText(TextView.java:6286)
11-26 15:59:47.920 23667 23667 W System.err: 	at android.widget.EditText.setText(EditText.java:121)
11-26 15:59:47.920 23667 23667 W System.err: 	at android.widget.TextView.setText(TextView.java:6238)
11-26 15:59:47.920 23667 23667 W System.err: 	at android.widget.SearchView.onCloseClicked(SearchView.java:1330)
11-26 15:59:47.920 23667 23667 W System.err: 	at android.widget.SearchView.access$800(SearchView.java:101)
11-26 15:59:47.920 23667 23667 W System.err: 	at android.widget.SearchView$5.onClick(SearchView.java:1013)
11-26 15:59:47.920 23667 23667 W System.err: 	at android.view.View.performClick(View.java:7498)
11-26 15:59:47.920 23667 23667 W System.err: 	at android.view.View.performClickInternal(View.java:7471)
11-26 15:59:47.920 23667 23667 W System.err: 	at android.view.View.access$3700(View.java:843)
11-26 15:59:47.920 23667 23667 W System.err: 	at android.view.View$PerformClick.run(View.java:29080)
11-26 15:59:47.920 23667 23667 W System.err: 	at android.os.Handler.handleCallback(Handler.java:938)
11-26 15:59:47.920 23667 23667 W System.err: 	at android.os.Handler.dispatchMessage(Handler.java:99)
11-26 15:59:47.920 23667 23667 W System.err: 	at android.os.Looper.loopOnce(Looper.java:233)
11-26 15:59:47.920 23667 23667 W System.err: 	at android.os.Looper.loop(Looper.java:344)
11-26 15:59:47.920 23667 23667 W System.err: 	at android.app.ActivityThread.main(ActivityThread.java:8223)
11-26 15:59:47.920 23667 23667 W System.err: 	at java.lang.reflect.Method.invoke(Native Method)
11-26 15:59:47.921 23667 23667 W System.err: 	at com.android.internal.os.RuntimeInit$MethodAndArgsCaller.run(RuntimeInit.java:589)
11-26 15:59:47.921 23667 23667 W System.err: 	at com.android.internal.os.ZygoteInit.main(ZygoteInit.java:1071)
11-26 15:59:47.922 23667 23667 V TextView: notifyAutoFillManagerAfterTextChanged
11-26 15:59:47.922 23667 23667 V AutofillManager: notifyValueChanged(1073741826): ignoring on state FINISHED
11-26 15:59:47.929 23667 23667 D InputMethodManager: showSoftInput() view=android.widget.SearchView$SearchAutoComplete{e850d11 VFED..CL. .F....ID 0,-7-750,101 #1020465 android:id/search_src_text aid=1073741826} flags=0 reason=SHOW_SOFT_INPUT
11-26 15:59:47.935 23667 23667 I Quality : Skipped: false 16 cost 182.95694 refreshRate 11111111 processName com.rmc.natour21
11-26 15:59:47.995 23667 23667 D InsetsController: show(ime(), fromIme=true)
11-26 15:59:49.086 23667 23667 V AutofillManager: requestHideFillUi(null): anchor = null
11-26 15:59:49.086 23667 23667 D OplusSystemUINavigationGesture: [GESTURE_BUTTON] swipe from 1
11-26 15:59:49.087 23667 23667 D OplusSystemUINavigationGesture: [GESTURE_BUTTON] Hit Gesture Region !
11-26 15:59:49.915 23667 23667 V AutofillManager: requestHideFillUi(null): anchor = null
11-26 15:59:50.023 23667 23667 I oplus.android.OplusFrameworkFactoryImpl: get feature:IOplusDynamicVsyncFeature
11-26 15:59:50.023 23667 23667 I oplus.android.OplusFrameworkFactoryImpl: get feature:IOplusDynamicVsyncFeature
11-26 15:59:50.023 23667 23667 I oplus.android.OplusFrameworkFactoryImpl: get feature:IOplusDynamicVsyncFeature
11-26 15:59:50.030 23667 23667 I oplus.android.OplusFrameworkFactoryImpl: get feature:IOplusDynamicVsyncFeature
11-26 15:59:50.030 23667 23667 I oplus.android.OplusFrameworkFactoryImpl: get feature:IOplusDynamicVsyncFeature
11-26 15:59:50.030 23667 23667 I oplus.android.OplusFrameworkFactoryImpl: get feature:IOplusDynamicVsyncFeature
11-26 15:59:50.054 23667 25610 D OsmDroid: TileLoader failed to load tile due to mWriter being null (map shutdown?)
11-26 15:59:50.055 23667 25610 D OsmDroid: TileLoader failed to load tile due to mWriter being null (map shutdown?)
11-26 15:59:50.055 23667 25610 D OsmDroid: TileLoader failed to load tile due to mWriter being null (map shutdown?)
11-26 15:59:50.055 23667 25610 D OsmDroid: TileLoader failed to load tile due to mWriter being null (map shutdown?)
11-26 15:59:50.055 23667 25610 D OsmDroid: TileLoader failed to load tile due to mWriter being null (map shutdown?)
11-26 15:59:50.055 23667 25610 D OsmDroid: TileLoader failed to load tile due to mWriter being null (map shutdown?)
11-26 15:59:50.055 23667 25610 D OsmDroid: TileLoader failed to load tile due to mWriter being null (map shutdown?)
11-26 15:59:50.055 23667 25610 D OsmDroid: TileLoader failed to load tile due to mWriter being null (map shutdown?)
11-26 15:59:50.055 23667 25610 D OsmDroid: TileLoader failed to load tile due to mWriter being null (map shutdown?)
11-26 15:59:50.055 23667 25610 D OsmDroid: TileLoader failed to load tile due to mWriter being null (map shutdown?)
11-26 15:59:50.056 23667 25610 D OsmDroid: TileLoader failed to load tile due to mWriter being null (map shutdown?)
11-26 15:59:50.056 23667 25610 D OsmDroid: TileLoader failed to load tile due to mWriter being null (map shutdown?)
11-26 15:59:50.056 23667 25610 D OsmDroid: TileLoader failed to load tile due to mWriter being null (map shutdown?)
11-26 15:59:50.056 23667 25610 D OsmDroid: TileLoader failed to load tile due to mWriter being null (map shutdown?)
11-26 15:59:50.056 23667 25610 D OsmDroid: TileLoader failed to load tile due to mWriter being null (map shutdown?)
11-26 15:59:50.056 23667 25610 D OsmDroid: TileLoader failed to load tile due to mWriter being null (map shutdown?)
11-26 15:59:50.056 23667 25610 D OsmDroid: TileLoader failed to load tile due to mWriter being null (map shutdown?)
11-26 15:59:50.056 23667 25610 D OsmDroid: TileLoader failed to load tile due to mWriter being null (map shutdown?)
11-26 15:59:50.056 23667 25610 D OsmDroid: TileLoader failed to load tile due to mWriter being null (map shutdown?)
11-26 15:59:50.056 23667 23667 I Quality : Skipped: false 4 cost 44.79337 refreshRate 11111111 processName com.rmc.natour21
11-26 15:59:50.056 23667 25610 D OsmDroid: TileLoader failed to load tile due to mWriter being null (map shutdown?)
11-26 15:59:50.056 23667 25610 D OsmDroid: TileLoader failed to load tile due to mWriter being null (map shutdown?)
11-26 15:59:50.056 23667 25610 D OsmDroid: TileLoader failed to load tile due to mWriter being null (map shutdown?)
11-26 15:59:50.057 23667 25610 D OsmDroid: TileLoader failed to load tile due to mWriter being null (map shutdown?)
11-26 15:59:50.057 23667 25610 D OsmDroid: TileLoader failed to load tile due to mWriter being null (map shutdown?)
11-26 15:59:50.057 23667 25610 D OsmDroid: TileLoader failed to load tile due to mWriter being null (map shutdown?)
11-26 15:59:50.057 23667 25610 D OsmDroid: TileLoader failed to load tile due to mWriter being null (map shutdown?)
11-26 15:59:50.057 23667 25610 D OsmDroid: TileLoader failed to load tile due to mWriter being null (map shutdown?)
11-26 15:59:50.057 23667 25610 D OsmDroid: TileLoader failed to load tile due to mWriter being null (map shutdown?)
11-26 15:59:50.057 23667 25610 D OsmDroid: TileLoader failed to load tile due to mWriter being null (map shutdown?)
11-26 15:59:50.057 23667 25610 D OsmDroid: TileLoader failed to load tile due to mWriter being null (map shutdown?)
11-26 15:59:50.057 23667 25610 D OsmDroid: TileLoader failed to load tile due to mWriter being null (map shutdown?)
11-26 15:59:50.057 23667 25610 D OsmDroid: TileLoader failed to load tile due to mWriter being null (map shutdown?)
11-26 15:59:50.057 23667 25610 D OsmDroid: TileLoader failed to load tile due to mWriter being null (map shutdown?)
11-26 15:59:50.057 23667 25610 D OsmDroid: TileLoader failed to load tile due to mWriter being null (map shutdown?)
11-26 15:59:50.057 23667 25610 D OsmDroid: TileLoader failed to load tile due to mWriter being null (map shutdown?)
11-26 15:59:50.057 23667 25610 D OsmDroid: TileLoader failed to load tile due to mWriter being null (map shutdown?)
11-26 15:59:50.057 23667 25610 D OsmDroid: TileLoader failed to load tile due to mWriter being null (map shutdown?)
11-26 15:59:50.057 23667 25610 D OsmDroid: TileLoader failed to load tile due to mWriter being null (map shutdown?)
11-26 15:59:50.057 23667 25610 D OsmDroid: TileLoader failed to load tile due to mWriter being null (map shutdown?)
11-26 15:59:50.058 23667 25610 D OsmDroid: TileLoader failed to load tile due to mWriter being null (map shutdown?)
11-26 15:59:50.058 23667 25610 D OsmDroid: TileLoader failed to load tile due to mWriter being null (map shutdown?)
11-26 15:59:50.058 23667 25610 D OsmDroid: TileLoader failed to load tile due to mWriter being null (map shutdown?)
11-26 15:59:50.058 23667 25610 D OsmDroid: TileLoader failed to load tile due to mWriter being null (map shutdown?)
11-26 15:59:50.064 23667 23667 I oplus.android.OplusFrameworkFactoryImpl: get feature:IOplusDynamicVsyncFeature
11-26 15:59:50.064 23667 23667 I oplus.android.OplusFrameworkFactoryImpl: get feature:IOplusDynamicVsyncFeature
11-26 15:59:50.064 23667 23667 I oplus.android.OplusFrameworkFactoryImpl: get feature:IOplusDynamicVsyncFeature
11-26 15:59:50.091 23667 23667 E RecyclerView: No adapter attached; skipping layout
11-26 15:59:50.106 23667 23667 I Quality : Skipped: false 3 cost 38.584328 refreshRate 11111111 processName com.rmc.natour21
11-26 15:59:50.468 23667 23667 V AutofillManager: requestHideFillUi(null): anchor = null
11-26 15:59:50.507 23667 23667 I OsmDroid: Using tile source: Mapnik
11-26 15:59:50.507 23667 23667 I OsmDroid: Tile cache increased from 0 to 9
11-26 15:59:50.528 23667 23667 V TextView: notifyAutoFillManagerAfterTextChanged
11-26 15:59:50.529 23667 23667 V AutofillManager: notifyValueChanged(1073741875): ignoring on state FINISHED
11-26 15:59:50.529 23667 23667 V TextView: notifyAutoFillManagerAfterTextChanged
11-26 15:59:50.529 23667 23667 V AutofillManager: notifyValueChanged(1073741875): ignoring on state FINISHED
11-26 15:59:50.535 23667 23667 V TextView: notifyAutoFillManagerAfterTextChanged
11-26 15:59:50.535 23667 23667 V AutofillManager: notifyValueChanged(1073741876): ignoring on state FINISHED
11-26 15:59:50.536 23667 23667 V TextView: notifyAutoFillManagerAfterTextChanged
11-26 15:59:50.536 23667 23667 V AutofillManager: notifyValueChanged(1073741876): ignoring on state FINISHED
11-26 15:59:50.566 23667 23667 V TextView: notifyAutoFillManagerAfterTextChanged
11-26 15:59:50.567 23667 23667 V AutofillManager: notifyValueChanged(1073741825): ignoring on state FINISHED
11-26 15:59:50.697 23667 23667 W System.err: java.io.IOException: INVALID_ARGUMENT: At least one of address or componentFilters must be specified.
11-26 15:59:50.698 23667 23667 W System.err: 	at android.location.Geocoder$GeocodeListener.getResults(Geocoder.java:246)
