--------- beginning of system
11-26 15:29:51.874  1417  1417 I Quality : ActivityThread: createClassLoader delay 359 /data/app/~~ZVhueONqf64FqlPc4vEbLQ==/com.rmc.natour21-HZNQfG5lbZ_D4SrpoVuKZw==/base.apk 1417
11-26 15:29:51.876  1417  1417 I Quality : ActivityThread: createOrUpdateClassLoaderLocked delay 366 com.rmc.natour21 1417
11-26 15:29:52.128  1417  1417 I Quality : ActivityThread: bindApplication delay 644 com.rmc.natour21 1417
11-26 15:29:52.221  1417  1417 E OplusCustomizeRestrictionManager: sInstance is null, start a new sInstance
11-26 15:29:52.249  1417  1417 I Quality : ActivityThread: activityStart delay 121 com.rmc.natour21 1417
11-26 15:29:52.262  1417  1417 D OplusInputMethodUtil: init DEBUG to false, update DEBUG_IME to false
11-26 15:29:52.262  1417  1417 D OplusInputMethodUtil: init DEBUG to false, update DEBUG_IME to false
11-26 15:29:52.267  1417  1771 D OpenMsyncAppList: loadTunerAppList + 
11-26 15:29:52.269  1417  1771 D OpenMsyncAppList: loadTunerAppList - 
11-26 15:29:52.359  1417  1417 I Quality : ActivityThread: activityResume delay 102 com.rmc.natour21 1417
11-26 15:29:52.389  1417  1417 I Quality : Skipped: false 7 cost 84.97923 refreshRate 11111111 processName com.rmc.natour21
11-26 15:29:52.414  1417  1417 V OplusZoomWindowDecorViewHelper: setLastReportedMergedConfiguration mZoomDisplayHeight: 2400 getDecorView.78213825
11-26 15:29:54.791  1417  1417 V OplusZoomWindowDecorViewHelper: removeZoomView
--------- beginning of main
11-26 15:37:44.425  9494  9494 I om.rmc.natour2: Late-enabling -Xcheck:jni
11-26 15:37:44.550  9494  9494 E om.rmc.natour2: Unknown bits set in runtime_flags: 0x40000000
11-26 15:37:44.568  9494  9494 D ProcessState: Binder ioctl to enable oneway spam detection failed: Invalid argument
11-26 15:37:44.573  9494  9494 I OneTrace: Mark active for pid=9494? true
11-26 15:37:44.573  9494  9494 D cutils-dev: otrace_set_tracing_enabled? true
11-26 15:37:44.582  9494  9526 D cutils-dev: properties changed in otrace_seq_number_changed!
11-26 15:37:44.602  9494  9494 D CompatibilityChangeReporter: Compat change id reported: 171979766; UID 10364; state: ENABLED
11-26 15:37:44.602  9494  9494 I oplus.android.OplusFrameworkFactoryImpl: get feature:IOplusAutoResolutionFeature
11-26 15:37:44.602  9494  9494 I oplus.android.OplusFrameworkFactoryImpl: getOplusAutoResolutionFeature
11-26 15:37:44.603  9494  9494 D CompactWindowAppManager: initCompactApplicationInfo 
11-26 15:37:44.630  9494  9494 I OplusFeatureCache: Milliseconds spent on init(): 17
11-26 15:37:44.633  9494  9494 D LoadedApk: mApplicationInfo overrideDisplayId:null
11-26 15:37:44.639  9494  9494 W ziparchive: Unable to open '/data/app/~~ZVhueONqf64FqlPc4vEbLQ==/com.rmc.natour21-HZNQfG5lbZ_D4SrpoVuKZw==/base.dm': No such file or directory
11-26 15:37:44.639  9494  9494 W ziparchive: Unable to open '/data/app/~~ZVhueONqf64FqlPc4vEbLQ==/com.rmc.natour21-HZNQfG5lbZ_D4SrpoVuKZw==/base.dm': No such file or directory
11-26 15:37:45.014  9494  9494 I Quality : ActivityThread: createClassLoader delay 375 /data/app/~~ZVhueONqf64FqlPc4vEbLQ==/com.rmc.natour21-HZNQfG5lbZ_D4SrpoVuKZw==/base.apk 9494
11-26 15:37:45.016  9494  9494 I Quality : ActivityThread: createOrUpdateClassLoaderLocked delay 382 com.rmc.natour21 9494
11-26 15:37:45.025  9494  9494 V GraphicsEnvironment: ANGLE Developer option for 'com.rmc.natour21' set to: 'default'
11-26 15:37:45.025  9494  9494 V GraphicsEnvironment: App is not on the allowlist for updatable production driver.
11-26 15:37:45.027  9494  9494 D NetworkSecurityConfig: Using Network Security Config from resource network_security_config debugBuild: true
11-26 15:37:45.028  9494  9494 D NetworkSecurityConfig: Using Network Security Config from resource network_security_config debugBuild: true
11-26 15:37:45.070  9494  9494 I FirebaseApp: Device unlocked: initializing all Firebase APIs for app [DEFAULT]
11-26 15:37:45.097  9494  9494 D FirebaseAuth: Notifying id token listeners about user ( rWXShEJL6ONpN9uj2vaqE7TAtFn1 ).
11-26 15:37:45.124  9494  9494 I FirebaseInitProvider: FirebaseApp initialization successful
11-26 15:37:45.148  9494  9545 I DynamiteModule: Considering local module com.google.android.gms.measurement.dynamite:70 and remote module com.google.android.gms.measurement.dynamite:87
11-26 15:37:45.148  9494  9545 I DynamiteModule: Selected remote version of com.google.android.gms.measurement.dynamite, version >= 87
11-26 15:37:45.148  9494  9545 V DynamiteModule: Dynamite loader version >= 2, using loadModule2NoCrashUtils
11-26 15:37:45.155  9494  9545 W System  : ClassLoader referenced unknown path: 
11-26 15:37:45.170  9494  9545 W om.rmc.natour2: ClassLoaderContext type mismatch. expected=PCL, found=DLC (PCL[] | DLC[];PCL[/data/app/~~ZVhueONqf64FqlPc4vEbLQ==/com.rmc.natour21-HZNQfG5lbZ_D4SrpoVuKZw==/base.apk*2782947828:/data/app/~~ZVhueONqf64FqlPc4vEbLQ==/com.rmc.natour21-HZNQfG5lbZ_D4SrpoVuKZw==/base.apk!classes2.dex*4198456362:/data/app/~~ZVhueONqf64FqlPc4vEbLQ==/com.rmc.natour21-HZNQfG5lbZ_D4SrpoVuKZw==/base.apk!classes3.dex*1741040647:/data/app/~~ZVhueONqf64FqlPc4vEbLQ==/com.rmc.natour21-HZNQfG5lbZ_D4SrpoVuKZw==/base.apk!classes4.dex*2399949694:/data/app/~~ZVhueONqf64FqlPc4vEbLQ==/com.rmc.natour21-HZNQfG5lbZ_D4SrpoVuKZw==/base.apk!classes5.dex*1141090842:/data/app/~~ZVhueONqf64FqlPc4vEbLQ==/com.rmc.natour21-HZNQfG5lbZ_D4SrpoVuKZw==/base.apk!classes6.dex*1178057257:/data/app/~~ZVhueONqf64FqlPc4vEbLQ==/com.rmc.natour21-HZNQfG5lbZ_D4SrpoVuKZw==/base.apk!classes7.dex*1445126428:/data/app/~~ZVhueONqf64FqlPc4vEbLQ==/com.rmc.natour21-HZNQfG5lbZ_D4SrpoVuKZw==/base.apk!classes8.dex*3299194724:/data/app/~~ZVhueONqf64FqlPc4vEbLQ==/com.rmc.natour21-HZNQfG5lbZ_D4SrpoVuKZw==/base.apk!classes9.dex*1604547914:/data/app/~~ZVhueONqf64FqlPc4vEbLQ==/com.rmc.natour21-HZNQfG5lbZ_D4SrpoVuKZw==/base.apk!classes10.dex*1113461355:/data/app/~~ZVhueONqf64FqlPc4vEbLQ==/com.rmc.natour21-HZNQfG5lbZ_D4SrpoVuKZw==/base.apk!classes11.dex*2890345672:/data/app/~~ZVhueONqf64FqlPc4vEbLQ==/com.rmc.natour21-HZNQfG5lbZ_D4SrpoVuKZw==/base.apk!classes12.dex*901241798:/data/app/~~ZVhueONqf64FqlPc4vEbLQ==/com.rmc.natour21-HZNQfG5lbZ_D4SrpoVuKZw==/base.apk!classes13.dex*2854410464:/data/app/~~ZVhueONqf64FqlPc4vEbLQ==/com.rmc.natour21-HZNQfG5lbZ_D4SrpoVuKZw==/base.apk!classes14.dex*1088609718:/data/app/~~ZVhueONqf64FqlPc4vEbLQ==/com.rmc.natour21-HZNQfG5lbZ_D4SrpoVuKZw==/base.apk!classes15.dex*1507438236:/data/app/~~ZVhueONqf64FqlPc4vEbLQ==/com.rmc.natour21-HZNQfG5lbZ_D4SrpoVuKZw==/base.apk!classes16.dex*2057685737:/data/app/~~ZVhueONqf64FqlPc4vEbLQ==/com.rmc.natour21-HZNQfG5lbZ_D4SrpoVuKZw==/base.apk!classes17.dex*934424390:/data/app/~~ZVhueONqf64FqlPc4vEbLQ==/com.rmc.natour21-HZNQfG5lbZ_D4SrpoVuKZw==/base.apk!classes18.dex*3775040241]{PCL[/system/framework/org.apache.http.legacy.jar*3291421074]})
11-26 15:37:45.172  9494  9494 W com.facebook.UserSettingsManager: Please set a value for AutoLogAppEventsEnabled. Set the flag to TRUE if you want to collect app install, app launch and in-app purchase events automatically. To request user consent before collecting data, set the flag value to FALSE, then change to TRUE once user consent is received. Learn more: https://developers.facebook.com/docs/app-events/getting-started-app-events-android#disable-auto-events.
11-26 15:37:45.172  9494  9494 W com.facebook.UserSettingsManager: You haven't set a value for AdvertiserIDCollectionEnabled. Set the flag to TRUE if you want to collect Advertiser ID for better advertising and analytics results. To request user consent before collecting data, set the flag value to FALSE, then change to TRUE once user consent is received. Learn more: https://developers.facebook.com/docs/app-events/getting-started-app-events-android#disable-auto-events.
11-26 15:37:45.209  9494  9494 D KeyHash:: 7mSKQwPoEIJRD0IkELDTXoai1fI=
11-26 15:37:45.210  9494  9494 I Quality : ActivityThread: bindApplication delay 609 com.rmc.natour21 9494
11-26 15:37:45.224  9494  9574 D libMEOW : meow new tls: 0xb400006fa1165200
11-26 15:37:45.226  9494  9574 D libMEOW : meow reload base cfg path: na
11-26 15:37:45.226  9494  9574 D libMEOW : meow reload overlay cfg path: na
11-26 15:37:45.230  9494  9574 W QT      : qt_process_init() called
11-26 15:37:45.230  9494  9574 E QT      : [QT]file does not exist
11-26 15:37:45.230  9494  9574 W QT      : Support!!
11-26 15:37:45.232  9494  9574 E QT      : [QT]file does not exist
11-26 15:37:45.232  9494  9574 D libMEOW : applied 1 plugins for [com.rmc.natour21]:
11-26 15:37:45.232  9494  9574 D libMEOW :   plugin 1: [libMEOW_gift.so]:
11-26 15:37:45.232  9494  9574 D libMEOW : meow delete tls: 0xb400006fa1165200
11-26 15:37:45.237  9494  9558 V FA      : App measurement collection enabled
11-26 15:37:45.237  9494  9558 V FA      : App measurement enabled for app package, google app id: com.rmc.natour21, 1:718461192862:android:4b50a6846c6b46fcf2c98f
11-26 15:37:45.238  9494  9558 I FA      : App measurement initialized, version: 75024
11-26 15:37:45.238  9494  9558 I FA      : To enable debug logging run: adb shell setprop log.tag.FA VERBOSE
11-26 15:37:45.238  9494  9558 I FA      : To enable faster debug mode event logging run:
11-26 15:37:45.238  9494  9558 I FA      :   adb shell setprop debug.firebase.analytics.app com.rmc.natour21
11-26 15:37:45.238  9494  9558 D FA      : Debug-level message logging enabled
11-26 15:37:45.259  9494  9545 V FA      : onActivityCreated
11-26 15:37:45.261  9494  9558 D FA      : Resetting session stitching token to not null
11-26 15:37:45.262  9494  9494 I oplus.android.OplusFrameworkFactoryImpl: Unknow feature:IOplusTextViewRTLUtilForUG
11-26 15:37:45.273  9494  9558 V FA      : Connecting to remote service
11-26 15:37:45.285  9494  9558 V FA      : Connection attempt already in progress
11-26 15:37:45.288  9494  9558 V FA      : Connection attempt already in progress
11-26 15:37:45.292  9494  9494 W om.rmc.natour2: Accessing hidden method Landroid/view/View;->computeFitSystemWindows(Landroid/graphics/Rect;Landroid/graphics/Rect;)Z (unsupported, reflection, allowed)
11-26 15:37:45.293  9494  9494 W om.rmc.natour2: Accessing hidden method Landroid/view/ViewGroup;->makeOptionalFitsSystemWindows()V (unsupported, reflection, allowed)
11-26 15:37:45.301  9494  9494 E OplusCustomizeRestrictionManager: sInstance is null, start a new sInstance
11-26 15:37:45.331  9494  9494 I Quality : ActivityThread: activityStart delay 120 com.rmc.natour21 9494
11-26 15:37:45.336  9494  9558 V FA      : Activity resumed, time: 3106636053
11-26 15:37:45.338  9494  9558 I FA      : Tag Manager is not found and thus will not be used
11-26 15:37:45.340  9494  9494 D OplusInputMethodUtil: init DEBUG to false, update DEBUG_IME to false
11-26 15:37:45.340  9494  9494 D OplusInputMethodUtil: init DEBUG to false, update DEBUG_IME to false
11-26 15:37:45.342  9494  9494 I SurfaceFactory: [static] sSurfaceFactory = com.mediatek.view.impl.SurfaceFactoryImpl@cf0ac84
11-26 15:37:45.343  9494  9494 I MsyncFactory: [static] sMsyncFactory = com.mediatek.view.impl.MsyncFactoryImpl@921dc6d
11-26 15:37:45.344  9494  9581 D OpenMsyncAppList: loadTunerAppList + 
11-26 15:37:45.347  9494  9581 D OpenMsyncAppList: loadTunerAppList - 
11-26 15:37:45.348  9494  9494 I OplusSlideAnimOptHelper: checkListMode: is blacklist mode = true
11-26 15:37:45.349  9494  9494 D OplusSlideAnimOptHelper: com.rmc.natour21 scrollEffectOpt enable = true
11-26 15:37:45.352  9494  9558 V FA      : Connection attempt already in progress
11-26 15:37:45.352  9494  9558 V FA      : Connection attempt already in progress
11-26 15:37:45.356  9494  9494 D WindowManager: Add to mViews: DecorView@cffbadd[Splashscreen],pkg= com.rmc.natour21
11-26 15:37:45.359  9494  9572 D ExtensionsLoader: createInstance(64bit) : createExtendedFactory
11-26 15:37:45.369  9494  9572 D ExtensionsLoader: Opened libhwuiextimpl.so
11-26 15:37:45.369  9494  9494 D ExtensionsLoader: createInstance(64bit) : createExtendedFactory
11-26 15:37:45.369  9494  9494 D ExtensionsLoader: Opened libSchedAssistExtImpl.so
11-26 15:37:45.369  9494  9494 E om.rmc.natour2: ofbOpen failed with error=No such file or directory
11-26 15:37:45.369  9494  9494 E om.rmc.natour2: sysOpen failed with error=No such file or directory
11-26 15:37:45.373  9494  9494 D ViewRootImpl[Splashscreen]: hardware acceleration = true, sRendererEnabled = true, forceHwAccelerated = false
11-26 15:37:45.378  9494  9494 D libMEOW : meow new tls: 0xb400006fa82aae80
11-26 15:37:45.378  9494  9494 D libMEOW : applied 1 plugins for [com.rmc.natour21]:
11-26 15:37:45.378  9494  9494 D libMEOW :   plugin 1: [libMEOW_gift.so]:
11-26 15:37:45.388  9494  9494 I PowerHalWrapper: PowerHalWrapper.getInstance 
11-26 15:37:45.410  9494  9494 I Quality : Skipped: false 2 cost 31.45963 refreshRate 11111111 processName com.rmc.natour21
11-26 15:37:45.413  9494  9494 D ExtensionsLoader: createInstance(64bit) : createExtendedFactory
11-26 15:37:45.413  9494  9494 D ExtensionsLoader: Opened libSchedAssistExtImpl.so
11-26 15:37:45.425  9494  9494 I BufferQueueConsumer: [](id:251600000000,api:0,p:-1,c:9494) connect: controlledByApp=false
11-26 15:37:45.427  9494  9494 I BLASTBufferQueue: [ViewRootImpl[com.rmc.natour21/com.rmc.natour21.Splashscreen]#0] constructor()
11-26 15:37:45.428  9494  9494 D ExtensionsLoader: createInstance(64bit) : createExtendedFactory
11-26 15:37:45.428  9494  9494 D ExtensionsLoader: Opened libSchedAssistExtImpl.so
11-26 15:37:45.429  9494  9494 V OplusZoomWindowDecorViewHelper: setLastReportedMergedConfiguration mZoomDisplayHeight: 2400 getDecorView.218086109
11-26 15:37:45.430  9494  9572 D libMEOW : meow new tls: 0xb400006fa8304880
11-26 15:37:45.430  9494  9572 D libMEOW : applied 1 plugins for [com.rmc.natour21]:
11-26 15:37:45.430  9494  9572 D libMEOW :   plugin 1: [libMEOW_gift.so]:
11-26 15:37:45.441  9494  9572 D hw-ProcessState: Binder ioctl to enable oneway spam detection failed: Invalid argument
11-26 15:37:45.452  9494  9572 I BufferQueueProducer: [ViewRootImpl[com.rmc.natour21/com.rmc.natour21.Splashscreen]#0(BLAST Consumer)0](id:251600000000,api:1,p:9494,c:9494) connect: api=1 producerControlledByApp=true
11-26 15:37:45.464  9494  9572 D hw-ProcessState: Binder ioctl to enable oneway spam detection failed: Invalid argument
11-26 15:37:45.498  9494  9572 E OpenGLRenderer: fbcNotifyFrameComplete error: undefined symbol: fbcNotifyFrameComplete
11-26 15:37:45.498  9494  9572 E OpenGLRenderer: fbcNotifyNoRender error: undefined symbol: fbcNotifyNoRender
11-26 15:37:45.501  9494  9525 D SurfaceComposerClient: VRR [FRTC] client handle [bufferId:18446744073709551615 framenumber:0] [ffffffff, ffffffff]
11-26 15:37:45.509  9494  9494 E Parcel  : Reading a NULL string not supported here.
11-26 15:37:45.511  9494  9558 D FA      : Connected to remote service
11-26 15:37:45.511  9494  9558 V FA      : Processing queued up service tasks: 5
11-26 15:37:45.915  9494  9585 I System.out: Firebase token: eyJhbGciOiJSUzI1NiIsImtpZCI6ImE5NmFkY2U5OTk5YmJmNWNkMzBmMjlmNDljZDM3ZjRjNWU2NDI3NDAiLCJ0eXAiOiJKV1QifQ.eyJuYW1lIjoiQW5uYSBWaXNjYXJkaSIsInBpY3R1cmUiOiJodHRwczovL2xoMy5nb29nbGV1c2VyY29udGVudC5jb20vYS9BTG01d3UzVVhnbnFSVm1CVlZTVWYtTTltcDFXOXBWdnVvMnRWTVAzWUJCUz1zOTYtYyIsImlzcyI6Imh0dHBzOi8vc2VjdXJldG9rZW4uZ29vZ2xlLmNvbS9uYXRvdXIyMS1mYzZlYSIsImF1ZCI6Im5hdG91cjIxLWZjNmVhIiwiYXV0aF90aW1lIjoxNjY4ODY1MjE5LCJ1c2VyX2lkIjoicldYU2hFSkw2T05wTjl1ajJ2YXFFN1RBdEZuMSIsInN1YiI6InJXWFNoRUpMNk9OcE45dWoydmFxRTdUQXRGbjEiLCJpYXQiOjE2Njk0NzI5OTMsImV4cCI6MTY2OTQ3NjU5MywiZW1haWwiOiJ2aXNjYXJkaS5hbm5hQHltYWlsLmNvbSIsImVtYWlsX3ZlcmlmaWVkIjp0cnVlLCJmaXJlYmFzZSI6eyJpZGVudGl0aWVzIjp7Imdvb2dsZS5jb20iOlsiMTA4MTkwMTIxMDEwNjY3MzA4MTk1Il0sImVtYWlsIjpbInZpc2NhcmRpLmFubmFAeW1haWwuY29tIl19LCJzaWduX2luX3Byb3ZpZGVyIjoiZ29vZ2xlLmNvbSJ9fQ.CONYaEZpOYmGqARehOK-tExsHhRnKOuK5Aabz1LawOG-y478mnQkTucONSuPfds_9rFuJFLQjN7wP3z710CywOkkupoJP6VlXu6LZIqIyjT9iTr_qOuXF5bSNZHRhWIKzagg0mXeKSqN9Im8Ux8N2fm_Q8roNp3qbxJfthFQ_cgSVhq-rM7pv9pkw4xNdOCxvp4I5BOh2Akx8T6vgVPmeqf8b_KPV41T5IQQWn1Pt0nBSrFTwF9pAPQjQI9WCp40cppBMscgIMjrsbmUnX8WsZHL1uJ0CD7ZFCjz9TcICY9_2qbfBXe8Xeb_kUnNHj7go1FO9zcCtGVWjTni_fAVeg
11-26 15:37:45.996  9494  9631 V NativeCrypto: Registering org/conscrypt/NativeCrypto's 286 native methods...
11-26 15:37:46.343  9494  9585 W om.rmc.natour2: Accessing hidden method Ljava/security/spec/ECParameterSpec;->getCurveName()Ljava/lang/String; (unsupported, reflection, allowed)
11-26 15:37:46.372  9494  9585 W om.rmc.natour2: Accessing hidden method Ldalvik/system/CloseGuard;->get()Ldalvik/system/CloseGuard; (unsupported,core-platform-api, reflection, allowed)
11-26 15:37:46.372  9494  9585 W om.rmc.natour2: Accessing hidden method Ldalvik/system/CloseGuard;->open(Ljava/lang/String;)V (unsupported,core-platform-api, reflection, allowed)
11-26 15:37:46.372  9494  9585 W om.rmc.natour2: Accessing hidden method Ldalvik/system/CloseGuard;->warnIfOpen()V (unsupported,core-platform-api, reflection, allowed)
11-26 15:37:46.394  9494  9558 V FA      : Recording user engagement, ms: 1057
11-26 15:37:46.404  9494  9494 D SBUIKIT : [15:37:46.403 SendBirdUIKit$1:onInitSucceed():174] >> onInitSucceed()
11-26 15:37:46.422  9494  9644 D libMEOW : meow new tls: 0xb400006f0f70ba80
11-26 15:37:46.422  9494  9644 D libMEOW : applied 1 plugins for [com.rmc.natour21]:
11-26 15:37:46.422  9494  9644 D libMEOW :   plugin 1: [libMEOW_gift.so]:
11-26 15:37:46.422  9494  9644 D libMEOW : meow delete tls: 0xb400006f0f70ba80
11-26 15:37:46.426  9494  9558 V FA      : Activity paused, time: 3106637111
11-26 15:37:46.431  9494  9545 V FA      : onActivityCreated
11-26 15:37:46.659  9494  9676 W om.rmc.natour2: Accessing hidden field Ljava/net/Socket;->impl:Ljava/net/SocketImpl; (unsupported, reflection, allowed)
11-26 15:37:46.664  9494  9676 W om.rmc.natour2: Accessing hidden field Ljava/io/FileDescriptor;->descriptor:I (unsupported, JNI, allowed)
11-26 15:37:46.702  9494  9676 W om.rmc.natour2: Accessing hidden method Ljava/security/spec/ECParameterSpec;->setCurveName(Ljava/lang/String;)V (unsupported, reflection, allowed)
11-26 15:37:46.809  9494  9494 E Parcel  : Reading a NULL string not supported here.
11-26 15:37:46.809  9494  9494 I Quality : SlowBinder: com.rmc.natour21 to android.os.storage.IStorageManager cost= 236 code= 35
11-26 15:37:46.833  9494  9494 I Quality : ActivityThread: activityStart delay 413 com.rmc.natour21 9494
11-26 15:37:46.847  9494  9494 D CompatibilityChangeReporter: Compat change id reported: 171228096; UID 10364; state: ENABLED
11-26 15:37:46.851  9494  9494 D ScrollOptimizationHelper: can't find the config file for optimizaiton
11-26 15:37:46.851  9494  9494 D ScrollOptimizationHelper: will not debug for debug is false
11-26 15:37:46.851  9494  9494 I oplus.android.OplusFrameworkFactoryImpl: get feature:IOplusDynamicVsyncFeature
11-26 15:37:46.851  9494  9494 I oplus.android.OplusFrameworkFactoryImpl: get feature:IOplusDynamicVsyncFeature
11-26 15:37:46.851  9494  9494 I oplus.android.OplusFrameworkFactoryImpl: get feature:IOplusDynamicVsyncFeature
11-26 15:37:46.885  9494  9494 V TextView: notifyAutoFillManagerAfterTextChanged
11-26 15:37:46.885  9494  9494 V AutofillManager: notifyValueChanged(1073741824): ignoring on state UNKNOWN
11-26 15:37:46.886  9494  9494 V TextView: notifyAutoFillManagerAfterTextChanged
11-26 15:37:46.886  9494  9494 V AutofillManager: notifyValueChanged(1073741824): ignoring on state UNKNOWN
11-26 15:37:46.953  9494  9675 E PINGER  : [15:37:46.953 Connection$Pinger:stop():522] Pinger stop timer is null
11-26 15:37:46.954  9494  9494 I oplus.android.OplusFrameworkFactoryImpl: get feature:IOplusDynamicVsyncFeature
11-26 15:37:46.954  9494  9494 I oplus.android.OplusFrameworkFactoryImpl: get feature:IOplusDynamicVsyncFeature
11-26 15:37:46.954  9494  9494 I oplus.android.OplusFrameworkFactoryImpl: get feature:IOplusDynamicVsyncFeature
11-26 15:37:46.955  9494  9675 E Sendbird:PINGER: [15:37:46.954 Connection$Pinger:stop():523] Pinger stop timer is null
11-26 15:37:46.957  9494  9494 I Quality : ActivityThread: viewInflate delay 119 com.rmc.natour21:layout/fragment_home 9494
11-26 15:37:46.959  9494  9679 W SendBird: [15:37:46.958 Connection$1:onFailure():250] onFailed instance : com.sendbird.android.Connection@5e00729
11-26 15:37:46.962  9494  9679 W Sendbird: [15:37:46.960 Connection$1:onFailure():251] onFailed instance : com.sendbird.android.Connection@5e00729
11-26 15:37:46.964  9494  9679 W SendBird: [15:37:46.963 Connection$1:onFailure():256] onFailed handler : com.sendbird.android.SocketManager@7db5a47
11-26 15:37:46.966  9494  9679 W Sendbird: [15:37:46.965 Connection$1:onFailure():257] onFailed handler : com.sendbird.android.SocketManager@7db5a47
11-26 15:37:46.969  9494  9679 W SendBird: [15:37:46.968 SocketManager:onError():1002] >> onError : Canceled, reconnecting : false, explicitDisconnect : true
11-26 15:37:46.992  9494  9558 V FA      : Activity resumed, time: 3106637708
11-26 15:37:46.996  9494  9494 D WindowManager: Add to mViews: DecorView@d8430a4[MainActivity],pkg= com.rmc.natour21
11-26 15:37:47.000  9494  9494 D ViewRootImpl[MainActivity]: hardware acceleration = true, sRendererEnabled = true, forceHwAccelerated = false
11-26 15:37:47.006  9494  9494 I Quality : ActivityThread: activityLifecycle delay 587 com.rmc.natour21 9494
11-26 15:37:47.048  9494  9494 I Quality : Skipped: false 2 cost 30.950329 refreshRate 11111111 processName com.rmc.natour21
11-26 15:37:47.103  9494  9494 I BufferQueueConsumer: [](id:251600000001,api:0,p:-1,c:9494) connect: controlledByApp=false
11-26 15:37:47.103  9494  9494 I BLASTBufferQueue: [ViewRootImpl[com.rmc.natour21/com.rmc.natour21.MainActivity]#1] constructor()
11-26 15:37:47.105  9494  9494 V OplusZoomWindowDecorViewHelper: setLastReportedMergedConfiguration mZoomDisplayHeight: 2400 getDecorView.226767012
11-26 15:37:47.106  9494  9572 I BufferQueueProducer: [ViewRootImpl[com.rmc.natour21/com.rmc.natour21.MainActivity]#1(BLAST Consumer)1](id:251600000001,api:1,p:9494,c:9494) connect: api=1 producerControlledByApp=true
11-26 15:37:47.292  9494  9769 W SendBird: [15:37:47.291 Connection$1:onMessage():235] onMessage instance : [LOGI] com.sendbird.android.Connection@ac9eb60
11-26 15:37:47.296  9494  9769 W Sendbird: [15:37:47.293 Connection$1:onMessage():236] onMessage instance : [LOGI] com.sendbird.android.Connection@ac9eb60
11-26 15:37:47.313  9494  9779 W SendBird: [15:37:47.313 EventController$1:call():141] ++ result[LOGI] runnable=null
11-26 15:37:47.393  9494  9525 D SurfaceComposerClient: VRR [FRTC] client handle [bufferId:18446744073709551615 framenumber:0] [ffffffff, ffffffff]
11-26 15:37:47.396  9494  9494 I Choreographer: Skipped 30 frames!  The application may be doing too much work on its main thread.
11-26 15:37:47.396  9494  9494 I Quality : Skipped: false 30 cost 334.2486 refreshRate 11111111 processName com.rmc.natour21
11-26 15:37:47.427  9494  9585 W Glide   : Failed to find GeneratedAppGlideModule. You should include an annotationProcessor compile dependency on com.github.bumptech.glide:compiler in your application and a @GlideModule annotated AppGlideModule implementation or LibraryGlideModules will be silently ignored
11-26 15:37:47.430  9494  9494 I Quality : Skipped: false 2 cost 31.683847 refreshRate 11111111 processName com.rmc.natour21
11-26 15:37:47.438  9494  9494 W System.err: SendBirdException{code=800102, message=Connection has been canceled.}
11-26 15:37:47.438  9494  9494 W System.err: 	at com.sendbird.android.Connection.connect(Connection.java:329)
11-26 15:37:47.438  9494  9494 W System.err: 	at com.sendbird.android.SocketManager$10.call(SocketManager.java:485)
11-26 15:37:47.438  9494  9494 W System.err: 	at com.sendbird.android.SocketManager$10.call(SocketManager.java:461)
11-26 15:37:47.438  9494  9494 W System.err: 	at com.sendbird.android.JobResultTask$callable$1.call(JobResultTask.kt:16)
11-26 15:37:47.438  9494  9494 W System.err: 	at java.util.concurrent.FutureTask.run(FutureTask.java:264)
11-26 15:37:47.438  9494  9494 W System.err: 	at java.util.concurrent.ThreadPoolExecutor.runWorker(ThreadPoolExecutor.java:1137)
11-26 15:37:47.438  9494  9494 W System.err: 	at java.util.concurrent.ThreadPoolExecutor$Worker.run(ThreadPoolExecutor.java:637)
11-26 15:37:47.438  9494  9494 W System.err: 	at java.lang.Thread.run(Thread.java:1012)
11-26 15:37:47.449  9494  9494 I Quality : Skipped: false 1 cost 17.591208 refreshRate 11111111 processName com.rmc.natour21
11-26 15:37:47.832  9494  9572 I BufferQueueProducer: [ViewRootImpl[com.rmc.natour21/com.rmc.natour21.Splashscreen]#0(BLAST Consumer)0](id:251600000000,api:1,p:9494,c:9494) disconnect: api 1
11-26 15:37:47.833  9494  9572 E BLASTBufferQueue: BLASTBufferItemConsumer::onDisconnect()
11-26 15:37:47.841  9494  9494 I BLASTBufferQueue: [ViewRootImpl[com.rmc.natour21/com.rmc.natour21.Splashscreen]#0] destructor()
11-26 15:37:47.841  9494  9494 I BufferQueueConsumer: [ViewRootImpl[com.rmc.natour21/com.rmc.natour21.Splashscreen]#0(BLAST Consumer)0](id:251600000000,api:0,p:-1,c:9494) disconnect
11-26 15:37:47.854  9494  9494 V OplusZoomWindowDecorViewHelper: removeZoomView
11-26 15:37:47.854  9494  9494 D View    : [Warning] assignParent to null: this = DecorView@cffbadd[Splashscreen]
11-26 15:37:47.862  9494  9783 I BLASTBufferQueue: releaseBufferCallbackThunk bufferId:40776419508224 framenumber:1 blastBufferQueue is dead
11-26 15:37:47.863  9494  9494 I Quality : Skipped: true 1 cost 21.275808 refreshRate 11111111 processName com.rmc.natour21
11-26 15:37:47.945  9494  9519 I om.rmc.natour2: Compiler allocated 4752KB to compile void android.view.ViewRootImpl.performTraversals()
11-26 15:37:48.822  9494  9494 I Choreographer: Skipped 76 frames!  The application may be doing too much work on its main thread.
11-26 15:37:48.822  9494  9494 I Quality : Skipped: true 76 cost 845.8034 refreshRate 11111111 processName com.rmc.natour21
11-26 15:37:48.847  9494  9526 I OpenGLRenderer: Davey! duration=863ms; Flags=0, FrameTimelineVsyncId=28710353, IntendedVsync=997972365095915, Vsync=997973209540351, InputEventId=0, HandleInputStart=997973211296790, AnimationStart=997973211314405, PerformTraversalsStart=997973212243636, DrawStart=997973212685790, FrameDeadline=997972385095915, FrameInterval=997973210899328, FrameStartTime=11111111, SyncQueued=997973213643636, SyncStart=997973213794636, IssueDrawCommandsStart=997973214426944, SwapBuffers=997973223770098, FrameCompleted=997973228352867, DequeueBufferDuration=113769, QueueBufferDuration=2142154, GpuCompleted=997973228352867, SwapBuffersCompleted=997973228352867, DisplayPresentTime=0, 
11-26 15:37:48.853  9494  9494 I Quality : Skipped: true 1 cost 21.30576 refreshRate 11111111 processName com.rmc.natour21
11-26 15:37:48.887  9494  9801 D ListServiceUtils: mListServiceUtils::init CallingPid 9494
11-26 15:37:48.888  9494  9801 D ListServiceUtils: mListServiceUtils::init this 0xb400006ef0c261c0
11-26 15:37:48.889  9494  9801 V ListServiceUtils: checkInListByUid start module:custom-icc uid:10364  time 997973277916us
11-26 15:37:48.892  9494  9801 V ListServiceUtils: checkInListByUid end module:custom-icc uid:10364  time 997973281498us
11-26 15:37:48.892  9494  9801 D ListServiceUtils: checkInListByUid module:custom-icc uid:10364 cost 3581us return 0
11-26 15:37:48.892  9494  9801 E ListServiceUtils: checkInListByUid module:custom-icc uid:10364 cost 3581us return 0
11-26 15:37:48.894  9494  9801 V ListServiceUtils: checkInListByUid module:image-processing uid:10364 cost 270us return (null)
11-26 15:37:48.894  9494  9801 V JpegEncoderExtImpl: Resolution: 210 x 210,support: 0;
11-26 15:37:49.100  9494  9494 I Quality : Skipped: false 8 cost 97.418335 refreshRate 11111111 processName com.rmc.natour21
11-26 15:37:49.289  9494  9494 I Quality : Skipped: true 16 cost 185.84976 refreshRate 11111111 processName com.rmc.natour21
11-26 15:37:49.303  9494  9803 E Parcel  : Reading a NULL string not supported here.
11-26 15:37:49.866  9494  9801 D skia    : SkJpegCodec::onGetPixels +
11-26 15:37:49.883  9494  9801 D skia    : SkJpegCodec::onGetPixels -
11-26 15:37:49.893  9494  9801 V ListServiceUtils: checkInListByUid start module:custom-icc uid:10364  time 997974282088us
11-26 15:37:49.893  9494  9801 V ListServiceUtils: checkInListByUid end module:custom-icc uid:10364  time 997974282562us
11-26 15:37:49.893  9494  9801 D ListServiceUtils: checkInListByUid module:custom-icc uid:10364 cost 473us return 0
11-26 15:37:49.894  9494  9801 V ListServiceUtils: checkInListByUid module:image-processing uid:10364 cost 667us return (null)
11-26 15:37:49.894  9494  9801 V JpegEncoderExtImpl: Resolution: 1020 x 570,support: 0;
11-26 15:37:50.274  9494  9791 V ListServiceUtils: checkInListByUid start module:custom-icc uid:10364  time 997974663263us
11-26 15:37:50.274  9494  9791 V ListServiceUtils: checkInListByUid end module:custom-icc uid:10364  time 997974663663us
11-26 15:37:50.274  9494  9791 D ListServiceUtils: checkInListByUid module:custom-icc uid:10364 cost 399us return 0
11-26 15:37:50.275  9494  9791 V ListServiceUtils: checkInListByUid module:image-processing uid:10364 cost 192us return (null)
11-26 15:37:50.275  9494  9791 V JpegEncoderExtImpl: Resolution: 1020 x 570,support: 0;
11-26 15:37:50.345  9494  9801 D skia    : SkJpegCodec::onGetPixels +
11-26 15:37:50.349  9494  9801 D skia    : SkJpegCodec::onGetPixels -
11-26 15:37:50.359  9494  9801 V ListServiceUtils: checkInListByUid start module:custom-icc uid:10364  time 997974748114us
11-26 15:37:50.359  9494  9801 V ListServiceUtils: checkInListByUid end module:custom-icc uid:10364  time 997974748297us
11-26 15:37:50.359  9494  9801 D ListServiceUtils: checkInListByUid module:custom-icc uid:10364 cost 182us return 0
11-26 15:37:50.359  9494  9801 V ListServiceUtils: checkInListByUid module:image-processing uid:10364 cost 71us return (null)
11-26 15:37:50.359  9494  9801 V JpegEncoderExtImpl: Resolution: 1020 x 570,support: 0;
11-26 15:37:52.038  9494  9558 V FA      : Inactivity, disconnecting from the service
11-26 15:37:52.330  9494  9781 W SendBird: [15:37:52.328 SocketManager:onError():1002] >> onError : Server is unreachable., reconnecting : false, explicitDisconnect : false
11-26 15:37:52.375  9494  9781 E PINGER  : [15:37:52.374 Connection$Pinger:stop():522] Pinger stop true
11-26 15:37:52.378  9494  9781 E Sendbird:PINGER: [15:37:52.376 Connection$Pinger:stop():523] Pinger stop true
11-26 15:37:52.385  9494  9818 W SendBird: [15:37:52.384 Connection$1:onFailure():250] onFailed instance : com.sendbird.android.Connection@ac9eb60
11-26 15:37:52.386  9494  9818 W Sendbird: [15:37:52.385 Connection$1:onFailure():251] onFailed instance : com.sendbird.android.Connection@ac9eb60
11-26 15:37:52.386  9494  9818 W SendBird: [15:37:52.386 Connection$1:onFailure():256] onFailed handler : com.sendbird.android.SocketManager@7db5a47
11-26 15:37:52.387  9494  9818 W Sendbird: [15:37:52.387 Connection$1:onFailure():257] onFailed handler : com.sendbird.android.SocketManager@7db5a47
11-26 15:37:52.388  9494  9818 W SendBird: [15:37:52.387 SocketManager:onError():1002] >> onError : Socket is closed, reconnecting : true, explicitDisconnect : true
11-26 15:37:52.601  9494  9834 W SendBird: [15:37:52.600 Connection$1:onMessage():235] onMessage instance : [LOGI] com.sendbird.android.Connection@6297cf7
11-26 15:37:52.602  9494  9834 W Sendbird: [15:37:52.601 Connection$1:onMessage():236] onMessage instance : [LOGI] com.sendbird.android.Connection@6297cf7
11-26 15:37:52.605  9494  9779 W SendBird: [15:37:52.605 EventController$1:call():141] ++ result[LOGI] runnable=null
11-26 15:37:57.617  9494  9855 W SendBird: [15:37:57.615 SocketManager:onError():1002] >> onError : Server is unreachable., reconnecting : false, explicitDisconnect : false
11-26 15:37:57.664  9494  9855 E PINGER  : [15:37:57.662 Connection$Pinger:stop():522] Pinger stop true
11-26 15:37:57.670  9494  9855 E Sendbird:PINGER: [15:37:57.666 Connection$Pinger:stop():523] Pinger stop true
11-26 15:37:57.681  9494 10145 W SendBird: [15:37:57.680 Connection$1:onFailure():250] onFailed instance : com.sendbird.android.Connection@6297cf7
11-26 15:37:57.685  9494 10145 W Sendbird: [15:37:57.682 Connection$1:onFailure():251] onFailed instance : com.sendbird.android.Connection@6297cf7
11-26 15:37:57.686  9494 10145 W SendBird: [15:37:57.685 Connection$1:onFailure():256] onFailed handler : com.sendbird.android.SocketManager@7db5a47
11-26 15:37:57.688  9494 10145 W Sendbird: [15:37:57.687 Connection$1:onFailure():257] onFailed handler : com.sendbird.android.SocketManager@7db5a47
11-26 15:37:57.689  9494 10145 W SendBird: [15:37:57.688 SocketManager:onError():1002] >> onError : Socket is closed, reconnecting : true, explicitDisconnect : true
11-26 15:37:57.871  9494 10147 W SendBird: [15:37:57.869 Connection$1:onMessage():235] onMessage instance : [LOGI] com.sendbird.android.Connection@ab8451d
11-26 15:37:57.874  9494 10147 W Sendbird: [15:37:57.872 Connection$1:onMessage():236] onMessage instance : [LOGI] com.sendbird.android.Connection@ab8451d
11-26 15:37:57.882  9494  9779 W SendBird: [15:37:57.881 EventController$1:call():141] ++ result[LOGI] runnable=null
11-26 15:37:57.922  9494 10147 W SendBird: [15:37:57.922 Connection$1:onMessage():235] onMessage instance : [PONG] com.sendbird.android.Connection@ab8451d
11-26 15:37:57.923  9494 10147 W Sendbird: [15:37:57.923 Connection$1:onMessage():236] onMessage instance : [PONG] com.sendbird.android.Connection@ab8451d
11-26 15:37:57.927  9494  9779 W SendBird: [15:37:57.927 EventController$1:call():141] ++ result[PONG] runnable=null
11-26 15:38:12.929  9494 10147 W SendBird: [15:38:12.928 Connection$1:onMessage():235] onMessage instance : [PONG] com.sendbird.android.Connection@ab8451d
11-26 15:38:12.930  9494 10147 W Sendbird: [15:38:12.929 Connection$1:onMessage():236] onMessage instance : [PONG] com.sendbird.android.Connection@ab8451d
11-26 15:38:12.939  9494  9779 W SendBird: [15:38:12.938 EventController$1:call():141] ++ result[PONG] runnable=null
11-26 15:38:14.708  9494  9558 V FA      : Recording user engagement, ms: 27713
11-26 15:38:14.756  9494  9558 V FA      : Connecting to remote service
11-26 15:38:14.766  9494  9572 I BufferQueueProducer: [ViewRootImpl[com.rmc.natour21/com.rmc.natour21.MainActivity]#1(BLAST Consumer)1](id:251600000001,api:1,p:9494,c:9494) disconnect: api 1
11-26 15:38:14.769  9494  9572 E BLASTBufferQueue: BLASTBufferItemConsumer::onDisconnect()
11-26 15:38:14.788  9494  9494 I BLASTBufferQueue: [ViewRootImpl[com.rmc.natour21/com.rmc.natour21.MainActivity]#1] destructor()
11-26 15:38:14.788  9494  9494 I BufferQueueConsumer: [ViewRootImpl[com.rmc.natour21/com.rmc.natour21.MainActivity]#1(BLAST Consumer)1](id:251600000001,api:0,p:-1,c:9494) disconnect
11-26 15:38:14.803  9494  9558 V FA      : Connection attempt already in progress
11-26 15:38:14.810  9494  9558 V FA      : Activity paused, time: 3106665421
11-26 15:38:14.937  9494  9494 E Parcel  : Reading a NULL string not supported here.
11-26 15:38:14.940  9494  9558 D FA      : Connected to remote service
11-26 15:38:14.943  9494  9558 V FA      : Processing queued up service tasks: 2
11-26 15:38:15.271  9494 10147 W SendBird: [15:38:15.270 Connection$1:onMessage():235] onMessage instance : [PONG] com.sendbird.android.Connection@ab8451d
11-26 15:38:15.274  9494  9641 E PINGER  : [15:38:15.272 Connection$Pinger:stop():522] Pinger stop true
11-26 15:38:15.275  9494 10147 W Sendbird: [15:38:15.273 Connection$1:onMessage():236] onMessage instance : [PONG] com.sendbird.android.Connection@ab8451d
11-26 15:38:15.280  9494  9641 E Sendbird:PINGER: [15:38:15.276 Connection$Pinger:stop():523] Pinger stop false
11-26 15:38:15.287  9494  9779 W SendBird: [15:38:15.286 EventController$1:call():141] ++ result[PONG] runnable=null
11-26 15:38:15.291  9494 10183 W SendBird: [15:38:15.289 Connection$1:onFailure():250] onFailed instance : com.sendbird.android.Connection@ab8451d
11-26 15:38:15.296  9494 10183 W Sendbird: [15:38:15.292 Connection$1:onFailure():251] onFailed instance : com.sendbird.android.Connection@ab8451d
11-26 15:38:15.298  9494 10183 W SendBird: [15:38:15.296 Connection$1:onFailure():256] onFailed handler : com.sendbird.android.SocketManager@7db5a47
11-26 15:38:15.301  9494 10183 W Sendbird: [15:38:15.299 Connection$1:onFailure():257] onFailed handler : com.sendbird.android.SocketManager@7db5a47
11-26 15:38:15.304  9494 10183 W SendBird: [15:38:15.302 SocketManager:onError():1002] >> onError : Socket is closed, reconnecting : false, explicitDisconnect : true
11-26 15:38:16.813  9494  9558 D FA      : Application going to the background
11-26 15:38:24.792  9494  9558 V FA      : Inactivity, disconnecting from the service
11-26 15:38:31.968  9494  9558 V FA      : Activity resumed, time: 3106682685
11-26 15:38:31.971  9494  9558 V FA      : Connecting to remote service
11-26 15:38:32.121  9494  9803 E Parcel  : Reading a NULL string not supported here.
11-26 15:38:32.182  9494  9494 I BufferQueueConsumer: [](id:251600000002,api:0,p:-1,c:9494) connect: controlledByApp=false
11-26 15:38:32.182  9494  9494 I BLASTBufferQueue: [ViewRootImpl[com.rmc.natour21/com.rmc.natour21.MainActivity]#2] constructor()
11-26 15:38:32.184  9494  9572 I BufferQueueProducer: [ViewRootImpl[com.rmc.natour21/com.rmc.natour21.MainActivity]#2(BLAST Consumer)2](id:251600000002,api:1,p:9494,c:9494) connect: api=1 producerControlledByApp=true
11-26 15:38:32.212  9494  9494 I Quality : Skipped: false 10 cost 120.429115 refreshRate 11111111 processName com.rmc.natour21
11-26 15:38:32.238  9494 10089 I BLASTBufferQueue: releaseBufferCallbackThunk bufferId:40776419508235 framenumber:74 blastBufferQueue is dead
11-26 15:38:32.245  9494  9494 I Quality : Skipped: false 2 cost 30.37772 refreshRate 11111111 processName com.rmc.natour21
11-26 15:38:32.252  9494  9494 E Parcel  : Reading a NULL string not supported here.
11-26 15:38:32.253  9494  9558 D FA      : Connected to remote service
11-26 15:38:32.254  9494  9558 V FA      : Processing queued up service tasks: 1
11-26 15:38:32.322  9494 10730 W SendBird: [15:38:32.322 Connection$1:onMessage():235] onMessage instance : [LOGI] com.sendbird.android.Connection@b90189b
11-26 15:38:32.324  9494 10730 W Sendbird: [15:38:32.323 Connection$1:onMessage():236] onMessage instance : [LOGI] com.sendbird.android.Connection@b90189b
11-26 15:38:32.329  9494  9779 W SendBird: [15:38:32.328 EventController$1:call():141] ++ result[LOGI] runnable=null
11-26 15:38:37.261  9494  9558 V FA      : Inactivity, disconnecting from the service
11-26 15:38:37.339  9494 10777 W SendBird: [15:38:37.338 SocketManager:onError():1002] >> onError : Server is unreachable., reconnecting : false, explicitDisconnect : false
11-26 15:38:37.379  9494 10777 E PINGER  : [15:38:37.378 Connection$Pinger:stop():522] Pinger stop true
11-26 15:38:37.381  9494 10777 E Sendbird:PINGER: [15:38:37.379 Connection$Pinger:stop():523] Pinger stop true
11-26 15:38:37.389  9494 10816 W SendBird: [15:38:37.388 Connection$1:onFailure():250] onFailed instance : com.sendbird.android.Connection@b90189b
11-26 15:38:37.393  9494 10816 W Sendbird: [15:38:37.391 Connection$1:onFailure():251] onFailed instance : com.sendbird.android.Connection@b90189b
11-26 15:38:37.394  9494 10816 W SendBird: [15:38:37.393 Connection$1:onFailure():256] onFailed handler : com.sendbird.android.SocketManager@7db5a47
11-26 15:38:37.396  9494 10816 W Sendbird: [15:38:37.395 Connection$1:onFailure():257] onFailed handler : com.sendbird.android.SocketManager@7db5a47
11-26 15:38:37.397  9494 10816 W SendBird: [15:38:37.396 SocketManager:onError():1002] >> onError : Socket is closed, reconnecting : true, explicitDisconnect : true
11-26 15:38:37.655  9494 10818 W SendBird: [15:38:37.654 Connection$1:onMessage():235] onMessage instance : [LOGI] com.sendbird.android.Connection@3e49d86
11-26 15:38:37.660  9494 10818 W Sendbird: [15:38:37.657 Connection$1:onMessage():236] onMessage instance : [LOGI] com.sendbird.android.Connection@3e49d86
11-26 15:38:37.669  9494  9779 W SendBird: [15:38:37.668 EventController$1:call():141] ++ result[LOGI] runnable=null
11-26 15:38:41.076  9494  9494 V AutofillManager: requestHideFillUi(null): anchor = null
11-26 15:38:41.077  9494  9494 D OplusSystemUINavigationGesture: [GESTURE_BUTTON] swipe from 1
11-26 15:38:41.077  9494  9494 D OplusSystemUINavigationGesture: [GESTURE_BUTTON] Hit Gesture Region !
11-26 15:38:42.684  9494 10830 W SendBird: [15:38:42.682 SocketManager:onError():1002] >> onError : Server is unreachable., reconnecting : false, explicitDisconnect : false
11-26 15:38:42.731  9494 10830 E PINGER  : [15:38:42.730 Connection$Pinger:stop():522] Pinger stop true
11-26 15:38:42.738  9494 10830 E Sendbird:PINGER: [15:38:42.734 Connection$Pinger:stop():523] Pinger stop true
11-26 15:38:42.752  9494 10851 W SendBird: [15:38:42.750 Connection$1:onFailure():250] onFailed instance : com.sendbird.android.Connection@3e49d86
11-26 15:38:42.756  9494 10851 W Sendbird: [15:38:42.753 Connection$1:onFailure():251] onFailed instance : com.sendbird.android.Connection@3e49d86
11-26 15:38:42.757  9494 10851 W SendBird: [15:38:42.756 Connection$1:onFailure():256] onFailed handler : com.sendbird.android.SocketManager@7db5a47
11-26 15:38:42.759  9494 10851 W Sendbird: [15:38:42.758 Connection$1:onFailure():257] onFailed handler : com.sendbird.android.SocketManager@7db5a47
11-26 15:38:42.760  9494 10851 W SendBird: [15:38:42.759 SocketManager:onError():1002] >> onError : Socket is closed, reconnecting : true, explicitDisconnect : true
11-26 15:38:42.997  9494 10854 W SendBird: [15:38:42.995 Connection$1:onMessage():235] onMessage instance : [LOGI] com.sendbird.android.Connection@1df911f
11-26 15:38:43.001  9494 10854 W Sendbird: [15:38:42.998 Connection$1:onMessage():236] onMessage instance : [LOGI] com.sendbird.android.Connection@1df911f
11-26 15:38:43.011  9494  9779 W SendBird: [15:38:43.010 EventController$1:call():141] ++ result[LOGI] runnable=null
11-26 15:38:44.641  9494  9494 V AutofillManager: requestHideFillUi(null): anchor = null
11-26 15:38:44.845  9494  9494 I Quality : Skipped: false 1 cost 19.731 refreshRate 11111111 processName com.rmc.natour21
11-26 15:38:44.849  9494  9558 V FA      : Recording user engagement, ms: 12881
11-26 15:38:44.862  9494 10871 D libMEOW : meow new tls: 0xb400006fa075a540
11-26 15:38:44.866  9494  9558 V FA      : Connecting to remote service
11-26 15:38:44.866  9494 10871 D libMEOW : applied 1 plugins for [com.rmc.natour21]:
11-26 15:38:44.866  9494 10871 D libMEOW :   plugin 1: [libMEOW_gift.so]:
11-26 15:38:44.869  9494 10871 D libMEOW : meow delete tls: 0xb400006fa075a540
11-26 15:38:44.871  9494  9558 V FA      : Connection attempt already in progress
11-26 15:38:44.871  9494  9558 V FA      : Activity paused, time: 3106695566
11-26 15:38:44.875  9494  9545 V FA      : onActivityCreated
11-26 15:38:44.897  9494  9494 I oplus.android.OplusFrameworkFactoryImpl: get feature:IOplusDynamicVsyncFeature
11-26 15:38:44.897  9494  9494 I oplus.android.OplusFrameworkFactoryImpl: get feature:IOplusDynamicVsyncFeature
11-26 15:38:44.897  9494  9494 I oplus.android.OplusFrameworkFactoryImpl: get feature:IOplusDynamicVsyncFeature
11-26 15:38:44.967  9494  9494 I oplus.android.OplusFrameworkFactoryImpl: get feature:IOplusDynamicVsyncFeature
11-26 15:38:44.967  9494  9494 I oplus.android.OplusFrameworkFactoryImpl: get feature:IOplusDynamicVsyncFeature
11-26 15:38:44.967  9494  9494 I oplus.android.OplusFrameworkFactoryImpl: get feature:IOplusDynamicVsyncFeature
11-26 15:38:44.968  9494  9494 I oplus.android.OplusFrameworkFactoryImpl: get feature:IOplusDynamicVsyncFeature
11-26 15:38:44.968  9494  9494 I oplus.android.OplusFrameworkFactoryImpl: get feature:IOplusDynamicVsyncFeature
11-26 15:38:44.968  9494  9494 I oplus.android.OplusFrameworkFactoryImpl: get feature:IOplusDynamicVsyncFeature
11-26 15:38:45.000  9494  9558 V FA      : Activity resumed, time: 3106695717
11-26 15:38:45.008  9494  9494 D WindowManager: Add to mViews: DecorView@949e2f3[PathPageActivity],pkg= com.rmc.natour21
11-26 15:38:45.009  9494  9558 V FA      : Connection attempt already in progress
11-26 15:38:45.009  9494  9558 V FA      : Connection attempt already in progress
11-26 15:38:45.011  9494  9494 D ViewRootImpl[PathPageActivity]: hardware acceleration = true, sRendererEnabled = true, forceHwAccelerated = false
11-26 15:38:45.044  9494  9494 I BufferQueueConsumer: [](id:251600000003,api:0,p:-1,c:9494) connect: controlledByApp=false
11-26 15:38:45.044  9494  9494 I BLASTBufferQueue: [ViewRootImpl[com.rmc.natour21/com.rmc.natour21.Fragment.path.PathPageActivity]#3] constructor()
11-26 15:38:45.046  9494  9494 V OplusZoomWindowDecorViewHelper: setLastReportedMergedConfiguration mZoomDisplayHeight: 2400 getDecorView.155837171
11-26 15:38:45.046  9494  9572 I BufferQueueProducer: [ViewRootImpl[com.rmc.natour21/com.rmc.natour21.Fragment.path.PathPageActivity]#3(BLAST Consumer)3](id:251600000003,api:1,p:9494,c:9494) connect: api=1 producerControlledByApp=true
11-26 15:38:45.269  9494  9524 D SurfaceComposerClient: VRR [FRTC] client handle [bufferId:18446744073709551615 framenumber:0] [ffffffff, ffffffff]
11-26 15:38:45.276  9494  9494 I Quality : Skipped: false 22 cost 245.5783 refreshRate 11111111 processName com.rmc.natour21
11-26 15:38:45.308  9494  9494 E Parcel  : Reading a NULL string not supported here.
11-26 15:38:45.310  9494  9558 D FA      : Connected to remote service
11-26 15:38:45.310  9494  9494 I Quality : Skipped: false 2 cost 22.565113 refreshRate 11111111 processName com.rmc.natour21
11-26 15:38:45.311  9494  9558 V FA      : Processing queued up service tasks: 4
11-26 15:38:45.333  9494  9494 I Quality : Skipped: false 1 cost 14.831257 refreshRate 11111111 processName com.rmc.natour21
11-26 15:38:45.364  9494  9494 I Quality : Skipped: false 2 cost 23.63917 refreshRate 11111111 processName com.rmc.natour21
11-26 15:38:45.387  9494  9494 I Quality : Skipped: true 1 cost 12.729707 refreshRate 11111111 processName com.rmc.natour21
11-26 15:38:45.414  9494  9805 V ListServiceUtils: checkInListByUid start module:custom-icc uid:10364  time 998027140550us
11-26 15:38:45.414  9494  9801 V ListServiceUtils: checkInListByUid start module:custom-icc uid:10364  time 998027140419us
11-26 15:38:45.415  9494  9805 V ListServiceUtils: checkInListByUid end module:custom-icc uid:10364  time 998027143179us
11-26 15:38:45.415  9494  9805 D ListServiceUtils: checkInListByUid module:custom-icc uid:10364 cost 2628us return 0
11-26 15:38:45.415  9494  9805 E ListServiceUtils: checkInListByUid module:custom-icc uid:10364 cost 2628us return 0
11-26 15:38:45.415  9494  9801 V ListServiceUtils: checkInListByUid end module:custom-icc uid:10364  time 998027143172us
11-26 15:38:45.415  9494  9801 D ListServiceUtils: checkInListByUid module:custom-icc uid:10364 cost 2751us return 0
11-26 15:38:45.415  9494  9801 E ListServiceUtils: checkInListByUid module:custom-icc uid:10364 cost 2751us return 0
11-26 15:38:45.415  9494  9801 V ListServiceUtils: checkInListByUid module:image-processing uid:10364 cost 114us return (null)
11-26 15:38:45.415  9494  9801 V JpegEncoderExtImpl: Resolution: 600 x 400,support: 0;
11-26 15:38:45.415  9494  9805 V ListServiceUtils: checkInListByUid module:image-processing uid:10364 cost 165us return (null)
11-26 15:38:45.415  9494  9805 V JpegEncoderExtImpl: Resolution: 1080 x 600,support: 0;
11-26 15:38:45.432  9494  9494 I oplus.android.OplusFrameworkFactoryImpl: get feature:IOplusDynamicVsyncFeature
11-26 15:38:45.433  9494  9494 I oplus.android.OplusFrameworkFactoryImpl: get feature:IOplusDynamicVsyncFeature
11-26 15:38:45.433  9494  9494 I oplus.android.OplusFrameworkFactoryImpl: get feature:IOplusDynamicVsyncFeature
11-26 15:38:45.467  9494  9494 I oplus.android.OplusFrameworkFactoryImpl: get feature:IOplusDynamicVsyncFeature
11-26 15:38:45.467  9494  9494 I oplus.android.OplusFrameworkFactoryImpl: get feature:IOplusDynamicVsyncFeature
11-26 15:38:45.467  9494  9494 I oplus.android.OplusFrameworkFactoryImpl: get feature:IOplusDynamicVsyncFeature
11-26 15:38:45.495  9494  9494 I Quality : Skipped: false 6 cost 74.82194 refreshRate 11111111 processName com.rmc.natour21
11-26 15:38:45.706  9494  9572 I BufferQueueProducer: [ViewRootImpl[com.rmc.natour21/com.rmc.natour21.MainActivity]#2(BLAST Consumer)2](id:251600000002,api:1,p:9494,c:9494) disconnect: api 1
11-26 15:38:45.707  9494  9572 E BLASTBufferQueue: BLASTBufferItemConsumer::onDisconnect()
11-26 15:38:45.719  9494  9494 I BLASTBufferQueue: [ViewRootImpl[com.rmc.natour21/com.rmc.natour21.MainActivity]#2] destructor()
11-26 15:38:45.719  9494  9494 I BufferQueueConsumer: [ViewRootImpl[com.rmc.natour21/com.rmc.natour21.MainActivity]#2(BLAST Consumer)2](id:251600000002,api:0,p:-1,c:9494) disconnect
11-26 15:38:45.756  9494  9524 I BLASTBufferQueue: releaseBufferCallbackThunk bufferId:40776419508239 framenumber:112 blastBufferQueue is dead
11-26 15:38:46.068  9494  9805 V ListServiceUtils: checkInListByUid start module:custom-icc uid:10364  time 998027795898us
11-26 15:38:46.069  9494  9805 V ListServiceUtils: checkInListByUid end module:custom-icc uid:10364  time 998027796428us
11-26 15:38:46.069  9494  9805 D ListServiceUtils: checkInListByUid module:custom-icc uid:10364 cost 529us return 0
11-26 15:38:46.069  9494  9805 V ListServiceUtils: checkInListByUid module:image-processing uid:10364 cost 216us return (null)
11-26 15:38:46.069  9494  9805 V JpegEncoderExtImpl: Resolution: 105 x 105,support: 0;
11-26 15:38:46.115  9494  9805 V ListServiceUtils: checkInListByUid start module:custom-icc uid:10364  time 998027842912us
11-26 15:38:46.115  9494  9805 V ListServiceUtils: checkInListByUid end module:custom-icc uid:10364  time 998027843164us
11-26 15:38:46.115  9494  9805 D ListServiceUtils: checkInListByUid module:custom-icc uid:10364 cost 251us return 0
