--------- beginning of system
11-26 15:53:35.742  9494  9494 I Quality : Skipped: false 6 cost 73.84256 refreshRate 11111111 processName com.rmc.natour21
11-26 15:53:35.839  9494  9494 I Quality : Skipped: false 2 cost 25.345196 refreshRate 11111111 processName com.rmc.natour21
11-26 15:53:35.869  9494  9494 I Quality : Skipped: true 1 cost 21.8186 refreshRate 11111111 processName com.rmc.natour21
11-26 15:53:35.893  9494  9494 I Quality : Skipped: true 2 cost 22.914484 refreshRate 11111111 processName com.rmc.natour21
11-26 15:53:35.926  9494  9494 I Quality : Skipped: true 2 cost 22.804195 refreshRate 11111111 processName com.rmc.natour21
11-26 15:53:35.958  9494  9494 I Quality : Skipped: false 1 cost 21.145573 refreshRate 11111111 processName com.rmc.natour21
11-26 15:53:42.319  9494  9494 V OplusZoomWindowDecorViewHelper: removeZoomView
11-26 15:53:42.348  9494  9494 I Quality : Skipped: true 1 cost 21.468956 refreshRate 11111111 processName com.rmc.natour21
11-26 15:53:44.031  9494  9494 I Quality : Skipped: false 6 cost 67.425285 refreshRate 11111111 processName com.rmc.natour21
11-26 15:53:44.046  9494  9494 V OplusZoomWindowDecorViewHelper: setLastReportedMergedConfiguration mZoomDisplayHeight: 2400 getDecorView.52110010
11-26 15:53:44.085  9494  9494 I Quality : Skipped: false 4 cost 53.430664 refreshRate 11111111 processName com.rmc.natour21
11-26 15:53:44.099  9494  9494 I Quality : Skipped: false 1 cost 11.541203 refreshRate 11111111 processName com.rmc.natour21
11-26 15:53:47.210  9494  9494 V OplusZoomWindowDecorViewHelper: removeZoomView
11-26 15:53:47.230  9494  9494 I Quality : Skipped: true 1 cost 12.415774 refreshRate 11111111 processName com.rmc.natour21
11-26 15:53:56.430  9494  9494 I Quality : Skipped: false 5 cost 64.19672 refreshRate 11111111 processName com.rmc.natour21
11-26 15:53:56.444  9494  9494 V OplusZoomWindowDecorViewHelper: setLastReportedMergedConfiguration mZoomDisplayHeight: 2400 getDecorView.107710424
11-26 15:53:56.477  9494  9494 I Quality : Skipped: false 3 cost 42.260662 refreshRate 11111111 processName com.rmc.natour21
11-26 15:53:56.491  9494  9494 I Quality : Skipped: false 1 cost 11.534953 refreshRate 11111111 processName com.rmc.natour21
11-26 15:54:01.822  9494  9494 V OplusZoomWindowDecorViewHelper: removeZoomView
11-26 15:54:01.931  9494  9494 I Quality : Skipped: false 3 cost 33.936127 refreshRate 11111111 processName com.rmc.natour21
11-26 15:54:29.932  9494  9494 I Quality : Skipped: false 4 cost 54.641216 refreshRate 11111111 processName com.rmc.natour21
11-26 15:54:29.946  9494  9494 V OplusZoomWindowDecorViewHelper: setLastReportedMergedConfiguration mZoomDisplayHeight: 2400 getDecorView.217095351
11-26 15:54:29.983  9494  9494 I Quality : Skipped: false 4 cost 50.42154 refreshRate 11111111 processName com.rmc.natour21
11-26 15:54:30.024  9494  9494 I Quality : Skipped: false 1 cost 11.491216 refreshRate 11111111 processName com.rmc.natour21
11-26 15:54:35.105  9494  9494 I Quality : ActivityThread: activityStart delay 99 com.rmc.natour21 9494
11-26 15:54:35.120  9494  9494 I Quality : Skipped: false 9 cost 103.8212 refreshRate 11111111 processName com.rmc.natour21
11-26 15:54:35.140  9494  9494 V OplusZoomWindowDecorViewHelper: setLastReportedMergedConfiguration mZoomDisplayHeight: 2400 getDecorView.267043693
11-26 15:54:35.171  9494  9494 I Quality : Skipped: false 3 cost 42.34588 refreshRate 11111111 processName com.rmc.natour21
11-26 15:54:35.186  9494  9494 I Quality : Skipped: false 1 cost 13.260905 refreshRate 11111111 processName com.rmc.natour21
11-26 15:54:35.235  9494  9494 I Quality : Skipped: false 1 cost 17.112032 refreshRate 11111111 processName com.rmc.natour21
11-26 15:54:38.095  9494  9494 I Quality : Skipped: false 13 cost 145.64069 refreshRate 11111111 processName com.rmc.natour21
11-26 15:54:38.110  9494  9494 I Quality : Skipped: false 1 cost 14.295623 refreshRate 11111111 processName com.rmc.natour21
11-26 15:54:38.169  9494  9494 I Quality : Skipped: false 1 cost 17.523392 refreshRate 11111111 processName com.rmc.natour21
11-26 15:54:38.192  9494  9494 I Quality : Skipped: true 1 cost 17.39707 refreshRate 11111111 processName com.rmc.natour21
11-26 15:54:38.211  9494  9494 I Quality : Skipped: false 1 cost 14.736725 refreshRate 11111111 processName com.rmc.natour21
11-26 15:54:38.540  9494  9494 V OplusZoomWindowDecorViewHelper: removeZoomView
11-26 15:55:08.178  9494  9494 I Quality : Skipped: false 2 cost 31.58734 refreshRate 11111111 processName com.rmc.natour21
11-26 15:55:08.258  9494  9494 I Quality : Skipped: true 1 cost 12.909216 refreshRate 11111111 processName com.rmc.natour21
11-26 15:55:46.008  9494  9494 I Quality : Skipped: false 17 cost 192.58159 refreshRate 11111111 processName com.rmc.natour21
11-26 15:55:46.063  9494  9494 I Quality : Skipped: true 1 cost 12.402952 refreshRate 11111111 processName com.rmc.natour21
11-26 15:55:46.108  9494  9494 I Quality : Skipped: true 1 cost 12.872161 refreshRate 11111111 processName com.rmc.natour21
11-26 15:56:15.300  9494  9494 I Quality : Skipped: false 2 cost 24.495647 refreshRate 11111111 processName com.rmc.natour21
11-26 15:56:15.346  9494  9494 I Quality : Skipped: true 1 cost 14.070404 refreshRate 11111111 processName com.rmc.natour21
11-26 15:56:40.031  9494  9494 I Quality : Skipped: false 1 cost 11.336922 refreshRate 11111111 processName com.rmc.natour21
11-26 15:56:40.310  9494  9494 I Quality : Skipped: false 11 cost 132.44957 refreshRate 11111111 processName com.rmc.natour21
11-26 15:56:40.385  9494  9494 I Quality : Skipped: true 1 cost 17.264824 refreshRate 11111111 processName com.rmc.natour21
11-26 15:56:40.404  9494  9494 I Quality : Skipped: true 1 cost 13.257638 refreshRate 11111111 processName com.rmc.natour21
11-26 15:56:40.445  9494  9494 I Quality : Skipped: true 1 cost 20.984451 refreshRate 11111111 processName com.rmc.natour21
11-26 15:56:51.347  9494  9494 I Quality : Skipped: false 1 cost 14.70815 refreshRate 11111111 processName com.rmc.natour21
11-26 15:56:51.456  9494  9494 I Quality : ActivityThread: activityStart delay 88 com.rmc.natour21 9494
11-26 15:56:51.474  9494  9494 I Quality : Skipped: false 9 cost 100.5088 refreshRate 11111111 processName com.rmc.natour21
11-26 15:56:51.494  9494  9494 V OplusZoomWindowDecorViewHelper: setLastReportedMergedConfiguration mZoomDisplayHeight: 2400 getDecorView.234821888
11-26 15:56:51.533  9494  9494 I Quality : Skipped: false 5 cost 58.3712 refreshRate 11111111 processName com.rmc.natour21
11-26 15:56:51.577  9494  9494 I Quality : Skipped: true 1 cost 12.249125 refreshRate 11111111 processName com.rmc.natour21
11-26 15:56:51.655  9494  9494 I Quality : Skipped: true 1 cost 12.34264 refreshRate 11111111 processName com.rmc.natour21
11-26 15:56:53.522  9494 21776 I Quality : SlowSQLite: /executeForLastInsertedRowId INSERT OR REPLACE  INTO tiles(expires,provider,key,tile) VALUES (?,?,?,?)/ cost= /892
11-26 15:56:58.119  9494  9494 I Quality : Skipped: false 2 cost 23.68326 refreshRate 11111111 processName com.rmc.natour21
11-26 15:57:02.089  9494  9494 I Quality : Skipped: false 1 cost 16.823156 refreshRate 11111111 processName com.rmc.natour21
11-26 15:57:03.540  9494 21777 I Quality : SlowSQLite: /executeForLastInsertedRowId INSERT OR REPLACE  INTO tiles(expires,provider,key,tile) VALUES (?,?,?,?)/ cost= /926
11-26 15:57:10.449  9494  9494 I Quality : Skipped: false 1 cost 16.65547 refreshRate 11111111 processName com.rmc.natour21
11-26 15:57:10.483  9494  9494 I Quality : Skipped: false 1 cost 17.494324 refreshRate 11111111 processName com.rmc.natour21
11-26 15:57:10.502  9494  9494 I Quality : Skipped: false 1 cost 14.056915 refreshRate 11111111 processName com.rmc.natour21
11-26 15:57:11.644  9494  9494 I Quality : Skipped: false 4 cost 46.037537 refreshRate 11111111 processName com.rmc.natour21
11-26 15:57:14.244  9494  9494 I Quality : Skipped: false 1 cost 14.581256 refreshRate 11111111 processName com.rmc.natour21
11-26 15:57:14.412  9494  9494 I Quality : Skipped: false 3 cost 36.471024 refreshRate 11111111 processName com.rmc.natour21
11-26 15:57:14.438  9494  9494 I Quality : Skipped: false 1 cost 17.69908 refreshRate 11111111 processName com.rmc.natour21
11-26 15:57:14.455  9494  9494 I Quality : Skipped: false 1 cost 12.134697 refreshRate 11111111 processName com.rmc.natour21
11-26 15:57:15.039  9494  9494 I Quality : Skipped: false 2 cost 25.295265 refreshRate 11111111 processName com.rmc.natour21
11-26 15:57:15.060  9494  9494 I Quality : Skipped: false 1 cost 12.62066 refreshRate 11111111 processName com.rmc.natour21
11-26 15:57:15.095  9494  9494 I Quality : Skipped: false 1 cost 13.542745 refreshRate 11111111 processName com.rmc.natour21
11-26 15:57:15.547  9494 21776 I Quality : SlowSQLite: /executeForLastInsertedRowId INSERT OR REPLACE  INTO tiles(expires,provider,key,tile) VALUES (?,?,?,?)/ cost= /980
11-26 15:57:15.604  9494  9494 I Quality : Skipped: false 2 cost 28.337135 refreshRate 11111111 processName com.rmc.natour21
11-26 15:57:15.633  9494  9494 I Quality : Skipped: false 2 cost 23.595709 refreshRate 11111111 processName com.rmc.natour21
11-26 15:57:15.672  9494  9494 I Quality : Skipped: false 1 cost 17.535345 refreshRate 11111111 processName com.rmc.natour21
11-26 15:57:15.778  9494  9494 I Quality : Skipped: false 1 cost 11.731849 refreshRate 11111111 processName com.rmc.natour21
11-26 15:57:15.823  9494  9494 I Quality : Skipped: false 1 cost 11.399051 refreshRate 11111111 processName com.rmc.natour21
11-26 15:57:15.857  9494  9494 I Quality : Skipped: false 1 cost 12.187598 refreshRate 11111111 processName com.rmc.natour21
11-26 15:57:16.350  9494  9494 I Quality : Skipped: false 1 cost 11.397977 refreshRate 11111111 processName com.rmc.natour21
11-26 15:57:16.406  9494  9494 I Quality : Skipped: false 1 cost 11.227806 refreshRate 11111111 processName com.rmc.natour21
11-26 15:57:18.867  9494  9494 I Quality : Skipped: false 9 cost 110.66371 refreshRate 11111111 processName com.rmc.natour21
11-26 15:57:20.611  9494  9494 I Quality : Skipped: false 6 cost 71.57606 refreshRate 11111111 processName com.rmc.natour21
11-26 15:57:23.465  9494  9494 I Quality : Skipped: false 16 cost 272.1203 refreshRate 16666667 processName com.rmc.natour21
11-26 15:57:23.665  9494  9494 I Quality : Skipped: false 11 cost 185.85443 refreshRate 16666667 processName com.rmc.natour21
11-26 15:57:23.808  9494  9494 I Quality : Skipped: false 8 cost 138.46178 refreshRate 16666667 processName com.rmc.natour21
11-26 15:57:25.459  9494  9494 I Quality : Skipped: false 13 cost 230.82698 refreshRate 16666667 processName com.rmc.natour21
11-26 15:57:26.135  9494  9494 I Quality : Skipped: false 27 cost 451.53214 refreshRate 16666667 processName com.rmc.natour21
11-26 15:57:28.799  9494  9494 I Quality : Skipped: false 13 cost 232.20107 refreshRate 16666667 processName com.rmc.natour21
11-26 15:57:31.578  9494  9494 I Quality : Skipped: false 13 cost 220.36728 refreshRate 16666667 processName com.rmc.natour21
11-26 15:57:37.597  9494  9494 V OplusZoomWindowDecorViewHelper: removeZoomView
11-26 15:57:37.613  9494  9527 I Quality : Blocked msg = Package name: com.rmc.natour21 [ schedGroup: 5 schedPolicy: 0 ] process the message: { when=-1s120ms what=0 target=android.view.ViewRootImpl$ViewRootHandler callback=android.widget.AbsListView$PerformClick } took 1102 ms
11-26 15:57:37.613  9494  9494 I Quality : Skipped: false 66 cost 1100.8715 refreshRate 16666667 processName com.rmc.natour21
--------- beginning of main
11-26 15:57:50.168  9494  9494 V AutofillManager: requestHideFillUi(null): anchor = null
11-26 15:57:51.532  9494  9494 V AutofillManager: requestHideFillUi(null): anchor = null
11-26 15:57:51.974  9494 21679 W SendBird: [15:57:51.973 Connection$1:onMessage():235] onMessage instance : [PONG] com.sendbird.android.Connection@dff9914
11-26 15:57:51.975  9494 21679 W Sendbird: [15:57:51.974 Connection$1:onMessage():236] onMessage instance : [PONG] com.sendbird.android.Connection@dff9914
11-26 15:57:51.979  9494  9779 W SendBird: [15:57:51.979 EventController$1:call():141] ++ result[PONG] runnable=null
11-26 15:57:52.163  9494  9494 V AutofillManager: requestHideFillUi(null): anchor = null
11-26 15:57:52.288  9494  9494 I Quality : Skipped: false 1 cost 19.5843 refreshRate 11111111 processName com.rmc.natour21
11-26 15:57:52.399  9494  9494 I Quality : Skipped: false 2 cost 29.588627 refreshRate 11111111 processName com.rmc.natour21
11-26 15:57:52.422  9494  9494 I Quality : Skipped: false 1 cost 18.557573 refreshRate 11111111 processName com.rmc.natour21
11-26 15:57:52.444  9494  9494 I Quality : Skipped: false 1 cost 18.429504 refreshRate 11111111 processName com.rmc.natour21
11-26 15:57:52.466  9494  9494 I Quality : Skipped: false 1 cost 17.6181 refreshRate 11111111 processName com.rmc.natour21
11-26 15:57:52.487  9494  9494 I Quality : Skipped: false 1 cost 16.205954 refreshRate 11111111 processName com.rmc.natour21
11-26 15:57:52.509  9494  9494 I Quality : Skipped: false 1 cost 16.30648 refreshRate 11111111 processName com.rmc.natour21
11-26 15:57:52.528  9494  9494 I Quality : Skipped: false 1 cost 12.520341 refreshRate 11111111 processName com.rmc.natour21
11-26 15:57:52.583  9494  9494 I Quality : Skipped: false 1 cost 11.420515 refreshRate 11111111 processName com.rmc.natour21
11-26 15:57:52.784  9494  9494 V AutofillManager: requestHideFillUi(null): anchor = null
11-26 15:57:53.103  9494  9494 I Quality : Skipped: false 3 cost 37.790455 refreshRate 11111111 processName com.rmc.natour21
11-26 15:57:53.127  9494  9494 I Quality : Skipped: false 1 cost 16.681742 refreshRate 11111111 processName com.rmc.natour21
11-26 15:57:53.200  9494  9494 I Quality : Skipped: false 1 cost 11.724816 refreshRate 11111111 processName com.rmc.natour21
11-26 15:57:53.268  9494  9494 I Quality : Skipped: false 1 cost 12.207375 refreshRate 11111111 processName com.rmc.natour21
11-26 15:57:53.507  9494  9494 V AutofillManager: requestHideFillUi(null): anchor = null
11-26 15:57:53.810  9494  9494 I Quality : Skipped: false 2 cost 32.401543 refreshRate 11111111 processName com.rmc.natour21
11-26 15:57:53.845  9494  9494 I Quality : Skipped: false 2 cost 22.878489 refreshRate 11111111 processName com.rmc.natour21
11-26 15:57:53.872  9494  9494 I Quality : Skipped: false 1 cost 15.561013 refreshRate 11111111 processName com.rmc.natour21
11-26 15:57:53.896  9494  9494 I Quality : Skipped: false 1 cost 17.109821 refreshRate 11111111 processName com.rmc.natour21
11-26 15:57:53.920  9494  9494 I Quality : Skipped: false 1 cost 18.72698 refreshRate 11111111 processName com.rmc.natour21
11-26 15:57:53.945  9494  9494 I Quality : Skipped: false 1 cost 21.358973 refreshRate 11111111 processName com.rmc.natour21
11-26 15:57:53.960  9494  9494 I Quality : Skipped: false 1 cost 14.334151 refreshRate 11111111 processName com.rmc.natour21
11-26 15:57:54.038  9494  9494 I Quality : Skipped: false 1 cost 13.295437 refreshRate 11111111 processName com.rmc.natour21
11-26 15:57:54.096  9494  9494 I Quality : Skipped: false 3 cost 38.269623 refreshRate 11111111 processName com.rmc.natour21
11-26 15:57:57.852  9494  9494 V AutofillManager: requestHideFillUi(null): anchor = null
11-26 15:57:59.627  9494  9494 V AutofillManager: requestHideFillUi(null): anchor = null
11-26 15:58:00.069  9494  9494 V AutofillManager: requestHideFillUi(null): anchor = null
11-26 15:58:00.462  9494  9494 V AutofillManager: requestHideFillUi(null): anchor = null
11-26 15:58:01.299  9494  9494 V AutofillManager: requestHideFillUi(null): anchor = null
11-26 15:58:01.674  9494  9494 V AutofillManager: requestHideFillUi(null): anchor = null
11-26 15:58:01.976  9494  9494 V AutofillManager: requestHideFillUi(null): anchor = null
11-26 15:58:02.279  9494  9494 V AutofillManager: requestHideFillUi(null): anchor = null
11-26 15:58:02.599  9494  9494 V AutofillManager: requestHideFillUi(null): anchor = null
11-26 15:58:02.921  9494  9494 V AutofillManager: requestHideFillUi(null): anchor = null
11-26 15:58:03.314  9494  9584 I libPerfCtl: fbcNotifySbeRescue ret=-1
11-26 15:58:03.331  9494  9584 I libPerfCtl: fbcNotifySbeRescue ret=-1
11-26 15:58:03.335  9494  9494 I Quality : Skipped: false 1 cost 16.005604 refreshRate 11111111 processName com.rmc.natour21
11-26 15:58:04.416  9494  9494 V AutofillManager: requestHideFillUi(null): anchor = null
11-26 15:58:06.975  9494 21679 W SendBird: [15:58:06.974 Connection$1:onMessage():235] onMessage instance : [PONG] com.sendbird.android.Connection@dff9914
11-26 15:58:06.977  9494 21679 W Sendbird: [15:58:06.976 Connection$1:onMessage():236] onMessage instance : [PONG] com.sendbird.android.Connection@dff9914
11-26 15:58:06.982  9494  9779 W SendBird: [15:58:06.982 EventController$1:call():141] ++ result[PONG] runnable=null
11-26 15:58:14.451  9494  9494 V AutofillManager: requestHideFillUi(null): anchor = null
11-26 15:58:14.451  9494  9494 D OplusSystemUINavigationGesture: [GESTURE_BUTTON] swipe from 0
11-26 15:58:14.452  9494  9494 D OplusSystemUINavigationGesture: [GESTURE_BUTTON] Hit Gesture Region !
11-26 15:58:17.239  9494  9494 V AutofillManager: requestHideFillUi(null): anchor = null
11-26 15:58:17.240  9494  9494 D OplusSystemUINavigationGesture: [GESTURE_BUTTON] swipe from 0
11-26 15:58:17.240  9494  9494 D OplusSystemUINavigationGesture: [GESTURE_BUTTON] Hit Gesture Region !
11-26 15:58:17.423  9494  9494 I Quality : Skipped: false 1 cost 13.324509 refreshRate 11111111 processName com.rmc.natour21
11-26 15:58:17.430  9494 22943 V FA      : Recording user engagement, ms: 85969
11-26 15:58:17.449  9494 22943 V FA      : Connecting to remote service
11-26 15:58:17.467  9494  9494 I BufferQueueConsumer: [](id:251600000024,api:0,p:-1,c:9494) connect: controlledByApp=false
11-26 15:58:17.467  9494  9494 I BLASTBufferQueue: [ViewRootImpl[com.rmc.natour21/com.rmc.natour21.MainActivity]#36] constructor()
11-26 15:58:17.469  9494  9572 I BufferQueueProducer: [ViewRootImpl[com.rmc.natour21/com.rmc.natour21.MainActivity]#36(BLAST Consumer)36](id:251600000024,api:1,p:9494,c:9494) connect: api=1 producerControlledByApp=true
11-26 15:58:17.470  9494 22943 V FA      : Connection attempt already in progress
11-26 15:58:17.470  9494 22943 V FA      : Activity paused, time: 3107868146
11-26 15:58:17.470  9494 22943 V FA      : Activity resumed, time: 3107868163
11-26 15:58:17.482  9494 22943 V FA      : Connection attempt already in progress
11-26 15:58:17.482  9494 22943 V FA      : Connection attempt already in progress
11-26 15:58:17.498  9494  9524 D SurfaceComposerClient: VRR [FRTC] client handle [bufferId:18446744073709551615 framenumber:0] [ffffffff, ffffffff]
11-26 15:58:17.586  9494  9494 I BufferQueueConsumer: [](id:251600000025,api:0,p:-1,c:9494) connect: controlledByApp=false
11-26 15:58:17.586  9494  9494 I BLASTBufferQueue: [ViewRootImpl[com.rmc.natour21/com.rmc.natour21.MainActivity]#37] constructor()
11-26 15:58:17.587  9494  9572 I BufferQueueProducer: [ViewRootImpl[com.rmc.natour21/com.rmc.natour21.MainActivity]#37(BLAST Consumer)37](id:251600000025,api:1,p:9494,c:9494) connect: api=1 producerControlledByApp=true
11-26 15:58:17.640  9494  9494 I Quality : Skipped: false 16 cost 185.55411 refreshRate 11111111 processName com.rmc.natour21
11-26 15:58:17.644  9494  9524 D SurfaceComposerClient: VRR [FRTC] client handle [bufferId:18446744073709551615 framenumber:0] [ffffffff, ffffffff]
11-26 15:58:17.680  9494  9494 E Parcel  : Reading a NULL string not supported here.
11-26 15:58:17.681  9494 22943 D FA      : Connected to remote service
11-26 15:58:17.681  9494  9494 I Quality : Skipped: true 1 cost 12.723538 refreshRate 11111111 processName com.rmc.natour21
11-26 15:58:17.682  9494 22943 V FA      : Processing queued up service tasks: 4
11-26 15:58:17.714  9494  9494 I Quality : Skipped: false 1 cost 12.3119 refreshRate 11111111 processName com.rmc.natour21
11-26 15:58:18.074  9494  9572 I BufferQueueProducer: [ViewRootImpl[com.rmc.natour21/com.rmc.natour21.Fragment.home.search.GeographicAreaActivity]#34(BLAST Consumer)34](id:251600000022,api:1,p:9494,c:9494) disconnect: api 1
11-26 15:58:18.075  9494  9572 E BLASTBufferQueue: BLASTBufferItemConsumer::onDisconnect()
11-26 15:58:18.075  9494  9572 D OpenGLRenderer: endAllActiveAnimators on 0xb400006eb605ea00 (RippleDrawable) with handle 0xb400006ec3fd5c00
11-26 15:58:18.089  9494  9494 I BLASTBufferQueue: [ViewRootImpl[com.rmc.natour21/com.rmc.natour21.Fragment.home.search.GeographicAreaActivity]#34] destructor()
11-26 15:58:18.089  9494  9494 I BufferQueueConsumer: [ViewRootImpl[com.rmc.natour21/com.rmc.natour21.Fragment.home.search.GeographicAreaActivity]#34(BLAST Consumer)34](id:251600000022,api:0,p:-1,c:9494) disconnect
11-26 15:58:18.095  9494  9494 V AutofillManager: updateSessionLocked(): id=null, bounds=null, value=null, action=5, flags=0
11-26 15:58:18.096  9494  9494 D AutofillManager: onActivityFinishing(): calling cancelLocked()
11-26 15:58:18.096  9494  9494 V AutofillManager: cancelSessionLocked(): FINISHED
11-26 15:58:18.103  9494  9494 V OplusZoomWindowDecorViewHelper: removeZoomView
11-26 15:58:18.103  9494  9494 D View    : [Warning] assignParent to null: this = DecorView@dff1900[GeographicAreaActivity]
11-26 15:58:18.116  9494  9783 I BLASTBufferQueue: releaseBufferCallbackThunk bufferId:40776419508434 framenumber:2484 blastBufferQueue is dead
11-26 15:58:20.902  9494  9494 V AutofillManager: requestHideFillUi(null): anchor = null
11-26 15:58:21.057  9494  9494 V OplusZoomWindowDecorViewHelper: removeZoomView
11-26 15:58:21.058  9494  9572 I BufferQueueProducer: [ViewRootImpl[com.rmc.natour21/com.rmc.natour21.MainActivity]#36(BLAST Consumer)36](id:251600000024,api:1,p:9494,c:9494) disconnect: api 1
11-26 15:58:21.058  9494  9572 E BLASTBufferQueue: BLASTBufferItemConsumer::onDisconnect()
11-26 15:58:21.058  9494  9572 D OpenGLRenderer: endAllActiveAnimators on 0xb400006ec2a1a600 (RippleDrawable) with handle 0xb400006ec3fd5c00
11-26 15:58:21.059  9494  9494 D View    : [Warning] assignParent to null: this = DecorView@cf09cb7[MainActivity]
11-26 15:58:21.067  9494  9783 I BLASTBufferQueue: [ViewRootImpl[com.rmc.natour21/com.rmc.natour21.MainActivity]#36] destructor()
11-26 15:58:21.067  9494  9783 I BufferQueueConsumer: [ViewRootImpl[com.rmc.natour21/com.rmc.natour21.MainActivity]#36(BLAST Consumer)36](id:251600000024,api:0,p:-1,c:9494) disconnect
11-26 15:58:21.078  9494  9494 I Quality : Skipped: true 2 cost 23.544992 refreshRate 11111111 processName com.rmc.natour21
11-26 15:58:21.240  9494  9783 I BLASTBufferQueue: releaseBufferCallbackThunk bufferId:40776419508458 framenumber:14 blastBufferQueue is dead
11-26 15:58:21.986  9494 21679 W SendBird: [15:58:21.985 Connection$1:onMessage():235] onMessage instance : [PONG] com.sendbird.android.Connection@dff9914
11-26 15:58:21.987  9494 21679 W Sendbird: [15:58:21.986 Connection$1:onMessage():236] onMessage instance : [PONG] com.sendbird.android.Connection@dff9914
11-26 15:58:21.995  9494  9779 W SendBird: [15:58:21.994 EventController$1:call():141] ++ result[PONG] runnable=null
11-26 15:58:22.715  9494 22943 V FA      : Inactivity, disconnecting from the service
11-26 15:58:23.862  9494  9494 I Quality : Skipped: true 1 cost 19.647156 refreshRate 11111111 processName com.rmc.natour21
11-26 15:58:23.910  9494  9494 I Quality : Skipped: true 1 cost 15.238528 refreshRate 11111111 processName com.rmc.natour21
11-26 15:58:24.543  9494 22943 V FA      : Recording user engagement, ms: 7092
11-26 15:58:24.550  9494  9572 I BufferQueueProducer: [ViewRootImpl[com.rmc.natour21/com.rmc.natour21.MainActivity]#37(BLAST Consumer)37](id:251600000025,api:1,p:9494,c:9494) disconnect: api 1
11-26 15:58:24.552  9494  9572 E BLASTBufferQueue: BLASTBufferItemConsumer::onDisconnect()
11-26 15:58:24.565  9494  9494 I BLASTBufferQueue: [ViewRootImpl[com.rmc.natour21/com.rmc.natour21.MainActivity]#37] destructor()
11-26 15:58:24.565  9494  9494 I BufferQueueConsumer: [ViewRootImpl[com.rmc.natour21/com.rmc.natour21.MainActivity]#37(BLAST Consumer)37](id:251600000025,api:0,p:-1,c:9494) disconnect
11-26 15:58:24.598  9494 22943 V FA      : Connecting to remote service
11-26 15:58:24.603  9494 22943 V FA      : Connection attempt already in progress
11-26 15:58:24.603  9494 22943 V FA      : Activity paused, time: 3107875255
11-26 15:58:24.682  9494  9494 E Parcel  : Reading a NULL string not supported here.
11-26 15:58:24.686  9494 22943 D FA      : Connected to remote service
11-26 15:58:24.687  9494 22943 V FA      : Processing queued up service tasks: 2
11-26 15:58:24.689  9494  9525 I BLASTBufferQueue: releaseBufferCallbackThunk bufferId:40776419508461 framenumber:22 blastBufferQueue is dead
11-26 15:58:25.094  9494  9641 E PINGER  : [15:58:25.093 Connection$Pinger:stop():522] Pinger stop true
11-26 15:58:25.096  9494  9641 E Sendbird:PINGER: [15:58:25.095 Connection$Pinger:stop():523] Pinger stop true
11-26 15:58:25.101  9494 21679 W SendBird: [15:58:25.100 Connection$1:onMessage():235] onMessage instance : [PONG] com.sendbird.android.Connection@dff9914
11-26 15:58:25.102  9494 21679 W Sendbird: [15:58:25.101 Connection$1:onMessage():236] onMessage instance : [PONG] com.sendbird.android.Connection@dff9914
11-26 15:58:25.110  9494 21679 W SendBird: [15:58:25.109 Connection$1:onFailure():250] onFailed instance : com.sendbird.android.Connection@dff9914
11-26 15:58:25.111  9494 21679 W Sendbird: [15:58:25.110 Connection$1:onFailure():251] onFailed instance : com.sendbird.android.Connection@dff9914
11-26 15:58:25.113  9494 21679 W SendBird: [15:58:25.112 Connection$1:onFailure():256] onFailed handler : com.sendbird.android.SocketManager@7db5a47
11-26 15:58:25.115  9494 21679 W Sendbird: [15:58:25.114 Connection$1:onFailure():257] onFailed handler : com.sendbird.android.SocketManager@7db5a47
11-26 15:58:25.116  9494 21679 W SendBird: [15:58:25.115 SocketManager:onError():1002] >> onError : Socket is closed, reconnecting : false, explicitDisconnect : true
11-26 15:58:25.117  9494  9779 W SendBird: [15:58:25.115 EventController$1:call():141] ++ result[PONG] runnable=null
11-26 15:58:27.727 23667 23667 I om.rmc.natour2: Late-enabling -Xcheck:jni
11-26 15:58:27.867 23667 23667 E om.rmc.natour2: Unknown bits set in runtime_flags: 0x40000000
11-26 15:58:27.884 23667 23667 D ProcessState: Binder ioctl to enable oneway spam detection failed: Invalid argument
11-26 15:58:27.890 23667 23667 I OneTrace: Mark active for pid=23667? true
11-26 15:58:27.890 23667 23667 D cutils-dev: otrace_set_tracing_enabled? true
11-26 15:58:27.895 23667 23689 D cutils-dev: properties changed in otrace_seq_number_changed!
11-26 15:58:27.920 23667 23667 D CompatibilityChangeReporter: Compat change id reported: 171979766; UID 10364; state: ENABLED
11-26 15:58:27.921 23667 23667 I oplus.android.OplusFrameworkFactoryImpl: get feature:IOplusAutoResolutionFeature
11-26 15:58:27.921 23667 23667 I oplus.android.OplusFrameworkFactoryImpl: getOplusAutoResolutionFeature
11-26 15:58:27.921 23667 23667 D CompactWindowAppManager: initCompactApplicationInfo 
11-26 15:58:27.950 23667 23667 I OplusFeatureCache: Milliseconds spent on init(): 16
11-26 15:58:27.952 23667 23667 D LoadedApk: mApplicationInfo overrideDisplayId:null
11-26 15:58:27.957 23667 23667 W ziparchive: Unable to open '/data/app/~~ZVhueONqf64FqlPc4vEbLQ==/com.rmc.natour21-HZNQfG5lbZ_D4SrpoVuKZw==/base.dm': No such file or directory
11-26 15:58:27.958 23667 23667 W ziparchive: Unable to open '/data/app/~~ZVhueONqf64FqlPc4vEbLQ==/com.rmc.natour21-HZNQfG5lbZ_D4SrpoVuKZw==/base.dm': No such file or directory
11-26 15:58:28.324 23667 23667 I Quality : ActivityThread: createClassLoader delay 367 /data/app/~~ZVhueONqf64FqlPc4vEbLQ==/com.rmc.natour21-HZNQfG5lbZ_D4SrpoVuKZw==/base.apk 23667
11-26 15:58:28.326 23667 23667 I Quality : ActivityThread: createOrUpdateClassLoaderLocked delay 373 com.rmc.natour21 23667
11-26 15:58:28.332 23667 23667 V GraphicsEnvironment: ANGLE Developer option for 'com.rmc.natour21' set to: 'default'
11-26 15:58:28.332 23667 23667 V GraphicsEnvironment: App is not on the allowlist for updatable production driver.
11-26 15:58:28.334 23667 23667 D NetworkSecurityConfig: Using Network Security Config from resource network_security_config debugBuild: true
11-26 15:58:28.336 23667 23667 D NetworkSecurityConfig: Using Network Security Config from resource network_security_config debugBuild: true
11-26 15:58:28.382 23667 23667 I FirebaseApp: Device unlocked: initializing all Firebase APIs for app [DEFAULT]
11-26 15:58:28.421 23667 23723 I DynamiteModule: Considering local module com.google.android.gms.measurement.dynamite:70 and remote module com.google.android.gms.measurement.dynamite:87
11-26 15:58:28.421 23667 23723 I DynamiteModule: Selected remote version of com.google.android.gms.measurement.dynamite, version >= 87
11-26 15:58:28.421 23667 23723 V DynamiteModule: Dynamite loader version >= 2, using loadModule2NoCrashUtils
11-26 15:58:28.424 23667 23667 D FirebaseAuth: Notifying id token listeners about user ( rWXShEJL6ONpN9uj2vaqE7TAtFn1 ).
11-26 15:58:28.430 23667 23723 W System  : ClassLoader referenced unknown path: 
11-26 15:58:28.448 23667 23667 I FirebaseInitProvider: FirebaseApp initialization successful
11-26 15:58:28.454 23667 23723 W om.rmc.natour2: ClassLoaderContext type mismatch. expected=PCL, found=DLC (PCL[] | DLC[];PCL[/data/app/~~ZVhueONqf64FqlPc4vEbLQ==/com.rmc.natour21-HZNQfG5lbZ_D4SrpoVuKZw==/base.apk*2782947828:/data/app/~~ZVhueONqf64FqlPc4vEbLQ==/com.rmc.natour21-HZNQfG5lbZ_D4SrpoVuKZw==/base.apk!classes2.dex*4198456362:/data/app/~~ZVhueONqf64FqlPc4vEbLQ==/com.rmc.natour21-HZNQfG5lbZ_D4SrpoVuKZw==/base.apk!classes3.dex*1741040647:/data/app/~~ZVhueONqf64FqlPc4vEbLQ==/com.rmc.natour21-HZNQfG5lbZ_D4SrpoVuKZw==/base.apk!classes4.dex*2399949694:/data/app/~~ZVhueONqf64FqlPc4vEbLQ==/com.rmc.natour21-HZNQfG5lbZ_D4SrpoVuKZw==/base.apk!classes5.dex*1141090842:/data/app/~~ZVhueONqf64FqlPc4vEbLQ==/com.rmc.natour21-HZNQfG5lbZ_D4SrpoVuKZw==/base.apk!classes6.dex*1178057257:/data/app/~~ZVhueONqf64FqlPc4vEbLQ==/com.rmc.natour21-HZNQfG5lbZ_D4SrpoVuKZw==/base.apk!classes7.dex*1445126428:/data/app/~~ZVhueONqf64FqlPc4vEbLQ==/com.rmc.natour21-HZNQfG5lbZ_D4SrpoVuKZw==/base.apk!classes8.dex*3299194724:/data/app/~~ZVhueONqf64FqlPc4vEbLQ==/com.rmc.natour21-HZNQfG5lbZ_D4SrpoVuKZw==/base.apk!classes9.dex*1604547914:/data/app/~~ZVhueONqf64FqlPc4vEbLQ==/com.rmc.natour21-HZNQfG5lbZ_D4SrpoVuKZw==/base.apk!classes10.dex*1113461355:/data/app/~~ZVhueONqf64FqlPc4vEbLQ==/com.rmc.natour21-HZNQfG5lbZ_D4SrpoVuKZw==/base.apk!classes11.dex*2890345672:/data/app/~~ZVhueONqf64FqlPc4vEbLQ==/com.rmc.natour21-HZNQfG5lbZ_D4SrpoVuKZw==/base.apk!classes12.dex*901241798:/data/app/~~ZVhueONqf64FqlPc4vEbLQ==/com.rmc.natour21-HZNQfG5lbZ_D4SrpoVuKZw==/base.apk!classes13.dex*2854410464:/data/app/~~ZVhueONqf64FqlPc4vEbLQ==/com.rmc.natour21-HZNQfG5lbZ_D4SrpoVuKZw==/base.apk!classes14.dex*1088609718:/data/app/~~ZVhueONqf64FqlPc4vEbLQ==/com.rmc.natour21-HZNQfG5lbZ_D4SrpoVuKZw==/base.apk!classes15.dex*1507438236:/data/app/~~ZVhueONqf64FqlPc4vEbLQ==/com.rmc.natour21-HZNQfG5lbZ_D4SrpoVuKZw==/base.apk!classes16.dex*2057685737:/data/app/~~ZVhueONqf64FqlPc4vEbLQ==/com.rmc.natour21-HZNQfG5lbZ_D4SrpoVuKZw==/base.apk!classes17.dex*934424390:/data/app/~~ZVhueONqf64FqlPc4vEbLQ==/com.rmc.natour21-HZNQfG5lbZ_D4SrpoVuKZw==/base.apk!classes18.dex*3775040241]{PCL[/system/framework/org.apache.http.legacy.jar*3291421074]})
11-26 15:58:28.505 23667 23667 W com.facebook.UserSettingsManager: Please set a value for AutoLogAppEventsEnabled. Set the flag to TRUE if you want to collect app install, app launch and in-app purchase events automatically. To request user consent before collecting data, set the flag value to FALSE, then change to TRUE once user consent is received. Learn more: https://developers.facebook.com/docs/app-events/getting-started-app-events-android#disable-auto-events.
11-26 15:58:28.505 23667 23667 W com.facebook.UserSettingsManager: You haven't set a value for AdvertiserIDCollectionEnabled. Set the flag to TRUE if you want to collect Advertiser ID for better advertising and analytics results. To request user consent before collecting data, set the flag value to FALSE, then change to TRUE once user consent is received. Learn more: https://developers.facebook.com/docs/app-events/getting-started-app-events-android#disable-auto-events.
11-26 15:58:28.545 23667 23667 D KeyHash:: 7mSKQwPoEIJRD0IkELDTXoai1fI=
11-26 15:58:28.546 23667 23667 I Quality : ActivityThread: bindApplication delay 627 com.rmc.natour21 23667
11-26 15:58:28.573 23667 23798 D libMEOW : meow new tls: 0xb400006f9aa2a580
11-26 15:58:28.573 23667 23798 D libMEOW : meow reload base cfg path: na
11-26 15:58:28.573 23667 23798 D libMEOW : meow reload overlay cfg path: na
11-26 15:58:28.573 23667 23798 W QT      : qt_process_init() called
11-26 15:58:28.573 23667 23798 E QT      : [QT]file does not exist
11-26 15:58:28.573 23667 23798 W QT      : Support!!
11-26 15:58:28.574 23667 23798 E QT      : [QT]file does not exist
11-26 15:58:28.574 23667 23798 D libMEOW : applied 1 plugins for [com.rmc.natour21]:
11-26 15:58:28.574 23667 23798 D libMEOW :   plugin 1: [libMEOW_gift.so]:
11-26 15:58:28.574 23667 23798 D libMEOW : meow delete tls: 0xb400006f9aa2a580
11-26 15:58:28.575 23667 23752 V FA      : App measurement collection enabled
11-26 15:58:28.578 23667 23752 V FA      : App measurement enabled for app package, google app id: com.rmc.natour21, 1:718461192862:android:4b50a6846c6b46fcf2c98f
11-26 15:58:28.580 23667 23752 I FA      : App measurement initialized, version: 75024
11-26 15:58:28.580 23667 23752 I FA      : To enable debug logging run: adb shell setprop log.tag.FA VERBOSE
11-26 15:58:28.580 23667 23752 I FA      : To enable faster debug mode event logging run:
11-26 15:58:28.580 23667 23752 I FA      :   adb shell setprop debug.firebase.analytics.app com.rmc.natour21
11-26 15:58:28.580 23667 23752 D FA      : Debug-level message logging enabled
11-26 15:58:28.593 23667 23723 V FA      : onActivityCreated
11-26 15:58:28.597 23667 23667 I oplus.android.OplusFrameworkFactoryImpl: Unknow feature:IOplusTextViewRTLUtilForUG
11-26 15:58:28.607 23667 23752 D FA      : Resetting session stitching token to not null
11-26 15:58:28.630 23667 23667 W om.rmc.natour2: Accessing hidden method Landroid/view/View;->computeFitSystemWindows(Landroid/graphics/Rect;Landroid/graphics/Rect;)Z (unsupported, reflection, allowed)
11-26 15:58:28.630 23667 23667 W om.rmc.natour2: Accessing hidden method Landroid/view/ViewGroup;->makeOptionalFitsSystemWindows()V (unsupported, reflection, allowed)
11-26 15:58:28.638 23667 23667 E OplusCustomizeRestrictionManager: sInstance is null, start a new sInstance
11-26 15:58:28.642 23667 23752 V FA      : Connecting to remote service
11-26 15:58:28.660 23667 23752 V FA      : Connection attempt already in progress
11-26 15:58:28.665 23667 23752 V FA      : Connection attempt already in progress
11-26 15:58:28.669 23667 23667 I Quality : ActivityThread: activityStart delay 122 com.rmc.natour21 23667
11-26 15:58:28.679 23667 23752 V FA      : Activity resumed, time: 3107879395
11-26 15:58:28.682 23667 23667 D OplusInputMethodUtil: init DEBUG to false, update DEBUG_IME to false
11-26 15:58:28.683 23667 23667 D OplusInputMethodUtil: init DEBUG to false, update DEBUG_IME to false
11-26 15:58:28.683 23667 23752 I FA      : Tag Manager is not found and thus will not be used
11-26 15:58:28.688 23667 23667 I SurfaceFactory: [static] sSurfaceFactory = com.mediatek.view.impl.SurfaceFactoryImpl@92ce297
11-26 15:58:28.690 23667 23667 I MsyncFactory: [static] sMsyncFactory = com.mediatek.view.impl.MsyncFactoryImpl@8531133
11-26 15:58:28.692 23667 23809 D OpenMsyncAppList: loadTunerAppList + 
11-26 15:58:28.695 23667 23667 I OplusSlideAnimOptHelper: checkListMode: is blacklist mode = true
11-26 15:58:28.696 23667 23667 D OplusSlideAnimOptHelper: com.rmc.natour21 scrollEffectOpt enable = true
11-26 15:58:28.697 23667 23809 D OpenMsyncAppList: loadTunerAppList - 
11-26 15:58:28.698 23667 23752 V FA      : Connection attempt already in progress
11-26 15:58:28.699 23667 23752 V FA      : Connection attempt already in progress
11-26 15:58:28.701 23667 23667 D WindowManager: Add to mViews: DecorView@2628a08[Splashscreen],pkg= com.rmc.natour21
11-26 15:58:28.704 23667 23783 D ExtensionsLoader: createInstance(64bit) : createExtendedFactory
11-26 15:58:28.712 23667 23783 D ExtensionsLoader: Opened libhwuiextimpl.so
11-26 15:58:28.713 23667 23667 D ExtensionsLoader: createInstance(64bit) : createExtendedFactory
11-26 15:58:28.714 23667 23667 D ExtensionsLoader: Opened libSchedAssistExtImpl.so
11-26 15:58:28.714 23667 23667 E om.rmc.natour2: ofbOpen failed with error=No such file or directory
11-26 15:58:28.714 23667 23667 E om.rmc.natour2: sysOpen failed with error=No such file or directory
11-26 15:58:28.719 23667 23667 D ViewRootImpl[Splashscreen]: hardware acceleration = true, sRendererEnabled = true, forceHwAccelerated = false
11-26 15:58:28.729 23667 23667 D libMEOW : meow new tls: 0xb400006fa8259ec0
11-26 15:58:28.729 23667 23667 D libMEOW : applied 1 plugins for [com.rmc.natour21]:
11-26 15:58:28.729 23667 23667 D libMEOW :   plugin 1: [libMEOW_gift.so]:
11-26 15:58:28.730 23667 23667 I Quality : ActivityThread: activityResume delay 53 com.rmc.natour21 23667
11-26 15:58:28.743 23667 23667 I PowerHalWrapper: PowerHalWrapper.getInstance 
11-26 15:58:28.769 23667 23667 I Quality : Skipped: false 3 cost 44.19126 refreshRate 11111111 processName com.rmc.natour21
11-26 15:58:28.770 23667 23667 D ExtensionsLoader: createInstance(64bit) : createExtendedFactory
11-26 15:58:28.770 23667 23667 D ExtensionsLoader: Opened libSchedAssistExtImpl.so
11-26 15:58:28.787 23667 23667 I BufferQueueConsumer: [](id:5c7300000000,api:0,p:-1,c:23667) connect: controlledByApp=false
11-26 15:58:28.788 23667 23667 I BLASTBufferQueue: [ViewRootImpl[com.rmc.natour21/com.rmc.natour21.Splashscreen]#0] constructor()
11-26 15:58:28.792 23667 23667 D ExtensionsLoader: createInstance(64bit) : createExtendedFactory
11-26 15:58:28.792 23667 23667 D ExtensionsLoader: Opened libSchedAssistExtImpl.so
11-26 15:58:28.794 23667 23667 V OplusZoomWindowDecorViewHelper: setLastReportedMergedConfiguration mZoomDisplayHeight: 2400 getDecorView.40012296
11-26 15:58:28.795 23667 23783 D libMEOW : meow new tls: 0xb400006fa82b5380
11-26 15:58:28.795 23667 23783 D libMEOW : applied 1 plugins for [com.rmc.natour21]:
11-26 15:58:28.795 23667 23783 D libMEOW :   plugin 1: [libMEOW_gift.so]:
11-26 15:58:28.800 23667 23783 D hw-ProcessState: Binder ioctl to enable oneway spam detection failed: Invalid argument
11-26 15:58:28.814 23667 23783 I BufferQueueProducer: [ViewRootImpl[com.rmc.natour21/com.rmc.natour21.Splashscreen]#0(BLAST Consumer)0](id:5c7300000000,api:1,p:23667,c:23667) connect: api=1 producerControlledByApp=true
11-26 15:58:28.842 23667 23783 D hw-ProcessState: Binder ioctl to enable oneway spam detection failed: Invalid argument
11-26 15:58:28.855 23667 23783 E OpenGLRenderer: fbcNotifyFrameComplete error: undefined symbol: fbcNotifyFrameComplete
11-26 15:58:28.855 23667 23783 E OpenGLRenderer: fbcNotifyNoRender error: undefined symbol: fbcNotifyNoRender
11-26 15:58:28.860 23667 23695 D SurfaceComposerClient: VRR [FRTC] client handle [bufferId:18446744073709551615 framenumber:0] [ffffffff, ffffffff]
11-26 15:58:28.882 23667 23667 E Parcel  : Reading a NULL string not supported here.
11-26 15:58:28.885 23667 23752 D FA      : Connected to remote service
11-26 15:58:28.906 23667 23752 V FA      : Processing queued up service tasks: 5
11-26 15:58:29.287 23667 23824 I System.out: Firebase token: eyJhbGciOiJSUzI1NiIsImtpZCI6ImE5NmFkY2U5OTk5YmJmNWNkMzBmMjlmNDljZDM3ZjRjNWU2NDI3NDAiLCJ0eXAiOiJKV1QifQ.eyJuYW1lIjoiQW5uYSBWaXNjYXJkaSIsInBpY3R1cmUiOiJodHRwczovL2xoMy5nb29nbGV1c2VyY29udGVudC5jb20vYS9BTG01d3UzVVhnbnFSVm1CVlZTVWYtTTltcDFXOXBWdnVvMnRWTVAzWUJCUz1zOTYtYyIsImlzcyI6Imh0dHBzOi8vc2VjdXJldG9rZW4uZ29vZ2xlLmNvbS9uYXRvdXIyMS1mYzZlYSIsImF1ZCI6Im5hdG91cjIxLWZjNmVhIiwiYXV0aF90aW1lIjoxNjY4ODY1MjE5LCJ1c2VyX2lkIjoicldYU2hFSkw2T05wTjl1ajJ2YXFFN1RBdEZuMSIsInN1YiI6InJXWFNoRUpMNk9OcE45dWoydmFxRTdUQXRGbjEiLCJpYXQiOjE2Njk0NzI5OTMsImV4cCI6MTY2OTQ3NjU5MywiZW1haWwiOiJ2aXNjYXJkaS5hbm5hQHltYWlsLmNvbSIsImVtYWlsX3ZlcmlmaWVkIjp0cnVlLCJmaXJlYmFzZSI6eyJpZGVudGl0aWVzIjp7Imdvb2dsZS5jb20iOlsiMTA4MTkwMTIxMDEwNjY3MzA4MTk1Il0sImVtYWlsIjpbInZpc2NhcmRpLmFubmFAeW1haWwuY29tIl19LCJzaWduX2luX3Byb3ZpZGVyIjoiZ29vZ2xlLmNvbSJ9fQ.CONYaEZpOYmGqARehOK-tExsHhRnKOuK5Aabz1LawOG-y478mnQkTucONSuPfds_9rFuJFLQjN7wP3z710CywOkkupoJP6VlXu6LZIqIyjT9iTr_qOuXF5bSNZHRhWIKzagg0mXeKSqN9Im8Ux8N2fm_Q8roNp3qbxJfthFQ_cgSVhq-rM7pv9pkw4xNdOCxvp4I5BOh2Akx8T6vgVPmeqf8b_KPV41T5IQQWn1Pt0nBSrFTwF9pAPQjQI9WCp40cppBMscgIMjrsbmUnX8WsZHL1uJ0CD7ZFCjz9TcICY9_2qbfBXe8Xeb_kUnNHj7go1FO9zcCtGVWjTni_fAVeg
11-26 15:58:29.440 23667 23907 V NativeCrypto: Registering org/conscrypt/NativeCrypto's 286 native methods...
11-26 15:58:29.895 23667 23824 W om.rmc.natour2: Accessing hidden method Ljava/security/spec/ECParameterSpec;->getCurveName()Ljava/lang/String; (unsupported, reflection, allowed)
11-26 15:58:29.926 23667 23824 W om.rmc.natour2: Accessing hidden method Ldalvik/system/CloseGuard;->get()Ldalvik/system/CloseGuard; (unsupported,core-platform-api, reflection, allowed)
11-26 15:58:29.926 23667 23824 W om.rmc.natour2: Accessing hidden method Ldalvik/system/CloseGuard;->open(Ljava/lang/String;)V (unsupported,core-platform-api, reflection, allowed)
11-26 15:58:29.926 23667 23824 W om.rmc.natour2: Accessing hidden method Ldalvik/system/CloseGuard;->warnIfOpen()V (unsupported,core-platform-api, reflection, allowed)
11-26 15:58:29.948 23667 23752 V FA      : Recording user engagement, ms: 1269
11-26 15:58:29.963 23667 23986 D libMEOW : meow new tls: 0xb400006f9ab7c8c0
11-26 15:58:29.963 23667 23986 D libMEOW : applied 1 plugins for [com.rmc.natour21]:
11-26 15:58:29.963 23667 23986 D libMEOW :   plugin 1: [libMEOW_gift.so]:
11-26 15:58:29.963 23667 23986 D libMEOW : meow delete tls: 0xb400006f9ab7c8c0
11-26 15:58:29.972 23667 23723 V FA      : onActivityCreated
11-26 15:58:29.991 23667 23752 V FA      : Activity paused, time: 3107880664
11-26 15:58:30.115 23667 23667 I Quality : ActivityThread: activityStart delay 154 com.rmc.natour21 23667
11-26 15:58:30.130 23667 23667 D CompatibilityChangeReporter: Compat change id reported: 171228096; UID 10364; state: ENABLED
11-26 15:58:30.131 23667 23667 D ScrollOptimizationHelper: can't find the config file for optimizaiton
11-26 15:58:30.131 23667 23667 D ScrollOptimizationHelper: will not debug for debug is false
11-26 15:58:30.131 23667 23667 I oplus.android.OplusFrameworkFactoryImpl: get feature:IOplusDynamicVsyncFeature
11-26 15:58:30.131 23667 23667 I oplus.android.OplusFrameworkFactoryImpl: get feature:IOplusDynamicVsyncFeature
11-26 15:58:30.132 23667 23667 I oplus.android.OplusFrameworkFactoryImpl: get feature:IOplusDynamicVsyncFeature
11-26 15:58:30.163 23667 23667 V TextView: notifyAutoFillManagerAfterTextChanged
11-26 15:58:30.163 23667 23667 V AutofillManager: notifyValueChanged(1073741824): ignoring on state UNKNOWN
11-26 15:58:30.164 23667 23667 V TextView: notifyAutoFillManagerAfterTextChanged
11-26 15:58:30.164 23667 23667 V AutofillManager: notifyValueChanged(1073741824): ignoring on state UNKNOWN
11-26 15:58:30.229 23667 24047 W om.rmc.natour2: Accessing hidden field Ljava/net/Socket;->impl:Ljava/net/SocketImpl; (unsupported, reflection, allowed)
11-26 15:58:30.237 23667 23667 I oplus.android.OplusFrameworkFactoryImpl: get feature:IOplusDynamicVsyncFeature
11-26 15:58:30.237 23667 23667 I oplus.android.OplusFrameworkFactoryImpl: get feature:IOplusDynamicVsyncFeature
11-26 15:58:30.237 23667 23667 I oplus.android.OplusFrameworkFactoryImpl: get feature:IOplusDynamicVsyncFeature
11-26 15:58:30.240 23667 23667 I Quality : ActivityThread: viewInflate delay 120 com.rmc.natour21:layout/fragment_home 23667
11-26 15:58:30.264 23667 24047 W om.rmc.natour2: Accessing hidden field Ljava/io/FileDescriptor;->descriptor:I (unsupported, JNI, allowed)
11-26 15:58:30.276 23667 23752 V FA      : Activity resumed, time: 3107880993
11-26 15:58:30.282 23667 23667 D WindowManager: Add to mViews: DecorView@f0e1cb0[MainActivity],pkg= com.rmc.natour21
11-26 15:58:30.284 23667 23667 D ViewRootImpl[MainActivity]: hardware acceleration = true, sRendererEnabled = true, forceHwAccelerated = false
11-26 15:58:30.295 23667 23667 D SBUIKIT : [15:58:30.294 SendBirdUIKit$1:onInitSucceed():174] >> onInitSucceed()
11-26 15:58:30.308 23667 23667 I Quality : Skipped: false 1 cost 13.318347 refreshRate 11111111 processName com.rmc.natour21
11-26 15:58:30.318 23667 24047 W om.rmc.natour2: Accessing hidden method Ljava/security/spec/ECParameterSpec;->setCurveName(Ljava/lang/String;)V (unsupported, reflection, allowed)
11-26 15:58:30.350 23667 23667 I BufferQueueConsumer: [](id:5c7300000001,api:0,p:-1,c:23667) connect: controlledByApp=false
11-26 15:58:30.350 23667 23667 I BLASTBufferQueue: [ViewRootImpl[com.rmc.natour21/com.rmc.natour21.MainActivity]#1] constructor()
11-26 15:58:30.352 23667 23667 V OplusZoomWindowDecorViewHelper: setLastReportedMergedConfiguration mZoomDisplayHeight: 2400 getDecorView.252583088
11-26 15:58:30.352 23667 23783 I BufferQueueProducer: [ViewRootImpl[com.rmc.natour21/com.rmc.natour21.MainActivity]#1(BLAST Consumer)1](id:5c7300000001,api:1,p:23667,c:23667) connect: api=1 producerControlledByApp=true
11-26 15:58:30.470 23667 23892 D SurfaceComposerClient: VRR [FRTC] client handle [bufferId:18446744073709551615 framenumber:0] [ffffffff, ffffffff]
11-26 15:58:30.473 23667 23667 I Quality : Skipped: false 14 cost 155.55966 refreshRate 11111111 processName com.rmc.natour21
11-26 15:58:30.480 23667 24047 W SendBird: [15:58:30.478 Connection$1:onMessage():235] onMessage instance : [LOGI] com.sendbird.android.Connection@2c23b85
11-26 15:58:30.488 23667 24047 W Sendbird: [15:58:30.481 Connection$1:onMessage():236] onMessage instance : [LOGI] com.sendbird.android.Connection@2c23b85
11-26 15:58:30.489 23667 23667 I Quality : Skipped: false 1 cost 14.327019 refreshRate 11111111 processName com.rmc.natour21
11-26 15:58:30.496 23667 23824 W Glide   : Failed to find GeneratedAppGlideModule. You should include an annotationProcessor compile dependency on com.github.bumptech.glide:compiler in your application and a @GlideModule annotated AppGlideModule implementation or LibraryGlideModules will be silently ignored
11-26 15:58:30.523 23667 24083 W SendBird: [15:58:30.521 EventController$1:call():141] ++ result[LOGI] runnable=null
11-26 15:58:30.565 23667 24047 W SendBird: [15:58:30.564 Connection$1:onMessage():235] onMessage instance : [PONG] com.sendbird.android.Connection@2c23b85
11-26 15:58:30.566 23667 24047 W Sendbird: [15:58:30.565 Connection$1:onMessage():236] onMessage instance : [PONG] com.sendbird.android.Connection@2c23b85
11-26 15:58:30.572 23667 24083 W SendBird: [15:58:30.571 EventController$1:call():141] ++ result[PONG] runnable=null
11-26 15:58:30.616 23667 24025 D SBUIKIT : [15:58:30.615 SendBirdUIKit$2:call():298] ++ user nickname = Anna Viscardi, profileUrl = https://natour21imgs.s3.us-east-2.amazonaws.com/75
11-26 15:58:30.787 23667 23667 I System.out: SENDBIRD TOKEN OK ccCgIZucSQKdDxW5l5ahxk:APA91bEcfNKMk9-FLcAxlukTtk_I15LHr5ksmsIWo99YJaySPPmMkdXZGC1U_0qMaQ-JgjD5jiO7ncFomm_H2Ad4gpjvWHfQ3QwAdlxJ01t4vWAkWg4qDJtRVACA7imWjoLMhJi44fig
11-26 15:58:30.897 23667 23783 I BufferQueueProducer: [ViewRootImpl[com.rmc.natour21/com.rmc.natour21.Splashscreen]#0(BLAST Consumer)0](id:5c7300000000,api:1,p:23667,c:23667) disconnect: api 1
11-26 15:58:30.898 23667 23783 E BLASTBufferQueue: BLASTBufferItemConsumer::onDisconnect()
11-26 15:58:30.911 23667 23667 I BLASTBufferQueue: [ViewRootImpl[com.rmc.natour21/com.rmc.natour21.Splashscreen]#0] destructor()
11-26 15:58:30.911 23667 23667 I BufferQueueConsumer: [ViewRootImpl[com.rmc.natour21/com.rmc.natour21.Splashscreen]#0(BLAST Consumer)0](id:5c7300000000,api:0,p:-1,c:23667) disconnect
11-26 15:58:30.921 23667 23667 V OplusZoomWindowDecorViewHelper: removeZoomView
11-26 15:58:30.921 23667 23667 D View    : [Warning] assignParent to null: this = DecorView@2628a08[Splashscreen]
11-26 15:58:30.928 23667 23667 I Quality : Skipped: true 1 cost 21.696371 refreshRate 11111111 processName com.rmc.natour21
11-26 15:58:30.930 23667 23693 I BLASTBufferQueue: releaseBufferCallbackThunk bufferId:101648990994432 framenumber:1 blastBufferQueue is dead
11-26 15:58:30.983 23667 23688 I om.rmc.natour2: Compiler allocated 4752KB to compile void android.view.ViewRootImpl.performTraversals()
11-26 15:58:31.269 23667 23667 I Quality : Skipped: true 7 cost 82.29757 refreshRate 11111111 processName com.rmc.natour21
11-26 15:58:31.589 23667 23667 I Quality : Skipped: false 11 cost 127.002144 refreshRate 11111111 processName com.rmc.natour21
11-26 15:58:31.634 23667 23667 I Quality : Skipped: true 3 cost 37.358097 refreshRate 11111111 processName com.rmc.natour21
11-26 15:58:31.645 23667 24153 E Parcel  : Reading a NULL string not supported here.
11-26 15:58:31.654 23667 24091 D skia    : SkJpegCodec::onGetPixels +
11-26 15:58:31.670 23667 24091 D skia    : SkJpegCodec::onGetPixels -
11-26 15:58:31.890 23667 24091 D skia    : SkJpegCodec::onGetPixels +
11-26 15:58:31.905 23667 24091 D skia    : SkJpegCodec::onGetPixels -
11-26 15:58:31.914 23667 24091 D skia    : SkJpegCodec::onGetPixels +
11-26 15:58:31.923 23667 24091 D skia    : SkJpegCodec::onGetPixels -
11-26 15:58:35.344 23667 23752 V FA      : Inactivity, disconnecting from the service
11-26 15:58:36.543 23667 23667 V AutofillManager: requestHideFillUi(null): anchor = null
11-26 15:58:41.879 23667 23667 V AutofillManager: requestHideFillUi(null): anchor = null
11-26 15:58:42.592 23667 23667 V AutofillManager: requestHideFillUi(null): anchor = null
