12-16 12:20:54.761 23055 23084 W om.rmc.natour2: Accessing hidden method Lsun/misc/Unsafe;->compareAndSwapLong(Ljava/lang/Object;JJJ)Z (greylist, linking, allowed)
12-16 12:20:54.763 23055 23092 I FA      : Tag Manager is not found and thus will not be used
12-16 12:20:54.781 23055 23055 I ViewRootImpl@82e396f[Splashscreen]: setView = com.android.internal.policy.DecorView@597789f TM=true MM=false
12-16 12:20:54.834 23055 23055 I ViewRootImpl@82e396f[Splashscreen]: Relayout returned: old=(0,0,1080,2220) new=(0,0,1080,2220) req=(1080,2220)0 dur=11 res=0x7 s={true 525358039040} ch=true
12-16 12:20:54.839 23055 23055 I ViewRootImpl@82e396f[Splashscreen]: [DrawPending] drawPending(1) 1 android.view.ViewRootImpl.reportNextDraw:9952 android.view.ViewRootImpl.performTraversals:3329 android.view.ViewRootImpl.doTraversal:2222 
12-16 12:20:54.839 23055 23055 I ViewRootImpl@82e396f[Splashscreen]: [DrawPending] performDraw() Waiting asnyc report
12-16 12:20:54.850 23055 23115 D mali_winsys: EGLint new_window_surface(egl_winsys_display *, void *, EGLSurface, EGLConfig, egl_winsys_surface **, EGLBoolean) returns 0x3000
12-16 12:20:54.854 23055 23115 W Gralloc3: mapper 3.x is not supported
12-16 12:20:54.867 23055 23115 E cutils-trace: Error opening trace file: No such file or directory (2)
12-16 12:20:54.869 23055 23055 I ViewRootImpl@82e396f[Splashscreen]: [DrawPending] pendingDrawFinished(0) 1 android.view.ViewRootImpl.lambda$performDraw$1$ViewRootImpl:4058 android.view.-$$Lambda$ViewRootImpl$7A_3tkr_Kw4TZAeIUGVlOoTcZhg.run:4 android.os.Handler.handleCallback:883 
12-16 12:20:54.869 23055 23055 I ViewRootImpl@82e396f[Splashscreen]: [DrawPending] reportDrawFinished()
12-16 12:20:54.874 23055 23055 I ViewRootImpl@82e396f[Splashscreen]: MSG_WINDOW_FOCUS_CHANGED 1 1
12-16 12:20:54.874 23055 23055 D InputMethodManager: prepareNavigationBarInfo() DecorView@597789f[Splashscreen]
12-16 12:20:54.874 23055 23055 D InputMethodManager: getNavigationBarColor() -855310
12-16 12:20:54.875 23055 23055 D InputMethodManager: prepareNavigationBarInfo() DecorView@597789f[Splashscreen]
12-16 12:20:54.875 23055 23055 D InputMethodManager: getNavigationBarColor() -855310
12-16 12:20:54.875 23055 23055 V InputMethodManager: Starting input: tba=com.rmc.natour21 ic=null mNaviBarColor -855310 mIsGetNaviBarColorSuccess true , NavVisible : true , NavTrans : false
12-16 12:20:54.875 23055 23055 D InputMethodManager: startInputInner - Id : 0
12-16 12:20:54.875 23055 23055 I InputMethodManager: startInputInner - mService.startInputOrWindowGainedFocus
12-16 12:20:54.882 23055 23055 I ViewRootImpl@82e396f[Splashscreen]: MSG_RESIZED: frame=(0,0,1080,2220) ci=(0,0,0,0) vi=(0,0,0,0) or=1
12-16 12:20:54.883 23055 23055 D InputMethodManager: prepareNavigationBarInfo() DecorView@597789f[Splashscreen]
12-16 12:20:54.883 23055 23055 D InputMethodManager: getNavigationBarColor() -855310
12-16 12:20:54.883 23055 23055 V InputMethodManager: Starting input: tba=com.rmc.natour21 ic=null mNaviBarColor -855310 mIsGetNaviBarColorSuccess true , NavVisible : true , NavTrans : false
12-16 12:20:54.883 23055 23055 D InputMethodManager: startInputInner - Id : 0
12-16 12:20:55.078 23055 23102 I System.out: (HTTPLog)-Static: isSBSettingEnabled false
12-16 12:20:55.078 23055 23102 I System.out: (HTTPLog)-Static: isSBSettingEnabled false
12-16 12:20:55.330 23055 23124 I System.out: Firebase token: eyJhbGciOiJSUzI1NiIsImtpZCI6Ijk3OGI1NmM2NmVhYmIwZDlhNmJhOGNhMzMwMTU2NGEyMzhlYWZjODciLCJ0eXAiOiJKV1QifQ.eyJuYW1lIjoiY2xhdWRpbyB2ZWxvdHRpIiwicGljdHVyZSI6Imh0dHBzOi8vbGgzLmdvb2dsZXVzZXJjb250ZW50LmNvbS9hL0FMbTV3dTI5V2MtR0dNWkljYk9qc2hic0pORFJ6OW9ZQjNYR3hXUmRWekdIPXM5Ni1jIiwiaXNzIjoiaHR0cHM6Ly9zZWN1cmV0b2tlbi5nb29nbGUuY29tL25hdG91cjIxLWZjNmVhIiwiYXVkIjoibmF0b3VyMjEtZmM2ZWEiLCJhdXRoX3RpbWUiOjE2NzExODg3NTEsInVzZXJfaWQiOiJkT3lqREZWbVhCYnRhVjVWMkdXOEc5NmZVdjQzIiwic3ViIjoiZE95akRGVm1YQmJ0YVY1VjJHVzhHOTZmVXY0MyIsImlhdCI6MTY3MTE4ODc1MSwiZXhwIjoxNjcxMTkyMzUxLCJlbWFpbCI6ImNsYWRvdHRpMzFAZ21haWwuY29tIiwiZW1haWxfdmVyaWZpZWQiOnRydWUsImZpcmViYXNlIjp7ImlkZW50aXRpZXMiOnsiZ29vZ2xlLmNvbSI6WyIxMTI0OTI4NzA2NDA3MTc2NTQ1NzAiXSwiZW1haWwiOlsiY2xhZG90dGkzMUBnbWFpbC5jb20iXX0sInNpZ25faW5fcHJvdmlkZXIiOiJnb29nbGUuY29tIn19.RxZplc6vZUPul4PopRgqN9-kUpK7g3_qk4s0eKM6LLgPKmAENhUhR7twdTH7WQWG292u_Xt47dqc16PEaSr2tntcXDhZ9HjDxwW66Sc8WebyQpJtMbTnV0cTGGQv0Kxb94mvni_99nppPGiy_p2Cf7BttcWujPkhJK-1mTB7lpX_Ca-658LcLoyHqkhYULg_hLvPFi4XgI9bZlmMi_Sk7Nw3nNzGPyCypL__P5YZiuqcx3H68zuotadKTPy7hU14uyjAU2hQKFRZzJSPH2dBWKs5nGn4OJe68m-Jr_XJ4qmXnAcHMH6cOq9yAZ7xA7Cz7jCSU1gobJHwNihRTfYW0g
12-16 12:20:55.533 23055 23147 V NativeCrypto: Registering org/conscrypt/NativeCrypto's 286 native methods...
12-16 12:20:56.120 23055 23124 W om.rmc.natour2: Accessing hidden method Ldalvik/system/BlockGuard;->getThreadPolicy()Ldalvik/system/BlockGuard$Policy; (greylist,core-platform-api, linking, allowed)
12-16 12:20:56.120 23055 23124 W om.rmc.natour2: Accessing hidden method Ldalvik/system/BlockGuard$Policy;->onNetwork()V (greylist, linking, allowed)
12-16 12:20:56.120 23055 23124 W om.rmc.natour2: Accessing hidden method Ldalvik/system/CloseGuard;->close()V (greylist,core-platform-api, linking, allowed)
12-16 12:20:56.120 23055 23124 W om.rmc.natour2: Accessing hidden method Ldalvik/system/CloseGuard;->get()Ldalvik/system/CloseGuard; (greylist,core-platform-api, linking, allowed)
12-16 12:20:56.120 23055 23124 W om.rmc.natour2: Accessing hidden method Ldalvik/system/CloseGuard;->open(Ljava/lang/String;)V (greylist,core-platform-api, linking, allowed)
12-16 12:20:56.120 23055 23124 W om.rmc.natour2: Accessing hidden method Ldalvik/system/CloseGuard;->warnIfOpen()V (greylist,core-platform-api, linking, allowed)
12-16 12:20:56.124 23055 23124 W om.rmc.natour2: Accessing hidden method Ljava/security/spec/ECParameterSpec;->getCurveName()Ljava/lang/String; (greylist, reflection, allowed)
12-16 12:20:56.214 23055 23055 D SBUIKIT : [12:20:56.213 SendBirdUIKit$1:onInitSucceed():174] >> onInitSucceed()
12-16 12:20:56.238 23055 23055 W ActivityThread: handleWindowVisibility: no activity for token android.os.BinderProxy@58d264d
12-16 12:20:56.259 23055 23055 D PhoneWindow: forceLight changed to true [] from com.android.internal.policy.PhoneWindow.updateForceLightNavigationBar:4274 com.android.internal.policy.DecorView.updateColorViews:1547 com.android.internal.policy.PhoneWindow.dispatchWindowAttributesChanged:3252 android.view.Window.setFlags:1153 com.android.internal.policy.PhoneWindow.generateLayout:2474 
12-16 12:20:56.260 23055 23055 I MultiWindowDecorSupport: [INFO] isPopOver = false
12-16 12:20:56.260 23055 23055 I MultiWindowDecorSupport: updateCaptionType >> DecorView@7a36b5f[], isFloating: false, isApplication: true, hasWindowDecorCaption: false, hasWindowControllerCallback: true
12-16 12:20:56.260 23055 23055 D MultiWindowDecorSupport: setCaptionType = 0, DecorView = DecorView@7a36b5f[]
12-16 12:20:56.518 23055 23172 W om.rmc.natour2: Accessing hidden field Ljava/net/Socket;->impl:Ljava/net/SocketImpl; (greylist, reflection, allowed)
12-16 12:20:56.518 23055 23173 W om.rmc.natour2: Accessing hidden field Ljava/net/Socket;->impl:Ljava/net/SocketImpl; (greylist, reflection, allowed)
12-16 12:20:56.528 23055 23173 W om.rmc.natour2: Accessing hidden field Ljava/io/FileDescriptor;->descriptor:I (greylist, JNI, allowed)
12-16 12:20:56.622 23055 23173 W om.rmc.natour2: Accessing hidden method Ljava/security/spec/ECParameterSpec;->setCurveName(Ljava/lang/String;)V (greylist, reflection, allowed)
12-16 12:20:56.622 23055 23172 W om.rmc.natour2: Accessing hidden method Ljava/security/spec/ECParameterSpec;->setCurveName(Ljava/lang/String;)V (greylist, reflection, allowed)
12-16 12:20:56.633 23055 23055 D ConnectivityManager: requestNetwork; CallingUid : 10308, CallingPid : 23055
12-16 12:20:56.648 23055 23055 I ViewRootImpl@228a071[MainActivity]: setView = com.android.internal.policy.DecorView@7a36b5f TM=true MM=false
12-16 12:20:56.649 23055 23055 I ViewRootImpl@82e396f[Splashscreen]: MSG_WINDOW_FOCUS_CHANGED 0 1
12-16 12:20:56.649 23055 23055 D InputMethodManager: prepareNavigationBarInfo() DecorView@597789f[Splashscreen]
12-16 12:20:56.649 23055 23055 D InputMethodManager: getNavigationBarColor() -855310
12-16 12:20:56.730 23055 23055 I ViewRootImpl@228a071[MainActivity]: Relayout returned: old=(0,0,1080,2220) new=(0,0,1080,2220) req=(1080,2220)0 dur=6 res=0x7 s={true 522728706048} ch=true
12-16 12:20:56.731 23055 23115 D mali_winsys: EGLint new_window_surface(egl_winsys_display *, void *, EGLSurface, EGLConfig, egl_winsys_surface **, EGLBoolean) returns 0x3000
12-16 12:20:56.755 23055 23055 I ViewRootImpl@228a071[MainActivity]: [DrawPending] drawPending(1) 1 android.view.ViewRootImpl.reportNextDraw:9952 android.view.ViewRootImpl.performTraversals:3329 android.view.ViewRootImpl.doTraversal:2222 
12-16 12:20:56.757 23055 23055 I ViewRootImpl@228a071[MainActivity]: [DrawPending] performDraw() Waiting asnyc report
12-16 12:20:56.791 23055 23173 W SendBird: [12:20:56.791 Connection$1:onMessage():235] onMessage instance : [LOGI] com.sendbird.android.Connection@224fd5a
12-16 12:20:56.793 23055 23173 W Sendbird: [12:20:56.792 Connection$1:onMessage():236] onMessage instance : [LOGI] com.sendbird.android.Connection@224fd5a
12-16 12:20:56.794 23055 23055 I ViewRootImpl@228a071[MainActivity]: [DrawPending] pendingDrawFinished(0) 1 android.view.ViewRootImpl.lambda$performDraw$1$ViewRootImpl:4058 android.view.-$$Lambda$ViewRootImpl$7A_3tkr_Kw4TZAeIUGVlOoTcZhg.run:4 android.os.Handler.handleCallback:883 
12-16 12:20:56.794 23055 23055 I ViewRootImpl@228a071[MainActivity]: [DrawPending] reportDrawFinished()
12-16 12:20:56.797 23055 23055 I ViewRootImpl@228a071[MainActivity]: MSG_WINDOW_FOCUS_CHANGED 1 1
12-16 12:20:56.797 23055 23055 D InputMethodManager: prepareNavigationBarInfo() DecorView@7a36b5f[MainActivity]
12-16 12:20:56.797 23055 23055 D InputMethodManager: getNavigationBarColor() -855310
12-16 12:20:56.803 23055 23055 D EmergencyMode: [EmergencyManager] android createPackageContext successful: com.rmc.natour21
12-16 12:20:56.810 23055 23055 D InputMethodManager: prepareNavigationBarInfo() DecorView@7a36b5f[MainActivity]
12-16 12:20:56.810 23055 23055 D InputMethodManager: getNavigationBarColor() -855310
12-16 12:20:56.810 23055 23055 V InputMethodManager: Starting input: tba=com.rmc.natour21 ic=null mNaviBarColor -855310 mIsGetNaviBarColorSuccess true , NavVisible : true , NavTrans : false
12-16 12:20:56.810 23055 23055 D InputMethodManager: startInputInner - Id : 0
12-16 12:20:56.810 23055 23055 I InputMethodManager: startInputInner - mService.startInputOrWindowGainedFocus
12-16 12:20:56.813 23055 23055 D InputTransport: Input channel destroyed: 'ClientS', fd=97
12-16 12:20:56.813 23055 23187 W SendBird: [12:20:56.812 EventController$1:call():141] ++ result[LOGI] runnable=null
12-16 12:20:56.820 23055 23055 I ViewRootImpl@228a071[MainActivity]: MSG_RESIZED: frame=(0,0,1080,2220) ci=(0,63,0,0) vi=(0,63,0,0) or=1
12-16 12:20:56.847 23055 23164 D SBUIKIT : [12:20:56.847 SendBirdUIKit$2:call():298] ++ user nickname = claudio velotti, profileUrl = http://18.195.186.181:8080/img/92/raw
12-16 12:20:56.862 23055 23173 W SendBird: [12:20:56.862 Connection$1:onMessage():235] onMessage instance : [PONG] com.sendbird.android.Connection@224fd5a
12-16 12:20:56.863 23055 23173 W Sendbird: [12:20:56.863 Connection$1:onMessage():236] onMessage instance : [PONG] com.sendbird.android.Connection@224fd5a
12-16 12:20:56.866 23055 23187 W SendBird: [12:20:56.866 EventController$1:call():141] ++ result[PONG] runnable=null
12-16 12:20:56.874 23055 23055 I om.rmc.natour2: Waiting for a blocking GC ClassLinker
12-16 12:20:56.890 23055 23124 W Glide   : Failed to find GeneratedAppGlideModule. You should include an annotationProcessor compile dependency on com.github.bumptech.glide:compiler in your application and a @GlideModule annotated AppGlideModule implementation or LibraryGlideModules will be silently ignored
12-16 12:20:56.917 23055 23124 D ConnectivityManager: requestNetwork; CallingUid : 10308, CallingPid : 23055
12-16 12:20:56.987 23055 23055 I System.out: SENDBIRD TOKEN OK ckOTAZioSROKNMJFPmblOe:APA91bGVcG9r_iXcHFgG4Iporvbe7LY4wQBAVWfyWIWJnWzg5h8jwyooQ25LxvLEqeLKSFX8jlOxjHRr5t9uy5rrsHMA7I4iE0NfcLRlw_nQeNQWpru1u2nLitOl0dT_dISCBj72bvr1
12-16 12:20:57.229 23055 23115 W libEGL  : EGLNativeWindowType 0x79c31001d0 disconnect failed
12-16 12:20:57.236 23055 23055 I ViewRootImpl@82e396f[Splashscreen]: Relayout returned: old=(0,0,1080,2220) new=(0,0,1080,2220) req=(1080,2220)8 dur=6 res=0x5 s={false 0} ch=true
12-16 12:20:57.238 23055 23055 D ConnectivityManager: unregisterNetworkCallback; CallingUid : 10308, CallingPid : 23055
12-16 12:20:57.239 23055 23055 I ViewRootImpl@82e396f[Splashscreen]: stopped(true) old=false
12-16 12:20:57.243 23055 23084 W om.rmc.natour2: Accessing hidden method Lsun/misc/Unsafe;->putObjectVolatile(Ljava/lang/Object;JLjava/lang/Object;)V (greylist, linking, allowed)
12-16 12:20:57.244 23055 23055 I ViewRootImpl@82e396f[Splashscreen]: dispatchDetachedFromWindow
12-16 12:20:57.249 23055 23055 D InputTransport: Input channel destroyed: '6aaa8a2', fd=86
12-16 12:21:01.379 23055 23055 I ViewRootImpl@228a071[MainActivity]: ViewPostIme pointer 0
12-16 12:21:02.173 23055 23115 W libEGL  : EGLNativeWindowType 0x79b5b4b0d0 disconnect failed
12-16 12:21:02.201 23055 23055 I ViewRootImpl@228a071[MainActivity]: Relayout returned: old=(0,0,1080,2220) new=(0,0,1080,2220) req=(1080,2220)8 dur=26 res=0x5 s={false 0} ch=true
12-16 12:21:02.206 23055 23055 I ViewRootImpl@228a071[MainActivity]: MSG_WINDOW_FOCUS_CHANGED 0 1
12-16 12:21:02.207 23055 23055 D InputMethodManager: prepareNavigationBarInfo() DecorView@7a36b5f[MainActivity]
12-16 12:21:02.207 23055 23055 D InputMethodManager: getNavigationBarColor() -855310
12-16 12:21:02.228 23055 23055 I ViewRootImpl@228a071[MainActivity]: stopped(true) old=false
12-16 12:21:02.230 23055 23055 D ConnectivityManager: unregisterNetworkCallback; CallingUid : 10308, CallingPid : 23055
12-16 12:21:02.267 23055 23055 D InputTransport: Input channel destroyed: 'ClientS', fd=120
12-16 12:21:02.277 23055 23055 I ViewRootImpl@228a071[MainActivity]: Relayout returned: old=(0,0,1080,2220) new=(0,0,1080,2220) req=(1080,2220)8 dur=8 res=0x5 s={false 0} ch=false
12-16 12:21:02.708 23055 23161 E PINGER  : [12:21:02.707 Connection$Pinger:stop():522] Pinger stop true
12-16 12:21:02.711 23055 23161 E Sendbird:PINGER: [12:21:02.709 Connection$Pinger:stop():523] Pinger stop true
12-16 12:21:02.723 23055 23190 W SendBird: [12:21:02.722 Connection$1:onFailure():250] onFailed instance : com.sendbird.android.Connection@224fd5a
12-16 12:21:02.726 23055 23190 W Sendbird: [12:21:02.724 Connection$1:onFailure():251] onFailed instance : com.sendbird.android.Connection@224fd5a
12-16 12:21:02.728 23055 23190 W SendBird: [12:21:02.727 Connection$1:onFailure():256] onFailed handler : com.sendbird.android.SocketManager@1e48ce1
12-16 12:21:02.731 23055 23190 W Sendbird: [12:21:02.729 Connection$1:onFailure():257] onFailed handler : com.sendbird.android.SocketManager@1e48ce1
12-16 12:21:02.733 23055 23190 W SendBird: [12:21:02.732 SocketManager:onError():1002] >> onError : Socket is closed, reconnecting : false, explicitDisconnect : true
12-16 12:22:29.795 23752 23752 I om.rmc.natour2: Late-enabling -Xcheck:jni
12-16 12:22:29.835 23752 23752 E om.rmc.natour2: Unknown bits set in runtime_flags: 0x8000
12-16 12:22:29.846 23752 23752 D ActivityThread: setConscryptValidator
12-16 12:22:29.846 23752 23752 D ActivityThread: setConscryptValidator - put
12-16 12:22:29.893 23752 23752 I om.rmc.natour2: The ClassLoaderContext is a special shared library.
12-16 12:22:31.042 23752 23752 I FirebaseApp: Device unlocked: initializing all Firebase APIs for app [DEFAULT]
12-16 12:22:31.127 23752 23789 I DynamiteModule: Considering local module com.google.android.gms.measurement.dynamite:70 and remote module com.google.android.gms.measurement.dynamite:87
12-16 12:22:31.127 23752 23789 I DynamiteModule: Selected remote version of com.google.android.gms.measurement.dynamite, version >= 87
12-16 12:22:31.127 23752 23789 V DynamiteModule: Dynamite loader version >= 2, using loadModule2NoCrashUtils
12-16 12:22:31.135 23752 23789 W System  : ClassLoader referenced unknown path: 
12-16 12:22:31.139 23752 23752 I FirebaseInitProvider: FirebaseApp initialization successful
12-16 12:22:31.170 23752 23789 W om.rmc.natour2: Accessing hidden field Lsun/misc/Unsafe;->theUnsafe:Lsun/misc/Unsafe; (greylist, reflection, allowed)
12-16 12:22:31.170 23752 23789 W om.rmc.natour2: Accessing hidden method Lsun/misc/Unsafe;->objectFieldOffset(Ljava/lang/reflect/Field;)J (greylist,core-platform-api, linking, allowed)
12-16 12:22:31.170 23752 23789 W om.rmc.natour2: Accessing hidden method Lsun/misc/Unsafe;->arrayBaseOffset(Ljava/lang/Class;)I (greylist,core-platform-api, linking, allowed)
12-16 12:22:31.170 23752 23789 W om.rmc.natour2: Accessing hidden method Lsun/misc/Unsafe;->arrayIndexScale(Ljava/lang/Class;)I (greylist, linking, allowed)
12-16 12:22:31.224 23752 23796 I FA      : App measurement initialized, version: 75052
12-16 12:22:31.224 23752 23796 I FA      : To enable debug logging run: adb shell setprop log.tag.FA VERBOSE
12-16 12:22:31.224 23752 23796 I FA      : To enable faster debug mode event logging run:
12-16 12:22:31.224 23752 23796 I FA      :   adb shell setprop debug.firebase.analytics.app com.rmc.natour21
12-16 12:22:31.247 23752 23752 W com.facebook.UserSettingsManager: Please set a value for AutoLogAppEventsEnabled. Set the flag to TRUE if you want to collect app install, app launch and in-app purchase events automatically. To request user consent before collecting data, set the flag value to FALSE, then change to TRUE once user consent is received. Learn more: https://developers.facebook.com/docs/app-events/getting-started-app-events-android#disable-auto-events.
12-16 12:22:31.247 23752 23752 W com.facebook.UserSettingsManager: You haven't set a value for AdvertiserIDCollectionEnabled. Set the flag to TRUE if you want to collect Advertiser ID for better advertising and analytics results. To request user consent before collecting data, set the flag value to FALSE, then change to TRUE once user consent is received. Learn more: https://developers.facebook.com/docs/app-events/getting-started-app-events-android#disable-auto-events.
12-16 12:22:31.268 23752 23809 W com.facebook.internal.NativeProtocol: Apps that target Android API 30+ (Android 11+) cannot call Facebook native apps unless the package visibility needs are declared. Please follow https://developers.facebook.com/docs/android/troubleshooting/#faq_267321845055988 to make the declaration.
12-16 12:22:31.278 23752 23806 D NetworkSecurityConfig: Using Network Security Config from resource network_security_config debugBuild: true
12-16 12:22:31.285 23752 23807 I System.out: (HTTPLog)-Static: isSBSettingEnabled false
12-16 12:22:31.285 23752 23807 I System.out: (HTTPLog)-Static: isSBSettingEnabled false
12-16 12:22:31.285 23752 23806 I System.out: (HTTPLog)-Static: isSBSettingEnabled false
12-16 12:22:31.285 23752 23806 I System.out: (HTTPLog)-Static: isSBSettingEnabled false
12-16 12:22:31.286 23752 23803 I System.out: (HTTPLog)-Static: isSBSettingEnabled false
12-16 12:22:31.286 23752 23803 I System.out: (HTTPLog)-Static: isSBSettingEnabled false
12-16 12:22:31.298 23752 23752 D KeyHash:: 3Fm4gBnqk2PYU3lntxOY4S7uHvQ=
12-16 12:22:31.323 23752 23823 D libEGL  : loaded /vendor/lib64/egl/libGLES_mali.so
12-16 12:22:31.356 23752 23803 D TcpOptimizer: TcpOptimizer-ON
12-16 12:22:31.383 23752 23752 D PhoneWindow: forceLight changed to true [] from com.android.internal.policy.PhoneWindow.updateForceLightNavigationBar:4274 com.android.internal.policy.DecorView.updateColorViews:1547 com.android.internal.policy.PhoneWindow.dispatchWindowAttributesChanged:3252 android.view.Window.setFlags:1153 com.android.internal.policy.PhoneWindow.generateLayout:2474 
12-16 12:22:31.384 23752 23752 I MultiWindowDecorSupport: [INFO] isPopOver = false
12-16 12:22:31.384 23752 23752 I MultiWindowDecorSupport: updateCaptionType >> DecorView@597789f[], isFloating: false, isApplication: true, hasWindowDecorCaption: false, hasWindowControllerCallback: true
12-16 12:22:31.384 23752 23752 D MultiWindowDecorSupport: setCaptionType = 0, DecorView = DecorView@597789f[]
12-16 12:22:31.407 23752 23807 D libmdf  : libmdf v2.9.0.0 On 64bit PLATFORM
12-16 12:22:31.415 23752 23752 W om.rmc.natour2: Accessing hidden method Landroid/view/View;->computeFitSystemWindows(Landroid/graphics/Rect;Landroid/graphics/Rect;)Z (greylist, reflection, allowed)
12-16 12:22:31.415 23752 23752 W om.rmc.natour2: Accessing hidden method Landroid/view/ViewGroup;->makeOptionalFitsSystemWindows()V (greylist, reflection, allowed)
12-16 12:22:31.470 23752 23752 D ConnectivityManager: requestNetwork; CallingUid : 10308, CallingPid : 23752
12-16 12:22:31.475 23752 23789 W om.rmc.natour2: Accessing hidden method Lsun/misc/Unsafe;->compareAndSwapInt(Ljava/lang/Object;JII)Z (greylist, linking, allowed)
12-16 12:22:31.475 23752 23789 W om.rmc.natour2: Accessing hidden method Lsun/misc/Unsafe;->getObjectVolatile(Ljava/lang/Object;J)Ljava/lang/Object; (greylist, linking, allowed)
12-16 12:22:31.475 23752 23789 W om.rmc.natour2: Accessing hidden method Lsun/misc/Unsafe;->compareAndSwapObject(Ljava/lang/Object;JLjava/lang/Object;Ljava/lang/Object;)Z (greylist, linking, allowed)
12-16 12:22:31.475 23752 23789 W om.rmc.natour2: Accessing hidden method Lsun/misc/Unsafe;->compareAndSwapLong(Ljava/lang/Object;JJJ)Z (greylist, linking, allowed)
12-16 12:22:31.478 23752 23796 I FA      : Tag Manager is not found and thus will not be used
12-16 12:22:31.497 23752 23752 I ViewRootImpl@39c6b05[Splashscreen]: setView = com.android.internal.policy.DecorView@597789f TM=true MM=false
12-16 12:22:31.521 23752 23813 W AnalyticsUserIDStore: initStore should have been called before calling setUserID
12-16 12:22:31.564 23752 23813 I System.out: (HTTPLog)-Static: isSBSettingEnabled false
12-16 12:22:31.564 23752 23813 I System.out: (HTTPLog)-Static: isSBSettingEnabled false
12-16 12:22:31.572 23752 23752 I ViewRootImpl@39c6b05[Splashscreen]: Relayout returned: old=(0,0,1080,2220) new=(0,0,1080,2220) req=(1080,2220)0 dur=7 res=0x7 s={true 525358039040} ch=true
12-16 12:22:31.577 23752 23752 I ViewRootImpl@39c6b05[Splashscreen]: [DrawPending] drawPending(1) 1 android.view.ViewRootImpl.reportNextDraw:9952 android.view.ViewRootImpl.performTraversals:3329 android.view.ViewRootImpl.doTraversal:2222 
12-16 12:22:31.577 23752 23752 I ViewRootImpl@39c6b05[Splashscreen]: [DrawPending] performDraw() Waiting asnyc report
12-16 12:22:31.589 23752 23821 D mali_winsys: EGLint new_window_surface(egl_winsys_display *, void *, EGLSurface, EGLConfig, egl_winsys_surface **, EGLBoolean) returns 0x3000
12-16 12:22:31.594 23752 23821 W Gralloc3: mapper 3.x is not supported
12-16 12:22:31.610 23752 23821 E cutils-trace: Error opening trace file: No such file or directory (2)
12-16 12:22:31.612 23752 23752 I ViewRootImpl@39c6b05[Splashscreen]: [DrawPending] pendingDrawFinished(0) 1 android.view.ViewRootImpl.lambda$performDraw$1$ViewRootImpl:4058 android.view.-$$Lambda$ViewRootImpl$7A_3tkr_Kw4TZAeIUGVlOoTcZhg.run:4 android.os.Handler.handleCallback:883 
12-16 12:22:31.612 23752 23752 I ViewRootImpl@39c6b05[Splashscreen]: [DrawPending] reportDrawFinished()
12-16 12:22:31.616 23752 23752 I ViewRootImpl@39c6b05[Splashscreen]: MSG_WINDOW_FOCUS_CHANGED 1 1
12-16 12:22:31.616 23752 23752 D InputMethodManager: prepareNavigationBarInfo() DecorView@597789f[Splashscreen]
12-16 12:22:31.616 23752 23752 D InputMethodManager: getNavigationBarColor() -855310
12-16 12:22:31.618 23752 23752 D InputMethodManager: prepareNavigationBarInfo() DecorView@597789f[Splashscreen]
12-16 12:22:31.618 23752 23752 D InputMethodManager: getNavigationBarColor() -855310
12-16 12:22:31.618 23752 23752 V InputMethodManager: Starting input: tba=com.rmc.natour21 ic=null mNaviBarColor -855310 mIsGetNaviBarColorSuccess true , NavVisible : true , NavTrans : false
12-16 12:22:31.618 23752 23752 D InputMethodManager: startInputInner - Id : 0
12-16 12:22:31.618 23752 23752 I InputMethodManager: startInputInner - mService.startInputOrWindowGainedFocus
12-16 12:22:31.620 23752 23752 I ViewRootImpl@39c6b05[Splashscreen]: MSG_RESIZED: frame=(0,0,1080,2220) ci=(0,0,0,0) vi=(0,0,0,0) or=1
12-16 12:22:31.622 23752 23752 D InputMethodManager: prepareNavigationBarInfo() DecorView@597789f[Splashscreen]
12-16 12:22:31.622 23752 23752 D InputMethodManager: getNavigationBarColor() -855310
12-16 12:22:31.622 23752 23752 V InputMethodManager: Starting input: tba=com.rmc.natour21 ic=null mNaviBarColor -855310 mIsGetNaviBarColorSuccess true , NavVisible : true , NavTrans : false
12-16 12:22:31.622 23752 23752 D InputMethodManager: startInputInner - Id : 0
12-16 12:22:31.754 23752 23752 I ViewRootImpl@39c6b05[Splashscreen]: MSG_WINDOW_FOCUS_CHANGED 0 1
12-16 12:22:31.754 23752 23752 D InputMethodManager: prepareNavigationBarInfo() DecorView@597789f[Splashscreen]
12-16 12:22:31.754 23752 23752 D InputMethodManager: getNavigationBarColor() -855310
12-16 12:22:31.795 23752 23807 I System.out: (HTTPLog)-Static: isSBSettingEnabled false
12-16 12:22:31.795 23752 23807 I System.out: (HTTPLog)-Static: isSBSettingEnabled false
12-16 12:22:32.013 23752 23752 I ViewRootImpl@39c6b05[Splashscreen]: MSG_WINDOW_FOCUS_CHANGED 1 1
12-16 12:22:32.013 23752 23752 D InputMethodManager: prepareNavigationBarInfo() DecorView@597789f[Splashscreen]
12-16 12:22:32.013 23752 23752 D InputMethodManager: getNavigationBarColor() -855310
12-16 12:22:32.069 23752 23833 I System.out: Firebase token: eyJhbGciOiJSUzI1NiIsImtpZCI6Ijk3OGI1NmM2NmVhYmIwZDlhNmJhOGNhMzMwMTU2NGEyMzhlYWZjODciLCJ0eXAiOiJKV1QifQ.eyJuYW1lIjoiY2xhdWRpbyB2ZWxvdHRpIiwicGljdHVyZSI6Imh0dHBzOi8vbGgzLmdvb2dsZXVzZXJjb250ZW50LmNvbS9hL0FMbTV3dTI5V2MtR0dNWkljYk9qc2hic0pORFJ6OW9ZQjNYR3hXUmRWekdIPXM5Ni1jIiwiaXNzIjoiaHR0cHM6Ly9zZWN1cmV0b2tlbi5nb29nbGUuY29tL25hdG91cjIxLWZjNmVhIiwiYXVkIjoibmF0b3VyMjEtZmM2ZWEiLCJhdXRoX3RpbWUiOjE2NzExODg3NTEsInVzZXJfaWQiOiJkT3lqREZWbVhCYnRhVjVWMkdXOEc5NmZVdjQzIiwic3ViIjoiZE95akRGVm1YQmJ0YVY1VjJHVzhHOTZmVXY0MyIsImlhdCI6MTY3MTE4ODc1MSwiZXhwIjoxNjcxMTkyMzUxLCJlbWFpbCI6ImNsYWRvdHRpMzFAZ21haWwuY29tIiwiZW1haWxfdmVyaWZpZWQiOnRydWUsImZpcmViYXNlIjp7ImlkZW50aXRpZXMiOnsiZ29vZ2xlLmNvbSI6WyIxMTI0OTI4NzA2NDA3MTc2NTQ1NzAiXSwiZW1haWwiOlsiY2xhZG90dGkzMUBnbWFpbC5jb20iXX0sInNpZ25faW5fcHJvdmlkZXIiOiJnb29nbGUuY29tIn19.RxZplc6vZUPul4PopRgqN9-kUpK7g3_qk4s0eKM6LLgPKmAENhUhR7twdTH7WQWG292u_Xt47dqc16PEaSr2tntcXDhZ9HjDxwW66Sc8WebyQpJtMbTnV0cTGGQv0Kxb94mvni_99nppPGiy_p2Cf7BttcWujPkhJK-1mTB7lpX_Ca-658LcLoyHqkhYULg_hLvPFi4XgI9bZlmMi_Sk7Nw3nNzGPyCypL__P5YZiuqcx3H68zuotadKTPy7hU14uyjAU2hQKFRZzJSPH2dBWKs5nGn4OJe68m-Jr_XJ4qmXnAcHMH6cOq9yAZ7xA7Cz7jCSU1gobJHwNihRTfYW0g
12-16 12:22:32.217 23752 23859 V NativeCrypto: Registering org/conscrypt/NativeCrypto's 286 native methods...
12-16 12:22:32.799 23752 23752 I ViewRootImpl@39c6b05[Splashscreen]: MSG_WINDOW_FOCUS_CHANGED 0 1
12-16 12:22:32.800 23752 23752 D InputMethodManager: prepareNavigationBarInfo() DecorView@597789f[Splashscreen]
12-16 12:22:32.800 23752 23752 D InputMethodManager: getNavigationBarColor() -855310
12-16 12:22:32.805 23752 23833 W om.rmc.natour2: Accessing hidden method Ldalvik/system/BlockGuard;->getThreadPolicy()Ldalvik/system/BlockGuard$Policy; (greylist,core-platform-api, linking, allowed)
12-16 12:22:32.805 23752 23833 W om.rmc.natour2: Accessing hidden method Ldalvik/system/BlockGuard$Policy;->onNetwork()V (greylist, linking, allowed)
12-16 12:22:32.805 23752 23833 W om.rmc.natour2: Accessing hidden method Ldalvik/system/CloseGuard;->close()V (greylist,core-platform-api, linking, allowed)
12-16 12:22:32.805 23752 23833 W om.rmc.natour2: Accessing hidden method Ldalvik/system/CloseGuard;->get()Ldalvik/system/CloseGuard; (greylist,core-platform-api, linking, allowed)
12-16 12:22:32.805 23752 23833 W om.rmc.natour2: Accessing hidden method Ldalvik/system/CloseGuard;->open(Ljava/lang/String;)V (greylist,core-platform-api, linking, allowed)
12-16 12:22:32.805 23752 23833 W om.rmc.natour2: Accessing hidden method Ldalvik/system/CloseGuard;->warnIfOpen()V (greylist,core-platform-api, linking, allowed)
12-16 12:22:32.813 23752 23833 W om.rmc.natour2: Accessing hidden method Ljava/security/spec/ECParameterSpec;->getCurveName()Ljava/lang/String; (greylist, reflection, allowed)
12-16 12:22:32.920 23752 23752 D SBUIKIT : [12:22:32.919 SendBirdUIKit$1:onInitSucceed():174] >> onInitSucceed()
12-16 12:22:32.932 23752 23752 W ActivityThread: handleWindowVisibility: no activity for token android.os.BinderProxy@9413cbd
12-16 12:22:32.953 23752 23752 D PhoneWindow: forceLight changed to true [] from com.android.internal.policy.PhoneWindow.updateForceLightNavigationBar:4274 com.android.internal.policy.DecorView.updateColorViews:1547 com.android.internal.policy.PhoneWindow.dispatchWindowAttributesChanged:3252 android.view.Window.setFlags:1153 com.android.internal.policy.PhoneWindow.generateLayout:2474 
12-16 12:22:32.954 23752 23752 I MultiWindowDecorSupport: [INFO] isPopOver = false
12-16 12:22:32.954 23752 23752 I MultiWindowDecorSupport: updateCaptionType >> DecorView@9d09cae[], isFloating: false, isApplication: true, hasWindowDecorCaption: false, hasWindowControllerCallback: true
12-16 12:22:32.954 23752 23752 D MultiWindowDecorSupport: setCaptionType = 0, DecorView = DecorView@9d09cae[]
12-16 12:22:33.286 23752 23883 W om.rmc.natour2: Accessing hidden field Ljava/net/Socket;->impl:Ljava/net/SocketImpl; (greylist, reflection, allowed)
12-16 12:22:33.296 23752 23882 W om.rmc.natour2: Accessing hidden field Ljava/io/FileDescriptor;->descriptor:I (greylist, JNI, allowed)
12-16 12:22:33.368 23752 23752 D ConnectivityManager: requestNetwork; CallingUid : 10308, CallingPid : 23752
12-16 12:22:33.386 23752 23752 I ViewRootImpl@8a9eca9[MainActivity]: setView = com.android.internal.policy.DecorView@9d09cae TM=true MM=false
12-16 12:22:33.429 23752 23883 W om.rmc.natour2: Accessing hidden method Ljava/security/spec/ECParameterSpec;->setCurveName(Ljava/lang/String;)V (greylist, reflection, allowed)
12-16 12:22:33.429 23752 23882 W om.rmc.natour2: Accessing hidden method Ljava/security/spec/ECParameterSpec;->setCurveName(Ljava/lang/String;)V (greylist, reflection, allowed)
12-16 12:22:33.473 23752 23752 I ViewRootImpl@8a9eca9[MainActivity]: Relayout returned: old=(0,0,1080,2220) new=(0,0,1080,2220) req=(1080,2220)0 dur=10 res=0x7 s={true 522818617344} ch=true
12-16 12:22:33.474 23752 23821 D mali_winsys: EGLint new_window_surface(egl_winsys_display *, void *, EGLSurface, EGLConfig, egl_winsys_surface **, EGLBoolean) returns 0x3000
12-16 12:22:33.508 23752 23752 I ViewRootImpl@8a9eca9[MainActivity]: [DrawPending] drawPending(1) 1 android.view.ViewRootImpl.reportNextDraw:9952 android.view.ViewRootImpl.performTraversals:3329 android.view.ViewRootImpl.doTraversal:2222 
12-16 12:22:33.509 23752 23752 I ViewRootImpl@8a9eca9[MainActivity]: [DrawPending] performDraw() Waiting asnyc report
12-16 12:22:33.557 23752 23752 I ViewRootImpl@8a9eca9[MainActivity]: [DrawPending] pendingDrawFinished(0) 1 android.view.ViewRootImpl.lambda$performDraw$1$ViewRootImpl:4058 android.view.-$$Lambda$ViewRootImpl$7A_3tkr_Kw4TZAeIUGVlOoTcZhg.run:4 android.os.Handler.handleCallback:883 
12-16 12:22:33.557 23752 23752 I ViewRootImpl@8a9eca9[MainActivity]: [DrawPending] reportDrawFinished()
12-16 12:22:33.581 23752 23752 I ViewRootImpl@8a9eca9[MainActivity]: MSG_RESIZED: frame=(0,0,1080,2220) ci=(0,63,0,0) vi=(0,63,0,0) or=1
12-16 12:22:33.640 23752 23833 W Glide   : Failed to find GeneratedAppGlideModule. You should include an annotationProcessor compile dependency on com.github.bumptech.glide:compiler in your application and a @GlideModule annotated AppGlideModule implementation or LibraryGlideModules will be silently ignored
12-16 12:22:33.642 23752 23752 I ViewRootImpl@8a9eca9[MainActivity]: MSG_WINDOW_FOCUS_CHANGED 1 1
12-16 12:22:33.642 23752 23752 D InputMethodManager: prepareNavigationBarInfo() DecorView@9d09cae[MainActivity]
12-16 12:22:33.642 23752 23752 D InputMethodManager: getNavigationBarColor() -855310
12-16 12:22:33.646 23752 23883 W SendBird: [12:22:33.645 Connection$1:onMessage():235] onMessage instance : [LOGI] com.sendbird.android.Connection@37f00f3
12-16 12:22:33.648 23752 23883 W Sendbird: [12:22:33.647 Connection$1:onMessage():236] onMessage instance : [LOGI] com.sendbird.android.Connection@37f00f3
12-16 12:22:33.648 23752 23752 D EmergencyMode: [EmergencyManager] android createPackageContext successful: com.rmc.natour21
12-16 12:22:33.659 23752 23752 D InputMethodManager: prepareNavigationBarInfo() DecorView@9d09cae[MainActivity]
12-16 12:22:33.659 23752 23752 D InputMethodManager: getNavigationBarColor() -855310
12-16 12:22:33.659 23752 23752 V InputMethodManager: Starting input: tba=com.rmc.natour21 ic=null mNaviBarColor -855310 mIsGetNaviBarColorSuccess true , NavVisible : true , NavTrans : false
12-16 12:22:33.660 23752 23752 D InputMethodManager: startInputInner - Id : 0
12-16 12:22:33.660 23752 23752 I InputMethodManager: startInputInner - mService.startInputOrWindowGainedFocus
12-16 12:22:33.661 23752 23752 D InputTransport: Input channel destroyed: 'ClientS', fd=101
12-16 12:22:33.675 23752 23903 W SendBird: [12:22:33.674 EventController$1:call():141] ++ result[LOGI] runnable=null
12-16 12:22:33.709 23752 23833 D ConnectivityManager: requestNetwork; CallingUid : 10308, CallingPid : 23752
12-16 12:22:33.743 23752 23875 D SBUIKIT : [12:22:33.743 SendBirdUIKit$2:call():298] ++ user nickname = claudio velotti, profileUrl = http://18.195.186.181:8080/img/92/raw
12-16 12:22:33.779 23752 23883 W SendBird: [12:22:33.778 Connection$1:onMessage():235] onMessage instance : [PONG] com.sendbird.android.Connection@37f00f3
12-16 12:22:33.780 23752 23883 W Sendbird: [12:22:33.779 Connection$1:onMessage():236] onMessage instance : [PONG] com.sendbird.android.Connection@37f00f3
12-16 12:22:33.783 23752 23903 W SendBird: [12:22:33.782 EventController$1:call():141] ++ result[PONG] runnable=null
12-16 12:22:33.872 23752 23752 I System.out: SENDBIRD TOKEN OK ckOTAZioSROKNMJFPmblOe:APA91bGVcG9r_iXcHFgG4Iporvbe7LY4wQBAVWfyWIWJnWzg5h8jwyooQ25LxvLEqeLKSFX8jlOxjHRr5t9uy5rrsHMA7I4iE0NfcLRlw_nQeNQWpru1u2nLitOl0dT_dISCBj72bvr1
12-16 12:22:33.978 23752 23821 W libEGL  : EGLNativeWindowType 0x79b4e43450 disconnect failed
12-16 12:22:33.986 23752 23752 I ViewRootImpl@39c6b05[Splashscreen]: Relayout returned: old=(0,0,1080,2220) new=(0,0,1080,2220) req=(1080,2220)8 dur=7 res=0x5 s={false 0} ch=true
12-16 12:22:33.988 23752 23752 D ConnectivityManager: unregisterNetworkCallback; CallingUid : 10308, CallingPid : 23752
12-16 12:22:33.990 23752 23752 I ViewRootImpl@39c6b05[Splashscreen]: stopped(true) old=false
12-16 12:22:33.994 23752 23789 W om.rmc.natour2: Accessing hidden method Lsun/misc/Unsafe;->putObjectVolatile(Ljava/lang/Object;JLjava/lang/Object;)V (greylist, linking, allowed)
12-16 12:22:33.995 23752 23752 I ViewRootImpl@39c6b05[Splashscreen]: dispatchDetachedFromWindow
12-16 12:22:33.998 23752 23752 D InputTransport: Input channel destroyed: 'f23313f', fd=85
12-16 12:22:48.803 23752 23883 W SendBird: [12:22:48.801 Connection$1:onMessage():235] onMessage instance : [PONG] com.sendbird.android.Connection@37f00f3
12-16 12:22:48.807 23752 23883 W Sendbird: [12:22:48.805 Connection$1:onMessage():236] onMessage instance : [PONG] com.sendbird.android.Connection@37f00f3
12-16 12:22:48.823 23752 23903 W SendBird: [12:22:48.821 EventController$1:call():141] ++ result[PONG] runnable=null
12-16 12:22:49.029 23752 23752 I ViewRootImpl@8a9eca9[MainActivity]: ViewPostIme pointer 0
12-16 12:22:49.073 23752 23752 I ViewRootImpl@8a9eca9[MainActivity]: ViewPostIme pointer 1
12-16 12:22:49.116 23752 23752 W ActivityThread: handleWindowVisibility: no activity for token android.os.BinderProxy@9f80130
12-16 12:22:49.133 23752 23752 D PhoneWindow: forceLight changed to true [] from com.android.internal.policy.PhoneWindow.updateForceLightNavigationBar:4274 com.android.internal.policy.DecorView.updateColorViews:1547 com.android.internal.policy.PhoneWindow.dispatchWindowAttributesChanged:3252 android.view.Window.setFlags:1153 com.android.internal.policy.PhoneWindow.generateLayout:2474 
12-16 12:22:49.134 23752 23752 I MultiWindowDecorSupport: [INFO] isPopOver = false
12-16 12:22:49.134 23752 23752 I MultiWindowDecorSupport: updateCaptionType >> DecorView@857fea[], isFloating: false, isApplication: true, hasWindowDecorCaption: false, hasWindowControllerCallback: true
12-16 12:22:49.134 23752 23752 D MultiWindowDecorSupport: setCaptionType = 0, DecorView = DecorView@857fea[]
12-16 12:22:49.267 23752 23752 I ViewRootImpl@cb9047[PathPageActivity]: setView = com.android.internal.policy.DecorView@857fea TM=true MM=false
12-16 12:22:49.268 23752 23752 I ViewRootImpl@8a9eca9[MainActivity]: MSG_WINDOW_FOCUS_CHANGED 0 1
12-16 12:22:49.268 23752 23752 D InputMethodManager: prepareNavigationBarInfo() DecorView@9d09cae[MainActivity]
12-16 12:22:49.268 23752 23752 D InputMethodManager: getNavigationBarColor() -855310
12-16 12:22:49.311 23752 23752 I ViewRootImpl@cb9047[PathPageActivity]: Relayout returned: old=(0,0,1080,2220) new=(0,0,1080,2220) req=(1080,2220)0 dur=6 res=0x7 s={true 522732814336} ch=true
12-16 12:22:49.312 23752 23821 D mali_winsys: EGLint new_window_surface(egl_winsys_display *, void *, EGLSurface, EGLConfig, egl_winsys_surface **, EGLBoolean) returns 0x3000
12-16 12:22:49.325 23752 23752 I ViewRootImpl@cb9047[PathPageActivity]: [DrawPending] drawPending(1) 1 android.view.ViewRootImpl.reportNextDraw:9952 android.view.ViewRootImpl.performTraversals:3329 android.view.ViewRootImpl.doTraversal:2222 
12-16 12:22:49.325 23752 23752 I ViewRootImpl@cb9047[PathPageActivity]: [DrawPending] performDraw() Waiting asnyc report
12-16 12:22:49.352 23752 23821 I         : Increase max job count 60
12-16 12:22:49.371 23752 23752 I ViewRootImpl@cb9047[PathPageActivity]: [DrawPending] pendingDrawFinished(0) 1 android.view.ViewRootImpl.lambda$performDraw$1$ViewRootImpl:4058 android.view.-$$Lambda$ViewRootImpl$7A_3tkr_Kw4TZAeIUGVlOoTcZhg.run:4 android.os.Handler.handleCallback:883 
12-16 12:22:49.371 23752 23752 I ViewRootImpl@cb9047[PathPageActivity]: [DrawPending] reportDrawFinished()
12-16 12:22:49.381 23752 23752 I ViewRootImpl@cb9047[PathPageActivity]: MSG_WINDOW_FOCUS_CHANGED 1 1
12-16 12:22:49.382 23752 23752 D InputMethodManager: prepareNavigationBarInfo() DecorView@857fea[PathPageActivity]
12-16 12:22:49.382 23752 23752 D InputMethodManager: getNavigationBarColor() -855310
12-16 12:22:49.385 23752 23752 D InputMethodManager: prepareNavigationBarInfo() DecorView@857fea[PathPageActivity]
12-16 12:22:49.385 23752 23752 D InputMethodManager: getNavigationBarColor() -855310
12-16 12:22:49.385 23752 23752 V InputMethodManager: Starting input: tba=com.rmc.natour21 ic=null mNaviBarColor -855310 mIsGetNaviBarColorSuccess true , NavVisible : true , NavTrans : false
12-16 12:22:49.385 23752 23752 D InputMethodManager: startInputInner - Id : 0
12-16 12:22:49.385 23752 23752 I InputMethodManager: startInputInner - mService.startInputOrWindowGainedFocus
12-16 12:22:49.386 23752 23752 D InputTransport: Input channel destroyed: 'ClientS', fd=124
12-16 12:22:49.391 23752 23752 I ViewRootImpl@cb9047[PathPageActivity]: MSG_RESIZED: frame=(0,0,1080,2220) ci=(0,63,0,0) vi=(0,63,0,0) or=1
12-16 12:22:49.450 23752 24058 I System.out: (HTTPLog)-Static: isSBSettingEnabled false
12-16 12:22:49.450 23752 24058 I System.out: (HTTPLog)-Static: isSBSettingEnabled false
12-16 12:22:49.452 23752 24059 I System.out: (HTTPLog)-Static: isSBSettingEnabled false
12-16 12:22:49.452 23752 24059 I System.out: (HTTPLog)-Static: isSBSettingEnabled false
12-16 12:22:49.794 23752 23821 W libEGL  : EGLNativeWindowType 0x79b5bbd950 disconnect failed
12-16 12:22:49.801 23752 23752 I ViewRootImpl@8a9eca9[MainActivity]: Relayout returned: old=(0,0,1080,2220) new=(0,0,1080,2220) req=(1080,2220)8 dur=7 res=0x5 s={false 0} ch=true
12-16 12:22:49.802 23752 23752 I ViewRootImpl@8a9eca9[MainActivity]: stopped(true) old=false
12-16 12:22:49.804 23752 23752 D ConnectivityManager: unregisterNetworkCallback; CallingUid : 10308, CallingPid : 23752
12-16 12:22:49.827 23752 23752 I ViewRootImpl@8a9eca9[MainActivity]: Relayout returned: old=(0,0,1080,2220) new=(0,0,1080,2220) req=(1080,2220)8 dur=5 res=0x5 s={false 0} ch=false
12-16 12:22:51.287 23752 23752 I ViewRootImpl@cb9047[PathPageActivity]: ViewPostIme pointer 0
12-16 12:22:51.343 23752 23752 I ViewRootImpl@cb9047[PathPageActivity]: ViewPostIme pointer 1
12-16 12:22:51.740 23752 23752 D Toast   : show: focusDisplayId = 0, isFocusInDesktop = false mCustomDisplayId=-1
12-16 12:22:51.749 23752 23774 V Toast   : SHOW: android.widget.Toast$TN@5808c1c
12-16 12:22:51.752 23752 23752 V Toast   : HANDLE SHOW: android.widget.Toast$TN@5808c1c mView=null mNextView=android.widget.LinearLayout{c146025 V.E...... ......I. 0,0-0,0}
12-16 12:22:51.752 23752 23752 V Toast   : HANDLE HIDE: android.widget.Toast$TN@5808c1c mView=null
12-16 12:22:51.769 23752 23752 I ViewRootImpl@a184e08[Toast]: setView = android.widget.LinearLayout@c146025 TM=true MM=false
12-16 12:22:51.770 23752 23752 V Toast   : Text: Qerc in android.widget.Toast$TN@5808c1c
12-16 12:22:51.786 23752 23752 I ViewRootImpl@a184e08[Toast]: Relayout returned: old=(0,63,1080,2220) new=(150,1936,930,2052) req=(780,116)0 dur=10 res=0x7 s={true 522730160128} ch=true
12-16 12:22:51.788 23752 23821 D mali_winsys: EGLint new_window_surface(egl_winsys_display *, void *, EGLSurface, EGLConfig, egl_winsys_surface **, EGLBoolean) returns 0x3000
12-16 12:22:51.789 23752 23752 I ViewRootImpl@a184e08[Toast]: [DrawPending] drawPending(1) 0 android.view.ViewRootImpl.reportNextDraw:9952 android.view.ViewRootImpl.performTraversals:3329 android.view.ViewRootImpl.doTraversal:2222 
12-16 12:22:51.789 23752 23752 I ViewRootImpl@a184e08[Toast]: [DrawPending] performDraw() Waiting asnyc report
12-16 12:22:51.800 23752 23752 I ViewRootImpl@a184e08[Toast]: [DrawPending] pendingDrawFinished(0) 0 android.view.ViewRootImpl.lambda$performDraw$1$ViewRootImpl:4058 android.view.-$$Lambda$ViewRootImpl$7A_3tkr_Kw4TZAeIUGVlOoTcZhg.run:4 android.os.Handler.handleCallback:883 
12-16 12:22:51.800 23752 23752 I ViewRootImpl@a184e08[Toast]: [DrawPending] reportDrawFinished()
12-16 12:22:51.807 23752 23752 I ViewRootImpl@a184e08[Toast]: MSG_RESIZED: frame=(150,1936,930,2052) ci=(0,0,0,0) vi=(0,0,780,116) or=1
12-16 12:22:53.213 23752 23752 I ViewRootImpl@cb9047[PathPageActivity]: ViewPostIme pointer 0
12-16 12:22:53.266 23752 23752 I ViewRootImpl@cb9047[PathPageActivity]: ViewPostIme pointer 1
12-16 12:22:53.305 23752 23752 I ViewRootImpl@8a9eca9[MainActivity]: stopped(false) old=true
12-16 12:22:53.308 23752 23752 D ConnectivityManager: requestNetwork; CallingUid : 10308, CallingPid : 23752
12-16 12:22:53.313 23752 23752 I ViewRootImpl@8a9eca9[MainActivity]: stopped(false) old=false
12-16 12:22:53.554 23752 23752 I ViewRootImpl@8a9eca9[MainActivity]: Relayout returned: old=(0,0,1080,2220) new=(0,0,1080,2220) req=(1080,2220)0 dur=7 res=0x7 s={true 522734088192} ch=true
12-16 12:22:53.555 23752 23821 D mali_winsys: EGLint new_window_surface(egl_winsys_display *, void *, EGLSurface, EGLConfig, egl_winsys_surface **, EGLBoolean) returns 0x3000
12-16 12:22:53.556 23752 23752 I ViewRootImpl@8a9eca9[MainActivity]: [DrawPending] drawPending(1) 1 android.view.ViewRootImpl.reportNextDraw:9952 android.view.ViewRootImpl.performTraversals:3329 android.view.ViewRootImpl.doTraversal:2222 
12-16 12:22:53.557 23752 23752 I ViewRootImpl@8a9eca9[MainActivity]: [DrawPending] performDraw() Waiting asnyc report
12-16 12:22:53.596 23752 23752 I ViewRootImpl@8a9eca9[MainActivity]: [DrawPending] pendingDrawFinished(0) 1 android.view.ViewRootImpl.lambda$performDraw$1$ViewRootImpl:4058 android.view.-$$Lambda$ViewRootImpl$7A_3tkr_Kw4TZAeIUGVlOoTcZhg.run:4 android.os.Handler.handleCallback:883 
12-16 12:22:53.596 23752 23752 I ViewRootImpl@8a9eca9[MainActivity]: [DrawPending] reportDrawFinished()
12-16 12:22:53.597 23752 23752 I ViewRootImpl@cb9047[PathPageActivity]: MSG_WINDOW_FOCUS_CHANGED 0 1
12-16 12:22:53.597 23752 23752 D InputMethodManager: prepareNavigationBarInfo() DecorView@857fea[PathPageActivity]
12-16 12:22:53.597 23752 23752 D InputMethodManager: getNavigationBarColor() -855310
12-16 12:22:53.606 23752 23752 I ViewRootImpl@8a9eca9[MainActivity]: MSG_WINDOW_FOCUS_CHANGED 1 1
12-16 12:22:53.607 23752 23752 D InputMethodManager: prepareNavigationBarInfo() DecorView@9d09cae[MainActivity]
12-16 12:22:53.607 23752 23752 D InputMethodManager: getNavigationBarColor() -855310
12-16 12:22:53.612 23752 23752 D InputMethodManager: prepareNavigationBarInfo() DecorView@9d09cae[MainActivity]
12-16 12:22:53.612 23752 23752 D InputMethodManager: getNavigationBarColor() -855310
12-16 12:22:53.612 23752 23752 V InputMethodManager: Starting input: tba=com.rmc.natour21 ic=null mNaviBarColor -855310 mIsGetNaviBarColorSuccess true , NavVisible : true , NavTrans : false
12-16 12:22:53.612 23752 23752 D InputMethodManager: startInputInner - Id : 0
12-16 12:22:53.612 23752 23752 I InputMethodManager: startInputInner - mService.startInputOrWindowGainedFocus
12-16 12:22:53.614 23752 23752 D InputTransport: Input channel destroyed: 'ClientS', fd=128
12-16 12:22:53.748 23752 23774 V Toast   : HIDE: android.widget.Toast$TN@5808c1c
12-16 12:22:53.749 23752 23752 V Toast   : HANDLE HIDE: android.widget.Toast$TN@5808c1c mView=android.widget.LinearLayout{c146025 V.E...... ........ 0,0-780,116}
12-16 12:22:53.749 23752 23752 V Toast   : REMOVE! android.widget.LinearLayout{c146025 V.E...... ........ 0,0-780,116} in android.widget.Toast$TN@5808c1c
12-16 12:22:53.750 23752 23821 W libEGL  : EGLNativeWindowType 0x790cd7a210 disconnect failed
12-16 12:22:53.751 23752 23752 I ViewRootImpl@a184e08[Toast]: dispatchDetachedFromWindow
12-16 12:22:53.754 23752 23752 D InputTransport: Input channel destroyed: 'fe786c7', fd=78
12-16 12:22:54.038 23752 23821 W libEGL  : EGLNativeWindowType 0x79b54c1d10 disconnect failed
12-16 12:22:54.060 23752 23752 I ViewRootImpl@cb9047[PathPageActivity]: Relayout returned: old=(0,0,1080,2220) new=(0,0,1080,2220) req=(1080,2220)8 dur=20 res=0x5 s={false 0} ch=true
12-16 12:22:54.063 23752 23752 I ViewRootImpl@cb9047[PathPageActivity]: stopped(true) old=false
12-16 12:22:54.111 23752 23752 I ViewRootImpl@cb9047[PathPageActivity]: dispatchDetachedFromWindow
12-16 12:22:54.123 23752 23752 D InputTransport: Input channel destroyed: '6b059be', fd=129
12-16 12:23:00.126 23752 23752 I ViewRootImpl@8a9eca9[MainActivity]: ViewPostIme pointer 0
12-16 12:23:01.010 23752 23821 W libEGL  : EGLNativeWindowType 0x790cd7a710 disconnect failed
12-16 12:23:01.028 23752 23752 I ViewRootImpl@8a9eca9[MainActivity]: Relayout returned: old=(0,0,1080,2220) new=(0,0,1080,2220) req=(1080,2220)8 dur=17 res=0x5 s={false 0} ch=true
12-16 12:23:01.035 23752 23752 I ViewRootImpl@8a9eca9[MainActivity]: MSG_WINDOW_FOCUS_CHANGED 0 1
12-16 12:23:01.036 23752 23752 D InputMethodManager: prepareNavigationBarInfo() DecorView@9d09cae[MainActivity]
12-16 12:23:01.036 23752 23752 D InputMethodManager: getNavigationBarColor() -855310
12-16 12:23:01.052 23752 23752 I ViewRootImpl@8a9eca9[MainActivity]: stopped(true) old=false
12-16 12:23:01.054 23752 23752 D ConnectivityManager: unregisterNetworkCallback; CallingUid : 10308, CallingPid : 23752
12-16 12:23:01.084 23752 23752 D InputTransport: Input channel destroyed: 'ClientS', fd=122
12-16 12:23:01.097 23752 23752 I ViewRootImpl@8a9eca9[MainActivity]: Relayout returned: old=(0,0,1080,2220) new=(0,0,1080,2220) req=(1080,2220)8 dur=7 res=0x5 s={false 0} ch=false
12-16 12:23:01.564 23752 23871 E PINGER  : [12:23:01.559 Connection$Pinger:stop():522] Pinger stop true
12-16 12:23:01.572 23752 23871 E Sendbird:PINGER: [12:23:01.568 Connection$Pinger:stop():523] Pinger stop true
12-16 12:23:01.589 23752 23908 W SendBird: [12:23:01.588 Connection$1:onFailure():250] onFailed instance : com.sendbird.android.Connection@37f00f3
12-16 12:23:01.592 23752 23908 W Sendbird: [12:23:01.590 Connection$1:onFailure():251] onFailed instance : com.sendbird.android.Connection@37f00f3
12-16 12:23:01.593 23752 23883 W SendBird: [12:23:01.583 Connection$1:onMessage():235] onMessage instance : [PONG] com.sendbird.android.Connection@37f00f3
12-16 12:23:01.595 23752 23883 W Sendbird: [12:23:01.594 Connection$1:onMessage():236] onMessage instance : [PONG] com.sendbird.android.Connection@37f00f3
12-16 12:23:01.605 23752 23908 W SendBird: [12:23:01.604 Connection$1:onFailure():256] onFailed handler : com.sendbird.android.SocketManager@11a9187
12-16 12:23:01.607 23752 23908 W Sendbird: [12:23:01.606 Connection$1:onFailure():257] onFailed handler : com.sendbird.android.SocketManager@11a9187
12-16 12:23:01.610 23752 23908 W SendBird: [12:23:01.609 SocketManager:onError():1002] >> onError : Socket is closed, reconnecting : false, explicitDisconnect : true
12-16 12:23:01.611 23752 23903 W SendBird: [12:23:01.610 EventController$1:call():141] ++ result[PONG] runnable=null
12-16 12:23:03.496 24146 24146 I om.rmc.natour2: Late-enabling -Xcheck:jni
12-16 12:23:03.529 24146 24146 E om.rmc.natour2: Unknown bits set in runtime_flags: 0x8000
12-16 12:23:03.548 24146 24146 D ActivityThread: setConscryptValidator
12-16 12:23:03.548 24146 24146 D ActivityThread: setConscryptValidator - put
12-16 12:23:03.584 24146 24146 I om.rmc.natour2: The ClassLoaderContext is a special shared library.
12-16 12:23:04.679 24146 24146 I FirebaseApp: Device unlocked: initializing all Firebase APIs for app [DEFAULT]
12-16 12:23:04.763 24146 24176 I DynamiteModule: Considering local module com.google.android.gms.measurement.dynamite:70 and remote module com.google.android.gms.measurement.dynamite:87
