12-16 12:26:01.603 25915 25915 D InputMethodManager: prepareNavigationBarInfo() DecorView@46fb5b2[ChannelActivity]
12-16 12:26:01.603 25915 25915 D InputMethodManager: getNavigationBarColor() -855310
12-16 12:26:01.603 25915 26022 D SBUIKIT : [12:26:01.603 SendBirdUIKit$2:call():298] ++ user nickname = claudio velotti, profileUrl = http://18.195.186.181:8080/img/124/raw
12-16 12:26:01.616 25915 25915 D InputMethodManager: prepareNavigationBarInfo() DecorView@46fb5b2[ChannelActivity]
12-16 12:26:01.616 25915 25915 D InputMethodManager: getNavigationBarColor() -855310
12-16 12:26:01.616 25915 25915 V InputMethodManager: Starting input: tba=com.rmc.natour21 ic=androidx.emoji2.viewsintegration.EmojiInputConnection@cd2ef81 mNaviBarColor -855310 mIsGetNaviBarColorSuccess true , NavVisible : true , NavTrans : false
12-16 12:26:01.616 25915 25915 D InputMethodManager: startInputInner - Id : 0
12-16 12:26:01.621 25915 25915 I InputMethodManager: startInputInner - mService.startInputOrWindowGainedFocus
12-16 12:26:01.623 25915 25915 D InputTransport: Input channel destroyed: 'ClientS', fd=80
12-16 12:26:01.630 25915 25915 I AssistStructure: Flattened final assist data: 3200 bytes, containing 1 windows, 26 views
12-16 12:26:01.632 25915 25915 D SBUIKIT : [12:26:01.632 BaseFragment:lambda$connect$0$com-sendbird-uikit-fragments-BaseFragment():37] ++ BaseFragment::connect e : null
12-16 12:26:01.633 25915 25915 I SBUIKIT : [12:26:01.632 BaseGroupChannelFragment:onReady():20] >> BaseGroupChannelFragment::onReady(READY)
12-16 12:26:01.633 25915 25915 I SBUIKIT : [12:26:01.633 BaseGroupChannelFragment:onReady():21] ++ user : User{mUserId='cladotti31@gmail.com', mNickname='claudio velotti', mProfileUrl='http://18.195.186.181:8080/img/124/raw', mFriendDiscoveryKey='null', mFriendName='null', mMetaData={}, mConnectionStatus=NON_AVAILABLE, mLastSeenAt=0, mIsActive=true, mPreferredLanguages=[]}
12-16 12:26:01.635 25915 25915 I ViewRootImpl@7e2b848[ChannelActivity]: MSG_RESIZED: frame=(0,0,1080,2220) ci=(0,63,0,0) vi=(0,63,0,0) or=1
12-16 12:26:01.637 25915 25915 I SBUIKIT : [12:26:01.637 ChannelFragment:onDrawPage():210] >> ChannelFragment::onDrawPage() - {main}-[com.sendbird.uikit.fragments.BaseGroupChannelFragment.lambda$onReady$0$com-sendbird-uikit-fragments-BaseGroupChannelFragment():38]
12-16 12:26:01.648 25915 25915 I SBUIKIT : [12:26:01.647 ChannelViewModel:initMessageCollection():121] >> ChannelViewModel::initMessageCollection()
12-16 12:26:01.649 25915 25915 W SendBird: [12:26:01.648 MessageCollection$Builder:build():2074] -- warning (previous size is set the default value)
12-16 12:26:01.649 25915 25915 W SendBird: [12:26:01.649 MessageCollection$Builder:build():2079] -- warning (next size is set the default value)
12-16 12:26:01.663 25915 25915 D SBUIKIT : [12:26:01.663 ChannelFragment:drawChannel():240] ++ drawChannel()
12-16 12:26:01.678 25915 25915 D SBUIKIT : [12:26:01.678 ChannelFragment:setInputTextHint():1569] ++ hint text : Enter message
12-16 12:26:02.035 25915 25975 W libEGL  : EGLNativeWindowType 0x79ba577090 disconnect failed
12-16 12:26:02.051 25915 25915 I ViewRootImpl@f382232[CreateChannelActivity]: Relayout returned: old=(0,0,1080,2220) new=(0,0,1080,2220) req=(1080,2220)8 dur=15 res=0x5 s={false 0} ch=true
12-16 12:26:02.053 25915 25915 I ViewRootImpl@f382232[CreateChannelActivity]: stopped(true) old=false
12-16 12:26:02.072 25915 25915 I ViewRootImpl@f382232[CreateChannelActivity]: dispatchDetachedFromWindow
12-16 12:26:02.076 25915 25915 D InputTransport: Input channel destroyed: 'f33b508', fd=75
12-16 12:26:02.093 25915 25931 I om.rmc.natour2: Compiler allocated 4218KB to compile void android.view.ViewRootImpl.performTraversals()
12-16 12:26:02.792 25915 25915 I ViewRootImpl@7e2b848[ChannelActivity]: ViewPostIme pointer 0
12-16 12:26:02.831 25915 25915 I ViewRootImpl@7e2b848[ChannelActivity]: ViewPostIme pointer 1
12-16 12:26:02.832 25915 25915 D InputMethodManager: SSI - flag : 0 Pid : 25915 view : com.rmc.natour21
12-16 12:26:02.832 25915 25915 D InputMethodManager: prepareNavigationBarInfo() DecorView@46fb5b2[ChannelActivity]
12-16 12:26:02.832 25915 25915 D InputMethodManager: getNavigationBarColor() -855310
12-16 12:26:02.842 25915 25915 D Editor  : waiting for the right moment
12-16 12:26:02.943 25915 25915 D InputMethodManager: SSI - flag : 0 Pid : 25915 view : com.rmc.natour21
12-16 12:26:02.943 25915 25915 D InputMethodManager: prepareNavigationBarInfo() DecorView@46fb5b2[ChannelActivity]
12-16 12:26:02.943 25915 25915 D InputMethodManager: getNavigationBarColor() -855310
12-16 12:26:03.021 25915 25915 I ViewRootImpl@7e2b848[ChannelActivity]: MSG_RESIZED: frame=(0,0,1080,2220) ci=(0,63,0,986) vi=(0,63,0,986) or=1
12-16 12:26:03.058 25915 25915 I ViewRootImpl@7e2b848[ChannelActivity]: Relayout returned: old=(0,0,1080,2220) new=(0,0,1080,2220) req=(1080,2220)0 dur=22 res=0x1 s={true 522817220608} ch=false
12-16 12:26:06.365 25915 25915 I ViewRootImpl@7e2b848[ChannelActivity]: ViewPostIme pointer 0
12-16 12:26:06.425 25915 25915 I ViewRootImpl@7e2b848[ChannelActivity]: ViewPostIme pointer 1
12-16 12:26:06.428 25915 25915 D SBUIKIT : [12:26:06.427 ChannelFragment:sendMessage():928] ++ onClick()
12-16 12:26:06.431 25915 25915 I SBUIKIT : [12:26:06.431 ChannelViewModel:sendUserMessage():383] ++ request send message : UserMessageParams{mMessage='E siamo ancora qua', targetLanguages=null, data='null', customType='null', mentionType=USERS, mentionedUserIds=null, pushNotificationDeliveryOption=null, metaArrays=null, parentMessageId=0, appleCriticalAlertOptions=null, pollId=null, replyToChannel=false}
12-16 12:26:06.448 25915 25915 D SBUIKIT : [12:26:06.448 ChannelFragment:setInputTextHint():1569] ++ hint text : Enter message
12-16 12:26:06.455 25915 25915 D InputMethodManager: prepareNavigationBarInfo() DecorView@46fb5b2[ChannelActivity]
12-16 12:26:06.455 25915 25915 D InputMethodManager: getNavigationBarColor() -855310
12-16 12:26:06.455 25915 25915 V InputMethodManager: Starting input: tba=com.rmc.natour21 ic=androidx.emoji2.viewsintegration.EmojiInputConnection@8426ba3 mNaviBarColor -855310 mIsGetNaviBarColorSuccess true , NavVisible : true , NavTrans : false
12-16 12:26:06.455 25915 25915 D InputMethodManager: startInputInner - Id : 0
12-16 12:26:06.468 25915 25915 I InputMethodManager: startInputInner - mService.startInputOrWindowGainedFocus
12-16 12:26:06.474 25915 25915 D InputTransport: Input channel destroyed: 'ClientS', fd=138
12-16 12:26:06.494 25915 25915 D SBUIKIT : [12:26:06.493 ChannelViewModel:onMessagesAdded():238] >> ChannelViewModel::onMessagesAdded() from=LOCAL_MESSAGE_PENDING_CREATED
12-16 12:26:06.495 25915 25915 D SBUIKIT : [12:26:06.494 ChannelViewModel:notifyDataSetChanged():216] >> ChannelViewModel::notifyDataSetChanged(), size = 0, action=ACTION_PENDING_MESSAGE_ADDED
12-16 12:26:06.498 25915 25915 D SBUIKIT : [12:26:06.498 ChannelFragment:lambda$initMessageList$10$com-sendbird-uikit-fragments-ChannelFragment():455] ++ result messageList size : 1, source = ACTION_PENDING_MESSAGE_ADDED
12-16 12:26:06.501 25915 25915 W IInputConnectionWrapper: getExtractedText on inactive InputConnection
12-16 12:26:06.507 25915 25915 D SBUIKIT : [12:26:06.506 ChannelFragment:lambda$null$9$com-sendbird-uikit-fragments-ChannelFragment():464] ++ Message action : ACTION_PENDING_MESSAGE_ADDED
12-16 12:26:06.508 25915 25915 D SBUIKIT : [12:26:06.508 ChannelFragment:lambda$null$9$com-sendbird-uikit-fragments-ChannelFragment():470] ++ pending message added. message=BaseMessage{mReqId='1671189949096', mMessage='E siamo ancora qua', mMessageId=0, isSentFromThread='false', parentMessageId='0', mChannelUrl='sendbird_group_channel_168767996_867a5c73ccc7d8297f39be6bcc927131e50196e4', channelType='GROUP', mData='', mCustomType='', mCreatedAt=1671189966434, mUpdatedAt=0, mMentionType=USERS, mMentionedUserIds=[], mMentionedUsers=[], mMetaArrays=[], mIsGlobalBlocked=false, mErrorCode=0, mIsSilent=false, forceUpdateLastMessage=false, reactionList=[], sendingStatus=PENDING, messageSurvivalSeconds=-1, parentMessageText=null, threadInfo=null, mSender=User{mUserId='cladotti31@gmail.com', mNickname='claudio velotti', mProfileUrl='http://18.195.186.181:8080/img/124/raw', mFriendDiscoveryKey='null', mFriendName='null', mMetaData={}, mConnectionStatus=NON_AVAILABLE, mLastSeenAt=0, mIsActive=true, mPreferredLanguages=[]}
12-16 12:26:06.508 25915 25915 D SBUIKIT : Sender{mIsBlockedByMe=falserole=OPERATOR}, ogMetaData=null, isOpMsg=true, parentMessage=null}
12-16 12:26:06.508 25915 25915 D SBUIKIT : UserMessage{, mTranslations={}, plugins=null, poll=null}
12-16 12:26:06.706 25915 26029 W SendBird: [12:26:06.706 Connection$1:onMessage():235] onMessage instance : [DLVR] com.sendbird.android.Connection@c8d7b8b
12-16 12:26:06.707 25915 26029 W Sendbird: [12:26:06.707 Connection$1:onMessage():236] onMessage instance : [DLVR] com.sendbird.android.Connection@c8d7b8b
12-16 12:26:06.718 25915 26044 W SendBird: [12:26:06.717 EventController$1:call():141] ++ result[DLVR] runnable=null
12-16 12:26:06.728 25915 26029 W SendBird: [12:26:06.728 Connection$1:onMessage():235] onMessage instance : [MESG] com.sendbird.android.Connection@c8d7b8b
12-16 12:26:06.728 25915 26029 W Sendbird: [12:26:06.728 Connection$1:onMessage():236] onMessage instance : [MESG] com.sendbird.android.Connection@c8d7b8b
12-16 12:26:06.746 25915 26044 W SendBird: [12:26:06.745 EventController$1:call():141] ++ result[MESG] runnable=com.sendbird.android.EventController$2@12b3cea
12-16 12:26:06.746 25915 25915 D SBUIKIT : [12:26:06.745 ChannelViewModel:onMessagesUpdated():263] >> ChannelViewModel::onMessagesUpdated() from=EVENT_MESSAGE_SENT
12-16 12:26:06.748 25915 25915 D SBUIKIT : [12:26:06.748 ChannelViewModel:notifyDataSetChanged():216] >> ChannelViewModel::notifyDataSetChanged(), size = 2, action=EVENT_MESSAGE_SENT
12-16 12:26:06.749 25915 25915 D SBUIKIT : [12:26:06.749 ChannelFragment:lambda$initMessageList$10$com-sendbird-uikit-fragments-ChannelFragment():455] ++ result messageList size : 2, source = EVENT_MESSAGE_SENT
12-16 12:26:06.754 25915 25915 W SendBird: [12:26:06.753 EventController$1:onResultForUiThread():154] ++ delivery[MESG] runnable=com.sendbird.android.EventController$2@12b3cea
12-16 12:26:06.756 25915 25915 D SBUIKIT : [12:26:06.756 ChannelViewModel:onChannelUpdated():331] >> ChannelViewModel::onChannelUpdated() from=EVENT_CHANNEL_CHANGED, url=sendbird_group_channel_168767996_867a5c73ccc7d8297f39be6bcc927131e50196e4
12-16 12:26:06.756 25915 25915 D SBUIKIT : [12:26:06.756 ChannelViewModel:notifyChannelDataChanged():210] >> ChannelViewModel::notifyChannelDataChanged()
12-16 12:26:06.757 25915 25915 D SBUIKIT : [12:26:06.757 ChannelFragment:drawChannel():240] ++ drawChannel()
12-16 12:26:06.760 25915 25915 D SBUIKIT : [12:26:06.760 ChannelFragment:setInputTextHint():1569] ++ hint text : Enter message
12-16 12:26:06.762 25915 25915 D SBUIKIT : [12:26:06.761 ChannelFragment:lambda$null$9$com-sendbird-uikit-fragments-ChannelFragment():464] ++ Message action : EVENT_MESSAGE_SENT
12-16 12:26:06.762 25915 25915 D SBUIKIT : [12:26:06.762 ChannelFragment:lambda$null$9$com-sendbird-uikit-fragments-ChannelFragment():476] ++ firstVisibleItemPosition=0, message=E siamo ancora qua
12-16 12:26:06.816 25915 25915 I SBUIKIT : [12:26:06.815 ChannelViewModel:lambda$sendUserMessage$1():389] ++ sent message : BaseMessage{mReqId='1671189949096', mMessage='E siamo ancora qua', mMessageId=4723189878, isSentFromThread='false', parentMessageId='0', mChannelUrl='sendbird_group_channel_168767996_867a5c73ccc7d8297f39be6bcc927131e50196e4', channelType='GROUP', mData='', mCustomType='', mCreatedAt=1671189965941, mUpdatedAt=0, mMentionType=USERS, mMentionedUserIds=[], mMentionedUsers=[], mMetaArrays=[], mIsGlobalBlocked=false, mErrorCode=0, mIsSilent=false, forceUpdateLastMessage=false, reactionList=[], sendingStatus=SUCCEEDED, messageSurvivalSeconds=-1, parentMessageText=null, threadInfo=null, mSender=User{mUserId='cladotti31@gmail.com', mNickname='claudio velotti', mProfileUrl='http://18.195.186.181:8080/img/124/raw', mFriendDiscoveryKey='null', mFriendName='null', mMetaData={}, mConnectionStatus=NON_AVAILABLE, mLastSeenAt=0, mIsActive=true, mPreferredLanguages=null}
12-16 12:26:06.816 25915 25915 I SBUIKIT : Sender{mIsBlockedByMe=falserole=OPERATOR}, ogMetaData=null, isOpMsg=true, parentMessage=null}
12-16 12:26:06.816 25915 25915 I SBUIKIT : UserMessage{, mTranslations={}, plugins=null, poll=null}
12-16 12:26:08.213 25915 25915 I ViewRootImpl@7e2b848[ChannelActivity]: ViewPostIme pointer 0
12-16 12:26:08.261 25915 25915 I ViewRootImpl@7e2b848[ChannelActivity]: ViewPostIme pointer 1
12-16 12:26:08.293 25915 25915 I ViewRootImpl@110ff00[MainActivity]: stopped(false) old=true
12-16 12:26:08.301 25915 25915 I ViewRootImpl@110ff00[MainActivity]: stopped(false) old=false
12-16 12:26:08.319 25915 25915 I ViewRootImpl@110ff00[MainActivity]: Relayout returned: old=(0,0,1080,2220) new=(0,0,1080,2220) req=(1080,2220)0 dur=9 res=0x7 s={true 520198955008} ch=true
12-16 12:26:08.322 25915 25975 D mali_winsys: EGLint new_window_surface(egl_winsys_display *, void *, EGLSurface, EGLConfig, egl_winsys_surface **, EGLBoolean) returns 0x3000
12-16 12:26:08.385 25915 25915 I ViewRootImpl@110ff00[MainActivity]: [DrawPending] drawPending(1) 1 android.view.ViewRootImpl.reportNextDraw:9952 android.view.ViewRootImpl.performTraversals:3329 android.view.ViewRootImpl.doTraversal:2222 
12-16 12:26:08.385 25915 25915 I ViewRootImpl@110ff00[MainActivity]: [DrawPending] performDraw() Waiting asnyc report
12-16 12:26:08.403 25915 25915 I ViewRootImpl@110ff00[MainActivity]: [DrawPending] pendingDrawFinished(0) 1 android.view.ViewRootImpl.lambda$performDraw$1$ViewRootImpl:4058 android.view.-$$Lambda$ViewRootImpl$7A_3tkr_Kw4TZAeIUGVlOoTcZhg.run:4 android.os.Handler.handleCallback:883 
12-16 12:26:08.403 25915 25915 I ViewRootImpl@110ff00[MainActivity]: [DrawPending] reportDrawFinished()
12-16 12:26:08.404 25915 25915 I ViewRootImpl@7e2b848[ChannelActivity]: MSG_WINDOW_FOCUS_CHANGED 0 1
12-16 12:26:08.404 25915 25915 D InputMethodManager: prepareNavigationBarInfo() DecorView@46fb5b2[ChannelActivity]
12-16 12:26:08.404 25915 25915 D InputMethodManager: getNavigationBarColor() -855310
12-16 12:26:08.411 25915 25915 I ViewRootImpl@110ff00[MainActivity]: MSG_WINDOW_FOCUS_CHANGED 1 1
12-16 12:26:08.411 25915 25915 D InputMethodManager: prepareNavigationBarInfo() DecorView@7a36b5f[MainActivity]
12-16 12:26:08.411 25915 25915 D InputMethodManager: getNavigationBarColor() -855310
12-16 12:26:08.414 25915 25915 D InputMethodManager: prepareNavigationBarInfo() DecorView@7a36b5f[MainActivity]
12-16 12:26:08.414 25915 25915 D InputMethodManager: getNavigationBarColor() -855310
12-16 12:26:08.414 25915 25915 V InputMethodManager: Starting input: tba=com.rmc.natour21 ic=null mNaviBarColor -855310 mIsGetNaviBarColorSuccess true , NavVisible : true , NavTrans : false
12-16 12:26:08.414 25915 25915 D InputMethodManager: startInputInner - Id : 0
12-16 12:26:08.415 25915 25915 I InputMethodManager: startInputInner - mService.startInputOrWindowGainedFocus
12-16 12:26:08.424 25915 25915 D InputTransport: Input channel destroyed: 'ClientS', fd=75
12-16 12:26:08.455 25915 25915 W IInputConnectionWrapper: requestCursorAnchorInfo on inactive InputConnection
12-16 12:26:08.523 25915 25915 I ViewRootImpl@110ff00[MainActivity]: MSG_RESIZED: frame=(0,0,1080,2220) ci=(0,63,0,0) vi=(0,63,0,0) or=1
12-16 12:26:08.544 25915 25915 I ViewRootImpl@110ff00[MainActivity]: Relayout returned: old=(0,0,1080,2220) new=(0,0,1080,2220) req=(1080,2220)0 dur=9 res=0x1 s={true 520198955008} ch=false
12-16 12:26:08.857 25915 25975 W libEGL  : EGLNativeWindowType 0x790cf505d0 disconnect failed
12-16 12:26:08.876 25915 25915 I ViewRootImpl@7e2b848[ChannelActivity]: Relayout returned: old=(0,0,1080,2220) new=(0,0,1080,2220) req=(1080,2220)8 dur=19 res=0x5 s={false 0} ch=true
12-16 12:26:08.883 25915 25915 I ViewRootImpl@7e2b848[ChannelActivity]: stopped(true) old=false
12-16 12:26:08.928 25915 25915 D SBUIKIT : [12:26:08.927 ChannelViewModel:onCleared():360] -- onCleared ChannelViewModel
12-16 12:26:08.928 25915 25915 I SBUIKIT : [12:26:08.928 ChannelViewModel:disposeMessageCollection():146] >> ChannelViewModel::disposeMessageCollection()
12-16 12:26:08.938 25915 25915 I SBUIKIT : [12:26:08.938 ChannelFragment:onDestroy():176] >> ChannelFragment::onDestroy()
12-16 12:26:08.943 25915 25915 I ViewRootImpl@7e2b848[ChannelActivity]: dispatchDetachedFromWindow
12-16 12:26:08.952 25915 25915 D InputTransport: Input channel destroyed: '6725ccc', fd=129
12-16 12:26:10.825 25915 25915 I ViewRootImpl@110ff00[MainActivity]: ViewPostIme pointer 0
12-16 12:26:11.814 25915 25975 W libEGL  : EGLNativeWindowType 0x790d25db10 disconnect failed
12-16 12:26:11.833 25915 25915 I ViewRootImpl@110ff00[MainActivity]: Relayout returned: old=(0,0,1080,2220) new=(0,0,1080,2220) req=(1080,2220)8 dur=16 res=0x5 s={false 0} ch=true
12-16 12:26:11.845 25915 25915 I ViewRootImpl@110ff00[MainActivity]: MSG_WINDOW_FOCUS_CHANGED 0 1
12-16 12:26:11.845 25915 25915 D InputMethodManager: prepareNavigationBarInfo() DecorView@7a36b5f[MainActivity]
12-16 12:26:11.845 25915 25915 D InputMethodManager: getNavigationBarColor() -855310
12-16 12:26:11.850 25915 25915 I ViewRootImpl@110ff00[MainActivity]: stopped(true) old=false
12-16 12:26:11.901 25915 25915 D InputTransport: Input channel destroyed: 'ClientS', fd=78
12-16 12:26:11.910 25915 25915 I ViewRootImpl@110ff00[MainActivity]: Relayout returned: old=(0,0,1080,2220) new=(0,0,1080,2220) req=(1080,2220)8 dur=8 res=0x5 s={false 0} ch=false
12-16 12:26:12.322 25915 26019 E PINGER  : [12:26:12.322 Connection$Pinger:stop():522] Pinger stop true
12-16 12:26:12.325 25915 26019 E Sendbird:PINGER: [12:26:12.324 Connection$Pinger:stop():523] Pinger stop true
12-16 12:26:12.330 25915 26049 W SendBird: [12:26:12.330 Connection$1:onFailure():250] onFailed instance : com.sendbird.android.Connection@c8d7b8b
12-16 12:26:12.333 25915 26049 W Sendbird: [12:26:12.332 Connection$1:onFailure():251] onFailed instance : com.sendbird.android.Connection@c8d7b8b
12-16 12:26:12.334 25915 26049 W SendBird: [12:26:12.333 Connection$1:onFailure():256] onFailed handler : com.sendbird.android.SocketManager@a43723b
12-16 12:26:12.335 25915 26049 W Sendbird: [12:26:12.334 Connection$1:onFailure():257] onFailed handler : com.sendbird.android.SocketManager@a43723b
12-16 12:26:12.336 25915 26049 W SendBird: [12:26:12.336 SocketManager:onError():1002] >> onError : Socket is closed, reconnecting : false, explicitDisconnect : true
