12-16 12:22:51.770 23752 23752 V Toast   : Text: Qerc in android.widget.Toast$TN@5808c1c
12-16 12:22:51.786 23752 23752 I ViewRootImpl@a184e08[Toast]: Relayout returned: old=(0,63,1080,2220) new=(150,1936,930,2052) req=(780,116)0 dur=10 res=0x7 s={true 522730160128} ch=true
12-16 12:22:51.788 23752 23821 D mali_winsys: EGLint new_window_surface(egl_winsys_display *, void *, EGLSurface, EGLConfig, egl_winsys_surface **, EGLBoolean) returns 0x3000
12-16 12:22:51.789 23752 23752 I ViewRootImpl@a184e08[Toast]: [DrawPending] drawPending(1) 0 android.view.ViewRootImpl.reportNextDraw:9952 android.view.ViewRootImpl.performTraversals:3329 android.view.ViewRootImpl.doTraversal:2222 
12-16 12:22:51.789 23752 23752 I ViewRootImpl@a184e08[Toast]: [DrawPending] performDraw() Waiting asnyc report
12-16 12:22:51.800 23752 23752 I ViewRootImpl@a184e08[Toast]: [DrawPending] pendingDrawFinished(0) 0 android.view.ViewRootImpl.lambda$performDraw$1$ViewRootImpl:4058 android.view.-$$Lambda$ViewRootImpl$7A_3tkr_Kw4TZAeIUGVlOoTcZhg.run:4 android.os.Handler.handleCallback:883 
12-16 12:22:51.800 23752 23752 I ViewRootImpl@a184e08[Toast]: [DrawPending] reportDrawFinished()
12-16 12:22:51.807 23752 23752 I ViewRootImpl@a184e08[Toast]: MSG_RESIZED: frame=(150,1936,930,2052) ci=(0,0,0,0) vi=(0,0,780,116) or=1
12-16 12:22:53.213 23752 23752 I ViewRootImpl@cb9047[PathPageActivity]: ViewPostIme pointer 0
12-16 12:22:53.266 23752 23752 I ViewRootImpl@cb9047[PathPageActivity]: ViewPostIme pointer 1
12-16 12:22:53.305 23752 23752 I ViewRootImpl@8a9eca9[MainActivity]: stopped(false) old=true
12-16 12:22:53.308 23752 23752 D ConnectivityManager: requestNetwork; CallingUid : 10308, CallingPid : 23752
12-16 12:22:53.313 23752 23752 I ViewRootImpl@8a9eca9[MainActivity]: stopped(false) old=false
12-16 12:22:53.554 23752 23752 I ViewRootImpl@8a9eca9[MainActivity]: Relayout returned: old=(0,0,1080,2220) new=(0,0,1080,2220) req=(1080,2220)0 dur=7 res=0x7 s={true 522734088192} ch=true
12-16 12:22:53.555 23752 23821 D mali_winsys: EGLint new_window_surface(egl_winsys_display *, void *, EGLSurface, EGLConfig, egl_winsys_surface **, EGLBoolean) returns 0x3000
12-16 12:22:53.556 23752 23752 I ViewRootImpl@8a9eca9[MainActivity]: [DrawPending] drawPending(1) 1 android.view.ViewRootImpl.reportNextDraw:9952 android.view.ViewRootImpl.performTraversals:3329 android.view.ViewRootImpl.doTraversal:2222 
12-16 12:22:53.557 23752 23752 I ViewRootImpl@8a9eca9[MainActivity]: [DrawPending] performDraw() Waiting asnyc report
12-16 12:22:53.596 23752 23752 I ViewRootImpl@8a9eca9[MainActivity]: [DrawPending] pendingDrawFinished(0) 1 android.view.ViewRootImpl.lambda$performDraw$1$ViewRootImpl:4058 android.view.-$$Lambda$ViewRootImpl$7A_3tkr_Kw4TZAeIUGVlOoTcZhg.run:4 android.os.Handler.handleCallback:883 
12-16 12:22:53.596 23752 23752 I ViewRootImpl@8a9eca9[MainActivity]: [DrawPending] reportDrawFinished()
12-16 12:22:53.597 23752 23752 I ViewRootImpl@cb9047[PathPageActivity]: MSG_WINDOW_FOCUS_CHANGED 0 1
12-16 12:22:53.597 23752 23752 D InputMethodManager: prepareNavigationBarInfo() DecorView@857fea[PathPageActivity]
12-16 12:22:53.597 23752 23752 D InputMethodManager: getNavigationBarColor() -855310
12-16 12:22:53.606 23752 23752 I ViewRootImpl@8a9eca9[MainActivity]: MSG_WINDOW_FOCUS_CHANGED 1 1
12-16 12:22:53.607 23752 23752 D InputMethodManager: prepareNavigationBarInfo() DecorView@9d09cae[MainActivity]
12-16 12:22:53.607 23752 23752 D InputMethodManager: getNavigationBarColor() -855310
12-16 12:22:53.612 23752 23752 D InputMethodManager: prepareNavigationBarInfo() DecorView@9d09cae[MainActivity]
12-16 12:22:53.612 23752 23752 D InputMethodManager: getNavigationBarColor() -855310
12-16 12:22:53.612 23752 23752 V InputMethodManager: Starting input: tba=com.rmc.natour21 ic=null mNaviBarColor -855310 mIsGetNaviBarColorSuccess true , NavVisible : true , NavTrans : false
12-16 12:22:53.612 23752 23752 D InputMethodManager: startInputInner - Id : 0
12-16 12:22:53.612 23752 23752 I InputMethodManager: startInputInner - mService.startInputOrWindowGainedFocus
12-16 12:22:53.614 23752 23752 D InputTransport: Input channel destroyed: 'ClientS', fd=128
12-16 12:22:53.748 23752 23774 V Toast   : HIDE: android.widget.Toast$TN@5808c1c
12-16 12:22:53.749 23752 23752 V Toast   : HANDLE HIDE: android.widget.Toast$TN@5808c1c mView=android.widget.LinearLayout{c146025 V.E...... ........ 0,0-780,116}
12-16 12:22:53.749 23752 23752 V Toast   : REMOVE! android.widget.LinearLayout{c146025 V.E...... ........ 0,0-780,116} in android.widget.Toast$TN@5808c1c
12-16 12:22:53.750 23752 23821 W libEGL  : EGLNativeWindowType 0x790cd7a210 disconnect failed
12-16 12:22:53.751 23752 23752 I ViewRootImpl@a184e08[Toast]: dispatchDetachedFromWindow
12-16 12:22:53.754 23752 23752 D InputTransport: Input channel destroyed: 'fe786c7', fd=78
12-16 12:22:54.038 23752 23821 W libEGL  : EGLNativeWindowType 0x79b54c1d10 disconnect failed
12-16 12:22:54.060 23752 23752 I ViewRootImpl@cb9047[PathPageActivity]: Relayout returned: old=(0,0,1080,2220) new=(0,0,1080,2220) req=(1080,2220)8 dur=20 res=0x5 s={false 0} ch=true
12-16 12:22:54.063 23752 23752 I ViewRootImpl@cb9047[PathPageActivity]: stopped(true) old=false
12-16 12:22:54.111 23752 23752 I ViewRootImpl@cb9047[PathPageActivity]: dispatchDetachedFromWindow
12-16 12:22:54.123 23752 23752 D InputTransport: Input channel destroyed: '6b059be', fd=129
12-16 12:23:00.126 23752 23752 I ViewRootImpl@8a9eca9[MainActivity]: ViewPostIme pointer 0
12-16 12:23:01.010 23752 23821 W libEGL  : EGLNativeWindowType 0x790cd7a710 disconnect failed
12-16 12:23:01.028 23752 23752 I ViewRootImpl@8a9eca9[MainActivity]: Relayout returned: old=(0,0,1080,2220) new=(0,0,1080,2220) req=(1080,2220)8 dur=17 res=0x5 s={false 0} ch=true
12-16 12:23:01.035 23752 23752 I ViewRootImpl@8a9eca9[MainActivity]: MSG_WINDOW_FOCUS_CHANGED 0 1
12-16 12:23:01.036 23752 23752 D InputMethodManager: prepareNavigationBarInfo() DecorView@9d09cae[MainActivity]
12-16 12:23:01.036 23752 23752 D InputMethodManager: getNavigationBarColor() -855310
12-16 12:23:01.052 23752 23752 I ViewRootImpl@8a9eca9[MainActivity]: stopped(true) old=false
12-16 12:23:01.054 23752 23752 D ConnectivityManager: unregisterNetworkCallback; CallingUid : 10308, CallingPid : 23752
12-16 12:23:01.084 23752 23752 D InputTransport: Input channel destroyed: 'ClientS', fd=122
12-16 12:23:01.097 23752 23752 I ViewRootImpl@8a9eca9[MainActivity]: Relayout returned: old=(0,0,1080,2220) new=(0,0,1080,2220) req=(1080,2220)8 dur=7 res=0x5 s={false 0} ch=false
12-16 12:23:01.564 23752 23871 E PINGER  : [12:23:01.559 Connection$Pinger:stop():522] Pinger stop true
12-16 12:23:01.572 23752 23871 E Sendbird:PINGER: [12:23:01.568 Connection$Pinger:stop():523] Pinger stop true
12-16 12:23:01.589 23752 23908 W SendBird: [12:23:01.588 Connection$1:onFailure():250] onFailed instance : com.sendbird.android.Connection@37f00f3
12-16 12:23:01.592 23752 23908 W Sendbird: [12:23:01.590 Connection$1:onFailure():251] onFailed instance : com.sendbird.android.Connection@37f00f3
12-16 12:23:01.593 23752 23883 W SendBird: [12:23:01.583 Connection$1:onMessage():235] onMessage instance : [PONG] com.sendbird.android.Connection@37f00f3
12-16 12:23:01.595 23752 23883 W Sendbird: [12:23:01.594 Connection$1:onMessage():236] onMessage instance : [PONG] com.sendbird.android.Connection@37f00f3
12-16 12:23:01.605 23752 23908 W SendBird: [12:23:01.604 Connection$1:onFailure():256] onFailed handler : com.sendbird.android.SocketManager@11a9187
12-16 12:23:01.607 23752 23908 W Sendbird: [12:23:01.606 Connection$1:onFailure():257] onFailed handler : com.sendbird.android.SocketManager@11a9187
12-16 12:23:01.610 23752 23908 W SendBird: [12:23:01.609 SocketManager:onError():1002] >> onError : Socket is closed, reconnecting : false, explicitDisconnect : true
12-16 12:23:01.611 23752 23903 W SendBird: [12:23:01.610 EventController$1:call():141] ++ result[PONG] runnable=null
12-16 12:23:03.496 24146 24146 I om.rmc.natour2: Late-enabling -Xcheck:jni
12-16 12:23:03.529 24146 24146 E om.rmc.natour2: Unknown bits set in runtime_flags: 0x8000
12-16 12:23:03.548 24146 24146 D ActivityThread: setConscryptValidator
12-16 12:23:03.548 24146 24146 D ActivityThread: setConscryptValidator - put
12-16 12:23:03.584 24146 24146 I om.rmc.natour2: The ClassLoaderContext is a special shared library.
12-16 12:23:04.679 24146 24146 I FirebaseApp: Device unlocked: initializing all Firebase APIs for app [DEFAULT]
12-16 12:23:04.763 24146 24176 I DynamiteModule: Considering local module com.google.android.gms.measurement.dynamite:70 and remote module com.google.android.gms.measurement.dynamite:87
12-16 12:23:04.763 24146 24176 I DynamiteModule: Selected remote version of com.google.android.gms.measurement.dynamite, version >= 87
12-16 12:23:04.763 24146 24176 V DynamiteModule: Dynamite loader version >= 2, using loadModule2NoCrashUtils
12-16 12:23:04.771 24146 24176 W System  : ClassLoader referenced unknown path: 
12-16 12:23:04.775 24146 24146 I FirebaseInitProvider: FirebaseApp initialization successful
12-16 12:23:04.808 24146 24176 W om.rmc.natour2: Accessing hidden field Lsun/misc/Unsafe;->theUnsafe:Lsun/misc/Unsafe; (greylist, reflection, allowed)
12-16 12:23:04.808 24146 24176 W om.rmc.natour2: Accessing hidden method Lsun/misc/Unsafe;->objectFieldOffset(Ljava/lang/reflect/Field;)J (greylist,core-platform-api, linking, allowed)
12-16 12:23:04.809 24146 24176 W om.rmc.natour2: Accessing hidden method Lsun/misc/Unsafe;->arrayBaseOffset(Ljava/lang/Class;)I (greylist,core-platform-api, linking, allowed)
12-16 12:23:04.809 24146 24176 W om.rmc.natour2: Accessing hidden method Lsun/misc/Unsafe;->arrayIndexScale(Ljava/lang/Class;)I (greylist, linking, allowed)
12-16 12:23:04.859 24146 24183 I FA      : App measurement initialized, version: 75052
12-16 12:23:04.859 24146 24183 I FA      : To enable debug logging run: adb shell setprop log.tag.FA VERBOSE
12-16 12:23:04.859 24146 24183 I FA      : To enable faster debug mode event logging run:
12-16 12:23:04.859 24146 24183 I FA      :   adb shell setprop debug.firebase.analytics.app com.rmc.natour21
12-16 12:23:04.882 24146 24146 W com.facebook.UserSettingsManager: Please set a value for AutoLogAppEventsEnabled. Set the flag to TRUE if you want to collect app install, app launch and in-app purchase events automatically. To request user consent before collecting data, set the flag value to FALSE, then change to TRUE once user consent is received. Learn more: https://developers.facebook.com/docs/app-events/getting-started-app-events-android#disable-auto-events.
12-16 12:23:04.882 24146 24146 W com.facebook.UserSettingsManager: You haven't set a value for AdvertiserIDCollectionEnabled. Set the flag to TRUE if you want to collect Advertiser ID for better advertising and analytics results. To request user consent before collecting data, set the flag value to FALSE, then change to TRUE once user consent is received. Learn more: https://developers.facebook.com/docs/app-events/getting-started-app-events-android#disable-auto-events.
12-16 12:23:04.901 24146 24195 W com.facebook.internal.NativeProtocol: Apps that target Android API 30+ (Android 11+) cannot call Facebook native apps unless the package visibility needs are declared. Please follow https://developers.facebook.com/docs/android/troubleshooting/#faq_267321845055988 to make the declaration.
12-16 12:23:04.910 24146 24192 D NetworkSecurityConfig: Using Network Security Config from resource network_security_config debugBuild: true
12-16 12:23:04.916 24146 24192 I System.out: (HTTPLog)-Static: isSBSettingEnabled false
12-16 12:23:04.916 24146 24192 I System.out: (HTTPLog)-Static: isSBSettingEnabled false
12-16 12:23:04.918 24146 24190 I System.out: (HTTPLog)-Static: isSBSettingEnabled false
12-16 12:23:04.918 24146 24190 I System.out: (HTTPLog)-Static: isSBSettingEnabled false
12-16 12:23:04.920 24146 24190 D TcpOptimizer: TcpOptimizer-ON
12-16 12:23:04.922 24146 24193 I System.out: (HTTPLog)-Static: isSBSettingEnabled false
12-16 12:23:04.922 24146 24193 I System.out: (HTTPLog)-Static: isSBSettingEnabled false
12-16 12:23:04.933 24146 24146 D KeyHash:: 3Fm4gBnqk2PYU3lntxOY4S7uHvQ=
12-16 12:23:04.957 24146 24209 D libEGL  : loaded /vendor/lib64/egl/libGLES_mali.so
12-16 12:23:04.978 24146 24193 D libmdf  : libmdf v2.9.0.0 On 64bit PLATFORM
12-16 12:23:05.018 24146 24146 D PhoneWindow: forceLight changed to true [] from com.android.internal.policy.PhoneWindow.updateForceLightNavigationBar:4274 com.android.internal.policy.DecorView.updateColorViews:1547 com.android.internal.policy.PhoneWindow.dispatchWindowAttributesChanged:3252 android.view.Window.setFlags:1153 com.android.internal.policy.PhoneWindow.generateLayout:2474 
12-16 12:23:05.019 24146 24146 I MultiWindowDecorSupport: [INFO] isPopOver = false
12-16 12:23:05.019 24146 24146 I MultiWindowDecorSupport: updateCaptionType >> DecorView@2157831[], isFloating: false, isApplication: true, hasWindowDecorCaption: false, hasWindowControllerCallback: true
12-16 12:23:05.019 24146 24146 D MultiWindowDecorSupport: setCaptionType = 0, DecorView = DecorView@2157831[]
12-16 12:23:05.045 24146 24146 W om.rmc.natour2: Accessing hidden method Landroid/view/View;->computeFitSystemWindows(Landroid/graphics/Rect;Landroid/graphics/Rect;)Z (greylist, reflection, allowed)
12-16 12:23:05.045 24146 24146 W om.rmc.natour2: Accessing hidden method Landroid/view/ViewGroup;->makeOptionalFitsSystemWindows()V (greylist, reflection, allowed)
12-16 12:23:05.102 24146 24146 D ConnectivityManager: requestNetwork; CallingUid : 10308, CallingPid : 24146
12-16 12:23:05.108 24146 24176 W om.rmc.natour2: Accessing hidden method Lsun/misc/Unsafe;->compareAndSwapInt(Ljava/lang/Object;JII)Z (greylist, linking, allowed)
12-16 12:23:05.108 24146 24176 W om.rmc.natour2: Accessing hidden method Lsun/misc/Unsafe;->getObjectVolatile(Ljava/lang/Object;J)Ljava/lang/Object; (greylist, linking, allowed)
12-16 12:23:05.108 24146 24176 W om.rmc.natour2: Accessing hidden method Lsun/misc/Unsafe;->compareAndSwapObject(Ljava/lang/Object;JLjava/lang/Object;Ljava/lang/Object;)Z (greylist, linking, allowed)
12-16 12:23:05.108 24146 24176 W om.rmc.natour2: Accessing hidden method Lsun/misc/Unsafe;->compareAndSwapLong(Ljava/lang/Object;JJJ)Z (greylist, linking, allowed)
12-16 12:23:05.114 24146 24183 I FA      : Tag Manager is not found and thus will not be used
12-16 12:23:05.130 24146 24146 I ViewRootImpl@c19e10d[Splashscreen]: setView = com.android.internal.policy.DecorView@2157831 TM=true MM=false
12-16 12:23:05.176 24146 24146 I ViewRootImpl@c19e10d[Splashscreen]: Relayout returned: old=(0,0,1080,2220) new=(0,0,1080,2220) req=(1080,2220)0 dur=6 res=0x7 s={true 525358039040} ch=true
12-16 12:23:05.180 24146 24146 I ViewRootImpl@c19e10d[Splashscreen]: [DrawPending] drawPending(1) 1 android.view.ViewRootImpl.reportNextDraw:9952 android.view.ViewRootImpl.performTraversals:3329 android.view.ViewRootImpl.doTraversal:2222 
12-16 12:23:05.180 24146 24146 I ViewRootImpl@c19e10d[Splashscreen]: [DrawPending] performDraw() Waiting asnyc report
12-16 12:23:05.192 24146 24207 D mali_winsys: EGLint new_window_surface(egl_winsys_display *, void *, EGLSurface, EGLConfig, egl_winsys_surface **, EGLBoolean) returns 0x3000
12-16 12:23:05.197 24146 24207 W Gralloc3: mapper 3.x is not supported
12-16 12:23:05.215 24146 24207 E cutils-trace: Error opening trace file: No such file or directory (2)
12-16 12:23:05.216 24146 24146 I ViewRootImpl@c19e10d[Splashscreen]: [DrawPending] pendingDrawFinished(0) 1 android.view.ViewRootImpl.lambda$performDraw$1$ViewRootImpl:4058 android.view.-$$Lambda$ViewRootImpl$7A_3tkr_Kw4TZAeIUGVlOoTcZhg.run:4 android.os.Handler.handleCallback:883 
12-16 12:23:05.216 24146 24146 I ViewRootImpl@c19e10d[Splashscreen]: [DrawPending] reportDrawFinished()
12-16 12:23:05.222 24146 24146 I ViewRootImpl@c19e10d[Splashscreen]: MSG_WINDOW_FOCUS_CHANGED 1 1
12-16 12:23:05.223 24146 24146 D InputMethodManager: prepareNavigationBarInfo() DecorView@2157831[Splashscreen]
12-16 12:23:05.223 24146 24146 D InputMethodManager: getNavigationBarColor() -855310
12-16 12:23:05.224 24146 24146 D InputMethodManager: prepareNavigationBarInfo() DecorView@2157831[Splashscreen]
12-16 12:23:05.224 24146 24146 D InputMethodManager: getNavigationBarColor() -855310
12-16 12:23:05.224 24146 24146 V InputMethodManager: Starting input: tba=com.rmc.natour21 ic=null mNaviBarColor -855310 mIsGetNaviBarColorSuccess true , NavVisible : true , NavTrans : false
12-16 12:23:05.224 24146 24146 D InputMethodManager: startInputInner - Id : 0
12-16 12:23:05.224 24146 24146 I InputMethodManager: startInputInner - mService.startInputOrWindowGainedFocus
12-16 12:23:05.228 24146 24146 I ViewRootImpl@c19e10d[Splashscreen]: MSG_RESIZED: frame=(0,0,1080,2220) ci=(0,0,0,0) vi=(0,0,0,0) or=1
12-16 12:23:05.231 24146 24146 D InputMethodManager: prepareNavigationBarInfo() DecorView@2157831[Splashscreen]
12-16 12:23:05.231 24146 24146 D InputMethodManager: getNavigationBarColor() -855310
12-16 12:23:05.231 24146 24146 V InputMethodManager: Starting input: tba=com.rmc.natour21 ic=null mNaviBarColor -855310 mIsGetNaviBarColorSuccess true , NavVisible : true , NavTrans : false
12-16 12:23:05.231 24146 24146 D InputMethodManager: startInputInner - Id : 0
12-16 12:23:05.355 24146 24193 I System.out: (HTTPLog)-Static: isSBSettingEnabled false
12-16 12:23:05.355 24146 24193 I System.out: (HTTPLog)-Static: isSBSettingEnabled false
12-16 12:23:05.679 24146 24216 I System.out: Firebase token: eyJhbGciOiJSUzI1NiIsImtpZCI6Ijk3OGI1NmM2NmVhYmIwZDlhNmJhOGNhMzMwMTU2NGEyMzhlYWZjODciLCJ0eXAiOiJKV1QifQ.eyJuYW1lIjoiY2xhdWRpbyB2ZWxvdHRpIiwicGljdHVyZSI6Imh0dHBzOi8vbGgzLmdvb2dsZXVzZXJjb250ZW50LmNvbS9hL0FMbTV3dTI5V2MtR0dNWkljYk9qc2hic0pORFJ6OW9ZQjNYR3hXUmRWekdIPXM5Ni1jIiwiaXNzIjoiaHR0cHM6Ly9zZWN1cmV0b2tlbi5nb29nbGUuY29tL25hdG91cjIxLWZjNmVhIiwiYXVkIjoibmF0b3VyMjEtZmM2ZWEiLCJhdXRoX3RpbWUiOjE2NzExODg3NTEsInVzZXJfaWQiOiJkT3lqREZWbVhCYnRhVjVWMkdXOEc5NmZVdjQzIiwic3ViIjoiZE95akRGVm1YQmJ0YVY1VjJHVzhHOTZmVXY0MyIsImlhdCI6MTY3MTE4ODc1MSwiZXhwIjoxNjcxMTkyMzUxLCJlbWFpbCI6ImNsYWRvdHRpMzFAZ21haWwuY29tIiwiZW1haWxfdmVyaWZpZWQiOnRydWUsImZpcmViYXNlIjp7ImlkZW50aXRpZXMiOnsiZ29vZ2xlLmNvbSI6WyIxMTI0OTI4NzA2NDA3MTc2NTQ1NzAiXSwiZW1haWwiOlsiY2xhZG90dGkzMUBnbWFpbC5jb20iXX0sInNpZ25faW5fcHJvdmlkZXIiOiJnb29nbGUuY29tIn19.RxZplc6vZUPul4PopRgqN9-kUpK7g3_qk4s0eKM6LLgPKmAENhUhR7twdTH7WQWG292u_Xt47dqc16PEaSr2tntcXDhZ9HjDxwW66Sc8WebyQpJtMbTnV0cTGGQv0Kxb94mvni_99nppPGiy_p2Cf7BttcWujPkhJK-1mTB7lpX_Ca-658LcLoyHqkhYULg_hLvPFi4XgI9bZlmMi_Sk7Nw3nNzGPyCypL__P5YZiuqcx3H68zuotadKTPy7hU14uyjAU2hQKFRZzJSPH2dBWKs5nGn4OJe68m-Jr_XJ4qmXnAcHMH6cOq9yAZ7xA7Cz7jCSU1gobJHwNihRTfYW0g
12-16 12:23:05.901 24146 24237 V NativeCrypto: Registering org/conscrypt/NativeCrypto's 286 native methods...
12-16 12:23:06.664 24146 24216 W om.rmc.natour2: Accessing hidden method Ldalvik/system/BlockGuard;->getThreadPolicy()Ldalvik/system/BlockGuard$Policy; (greylist,core-platform-api, linking, allowed)
12-16 12:23:06.664 24146 24216 W om.rmc.natour2: Accessing hidden method Ldalvik/system/BlockGuard$Policy;->onNetwork()V (greylist, linking, allowed)
12-16 12:23:06.664 24146 24216 W om.rmc.natour2: Accessing hidden method Ldalvik/system/CloseGuard;->close()V (greylist,core-platform-api, linking, allowed)
12-16 12:23:06.664 24146 24216 W om.rmc.natour2: Accessing hidden method Ldalvik/system/CloseGuard;->get()Ldalvik/system/CloseGuard; (greylist,core-platform-api, linking, allowed)
12-16 12:23:06.664 24146 24216 W om.rmc.natour2: Accessing hidden method Ldalvik/system/CloseGuard;->open(Ljava/lang/String;)V (greylist,core-platform-api, linking, allowed)
12-16 12:23:06.664 24146 24216 W om.rmc.natour2: Accessing hidden method Ldalvik/system/CloseGuard;->warnIfOpen()V (greylist,core-platform-api, linking, allowed)
12-16 12:23:06.668 24146 24216 W om.rmc.natour2: Accessing hidden method Ljava/security/spec/ECParameterSpec;->getCurveName()Ljava/lang/String; (greylist, reflection, allowed)
12-16 12:23:06.765 24146 24146 D SBUIKIT : [12:23:06.764 SendBirdUIKit$1:onInitSucceed():174] >> onInitSucceed()
12-16 12:23:06.787 24146 24146 W ActivityThread: handleWindowVisibility: no activity for token android.os.BinderProxy@473fa11
12-16 12:23:06.810 24146 24146 D PhoneWindow: forceLight changed to true [] from com.android.internal.policy.PhoneWindow.updateForceLightNavigationBar:4274 com.android.internal.policy.DecorView.updateColorViews:1547 com.android.internal.policy.PhoneWindow.dispatchWindowAttributesChanged:3252 android.view.Window.setFlags:1153 com.android.internal.policy.PhoneWindow.generateLayout:2474 
12-16 12:23:06.811 24146 24146 I MultiWindowDecorSupport: [INFO] isPopOver = false
12-16 12:23:06.811 24146 24146 I MultiWindowDecorSupport: updateCaptionType >> DecorView@7c1b203[], isFloating: false, isApplication: true, hasWindowDecorCaption: false, hasWindowControllerCallback: true
12-16 12:23:06.811 24146 24146 D MultiWindowDecorSupport: setCaptionType = 0, DecorView = DecorView@7c1b203[]
12-16 12:23:07.077 24146 24262 W om.rmc.natour2: Accessing hidden field Ljava/net/Socket;->impl:Ljava/net/SocketImpl; (greylist, reflection, allowed)
12-16 12:23:07.077 24146 24263 W om.rmc.natour2: Accessing hidden field Ljava/net/Socket;->impl:Ljava/net/SocketImpl; (greylist, reflection, allowed)
12-16 12:23:07.087 24146 24263 W om.rmc.natour2: Accessing hidden field Ljava/io/FileDescriptor;->descriptor:I (greylist, JNI, allowed)
12-16 12:23:07.180 24146 24262 W om.rmc.natour2: Accessing hidden method Ljava/security/spec/ECParameterSpec;->setCurveName(Ljava/lang/String;)V (greylist, reflection, allowed)
12-16 12:23:07.182 24146 24146 D ConnectivityManager: requestNetwork; CallingUid : 10308, CallingPid : 24146
12-16 12:23:07.197 24146 24146 I ViewRootImpl@b3aad7e[MainActivity]: setView = com.android.internal.policy.DecorView@7c1b203 TM=true MM=false
12-16 12:23:07.198 24146 24146 I ViewRootImpl@c19e10d[Splashscreen]: MSG_WINDOW_FOCUS_CHANGED 0 1
12-16 12:23:07.198 24146 24146 D InputMethodManager: prepareNavigationBarInfo() DecorView@2157831[Splashscreen]
12-16 12:23:07.198 24146 24146 D InputMethodManager: getNavigationBarColor() -855310
12-16 12:23:07.274 24146 24146 I ViewRootImpl@b3aad7e[MainActivity]: Relayout returned: old=(0,0,1080,2220) new=(0,0,1080,2220) req=(1080,2220)0 dur=7 res=0x7 s={true 522729869312} ch=true
12-16 12:23:07.275 24146 24207 D mali_winsys: EGLint new_window_surface(egl_winsys_display *, void *, EGLSurface, EGLConfig, egl_winsys_surface **, EGLBoolean) returns 0x3000
12-16 12:23:07.301 24146 24146 I ViewRootImpl@b3aad7e[MainActivity]: [DrawPending] drawPending(1) 1 android.view.ViewRootImpl.reportNextDraw:9952 android.view.ViewRootImpl.performTraversals:3329 android.view.ViewRootImpl.doTraversal:2222 
12-16 12:23:07.303 24146 24146 I ViewRootImpl@b3aad7e[MainActivity]: [DrawPending] performDraw() Waiting asnyc report
12-16 12:23:07.345 24146 24146 I ViewRootImpl@b3aad7e[MainActivity]: [DrawPending] pendingDrawFinished(0) 1 android.view.ViewRootImpl.lambda$performDraw$1$ViewRootImpl:4058 android.view.-$$Lambda$ViewRootImpl$7A_3tkr_Kw4TZAeIUGVlOoTcZhg.run:4 android.os.Handler.handleCallback:883 
12-16 12:23:07.345 24146 24146 I ViewRootImpl@b3aad7e[MainActivity]: [DrawPending] reportDrawFinished()
12-16 12:23:07.347 24146 24146 I ViewRootImpl@b3aad7e[MainActivity]: MSG_WINDOW_FOCUS_CHANGED 1 1
12-16 12:23:07.347 24146 24146 D InputMethodManager: prepareNavigationBarInfo() DecorView@7c1b203[MainActivity]
12-16 12:23:07.348 24146 24146 D InputMethodManager: getNavigationBarColor() -855310
12-16 12:23:07.354 24146 24146 D EmergencyMode: [EmergencyManager] android createPackageContext successful: com.rmc.natour21
12-16 12:23:07.359 24146 24146 D InputMethodManager: prepareNavigationBarInfo() DecorView@7c1b203[MainActivity]
12-16 12:23:07.359 24146 24146 D InputMethodManager: getNavigationBarColor() -855310
12-16 12:23:07.359 24146 24146 V InputMethodManager: Starting input: tba=com.rmc.natour21 ic=null mNaviBarColor -855310 mIsGetNaviBarColorSuccess true , NavVisible : true , NavTrans : false
12-16 12:23:07.359 24146 24146 D InputMethodManager: startInputInner - Id : 0
12-16 12:23:07.359 24146 24146 I InputMethodManager: startInputInner - mService.startInputOrWindowGainedFocus
12-16 12:23:07.365 24146 24146 D InputTransport: Input channel destroyed: 'ClientS', fd=97
12-16 12:23:07.372 24146 24146 I ViewRootImpl@b3aad7e[MainActivity]: MSG_RESIZED: frame=(0,0,1080,2220) ci=(0,63,0,0) vi=(0,63,0,0) or=1
12-16 12:23:07.435 24146 24263 W SendBird: [12:23:07.434 Connection$1:onMessage():235] onMessage instance : [LOGI] com.sendbird.android.Connection@a59526
12-16 12:23:07.436 24146 24263 W Sendbird: [12:23:07.435 Connection$1:onMessage():236] onMessage instance : [LOGI] com.sendbird.android.Connection@a59526
12-16 12:23:07.453 24146 24216 W Glide   : Failed to find GeneratedAppGlideModule. You should include an annotationProcessor compile dependency on com.github.bumptech.glide:compiler in your application and a @GlideModule annotated AppGlideModule implementation or LibraryGlideModules will be silently ignored
12-16 12:23:07.478 24146 24282 W SendBird: [12:23:07.477 EventController$1:call():141] ++ result[LOGI] runnable=null
12-16 12:23:07.506 24146 24256 D SBUIKIT : [12:23:07.505 SendBirdUIKit$2:call():298] ++ user nickname = claudio velotti, profileUrl = http://18.195.186.181:8080/img/92/raw
12-16 12:23:07.507 24146 24216 D ConnectivityManager: requestNetwork; CallingUid : 10308, CallingPid : 24146
12-16 12:23:07.539 24146 24263 W SendBird: [12:23:07.539 Connection$1:onMessage():235] onMessage instance : [PONG] com.sendbird.android.Connection@a59526
12-16 12:23:07.541 24146 24263 W Sendbird: [12:23:07.540 Connection$1:onMessage():236] onMessage instance : [PONG] com.sendbird.android.Connection@a59526
12-16 12:23:07.546 24146 24282 W SendBird: [12:23:07.545 EventController$1:call():141] ++ result[PONG] runnable=null
12-16 12:23:07.623 24146 24146 I System.out: SENDBIRD TOKEN OK ckOTAZioSROKNMJFPmblOe:APA91bGVcG9r_iXcHFgG4Iporvbe7LY4wQBAVWfyWIWJnWzg5h8jwyooQ25LxvLEqeLKSFX8jlOxjHRr5t9uy5rrsHMA7I4iE0NfcLRlw_nQeNQWpru1u2nLitOl0dT_dISCBj72bvr1
12-16 12:23:07.787 24146 24207 W libEGL  : EGLNativeWindowType 0x79b4db4f90 disconnect failed
12-16 12:23:07.794 24146 24146 I ViewRootImpl@c19e10d[Splashscreen]: Relayout returned: old=(0,0,1080,2220) new=(0,0,1080,2220) req=(1080,2220)8 dur=7 res=0x5 s={false 0} ch=true
12-16 12:23:07.796 24146 24146 D ConnectivityManager: unregisterNetworkCallback; CallingUid : 10308, CallingPid : 24146
12-16 12:23:07.797 24146 24146 I ViewRootImpl@c19e10d[Splashscreen]: stopped(true) old=false
12-16 12:23:07.808 24146 24176 W om.rmc.natour2: Accessing hidden method Lsun/misc/Unsafe;->putObjectVolatile(Ljava/lang/Object;JLjava/lang/Object;)V (greylist, linking, allowed)
12-16 12:23:07.809 24146 24146 I ViewRootImpl@c19e10d[Splashscreen]: dispatchDetachedFromWindow
12-16 12:23:07.812 24146 24146 D InputTransport: Input channel destroyed: '2fc41d4', fd=90
12-16 12:23:18.492 24146 24146 I ViewRootImpl@b3aad7e[MainActivity]: ViewPostIme pointer 0
12-16 12:23:18.549 24146 24146 I ViewRootImpl@b3aad7e[MainActivity]: ViewPostIme pointer 1
12-16 12:23:18.632 24146 24146 D Dialog  : mIsSamsungBasicInteraction = false
12-16 12:23:18.632 24146 24146 D Dialog  : mIsSamsungBasicInteraction = false, isMetaDataInActivity = false
12-16 12:23:18.640 24146 24146 I MultiWindowDecorSupport: [INFO] isPopOver = false
12-16 12:23:18.640 24146 24146 I MultiWindowDecorSupport: updateCaptionType >> DecorView@8ac9e6c[], isFloating: true, isApplication: true, hasWindowDecorCaption: false, hasWindowControllerCallback: false
12-16 12:23:18.640 24146 24146 D MultiWindowDecorSupport: setCaptionType = 0, DecorView = DecorView@8ac9e6c[]
12-16 12:23:18.672 24146 24146 D ScrollView: initGoToTop
12-16 12:23:18.694 24146 24146 I ViewRootImpl@ccb5cd2[MainActivity]: setView = com.android.internal.policy.DecorView@8ac9e6c TM=true MM=false
12-16 12:23:18.726 24146 24146 I ViewRootImpl@ccb5cd2[MainActivity]: Relayout returned: old=(0,63,1080,2220) new=(28,627,1052,1656) req=(1024,1029)0 dur=8 res=0x7 s={true 519750107136} ch=true
12-16 12:23:18.727 24146 24207 D mali_winsys: EGLint new_window_surface(egl_winsys_display *, void *, EGLSurface, EGLConfig, egl_winsys_surface **, EGLBoolean) returns 0x3000
12-16 12:23:18.736 24146 24146 W BaseSlider: Floating point value used for stepSize(0.5). Using floats can have rounding errors which may result in incorrect values. Instead, consider using integers with a custom LabelFormatter to display the value correctly.
12-16 12:23:18.737 24146 24146 W BaseSlider: Floating point value used for stepSize(0.5). Using floats can have rounding errors which may result in incorrect values. Instead, consider using integers with a custom LabelFormatter to display the value correctly.
12-16 12:23:18.737 24146 24146 W BaseSlider: Floating point value used for valueTo(10.5). Using floats can have rounding errors which may result in incorrect values. Instead, consider using integers with a custom LabelFormatter to display the value correctly.
12-16 12:23:18.738 24146 24146 D ScrollView:  onsize change changed 
12-16 12:23:18.740 24146 24146 I ViewRootImpl@ccb5cd2[MainActivity]: [DrawPending] drawPending(1) 1 android.view.ViewRootImpl.reportNextDraw:9952 android.view.ViewRootImpl.performTraversals:3329 android.view.ViewRootImpl.doTraversal:2222 
12-16 12:23:18.740 24146 24146 I ViewRootImpl@ccb5cd2[MainActivity]: [DrawPending] performDraw() Waiting asnyc report
12-16 12:23:18.741 24146 24146 E DecorView: mWindow.mActivityCurrentConfig is null
12-16 12:23:18.805 24146 24146 I ViewRootImpl@ccb5cd2[MainActivity]: [DrawPending] pendingDrawFinished(0) 1 android.view.ViewRootImpl.lambda$performDraw$1$ViewRootImpl:4058 android.view.-$$Lambda$ViewRootImpl$7A_3tkr_Kw4TZAeIUGVlOoTcZhg.run:4 android.os.Handler.handleCallback:883 
12-16 12:23:18.805 24146 24146 I ViewRootImpl@ccb5cd2[MainActivity]: [DrawPending] reportDrawFinished()
12-16 12:23:18.810 24146 24146 I ViewRootImpl@ccb5cd2[MainActivity]: MSG_WINDOW_FOCUS_CHANGED 1 1
12-16 12:23:18.820 24146 24146 I ViewRootImpl@ccb5cd2[MainActivity]: MSG_RESIZED: frame=(28,627,1052,1656) ci=(0,0,0,0) vi=(0,0,0,0) or=1
12-16 12:23:18.820 24146 24146 I ViewRootImpl@b3aad7e[MainActivity]: MSG_WINDOW_FOCUS_CHANGED 0 1
12-16 12:23:18.820 24146 24146 D InputMethodManager: prepareNavigationBarInfo() DecorView@7c1b203[MainActivity]
12-16 12:23:18.820 24146 24146 D InputMethodManager: getNavigationBarColor() -855310
12-16 12:23:19.910 24146 24146 I ViewRootImpl@ccb5cd2[MainActivity]: ViewPostIme pointer 0
12-16 12:23:19.960 24146 24146 I ViewRootImpl@ccb5cd2[MainActivity]: ViewPostIme pointer 1
12-16 12:23:20.003 24146 24146 W ActivityThread: handleWindowVisibility: no activity for token android.os.BinderProxy@e9b06e8
12-16 12:23:20.035 24146 24146 I StorageUtils: /data/user/0/com.rmc.natour21/files is writable
12-16 12:23:20.040 24146 24146 I StorageUtils: /storage/emulated/0/Android/data/com.rmc.natour21/files is writable
12-16 12:23:20.041 24146 24146 I StorageUtils: /storage/0123-4567/Android/data/com.rmc.natour21/files is writable
12-16 12:23:20.042 24146 24146 I StorageUtils: /data/user/0/com.rmc.natour21/files is writable
12-16 12:23:20.042 24146 24146 I StorageUtils: /storage/emulated/0/Android/data/com.rmc.natour21/files is writable
12-16 12:23:20.043 24146 24146 I StorageUtils: /storage/0123-4567/Android/data/com.rmc.natour21/files is writable
12-16 12:23:20.051 24146 24146 I OsmDroid: Using tile source: Mapnik
12-16 12:23:20.056 24146 24146 I OsmDroid: Tile cache increased from 0 to 9
12-16 12:23:20.155 24146 24146 D PhoneWindow: forceLight changed to true [] from com.android.internal.policy.PhoneWindow.updateForceLightNavigationBar:4274 com.android.internal.policy.DecorView.updateColorViews:1547 com.android.internal.policy.PhoneWindow.dispatchWindowAttributesChanged:3252 android.view.Window.setFlags:1153 com.android.internal.policy.PhoneWindow.generateLayout:2474 
12-16 12:23:20.156 24146 24146 I MultiWindowDecorSupport: [INFO] isPopOver = false
12-16 12:23:20.156 24146 24146 I MultiWindowDecorSupport: updateCaptionType >> DecorView@6e8f788[], isFloating: false, isApplication: true, hasWindowDecorCaption: false, hasWindowControllerCallback: true
12-16 12:23:20.156 24146 24146 D MultiWindowDecorSupport: setCaptionType = 0, DecorView = DecorView@6e8f788[]
12-16 12:23:20.190 24146 24146 I ViewRootImpl@58d52b8[GeographicAreaActivity]: setView = com.android.internal.policy.DecorView@6e8f788 TM=true MM=false
12-16 12:23:20.191 24146 24146 I ViewRootImpl@ccb5cd2[MainActivity]: MSG_WINDOW_FOCUS_CHANGED 0 1
12-16 12:23:20.220 24146 24146 I ViewRootImpl@58d52b8[GeographicAreaActivity]: Relayout returned: old=(0,0,1080,2220) new=(0,0,1080,2220) req=(1080,2220)0 dur=9 res=0x7 s={true 522962890752} ch=true
12-16 12:23:20.221 24146 24207 D mali_winsys: EGLint new_window_surface(egl_winsys_display *, void *, EGLSurface, EGLConfig, egl_winsys_surface **, EGLBoolean) returns 0x3000
12-16 12:23:20.232 24146 24146 I ViewRootImpl@58d52b8[GeographicAreaActivity]: [DrawPending] drawPending(1) 1 android.view.ViewRootImpl.reportNextDraw:9952 android.view.ViewRootImpl.performTraversals:3329 android.view.ViewRootImpl.doTraversal:2222 
12-16 12:23:20.233 24146 24146 I ViewRootImpl@58d52b8[GeographicAreaActivity]: [DrawPending] performDraw() Waiting asnyc report
12-16 12:23:20.236 24146 24146 I OsmDroid: Tile cache increased from 9 to 60
12-16 12:23:20.276 24146 24207 I         : Increase max job count 60
12-16 12:23:20.291 24146 24146 I ViewRootImpl@58d52b8[GeographicAreaActivity]: [DrawPending] pendingDrawFinished(0) 1 android.view.ViewRootImpl.lambda$performDraw$1$ViewRootImpl:4058 android.view.-$$Lambda$ViewRootImpl$7A_3tkr_Kw4TZAeIUGVlOoTcZhg.run:4 android.os.Handler.handleCallback:883 
12-16 12:23:20.291 24146 24146 I ViewRootImpl@58d52b8[GeographicAreaActivity]: [DrawPending] reportDrawFinished()
12-16 12:23:20.293 24146 24146 I ViewRootImpl@58d52b8[GeographicAreaActivity]: MSG_WINDOW_FOCUS_CHANGED 1 1
12-16 12:23:20.293 24146 24146 D InputMethodManager: prepareNavigationBarInfo() DecorView@6e8f788[GeographicAreaActivity]
12-16 12:23:20.293 24146 24146 D InputMethodManager: getNavigationBarColor() -855310
12-16 12:23:20.302 24146 24146 D InputMethodManager: prepareNavigationBarInfo() DecorView@6e8f788[GeographicAreaActivity]
12-16 12:23:20.302 24146 24146 D InputMethodManager: getNavigationBarColor() -855310
12-16 12:23:20.302 24146 24146 V InputMethodManager: Starting input: tba=com.rmc.natour21 ic=null mNaviBarColor -855310 mIsGetNaviBarColorSuccess true , NavVisible : true , NavTrans : false
12-16 12:23:20.302 24146 24146 D InputMethodManager: startInputInner - Id : 0
12-16 12:23:20.302 24146 24146 I InputMethodManager: startInputInner - mService.startInputOrWindowGainedFocus
12-16 12:23:20.314 24146 24146 D InputTransport: Input channel destroyed: 'ClientS', fd=117
12-16 12:23:20.346 24146 24146 I ViewRootImpl@58d52b8[GeographicAreaActivity]: MSG_RESIZED: frame=(0,0,1080,2220) ci=(0,63,0,0) vi=(0,63,0,0) or=1
12-16 12:23:20.414 24146 24330 I System.out: (HTTPLog)-Static: isSBSettingEnabled false
12-16 12:23:20.414 24146 24330 I System.out: (HTTPLog)-Static: isSBSettingEnabled false
12-16 12:23:20.474 24146 24158 I om.rmc.natour2: Background concurrent copying GC freed 18345(1154KB) AllocSpace objects, 161(3816KB) LOS objects, 49% free, 8683KB/16MB, paused 76us total 104.791ms
12-16 12:23:20.716 24146 24207 W libEGL  : EGLNativeWindowType 0x793ecd2d90 disconnect failed
12-16 12:23:20.723 24146 24146 I ViewRootImpl@ccb5cd2[MainActivity]: Relayout returned: old=(28,627,1052,1656) new=(28,627,1052,1656) req=(1024,1029)8 dur=7 res=0x5 s={false 0} ch=true
12-16 12:23:20.729 24146 24207 W libEGL  : EGLNativeWindowType 0x79ba7a6bd0 disconnect failed
12-16 12:23:20.735 24146 24146 I ViewRootImpl@b3aad7e[MainActivity]: Relayout returned: old=(0,0,1080,2220) new=(0,0,1080,2220) req=(1080,2220)8 dur=5 res=0x5 s={false 0} ch=true
12-16 12:23:20.737 24146 24146 I ViewRootImpl@ccb5cd2[MainActivity]: stopped(true) old=false
12-16 12:23:20.737 24146 24146 I ViewRootImpl@b3aad7e[MainActivity]: stopped(true) old=false
12-16 12:23:20.738 24146 24146 D ConnectivityManager: unregisterNetworkCallback; CallingUid : 10308, CallingPid : 24146
12-16 12:23:20.761 24146 24146 I ViewRootImpl@b3aad7e[MainActivity]: Relayout returned: old=(0,0,1080,2220) new=(0,0,1080,2220) req=(1080,2220)8 dur=6 res=0x5 s={false 0} ch=false
12-16 12:23:21.427 24146 24146 I ViewRootImpl@58d52b8[GeographicAreaActivity]: ViewPostIme pointer 0
12-16 12:23:22.195 24146 24146 I ViewRootImpl@58d52b8[GeographicAreaActivity]: ViewPostIme pointer 1
12-16 12:23:22.552 24146 24263 W SendBird: [12:23:22.551 Connection$1:onMessage():235] onMessage instance : [PONG] com.sendbird.android.Connection@a59526
12-16 12:23:22.553 24146 24263 W Sendbird: [12:23:22.552 Connection$1:onMessage():236] onMessage instance : [PONG] com.sendbird.android.Connection@a59526
12-16 12:23:22.560 24146 24282 W SendBird: [12:23:22.559 EventController$1:call():141] ++ result[PONG] runnable=null
12-16 12:23:23.322 24146 24146 I ViewRootImpl@58d52b8[GeographicAreaActivity]: ViewPostIme pointer 0
12-16 12:23:24.627 24146 24146 I ViewRootImpl@58d52b8[GeographicAreaActivity]: ViewPostIme pointer 1
12-16 12:23:24.893 24146 24146 I ViewRootImpl@58d52b8[GeographicAreaActivity]: ViewPostIme pointer 0
12-16 12:23:25.220 24146 24162 I om.rmc.natour2: Compiler allocated 4218KB to compile void android.view.ViewRootImpl.performTraversals()
12-16 12:23:25.303 24146 24146 I ViewRootImpl@58d52b8[GeographicAreaActivity]: ViewPostIme pointer 1
12-16 12:23:25.619 24146 24146 I ViewRootImpl@58d52b8[GeographicAreaActivity]: ViewPostIme pointer 0
12-16 12:23:27.085 24146 24146 I ViewRootImpl@58d52b8[GeographicAreaActivity]: ViewPostIme pointer 1
12-16 12:23:27.496 24146 24146 I ViewRootImpl@58d52b8[GeographicAreaActivity]: ViewPostIme pointer 0
12-16 12:23:27.780 24146 24146 I ViewRootImpl@58d52b8[GeographicAreaActivity]: ViewPostIme pointer 1
12-16 12:23:28.892 24146 24146 I ViewRootImpl@58d52b8[GeographicAreaActivity]: ViewPostIme pointer 0
12-16 12:23:30.096 24146 24146 I ViewRootImpl@58d52b8[GeographicAreaActivity]: ViewPostIme pointer 1
12-16 12:23:30.989 24146 24146 I ViewRootImpl@58d52b8[GeographicAreaActivity]: ViewPostIme pointer 0
12-16 12:23:31.044 24146 24146 I ViewRootImpl@58d52b8[GeographicAreaActivity]: ViewPostIme pointer 1
12-16 12:23:31.090 24146 24146 I ViewRootImpl@ccb5cd2[MainActivity]: stopped(false) old=true
12-16 12:23:31.093 24146 24146 I ViewRootImpl@b3aad7e[MainActivity]: stopped(false) old=true
12-16 12:23:31.096 24146 24146 D ConnectivityManager: requestNetwork; CallingUid : 10308, CallingPid : 24146
12-16 12:23:31.105 24146 24146 I ViewRootImpl@ccb5cd2[MainActivity]: stopped(false) old=false
12-16 12:23:31.105 24146 24146 I ViewRootImpl@b3aad7e[MainActivity]: stopped(false) old=false
12-16 12:23:31.124 24146 24146 I ViewRootImpl@ccb5cd2[MainActivity]: Relayout returned: old=(28,627,1052,1656) new=(28,627,1052,1656) req=(1024,1029)0 dur=8 res=0x7 s={true 522726932480} ch=true
12-16 12:23:31.125 24146 24146 I ViewRootImpl@ccb5cd2[MainActivity]: [DrawPending] drawPending(1) 1 android.view.ViewRootImpl.reportNextDraw:9952 android.view.ViewRootImpl.performTraversals:3329 android.view.ViewRootImpl.doTraversal:2222 
12-16 12:23:31.125 24146 24146 I ViewRootImpl@ccb5cd2[MainActivity]: [DrawPending] performDraw() Waiting asnyc report
12-16 12:23:31.127 24146 24207 D mali_winsys: EGLint new_window_surface(egl_winsys_display *, void *, EGLSurface, EGLConfig, egl_winsys_surface **, EGLBoolean) returns 0x3000
12-16 12:23:31.127 24146 24146 E DecorView: mWindow.mActivityCurrentConfig is null
12-16 12:23:31.412 24146 24146 I ViewRootImpl@b3aad7e[MainActivity]: Relayout returned: old=(0,0,1080,2220) new=(0,0,1080,2220) req=(1080,2220)0 dur=7 res=0x7 s={true 518713765888} ch=true
12-16 12:23:31.413 24146 24207 D mali_winsys: EGLint new_window_surface(egl_winsys_display *, void *, EGLSurface, EGLConfig, egl_winsys_surface **, EGLBoolean) returns 0x3000
12-16 12:23:31.417 24146 24146 I ViewRootImpl@b3aad7e[MainActivity]: [DrawPending] drawPending(1) 1 android.view.ViewRootImpl.reportNextDraw:9952 android.view.ViewRootImpl.performTraversals:3329 android.view.ViewRootImpl.doTraversal:2222 
12-16 12:23:31.418 24146 24146 I ViewRootImpl@b3aad7e[MainActivity]: [DrawPending] performDraw() Waiting asnyc report
12-16 12:23:31.458 24146 24146 I ViewRootImpl@b3aad7e[MainActivity]: [DrawPending] pendingDrawFinished(0) 1 android.view.ViewRootImpl.lambda$performDraw$1$ViewRootImpl:4058 android.view.-$$Lambda$ViewRootImpl$7A_3tkr_Kw4TZAeIUGVlOoTcZhg.run:4 android.os.Handler.handleCallback:883 
12-16 12:23:31.458 24146 24146 I ViewRootImpl@b3aad7e[MainActivity]: [DrawPending] reportDrawFinished()
12-16 12:23:31.459 24146 24146 I ViewRootImpl@ccb5cd2[MainActivity]: [DrawPending] pendingDrawFinished(0) 1 android.view.ViewRootImpl.lambda$performDraw$1$ViewRootImpl:4058 android.view.-$$Lambda$ViewRootImpl$7A_3tkr_Kw4TZAeIUGVlOoTcZhg.run:4 android.os.Handler.handleCallback:883 
12-16 12:23:31.459 24146 24146 I ViewRootImpl@ccb5cd2[MainActivity]: [DrawPending] reportDrawFinished()
12-16 12:23:31.461 24146 24146 I ViewRootImpl@58d52b8[GeographicAreaActivity]: MSG_WINDOW_FOCUS_CHANGED 0 1
12-16 12:23:31.461 24146 24146 D InputMethodManager: prepareNavigationBarInfo() DecorView@6e8f788[GeographicAreaActivity]
12-16 12:23:31.461 24146 24146 D InputMethodManager: getNavigationBarColor() -855310
12-16 12:23:31.474 24146 24146 I ViewRootImpl@ccb5cd2[MainActivity]: MSG_WINDOW_FOCUS_CHANGED 1 1
12-16 12:23:31.916 24146 24207 W libEGL  : EGLNativeWindowType 0x793ebe67d0 disconnect failed
12-16 12:23:31.942 24146 24146 I ViewRootImpl@58d52b8[GeographicAreaActivity]: Relayout returned: old=(0,0,1080,2220) new=(0,0,1080,2220) req=(1080,2220)8 dur=24 res=0x5 s={false 0} ch=true
12-16 12:23:31.944 24146 24146 I ViewRootImpl@58d52b8[GeographicAreaActivity]: stopped(true) old=false
12-16 12:23:31.986 24146 24146 I ViewRootImpl@58d52b8[GeographicAreaActivity]: dispatchDetachedFromWindow
12-16 12:23:31.996 24146 24146 D InputTransport: Input channel destroyed: '9e242aa', fd=131
12-16 12:23:33.470 24146 24146 I ViewRootImpl@ccb5cd2[MainActivity]: ViewPostIme pointer 0
12-16 12:23:33.524 24146 24146 I ViewRootImpl@ccb5cd2[MainActivity]: ViewPostIme pointer 1
12-16 12:23:33.560 24146 24207 W libEGL  : EGLNativeWindowType 0x78c5d50e10 disconnect failed
12-16 12:23:33.560 24146 24207 D OpenGLRenderer: endAllActiveAnimators on 0x793ef9f600 (RippleDrawable) with handle 0x79ba679820
12-16 12:23:33.560 24146 24146 I ViewRootImpl@ccb5cd2[MainActivity]: dispatchDetachedFromWindow
12-16 12:23:33.570 24146 24146 D InputTransport: Input channel destroyed: '2fc41f9', fd=123
12-16 12:23:33.749 24146 24146 I ViewRootImpl@b3aad7e[MainActivity]: MSG_WINDOW_FOCUS_CHANGED 1 1
12-16 12:23:33.750 24146 24146 D InputMethodManager: prepareNavigationBarInfo() DecorView@7c1b203[MainActivity]
12-16 12:23:33.750 24146 24146 D InputMethodManager: getNavigationBarColor() -855310
12-16 12:23:33.756 24146 24146 D InputMethodManager: prepareNavigationBarInfo() DecorView@7c1b203[MainActivity]
12-16 12:23:33.756 24146 24146 D InputMethodManager: getNavigationBarColor() -855310
12-16 12:23:33.756 24146 24146 V InputMethodManager: Starting input: tba=com.rmc.natour21 ic=null mNaviBarColor -855310 mIsGetNaviBarColorSuccess true , NavVisible : true , NavTrans : false
12-16 12:23:33.756 24146 24146 D InputMethodManager: startInputInner - Id : 0
12-16 12:23:33.756 24146 24146 I InputMethodManager: startInputInner - mService.startInputOrWindowGainedFocus
12-16 12:23:33.761 24146 24146 D InputTransport: Input channel destroyed: 'ClientS', fd=132
12-16 12:23:33.762 24146 24146 E ViewRootImpl: sendUserActionEvent() mView returned.
12-16 12:23:35.625 24146 24146 I ViewRootImpl@b3aad7e[MainActivity]: ViewPostIme pointer 0
12-16 12:23:36.595 24146 24207 W libEGL  : EGLNativeWindowType 0x78dd29af10 disconnect failed
12-16 12:23:36.616 24146 24146 I ViewRootImpl@b3aad7e[MainActivity]: Relayout returned: old=(0,0,1080,2220) new=(0,0,1080,2220) req=(1080,2220)8 dur=20 res=0x5 s={false 0} ch=true
12-16 12:23:36.620 24146 24146 I ViewRootImpl@b3aad7e[MainActivity]: MSG_WINDOW_FOCUS_CHANGED 0 1
12-16 12:23:36.620 24146 24146 D InputMethodManager: prepareNavigationBarInfo() DecorView@7c1b203[MainActivity]
12-16 12:23:36.621 24146 24146 D InputMethodManager: getNavigationBarColor() -855310
12-16 12:23:36.635 24146 24146 I ViewRootImpl@b3aad7e[MainActivity]: stopped(true) old=false
12-16 12:23:36.645 24146 24146 D ConnectivityManager: unregisterNetworkCallback; CallingUid : 10308, CallingPid : 24146
12-16 12:23:36.684 24146 24146 D InputTransport: Input channel destroyed: 'ClientS', fd=122
12-16 12:23:36.692 24146 24146 I ViewRootImpl@b3aad7e[MainActivity]: Relayout returned: old=(0,0,1080,2220) new=(0,0,1080,2220) req=(1080,2220)8 dur=7 res=0x5 s={false 0} ch=false
12-16 12:24:22.782 24670 24670 I om.rmc.natour2: Late-enabling -Xcheck:jni
12-16 12:24:22.811 24670 24670 E om.rmc.natour2: Unknown bits set in runtime_flags: 0x8000
12-16 12:24:22.838 24670 24670 D ActivityThread: setConscryptValidator
12-16 12:24:22.839 24670 24670 D ActivityThread: setConscryptValidator - put
12-16 12:24:22.885 24670 24670 I om.rmc.natour2: The ClassLoaderContext is a special shared library.
12-16 12:24:23.963 24670 24670 I FirebaseApp: Device unlocked: initializing all Firebase APIs for app [DEFAULT]
12-16 12:24:24.051 24670 24777 I DynamiteModule: Considering local module com.google.android.gms.measurement.dynamite:70 and remote module com.google.android.gms.measurement.dynamite:87
12-16 12:24:24.051 24670 24777 I DynamiteModule: Selected remote version of com.google.android.gms.measurement.dynamite, version >= 87
12-16 12:24:24.051 24670 24777 V DynamiteModule: Dynamite loader version >= 2, using loadModule2NoCrashUtils
12-16 12:24:24.058 24670 24670 I FirebaseInitProvider: FirebaseApp initialization successful
12-16 12:24:24.064 24670 24777 W System  : ClassLoader referenced unknown path: 
12-16 12:24:24.098 24670 24777 W om.rmc.natour2: Accessing hidden field Lsun/misc/Unsafe;->theUnsafe:Lsun/misc/Unsafe; (greylist, reflection, allowed)
12-16 12:24:24.098 24670 24777 W om.rmc.natour2: Accessing hidden method Lsun/misc/Unsafe;->objectFieldOffset(Ljava/lang/reflect/Field;)J (greylist,core-platform-api, linking, allowed)
12-16 12:24:24.098 24670 24777 W om.rmc.natour2: Accessing hidden method Lsun/misc/Unsafe;->arrayBaseOffset(Ljava/lang/Class;)I (greylist,core-platform-api, linking, allowed)
12-16 12:24:24.098 24670 24777 W om.rmc.natour2: Accessing hidden method Lsun/misc/Unsafe;->arrayIndexScale(Ljava/lang/Class;)I (greylist, linking, allowed)
12-16 12:24:24.152 24670 24805 I FA      : App measurement initialized, version: 75052
12-16 12:24:24.152 24670 24805 I FA      : To enable debug logging run: adb shell setprop log.tag.FA VERBOSE
12-16 12:24:24.152 24670 24805 I FA      : To enable faster debug mode event logging run:
12-16 12:24:24.152 24670 24805 I FA      :   adb shell setprop debug.firebase.analytics.app com.rmc.natour21
12-16 12:24:24.159 24670 24670 W com.facebook.UserSettingsManager: Please set a value for AutoLogAppEventsEnabled. Set the flag to TRUE if you want to collect app install, app launch and in-app purchase events automatically. To request user consent before collecting data, set the flag value to FALSE, then change to TRUE once user consent is received. Learn more: https://developers.facebook.com/docs/app-events/getting-started-app-events-android#disable-auto-events.
12-16 12:24:24.159 24670 24670 W com.facebook.UserSettingsManager: You haven't set a value for AdvertiserIDCollectionEnabled. Set the flag to TRUE if you want to collect Advertiser ID for better advertising and analytics results. To request user consent before collecting data, set the flag value to FALSE, then change to TRUE once user consent is received. Learn more: https://developers.facebook.com/docs/app-events/getting-started-app-events-android#disable-auto-events.
12-16 12:24:24.181 24670 24824 W com.facebook.internal.NativeProtocol: Apps that target Android API 30+ (Android 11+) cannot call Facebook native apps unless the package visibility needs are declared. Please follow https://developers.facebook.com/docs/android/troubleshooting/#faq_267321845055988 to make the declaration.
12-16 12:24:24.187 24670 24816 D NetworkSecurityConfig: Using Network Security Config from resource network_security_config debugBuild: true
12-16 12:24:24.195 24670 24816 I System.out: (HTTPLog)-Static: isSBSettingEnabled false
12-16 12:24:24.195 24670 24822 I System.out: (HTTPLog)-Static: isSBSettingEnabled false
12-16 12:24:24.195 24670 24816 I System.out: (HTTPLog)-Static: isSBSettingEnabled false
12-16 12:24:24.195 24670 24822 I System.out: (HTTPLog)-Static: isSBSettingEnabled false
12-16 12:24:24.195 24670 24821 I System.out: (HTTPLog)-Static: isSBSettingEnabled false
12-16 12:24:24.196 24670 24821 I System.out: (HTTPLog)-Static: isSBSettingEnabled false
12-16 12:24:24.216 24670 24670 D KeyHash:: 3Fm4gBnqk2PYU3lntxOY4S7uHvQ=
12-16 12:24:24.240 24670 24840 D libEGL  : loaded /vendor/lib64/egl/libGLES_mali.so
12-16 12:24:24.268 24670 24822 D TcpOptimizer: TcpOptimizer-ON
12-16 12:24:24.299 24670 24670 D PhoneWindow: forceLight changed to true [] from com.android.internal.policy.PhoneWindow.updateForceLightNavigationBar:4274 com.android.internal.policy.DecorView.updateColorViews:1547 com.android.internal.policy.PhoneWindow.dispatchWindowAttributesChanged:3252 android.view.Window.setFlags:1153 com.android.internal.policy.PhoneWindow.generateLayout:2474 
12-16 12:24:24.299 24670 24670 I MultiWindowDecorSupport: [INFO] isPopOver = false
