12-16 12:25:15.238 24670 24670 I ViewRootImpl@ab3b713[PopupWindow:b96c7e7]: setView = android.widget.PopupWindow$PopupDecorView@bfeed50 TM=true MM=false
12-16 12:25:15.263 24670 24670 I ViewRootImpl@4e4ea77[PopupWindow:1d531da]: Relayout returned: old=(0,63,1080,2220) new=(862,745,942,840) req=(80,95)0 dur=13 res=0x7 s={true 519908052992} ch=true
12-16 12:25:15.266 24670 24838 D mali_winsys: EGLint new_window_surface(egl_winsys_display *, void *, EGLSurface, EGLConfig, egl_winsys_surface **, EGLBoolean) returns 0x3000
12-16 12:25:15.267 24670 24670 I ViewRootImpl@4e4ea77[PopupWindow:1d531da]: [DrawPending] drawPending(1) 0 android.view.ViewRootImpl.reportNextDraw:9952 android.view.ViewRootImpl.performTraversals:3329 android.view.ViewRootImpl.doTraversal:2222 
12-16 12:25:15.267 24670 24670 I ViewRootImpl@4e4ea77[PopupWindow:1d531da]: [DrawPending] performDraw() Waiting asnyc report
12-16 12:25:15.269 24670 25337 I OpenGLRenderer: doUpdatePositionAsync is called and callVoidMethod
12-16 12:25:15.284 24670 24670 I ViewRootImpl@ab3b713[PopupWindow:b96c7e7]: Relayout returned: old=(0,63,1080,2220) new=(862,641,942,745) req=(80,104)0 dur=11 res=0x7 s={true 519913345024} ch=true
12-16 12:25:15.287 24670 24838 D mali_winsys: EGLint new_window_surface(egl_winsys_display *, void *, EGLSurface, EGLConfig, egl_winsys_surface **, EGLBoolean) returns 0x3000
12-16 12:25:15.288 24670 24670 I ViewRootImpl@ab3b713[PopupWindow:b96c7e7]: [DrawPending] drawPending(1) 0 android.view.ViewRootImpl.reportNextDraw:9952 android.view.ViewRootImpl.performTraversals:3329 android.view.ViewRootImpl.doTraversal:2222 
12-16 12:25:15.289 24670 24670 I ViewRootImpl@ab3b713[PopupWindow:b96c7e7]: [DrawPending] performDraw() Waiting asnyc report
12-16 12:25:15.295 24670 24670 I ViewRootImpl@ab3b713[PopupWindow:b96c7e7]: [DrawPending] pendingDrawFinished(0) 0 android.view.ViewRootImpl.lambda$performDraw$1$ViewRootImpl:4058 android.view.-$$Lambda$ViewRootImpl$7A_3tkr_Kw4TZAeIUGVlOoTcZhg.run:4 android.os.Handler.handleCallback:883 
12-16 12:25:15.295 24670 24670 I ViewRootImpl@ab3b713[PopupWindow:b96c7e7]: [DrawPending] reportDrawFinished()
12-16 12:25:15.296 24670 24670 I ViewRootImpl@4e4ea77[PopupWindow:1d531da]: [DrawPending] pendingDrawFinished(0) 0 android.view.ViewRootImpl.lambda$performDraw$1$ViewRootImpl:4058 android.view.-$$Lambda$ViewRootImpl$7A_3tkr_Kw4TZAeIUGVlOoTcZhg.run:4 android.os.Handler.handleCallback:883 
12-16 12:25:15.296 24670 24670 I ViewRootImpl@4e4ea77[PopupWindow:1d531da]: [DrawPending] reportDrawFinished()
12-16 12:25:15.309 24670 24670 I ViewRootImpl@4e4ea77[PopupWindow:1d531da]: MSG_RESIZED_REPORT: frame=(862,745,942,840) ci=(0,0,0,0) vi=(0,0,0,0) or=1
12-16 12:25:15.310 24670 24670 I ViewRootImpl@4e4ea77[PopupWindow:1d531da]: [DrawPending] drawPending(1) 0 android.view.ViewRootImpl.reportNextDraw:9952 android.view.ViewRootImpl.access$900:205 android.view.ViewRootImpl$ViewRootHandler.handleMessage:5350 
12-16 12:25:15.310 24670 24670 I ViewRootImpl@ab3b713[PopupWindow:b96c7e7]: MSG_RESIZED: frame=(862,641,942,745) ci=(0,0,0,0) vi=(0,0,0,0) or=1
12-16 12:25:15.312 24670 24670 I ViewRootImpl@4e4ea77[PopupWindow:1d531da]: [DrawPending] performDraw() Waiting asnyc report
12-16 12:25:15.320 24670 24670 I ViewRootImpl@4e4ea77[PopupWindow:1d531da]: [DrawPending] pendingDrawFinished(0) 0 android.view.ViewRootImpl.lambda$performDraw$1$ViewRootImpl:4058 android.view.-$$Lambda$ViewRootImpl$7A_3tkr_Kw4TZAeIUGVlOoTcZhg.run:4 android.os.Handler.handleCallback:883 
12-16 12:25:15.320 24670 24670 I ViewRootImpl@4e4ea77[PopupWindow:1d531da]: [DrawPending] reportDrawFinished()
12-16 12:25:15.952 24670 24838 W libEGL  : EGLNativeWindowType 0x79ba66dfd0 disconnect failed
12-16 12:25:15.952 24670 24670 I ViewRootImpl@4e4ea77[PopupWindow:1d531da]: dispatchDetachedFromWindow
12-16 12:25:15.963 24670 24670 D InputTransport: Input channel destroyed: '9b5cc5a', fd=120
12-16 12:25:15.966 24670 24838 W libEGL  : EGLNativeWindowType 0x79ba7c3750 disconnect failed
12-16 12:25:15.966 24670 24670 I ViewRootImpl@ab3b713[PopupWindow:b96c7e7]: dispatchDetachedFromWindow
12-16 12:25:15.975 24670 24670 D InputTransport: Input channel destroyed: '14f0b68', fd=133
12-16 12:25:22.297 24670 24670 I ViewRootImpl@fd51c27[ProfileSettingsActivity]: ViewPostIme pointer 0
12-16 12:25:22.344 24670 24670 I ViewRootImpl@fd51c27[ProfileSettingsActivity]: ViewPostIme pointer 1
12-16 12:25:22.376 24670 24838 W libEGL  : EGLNativeWindowType 0x79ba7c20d0 disconnect failed
12-16 12:25:22.376 24670 24838 D OpenGLRenderer: endAllActiveAnimators on 0x78d7471f00 (RippleDrawable) with handle 0x78eb1c81a0
12-16 12:25:22.376 24670 24670 I ViewRootImpl@fd51c27[ProfileSettingsActivity]: dispatchDetachedFromWindow
12-16 12:25:22.383 24670 24670 D InputTransport: Input channel destroyed: 'b39550c', fd=118
12-16 12:25:22.411 24670 24670 D Dialog  : mIsSamsungBasicInteraction = false
12-16 12:25:22.411 24670 24670 D Dialog  : mIsSamsungBasicInteraction = false, isMetaDataInActivity = false
12-16 12:25:22.423 24670 24670 I MultiWindowDecorSupport: [INFO] isPopOver = false
12-16 12:25:22.423 24670 24670 I MultiWindowDecorSupport: updateCaptionType >> DecorView@1fc6e3[], isFloating: true, isApplication: true, hasWindowDecorCaption: false, hasWindowControllerCallback: false
12-16 12:25:22.423 24670 24670 D MultiWindowDecorSupport: setCaptionType = 0, DecorView = DecorView@1fc6e3[]
12-16 12:25:22.472 24670 24670 D ScrollView: initGoToTop
12-16 12:25:22.516 24670 24670 I ViewRootImpl@c002ed3[ProfileSettingsActivity]: setView = com.android.internal.policy.DecorView@1fc6e3 TM=true MM=false
12-16 12:25:22.560 24670 24670 I ViewRootImpl@c002ed3[ProfileSettingsActivity]: Relayout returned: old=(0,63,1080,2220) new=(28,858,1052,1298) req=(1024,440)0 dur=21 res=0x7 s={true 522734424064} ch=true
12-16 12:25:22.564 24670 24838 D mali_winsys: EGLint new_window_surface(egl_winsys_display *, void *, EGLSurface, EGLConfig, egl_winsys_surface **, EGLBoolean) returns 0x3000
12-16 12:25:22.571 24670 24670 I ViewRootImpl@c002ed3[ProfileSettingsActivity]: [DrawPending] drawPending(1) 1 android.view.ViewRootImpl.reportNextDraw:9952 android.view.ViewRootImpl.performTraversals:3329 android.view.ViewRootImpl.doTraversal:2222 
12-16 12:25:22.571 24670 24670 I ViewRootImpl@c002ed3[ProfileSettingsActivity]: [DrawPending] performDraw() Waiting asnyc report
12-16 12:25:22.571 24670 24670 E DecorView: mWindow.mActivityCurrentConfig is null
12-16 12:25:22.582 24670 24670 I ViewRootImpl@c002ed3[ProfileSettingsActivity]: [DrawPending] pendingDrawFinished(0) 1 android.view.ViewRootImpl.lambda$performDraw$1$ViewRootImpl:4058 android.view.-$$Lambda$ViewRootImpl$7A_3tkr_Kw4TZAeIUGVlOoTcZhg.run:4 android.os.Handler.handleCallback:883 
12-16 12:25:22.582 24670 24670 I ViewRootImpl@c002ed3[ProfileSettingsActivity]: [DrawPending] reportDrawFinished()
12-16 12:25:22.588 24670 24670 I ViewRootImpl@aefb5ea[ProfileSettingsActivity]: MSG_WINDOW_FOCUS_CHANGED 1 1
12-16 12:25:22.588 24670 24670 D InputMethodManager: prepareNavigationBarInfo() DecorView@d8456da[ProfileSettingsActivity]
12-16 12:25:22.588 24670 24670 D InputMethodManager: getNavigationBarColor() -855310
12-16 12:25:22.590 24670 24670 D InputMethodManager: prepareNavigationBarInfo() DecorView@d8456da[ProfileSettingsActivity]
12-16 12:25:22.590 24670 24670 D InputMethodManager: getNavigationBarColor() -855310
12-16 12:25:22.591 24670 24670 V InputMethodManager: Starting input: tba=com.rmc.natour21 ic=null mNaviBarColor -855310 mIsGetNaviBarColorSuccess true , NavVisible : true , NavTrans : false
12-16 12:25:22.591 24670 24670 D InputMethodManager: startInputInner - Id : 0
12-16 12:25:22.591 24670 24670 I InputMethodManager: startInputInner - mService.startInputOrWindowGainedFocus
12-16 12:25:22.627 24670 24670 D InputTransport: Input channel destroyed: 'ClientS', fd=124
12-16 12:25:22.627 24670 24670 E ViewRootImpl: sendUserActionEvent() mView returned.
12-16 12:25:22.628 24670 24670 I ViewRootImpl@c002ed3[ProfileSettingsActivity]: MSG_WINDOW_FOCUS_CHANGED 1 1
12-16 12:25:22.631 24670 24670 E DecorView: mWindow.mActivityCurrentConfig is null
12-16 12:25:22.640 24670 24670 I ViewRootImpl@c002ed3[ProfileSettingsActivity]: MSG_RESIZED_REPORT: frame=(28,858,1052,1298) ci=(0,0,0,0) vi=(0,0,0,0) or=1
12-16 12:25:22.641 24670 24670 I ViewRootImpl@c002ed3[ProfileSettingsActivity]: [DrawPending] drawPending(1) 1 android.view.ViewRootImpl.reportNextDraw:9952 android.view.ViewRootImpl.access$900:205 android.view.ViewRootImpl$ViewRootHandler.handleMessage:5350 
12-16 12:25:22.644 24670 24670 I ViewRootImpl@aefb5ea[ProfileSettingsActivity]: MSG_WINDOW_FOCUS_CHANGED 0 1
12-16 12:25:22.644 24670 24670 D InputMethodManager: prepareNavigationBarInfo() DecorView@d8456da[ProfileSettingsActivity]
12-16 12:25:22.645 24670 24670 D InputMethodManager: getNavigationBarColor() -855310
12-16 12:25:22.650 24670 24670 I ViewRootImpl@c002ed3[ProfileSettingsActivity]: [DrawPending] performDraw() Waiting asnyc report
12-16 12:25:22.660 24670 24670 I ViewRootImpl@c002ed3[ProfileSettingsActivity]: [DrawPending] pendingDrawFinished(0) 1 android.view.ViewRootImpl.lambda$performDraw$1$ViewRootImpl:4058 android.view.-$$Lambda$ViewRootImpl$7A_3tkr_Kw4TZAeIUGVlOoTcZhg.run:4 android.os.Handler.handleCallback:883 
12-16 12:25:22.660 24670 24670 I ViewRootImpl@c002ed3[ProfileSettingsActivity]: [DrawPending] reportDrawFinished()
12-16 12:25:22.665 24670 24670 W IInputConnectionWrapper: requestCursorAnchorInfo on inactive InputConnection
12-16 12:25:22.793 24670 24670 I ViewRootImpl@aefb5ea[ProfileSettingsActivity]: MSG_RESIZED: frame=(0,0,1080,2220) ci=(0,63,0,0) vi=(0,63,0,0) or=1
12-16 12:25:22.857 24670 24670 I ViewRootImpl@aefb5ea[ProfileSettingsActivity]: Relayout returned: old=(0,0,1080,2220) new=(0,0,1080,2220) req=(1080,2220)0 dur=25 res=0x1 s={true 519342669824} ch=false
12-16 12:25:22.925 24670 24670 D Toast   : show: focusDisplayId = 0, isFocusInDesktop = false mCustomDisplayId=-1
12-16 12:25:22.943 24670 25335 V Toast   : SHOW: android.widget.Toast$TN@9d7c896
12-16 12:25:22.952 24670 24838 W libEGL  : EGLNativeWindowType 0x79ba7c20d0 disconnect failed
12-16 12:25:22.953 24670 24670 I ViewRootImpl@c002ed3[ProfileSettingsActivity]: dispatchDetachedFromWindow
12-16 12:25:22.978 24670 24670 D InputTransport: Input channel destroyed: '7672329', fd=118
12-16 12:25:22.984 24670 24670 V Toast   : HANDLE SHOW: android.widget.Toast$TN@9d7c896 mView=null mNextView=android.widget.LinearLayout{a024c17 V.E..V... ......I. 0,0-0,0}
12-16 12:25:22.985 24670 24670 V Toast   : HANDLE HIDE: android.widget.Toast$TN@9d7c896 mView=null
12-16 12:25:23.005 24670 24670 I ViewRootImpl@1bfd822[Toast]: setView = android.widget.LinearLayout@a024c17 TM=true MM=false
12-16 12:25:23.005 24670 24670 V Toast   : Text: Eesc in android.widget.Toast$TN@9d7c896
12-16 12:25:23.030 24670 24670 I ViewRootImpl@1bfd822[Toast]: Relayout returned: old=(0,63,1080,2220) new=(152,1936,927,2052) req=(775,116)0 dur=17 res=0x7 s={true 519913447424} ch=true
12-16 12:25:23.034 24670 24838 D mali_winsys: EGLint new_window_surface(egl_winsys_display *, void *, EGLSurface, EGLConfig, egl_winsys_surface **, EGLBoolean) returns 0x3000
12-16 12:25:23.036 24670 24670 I ViewRootImpl@1bfd822[Toast]: [DrawPending] drawPending(1) 0 android.view.ViewRootImpl.reportNextDraw:9952 android.view.ViewRootImpl.performTraversals:3329 android.view.ViewRootImpl.doTraversal:2222 
12-16 12:25:23.036 24670 24670 I ViewRootImpl@1bfd822[Toast]: [DrawPending] performDraw() Waiting asnyc report
12-16 12:25:23.050 24670 24670 I ViewRootImpl@1bfd822[Toast]: [DrawPending] pendingDrawFinished(0) 0 android.view.ViewRootImpl.lambda$performDraw$1$ViewRootImpl:4058 android.view.-$$Lambda$ViewRootImpl$7A_3tkr_Kw4TZAeIUGVlOoTcZhg.run:4 android.os.Handler.handleCallback:883 
12-16 12:25:23.051 24670 24670 I ViewRootImpl@1bfd822[Toast]: [DrawPending] reportDrawFinished()
12-16 12:25:23.052 24670 24670 I ViewRootImpl@aefb5ea[ProfileSettingsActivity]: MSG_WINDOW_FOCUS_CHANGED 1 1
12-16 12:25:23.052 24670 24670 D InputMethodManager: prepareNavigationBarInfo() DecorView@d8456da[ProfileSettingsActivity]
12-16 12:25:23.052 24670 24670 D InputMethodManager: getNavigationBarColor() -855310
12-16 12:25:23.071 24670 24670 E ViewRootImpl: sendUserActionEvent() mView returned.
12-16 12:25:23.085 24670 24670 I ViewRootImpl@1bfd822[Toast]: MSG_RESIZED: frame=(152,1936,927,2052) ci=(0,0,0,0) vi=(0,0,775,116) or=1
12-16 12:25:24.389 24670 24670 I ViewRootImpl@aefb5ea[ProfileSettingsActivity]: ViewPostIme pointer 0
12-16 12:25:24.426 24670 24670 I ViewRootImpl@aefb5ea[ProfileSettingsActivity]: ViewPostIme pointer 1
12-16 12:25:24.474 24670 24670 I ViewRootImpl@c04c032[MainActivity]: stopped(false) old=true
12-16 12:25:24.478 24670 24670 I ViewRootImpl@c04c032[MainActivity]: stopped(false) old=false
12-16 12:25:24.503 24670 24670 I ViewRootImpl@c04c032[MainActivity]: Relayout returned: old=(0,0,1080,2220) new=(0,0,1080,2220) req=(1080,2220)0 dur=6 res=0x7 s={true 519342583808} ch=true
12-16 12:25:24.505 24670 24670 I ViewRootImpl@c04c032[MainActivity]: [DrawPending] drawPending(1) 1 android.view.ViewRootImpl.reportNextDraw:9952 android.view.ViewRootImpl.performTraversals:3329 android.view.ViewRootImpl.doTraversal:2222 
12-16 12:25:24.505 24670 24670 I ViewRootImpl@c04c032[MainActivity]: [DrawPending] performDraw() Waiting asnyc report
12-16 12:25:24.506 24670 24838 D mali_winsys: EGLint new_window_surface(egl_winsys_display *, void *, EGLSurface, EGLConfig, egl_winsys_surface **, EGLBoolean) returns 0x3000
12-16 12:25:24.519 24670 24670 I ViewRootImpl@c04c032[MainActivity]: [DrawPending] pendingDrawFinished(0) 1 android.view.ViewRootImpl.lambda$performDraw$1$ViewRootImpl:4058 android.view.-$$Lambda$ViewRootImpl$7A_3tkr_Kw4TZAeIUGVlOoTcZhg.run:4 android.os.Handler.handleCallback:883 
12-16 12:25:24.519 24670 24670 I ViewRootImpl@c04c032[MainActivity]: [DrawPending] reportDrawFinished()
12-16 12:25:24.519 24670 24670 I ViewRootImpl@aefb5ea[ProfileSettingsActivity]: MSG_WINDOW_FOCUS_CHANGED 0 1
12-16 12:25:24.519 24670 24670 D InputMethodManager: prepareNavigationBarInfo() DecorView@d8456da[ProfileSettingsActivity]
12-16 12:25:24.520 24670 24670 D InputMethodManager: getNavigationBarColor() -855310
12-16 12:25:24.530 24670 24670 I ViewRootImpl@c04c032[MainActivity]: MSG_WINDOW_FOCUS_CHANGED 1 1
12-16 12:25:24.530 24670 24670 D InputMethodManager: prepareNavigationBarInfo() DecorView@9413cbd[MainActivity]
12-16 12:25:24.530 24670 24670 D InputMethodManager: getNavigationBarColor() -855310
12-16 12:25:24.534 24670 24670 D InputMethodManager: prepareNavigationBarInfo() DecorView@9413cbd[MainActivity]
12-16 12:25:24.534 24670 24670 D InputMethodManager: getNavigationBarColor() -855310
12-16 12:25:24.534 24670 24670 V InputMethodManager: Starting input: tba=com.rmc.natour21 ic=null mNaviBarColor -855310 mIsGetNaviBarColorSuccess true , NavVisible : true , NavTrans : false
12-16 12:25:24.534 24670 24670 D InputMethodManager: startInputInner - Id : 0
12-16 12:25:24.534 24670 24670 I InputMethodManager: startInputInner - mService.startInputOrWindowGainedFocus
12-16 12:25:24.537 24670 24670 D InputTransport: Input channel destroyed: 'ClientS', fd=120
12-16 12:25:24.870 24670 24670 I ViewRootImpl@c04c032[MainActivity]: Relayout returned: old=(0,0,1080,2220) new=(0,0,1080,2220) req=(1080,2220)0 dur=4 res=0x1 s={true 519342583808} ch=false
12-16 12:25:24.953 24670 24838 W libEGL  : EGLNativeWindowType 0x7a51d00610 disconnect failed
12-16 12:25:24.968 24670 24670 I ViewRootImpl@aefb5ea[ProfileSettingsActivity]: Relayout returned: old=(0,0,1080,2220) new=(0,0,1080,2220) req=(1080,2220)8 dur=14 res=0x5 s={false 0} ch=true
12-16 12:25:24.971 24670 24670 I ViewRootImpl@aefb5ea[ProfileSettingsActivity]: stopped(true) old=false
12-16 12:25:24.995 24670 24670 I ViewRootImpl@aefb5ea[ProfileSettingsActivity]: dispatchDetachedFromWindow
12-16 12:25:25.004 24670 24670 D InputTransport: Input channel destroyed: '8edd676', fd=126
12-16 12:25:26.446 24670 25335 V Toast   : HIDE: android.widget.Toast$TN@9d7c896
12-16 12:25:26.447 24670 24670 V Toast   : HANDLE HIDE: android.widget.Toast$TN@9d7c896 mView=android.widget.LinearLayout{a024c17 V.E..V... ........ 0,0-775,116}
12-16 12:25:26.447 24670 24670 V Toast   : REMOVE! android.widget.LinearLayout{a024c17 V.E..V... ........ 0,0-775,116} in android.widget.Toast$TN@9d7c896
12-16 12:25:26.453 24670 24838 W libEGL  : EGLNativeWindowType 0x79b4d6f650 disconnect failed
12-16 12:25:26.453 24670 24670 I ViewRootImpl@1bfd822[Toast]: dispatchDetachedFromWindow
12-16 12:25:26.482 24670 24670 D InputTransport: Input channel destroyed: '2416a09', fd=118
12-16 12:25:26.782 24670 24670 I ViewRootImpl@c04c032[MainActivity]: ViewPostIme pointer 0
12-16 12:25:26.793 24670 25039 W SendBird: [12:25:26.793 Connection$1:onMessage():235] onMessage instance : [PONG] com.sendbird.android.Connection@c9c7a5f
12-16 12:25:26.794 24670 25039 W Sendbird: [12:25:26.794 Connection$1:onMessage():236] onMessage instance : [PONG] com.sendbird.android.Connection@c9c7a5f
12-16 12:25:26.800 24670 25086 W SendBird: [12:25:26.799 EventController$1:call():141] ++ result[PONG] runnable=null
12-16 12:25:26.831 24670 24670 I ViewRootImpl@c04c032[MainActivity]: ViewPostIme pointer 1
12-16 12:25:26.846 24670 25061 V NativeCrypto: SSL shutdown failed: ssl=0x79b5710ec8: I/O error during system call, Broken pipe
12-16 12:25:26.882 24670 24670 I ViewRootImpl@c04c032[MainActivity]: MSG_WINDOW_FOCUS_CHANGED 0 1
12-16 12:25:26.882 24670 24670 D InputMethodManager: prepareNavigationBarInfo() DecorView@9413cbd[MainActivity]
12-16 12:25:26.882 24670 24670 D InputMethodManager: getNavigationBarColor() -855310
12-16 12:25:27.171 24670 24670 D InputTransport: Input channel destroyed: 'ClientS', fd=136
12-16 12:25:27.422 24670 25023 E PINGER  : [12:25:27.422 Connection$Pinger:stop():522] Pinger stop true
12-16 12:25:27.423 24670 25023 E Sendbird:PINGER: [12:25:27.423 Connection$Pinger:stop():523] Pinger stop true
12-16 12:25:27.427 24670 25089 W SendBird: [12:25:27.426 Connection$1:onFailure():250] onFailed instance : com.sendbird.android.Connection@c9c7a5f
12-16 12:25:27.428 24670 25089 W Sendbird: [12:25:27.427 Connection$1:onFailure():251] onFailed instance : com.sendbird.android.Connection@c9c7a5f
12-16 12:25:27.428 24670 25089 W SendBird: [12:25:27.428 Connection$1:onFailure():256] onFailed handler : com.sendbird.android.SocketManager@b3ea143
12-16 12:25:27.429 24670 25089 W Sendbird: [12:25:27.428 Connection$1:onFailure():257] onFailed handler : com.sendbird.android.SocketManager@b3ea143
12-16 12:25:27.429 24670 25089 W SendBird: [12:25:27.429 SocketManager:onError():1002] >> onError : Socket is closed, reconnecting : false, explicitDisconnect : true
12-16 12:25:27.508 24670 24838 W libEGL  : EGLNativeWindowType 0x79ba7c20d0 disconnect failed
12-16 12:25:27.514 24670 24670 I ViewRootImpl@c04c032[MainActivity]: Relayout returned: old=(0,0,1080,2220) new=(0,0,1080,2220) req=(1080,2220)8 dur=5 res=0x5 s={false 0} ch=true
12-16 12:25:27.524 24670 24670 I ViewRootImpl@c04c032[MainActivity]: stopped(true) old=false
12-16 12:25:27.572 24670 24670 I ViewRootImpl@c04c032[MainActivity]: Relayout returned: old=(0,0,1080,2220) new=(0,0,1080,2220) req=(1080,2220)8 dur=4 res=0x5 s={false 0} ch=false
12-16 12:25:33.365 24670 24670 I ViewRootImpl@c04c032[MainActivity]: Relayout returned: old=(0,0,1080,2220) new=(0,0,1080,2220) req=(1080,2220)4 dur=8 res=0x1 s={false 0} ch=false
12-16 12:25:33.369 24670 24670 I ViewRootImpl@c04c032[MainActivity]: stopped(false) old=true
12-16 12:25:33.423 24670 24670 D Dialog  : mIsSamsungBasicInteraction = false
12-16 12:25:33.423 24670 24670 D Dialog  : mIsSamsungBasicInteraction = false, isMetaDataInActivity = false
12-16 12:25:33.433 24670 24670 I MultiWindowDecorSupport: [INFO] isPopOver = false
12-16 12:25:33.433 24670 24670 I MultiWindowDecorSupport: updateCaptionType >> DecorView@157bd67[], isFloating: true, isApplication: true, hasWindowDecorCaption: false, hasWindowControllerCallback: false
12-16 12:25:33.433 24670 24670 D MultiWindowDecorSupport: setCaptionType = 0, DecorView = DecorView@157bd67[]
12-16 12:25:33.454 24670 24670 D ScrollView: initGoToTop
12-16 12:25:33.482 24670 24670 I ViewRootImpl@21640dc[MainActivity]: setView = com.android.internal.policy.DecorView@157bd67 TM=true MM=false
12-16 12:25:33.484 24670 24670 I ViewRootImpl@21640dc[MainActivity]: stopped(false) old=false
12-16 12:25:33.484 24670 24670 I ViewRootImpl@c04c032[MainActivity]: stopped(false) old=false
12-16 12:25:33.503 24670 24670 I ViewRootImpl@c04c032[MainActivity]: Relayout returned: old=(0,0,1080,2220) new=(0,0,1080,2220) req=(1080,2220)0 dur=7 res=0x7 s={true 522818142208} ch=true
12-16 12:25:33.504 24670 24838 D mali_winsys: EGLint new_window_surface(egl_winsys_display *, void *, EGLSurface, EGLConfig, egl_winsys_surface **, EGLBoolean) returns 0x3000
12-16 12:25:33.504 24670 24670 I ViewRootImpl@c04c032[MainActivity]: [DrawPending] drawPending(1) 1 android.view.ViewRootImpl.reportNextDraw:9952 android.view.ViewRootImpl.performTraversals:3329 android.view.ViewRootImpl.doTraversal:2222 
12-16 12:25:33.504 24670 24670 I ViewRootImpl@c04c032[MainActivity]: [DrawPending] performDraw() Waiting asnyc report
12-16 12:25:33.537 24670 24670 I ViewRootImpl@21640dc[MainActivity]: Relayout returned: old=(0,63,1080,2220) new=(28,848,1052,1435) req=(1024,587)0 dur=5 res=0x7 s={true 519344668672} ch=true
12-16 12:25:33.539 24670 24838 D mali_winsys: EGLint new_window_surface(egl_winsys_display *, void *, EGLSurface, EGLConfig, egl_winsys_surface **, EGLBoolean) returns 0x3000
12-16 12:25:33.543 24670 24670 I ViewRootImpl@21640dc[MainActivity]: [DrawPending] drawPending(1) 1 android.view.ViewRootImpl.reportNextDraw:9952 android.view.ViewRootImpl.performTraversals:3329 android.view.ViewRootImpl.doTraversal:2222 
12-16 12:25:33.543 24670 24670 I ViewRootImpl@21640dc[MainActivity]: [DrawPending] performDraw() Waiting asnyc report
12-16 12:25:33.550 24670 24670 E DecorView: mWindow.mActivityCurrentConfig is null
12-16 12:25:33.559 24670 24670 I ViewRootImpl@21640dc[MainActivity]: [DrawPending] pendingDrawFinished(0) 1 android.view.ViewRootImpl.lambda$performDraw$1$ViewRootImpl:4058 android.view.-$$Lambda$ViewRootImpl$7A_3tkr_Kw4TZAeIUGVlOoTcZhg.run:4 android.os.Handler.handleCallback:883 
12-16 12:25:33.559 24670 24670 I ViewRootImpl@21640dc[MainActivity]: [DrawPending] reportDrawFinished()
12-16 12:25:33.559 24670 24670 I ViewRootImpl@c04c032[MainActivity]: [DrawPending] pendingDrawFinished(0) 1 android.view.ViewRootImpl.lambda$performDraw$1$ViewRootImpl:4058 android.view.-$$Lambda$ViewRootImpl$7A_3tkr_Kw4TZAeIUGVlOoTcZhg.run:4 android.os.Handler.handleCallback:883 
12-16 12:25:33.559 24670 24670 I ViewRootImpl@c04c032[MainActivity]: [DrawPending] reportDrawFinished()
12-16 12:25:33.566 24670 24670 I ViewRootImpl@21640dc[MainActivity]: MSG_WINDOW_FOCUS_CHANGED 1 1
12-16 12:25:33.569 24670 24670 I ViewRootImpl@21640dc[MainActivity]: MSG_RESIZED: frame=(28,848,1052,1435) ci=(0,0,0,0) vi=(0,0,0,0) or=1
12-16 12:25:33.957 24670 24670 I ViewRootImpl@c04c032[MainActivity]: Relayout returned: old=(0,0,1080,2220) new=(0,0,1080,2220) req=(1080,2220)0 dur=4 res=0x1 s={true 522818142208} ch=false
12-16 12:25:34.061 24670 25887 W SendBird: [12:25:34.059 Connection$1:onMessage():235] onMessage instance : [LOGI] com.sendbird.android.Connection@8b985de
12-16 12:25:34.064 24670 25887 W Sendbird: [12:25:34.062 Connection$1:onMessage():236] onMessage instance : [LOGI] com.sendbird.android.Connection@8b985de
12-16 12:25:34.073 24670 25086 W SendBird: [12:25:34.073 EventController$1:call():141] ++ result[LOGI] runnable=null
12-16 12:25:34.139 24670 25887 W SendBird: [12:25:34.138 Connection$1:onMessage():235] onMessage instance : [PONG] com.sendbird.android.Connection@8b985de
12-16 12:25:34.140 24670 25887 W Sendbird: [12:25:34.139 Connection$1:onMessage():236] onMessage instance : [PONG] com.sendbird.android.Connection@8b985de
12-16 12:25:34.143 24670 25086 W SendBird: [12:25:34.143 EventController$1:call():141] ++ result[PONG] runnable=null
12-16 12:25:36.206 24670 24670 D Toast   : show: focusDisplayId = 0, isFocusInDesktop = false mCustomDisplayId=-1
12-16 12:25:36.237 24670 25335 V Toast   : SHOW: android.widget.Toast$TN@7b8aebc
12-16 12:25:36.247 24670 24838 W libEGL  : EGLNativeWindowType 0x78eb2ee990 disconnect failed
12-16 12:25:36.247 24670 24670 I ViewRootImpl@21640dc[MainActivity]: dispatchDetachedFromWindow
12-16 12:25:36.264 24670 24670 D InputTransport: Input channel destroyed: 'c801cbd', fd=104
12-16 12:25:36.288 24670 24670 V Toast   : HANDLE SHOW: android.widget.Toast$TN@7b8aebc mView=null mNextView=android.widget.LinearLayout{47de45 V.E...... ......I. 0,0-0,0}
12-16 12:25:36.288 24670 24670 V Toast   : HANDLE HIDE: android.widget.Toast$TN@7b8aebc mView=null
12-16 12:25:36.310 24670 24670 I ViewRootImpl@8bffaa8[Toast]: setView = android.widget.LinearLayout@47de45 TM=true MM=false
12-16 12:25:36.310 24670 24670 V Toast   : Text: Jmma in android.widget.Toast$TN@7b8aebc
12-16 12:25:36.317 24670 24670 I ViewRootImpl@c04c032[MainActivity]: MSG_WINDOW_FOCUS_CHANGED 1 1
12-16 12:25:36.317 24670 24670 D InputMethodManager: prepareNavigationBarInfo() DecorView@9413cbd[MainActivity]
12-16 12:25:36.317 24670 24670 D InputMethodManager: getNavigationBarColor() -855310
12-16 12:25:36.322 24670 24670 D InputMethodManager: prepareNavigationBarInfo() DecorView@9413cbd[MainActivity]
12-16 12:25:36.322 24670 24670 D InputMethodManager: getNavigationBarColor() -855310
12-16 12:25:36.322 24670 24670 V InputMethodManager: Starting input: tba=com.rmc.natour21 ic=null mNaviBarColor -855310 mIsGetNaviBarColorSuccess true , NavVisible : true , NavTrans : false
12-16 12:25:36.322 24670 24670 D InputMethodManager: startInputInner - Id : 0
12-16 12:25:36.322 24670 24670 I InputMethodManager: startInputInner - mService.startInputOrWindowGainedFocus
12-16 12:25:36.332 24670 24670 E ViewRootImpl: sendUserActionEvent() mView returned.
12-16 12:25:36.362 24670 24670 I ViewRootImpl@8bffaa8[Toast]: Relayout returned: old=(0,63,1080,2220) new=(168,1936,912,2052) req=(744,116)0 dur=25 res=0x7 s={true 519344668672} ch=true
12-16 12:25:36.369 24670 24670 I ViewRootImpl@8bffaa8[Toast]: [DrawPending] drawPending(1) 0 android.view.ViewRootImpl.reportNextDraw:9952 android.view.ViewRootImpl.performTraversals:3329 android.view.ViewRootImpl.doTraversal:2222 
12-16 12:25:36.370 24670 24670 I ViewRootImpl@8bffaa8[Toast]: [DrawPending] performDraw() Waiting asnyc report
12-16 12:25:36.370 24670 24838 D mali_winsys: EGLint new_window_surface(egl_winsys_display *, void *, EGLSurface, EGLConfig, egl_winsys_surface **, EGLBoolean) returns 0x3000
12-16 12:25:36.388 24670 24670 I ViewRootImpl@8bffaa8[Toast]: [DrawPending] pendingDrawFinished(0) 0 android.view.ViewRootImpl.lambda$performDraw$1$ViewRootImpl:4058 android.view.-$$Lambda$ViewRootImpl$7A_3tkr_Kw4TZAeIUGVlOoTcZhg.run:4 android.os.Handler.handleCallback:883 
12-16 12:25:36.388 24670 24670 I ViewRootImpl@8bffaa8[Toast]: [DrawPending] reportDrawFinished()
12-16 12:25:36.404 24670 24670 I ViewRootImpl@8bffaa8[Toast]: MSG_RESIZED: frame=(168,1936,912,2052) ci=(0,0,0,0) vi=(0,0,744,116) or=1
12-16 12:25:36.961 24670 25197 I System.out: (HTTPLog)-Static: isSBSettingEnabled false
12-16 12:25:36.967 24670 25197 I chatty  : uid=10308(com.rmc.natour21) glide-source-th identical 2 lines
12-16 12:25:36.967 24670 25197 I System.out: (HTTPLog)-Static: isSBSettingEnabled false
12-16 12:25:38.404 24670 24682 I om.rmc.natour2: Background concurrent copying GC freed 41491(2275KB) AllocSpace objects, 19(604KB) LOS objects, 49% free, 9490KB/18MB, paused 159us total 127.220ms
12-16 12:25:39.283 24670 24670 I ViewRootImpl@c04c032[MainActivity]: ViewPostIme pointer 0
12-16 12:25:39.339 24670 24670 I ViewRootImpl@c04c032[MainActivity]: ViewPostIme pointer 1
12-16 12:25:39.417 24670 24670 D ConnectivityManager: requestNetwork; CallingUid : 10308, CallingPid : 24670
12-16 12:25:39.738 24670 25335 V Toast   : HIDE: android.widget.Toast$TN@7b8aebc
12-16 12:25:39.751 24670 24670 V Toast   : HANDLE HIDE: android.widget.Toast$TN@7b8aebc mView=android.widget.LinearLayout{47de45 V.E...... ........ 0,0-744,116}
12-16 12:25:39.751 24670 24670 V Toast   : REMOVE! android.widget.LinearLayout{47de45 V.E...... ........ 0,0-744,116} in android.widget.Toast$TN@7b8aebc
12-16 12:25:39.783 24670 24838 W libEGL  : EGLNativeWindowType 0x78eb2ee990 disconnect failed
12-16 12:25:39.783 24670 24670 I ViewRootImpl@8bffaa8[Toast]: dispatchDetachedFromWindow
12-16 12:25:39.785 24670 24670 D InputTransport: Input channel destroyed: '57023c ', fd=109
12-16 12:25:40.569 24670 24670 I ViewRootImpl@c04c032[MainActivity]: ViewPostIme pointer 0
12-16 12:25:41.333 24670 24838 W libEGL  : EGLNativeWindowType 0x79c30e3850 disconnect failed
12-16 12:25:41.340 24670 24670 I ViewRootImpl@c04c032[MainActivity]: Relayout returned: old=(0,0,1080,2220) new=(0,0,1080,2220) req=(1080,2220)8 dur=7 res=0x5 s={false 0} ch=true
12-16 12:25:41.340 24670 24670 I ViewRootImpl@c04c032[MainActivity]: MSG_WINDOW_FOCUS_CHANGED 0 1
12-16 12:25:41.340 24670 24670 D InputMethodManager: prepareNavigationBarInfo() DecorView@9413cbd[MainActivity]
12-16 12:25:41.340 24670 24670 D InputMethodManager: getNavigationBarColor() -855310
12-16 12:25:41.368 24670 24670 I ViewRootImpl@c04c032[MainActivity]: stopped(true) old=false
12-16 12:25:41.383 24670 24670 D ConnectivityManager: unregisterNetworkCallback; CallingUid : 10308, CallingPid : 24670
12-16 12:25:41.419 24670 24670 D InputTransport: Input channel destroyed: 'ClientS', fd=121
12-16 12:25:41.424 24670 24670 I ViewRootImpl@c04c032[MainActivity]: Relayout returned: old=(0,0,1080,2220) new=(0,0,1080,2220) req=(1080,2220)8 dur=4 res=0x5 s={false 0} ch=false
12-16 12:25:41.856 24670 25023 E PINGER  : [12:25:41.855 Connection$Pinger:stop():522] Pinger stop true
12-16 12:25:41.858 24670 25023 E Sendbird:PINGER: [12:25:41.857 Connection$Pinger:stop():523] Pinger stop true
12-16 12:25:41.866 24670 25902 W SendBird: [12:25:41.865 Connection$1:onFailure():250] onFailed instance : com.sendbird.android.Connection@8b985de
12-16 12:25:41.869 24670 25902 W Sendbird: [12:25:41.867 Connection$1:onFailure():251] onFailed instance : com.sendbird.android.Connection@8b985de
12-16 12:25:41.870 24670 25902 W SendBird: [12:25:41.869 Connection$1:onFailure():256] onFailed handler : com.sendbird.android.SocketManager@b3ea143
12-16 12:25:41.872 24670 25902 W Sendbird: [12:25:41.871 Connection$1:onFailure():257] onFailed handler : com.sendbird.android.SocketManager@b3ea143
12-16 12:25:41.873 24670 25902 W SendBird: [12:25:41.872 SocketManager:onError():1002] >> onError : Socket is closed, reconnecting : false, explicitDisconnect : true
