12-16 12:24:24.299 24670 24670 I MultiWindowDecorSupport: updateCaptionType >> DecorView@597789f[], isFloating: false, isApplication: true, hasWindowDecorCaption: false, hasWindowControllerCallback: true
12-16 12:24:24.299 24670 24670 D MultiWindowDecorSupport: setCaptionType = 0, DecorView = DecorView@597789f[]
12-16 12:24:24.311 24670 24816 D libmdf  : libmdf v2.9.0.0 On 64bit PLATFORM
12-16 12:24:24.326 24670 24670 W om.rmc.natour2: Accessing hidden method Landroid/view/View;->computeFitSystemWindows(Landroid/graphics/Rect;Landroid/graphics/Rect;)Z (greylist, reflection, allowed)
12-16 12:24:24.326 24670 24670 W om.rmc.natour2: Accessing hidden method Landroid/view/ViewGroup;->makeOptionalFitsSystemWindows()V (greylist, reflection, allowed)
12-16 12:24:24.380 24670 24670 D ConnectivityManager: requestNetwork; CallingUid : 10308, CallingPid : 24670
12-16 12:24:24.384 24670 24777 W om.rmc.natour2: Accessing hidden method Lsun/misc/Unsafe;->compareAndSwapInt(Ljava/lang/Object;JII)Z (greylist, linking, allowed)
12-16 12:24:24.384 24670 24777 W om.rmc.natour2: Accessing hidden method Lsun/misc/Unsafe;->getObjectVolatile(Ljava/lang/Object;J)Ljava/lang/Object; (greylist, linking, allowed)
12-16 12:24:24.384 24670 24777 W om.rmc.natour2: Accessing hidden method Lsun/misc/Unsafe;->compareAndSwapObject(Ljava/lang/Object;JLjava/lang/Object;Ljava/lang/Object;)Z (greylist, linking, allowed)
12-16 12:24:24.385 24670 24777 W om.rmc.natour2: Accessing hidden method Lsun/misc/Unsafe;->compareAndSwapLong(Ljava/lang/Object;JJJ)Z (greylist, linking, allowed)
12-16 12:24:24.387 24670 24805 I FA      : Tag Manager is not found and thus will not be used
12-16 12:24:24.405 24670 24670 I ViewRootImpl@82e396f[Splashscreen]: setView = com.android.internal.policy.DecorView@597789f TM=true MM=false
12-16 12:24:24.460 24670 24670 I ViewRootImpl@82e396f[Splashscreen]: Relayout returned: old=(0,0,1080,2220) new=(0,0,1080,2220) req=(1080,2220)0 dur=9 res=0x7 s={true 522963009536} ch=true
12-16 12:24:24.465 24670 24670 I ViewRootImpl@82e396f[Splashscreen]: [DrawPending] drawPending(1) 1 android.view.ViewRootImpl.reportNextDraw:9952 android.view.ViewRootImpl.performTraversals:3329 android.view.ViewRootImpl.doTraversal:2222 
12-16 12:24:24.465 24670 24670 I ViewRootImpl@82e396f[Splashscreen]: [DrawPending] performDraw() Waiting asnyc report
12-16 12:24:24.488 24670 24838 D mali_winsys: EGLint new_window_surface(egl_winsys_display *, void *, EGLSurface, EGLConfig, egl_winsys_surface **, EGLBoolean) returns 0x3000
12-16 12:24:24.493 24670 24838 W Gralloc3: mapper 3.x is not supported
12-16 12:24:24.511 24670 24838 E cutils-trace: Error opening trace file: No such file or directory (2)
12-16 12:24:24.512 24670 24670 I ViewRootImpl@82e396f[Splashscreen]: [DrawPending] pendingDrawFinished(0) 1 android.view.ViewRootImpl.lambda$performDraw$1$ViewRootImpl:4058 android.view.-$$Lambda$ViewRootImpl$7A_3tkr_Kw4TZAeIUGVlOoTcZhg.run:4 android.os.Handler.handleCallback:883 
12-16 12:24:24.512 24670 24670 I ViewRootImpl@82e396f[Splashscreen]: [DrawPending] reportDrawFinished()
12-16 12:24:24.520 24670 24670 I ViewRootImpl@82e396f[Splashscreen]: MSG_WINDOW_FOCUS_CHANGED 1 1
12-16 12:24:24.520 24670 24670 D InputMethodManager: prepareNavigationBarInfo() DecorView@597789f[Splashscreen]
12-16 12:24:24.520 24670 24670 D InputMethodManager: getNavigationBarColor() -855310
12-16 12:24:24.522 24670 24670 D InputMethodManager: prepareNavigationBarInfo() DecorView@597789f[Splashscreen]
12-16 12:24:24.522 24670 24670 D InputMethodManager: getNavigationBarColor() -855310
12-16 12:24:24.522 24670 24670 V InputMethodManager: Starting input: tba=com.rmc.natour21 ic=null mNaviBarColor -855310 mIsGetNaviBarColorSuccess true , NavVisible : true , NavTrans : false
12-16 12:24:24.522 24670 24670 D InputMethodManager: startInputInner - Id : 0
12-16 12:24:24.522 24670 24670 I InputMethodManager: startInputInner - mService.startInputOrWindowGainedFocus
12-16 12:24:24.527 24670 24670 I ViewRootImpl@82e396f[Splashscreen]: MSG_RESIZED: frame=(0,0,1080,2220) ci=(0,0,0,0) vi=(0,0,0,0) or=1
12-16 12:24:24.529 24670 24670 D InputMethodManager: prepareNavigationBarInfo() DecorView@597789f[Splashscreen]
12-16 12:24:24.529 24670 24670 D InputMethodManager: getNavigationBarColor() -855310
12-16 12:24:24.529 24670 24670 V InputMethodManager: Starting input: tba=com.rmc.natour21 ic=null mNaviBarColor -855310 mIsGetNaviBarColorSuccess true , NavVisible : true , NavTrans : false
12-16 12:24:24.529 24670 24670 D InputMethodManager: startInputInner - Id : 0
12-16 12:24:24.711 24670 24822 I System.out: (HTTPLog)-Static: isSBSettingEnabled false
12-16 12:24:24.711 24670 24822 I System.out: (HTTPLog)-Static: isSBSettingEnabled false
12-16 12:24:24.959 24670 24871 I System.out: Firebase token: eyJhbGciOiJSUzI1NiIsImtpZCI6Ijk3OGI1NmM2NmVhYmIwZDlhNmJhOGNhMzMwMTU2NGEyMzhlYWZjODciLCJ0eXAiOiJKV1QifQ.eyJuYW1lIjoiY2xhdWRpbyB2ZWxvdHRpIiwicGljdHVyZSI6Imh0dHBzOi8vbGgzLmdvb2dsZXVzZXJjb250ZW50LmNvbS9hL0FMbTV3dTI5V2MtR0dNWkljYk9qc2hic0pORFJ6OW9ZQjNYR3hXUmRWekdIPXM5Ni1jIiwiaXNzIjoiaHR0cHM6Ly9zZWN1cmV0b2tlbi5nb29nbGUuY29tL25hdG91cjIxLWZjNmVhIiwiYXVkIjoibmF0b3VyMjEtZmM2ZWEiLCJhdXRoX3RpbWUiOjE2NzExODg3NTEsInVzZXJfaWQiOiJkT3lqREZWbVhCYnRhVjVWMkdXOEc5NmZVdjQzIiwic3ViIjoiZE95akRGVm1YQmJ0YVY1VjJHVzhHOTZmVXY0MyIsImlhdCI6MTY3MTE4ODc1MSwiZXhwIjoxNjcxMTkyMzUxLCJlbWFpbCI6ImNsYWRvdHRpMzFAZ21haWwuY29tIiwiZW1haWxfdmVyaWZpZWQiOnRydWUsImZpcmViYXNlIjp7ImlkZW50aXRpZXMiOnsiZ29vZ2xlLmNvbSI6WyIxMTI0OTI4NzA2NDA3MTc2NTQ1NzAiXSwiZW1haWwiOlsiY2xhZG90dGkzMUBnbWFpbC5jb20iXX0sInNpZ25faW5fcHJvdmlkZXIiOiJnb29nbGUuY29tIn19.RxZplc6vZUPul4PopRgqN9-kUpK7g3_qk4s0eKM6LLgPKmAENhUhR7twdTH7WQWG292u_Xt47dqc16PEaSr2tntcXDhZ9HjDxwW66Sc8WebyQpJtMbTnV0cTGGQv0Kxb94mvni_99nppPGiy_p2Cf7BttcWujPkhJK-1mTB7lpX_Ca-658LcLoyHqkhYULg_hLvPFi4XgI9bZlmMi_Sk7Nw3nNzGPyCypL__P5YZiuqcx3H68zuotadKTPy7hU14uyjAU2hQKFRZzJSPH2dBWKs5nGn4OJe68m-Jr_XJ4qmXnAcHMH6cOq9yAZ7xA7Cz7jCSU1gobJHwNihRTfYW0g
12-16 12:24:25.194 24670 24921 V NativeCrypto: Registering org/conscrypt/NativeCrypto's 286 native methods...
12-16 12:24:25.832 24670 24871 W om.rmc.natour2: Accessing hidden method Ldalvik/system/BlockGuard;->getThreadPolicy()Ldalvik/system/BlockGuard$Policy; (greylist,core-platform-api, linking, allowed)
12-16 12:24:25.832 24670 24871 W om.rmc.natour2: Accessing hidden method Ldalvik/system/BlockGuard$Policy;->onNetwork()V (greylist, linking, allowed)
12-16 12:24:25.833 24670 24871 W om.rmc.natour2: Accessing hidden method Ldalvik/system/CloseGuard;->close()V (greylist,core-platform-api, linking, allowed)
12-16 12:24:25.833 24670 24871 W om.rmc.natour2: Accessing hidden method Ldalvik/system/CloseGuard;->get()Ldalvik/system/CloseGuard; (greylist,core-platform-api, linking, allowed)
12-16 12:24:25.833 24670 24871 W om.rmc.natour2: Accessing hidden method Ldalvik/system/CloseGuard;->open(Ljava/lang/String;)V (greylist,core-platform-api, linking, allowed)
12-16 12:24:25.833 24670 24871 W om.rmc.natour2: Accessing hidden method Ldalvik/system/CloseGuard;->warnIfOpen()V (greylist,core-platform-api, linking, allowed)
12-16 12:24:25.836 24670 24871 W om.rmc.natour2: Accessing hidden method Ljava/security/spec/ECParameterSpec;->getCurveName()Ljava/lang/String; (greylist, reflection, allowed)
12-16 12:24:25.930 24670 24670 D SBUIKIT : [12:24:25.930 SendBirdUIKit$1:onInitSucceed():174] >> onInitSucceed()
12-16 12:24:25.958 24670 24670 W ActivityThread: handleWindowVisibility: no activity for token android.os.BinderProxy@c9de177
12-16 12:24:25.980 24670 24670 D PhoneWindow: forceLight changed to true [] from com.android.internal.policy.PhoneWindow.updateForceLightNavigationBar:4274 com.android.internal.policy.DecorView.updateColorViews:1547 com.android.internal.policy.PhoneWindow.dispatchWindowAttributesChanged:3252 android.view.Window.setFlags:1153 com.android.internal.policy.PhoneWindow.generateLayout:2474 
12-16 12:24:25.981 24670 24670 I MultiWindowDecorSupport: [INFO] isPopOver = false
12-16 12:24:25.981 24670 24670 I MultiWindowDecorSupport: updateCaptionType >> DecorView@9413cbd[], isFloating: false, isApplication: true, hasWindowDecorCaption: false, hasWindowControllerCallback: true
12-16 12:24:25.981 24670 24670 D MultiWindowDecorSupport: setCaptionType = 0, DecorView = DecorView@9413cbd[]
12-16 12:24:26.317 24670 25039 W om.rmc.natour2: Accessing hidden field Ljava/net/Socket;->impl:Ljava/net/SocketImpl; (greylist, reflection, allowed)
12-16 12:24:26.326 24670 25039 W om.rmc.natour2: Accessing hidden field Ljava/io/FileDescriptor;->descriptor:I (greylist, JNI, allowed)
12-16 12:24:26.371 24670 24670 D ConnectivityManager: requestNetwork; CallingUid : 10308, CallingPid : 24670
12-16 12:24:26.386 24670 24670 I ViewRootImpl@c04c032[MainActivity]: setView = com.android.internal.policy.DecorView@9413cbd TM=true MM=false
12-16 12:24:26.387 24670 24670 I ViewRootImpl@82e396f[Splashscreen]: MSG_WINDOW_FOCUS_CHANGED 0 1
12-16 12:24:26.387 24670 24670 D InputMethodManager: prepareNavigationBarInfo() DecorView@597789f[Splashscreen]
12-16 12:24:26.387 24670 24670 D InputMethodManager: getNavigationBarColor() -855310
12-16 12:24:26.422 24670 25039 W om.rmc.natour2: Accessing hidden method Ljava/security/spec/ECParameterSpec;->setCurveName(Ljava/lang/String;)V (greylist, reflection, allowed)
12-16 12:24:26.470 24670 24670 I ViewRootImpl@c04c032[MainActivity]: Relayout returned: old=(0,0,1080,2220) new=(0,0,1080,2220) req=(1080,2220)0 dur=8 res=0x7 s={true 522734424064} ch=true
12-16 12:24:26.471 24670 24838 D mali_winsys: EGLint new_window_surface(egl_winsys_display *, void *, EGLSurface, EGLConfig, egl_winsys_surface **, EGLBoolean) returns 0x3000
12-16 12:24:26.498 24670 24670 I ViewRootImpl@c04c032[MainActivity]: [DrawPending] drawPending(1) 1 android.view.ViewRootImpl.reportNextDraw:9952 android.view.ViewRootImpl.performTraversals:3329 android.view.ViewRootImpl.doTraversal:2222 
12-16 12:24:26.500 24670 24670 I ViewRootImpl@c04c032[MainActivity]: [DrawPending] performDraw() Waiting asnyc report
12-16 12:24:26.548 24670 24670 I ViewRootImpl@c04c032[MainActivity]: [DrawPending] pendingDrawFinished(0) 1 android.view.ViewRootImpl.lambda$performDraw$1$ViewRootImpl:4058 android.view.-$$Lambda$ViewRootImpl$7A_3tkr_Kw4TZAeIUGVlOoTcZhg.run:4 android.os.Handler.handleCallback:883 
12-16 12:24:26.548 24670 24670 I ViewRootImpl@c04c032[MainActivity]: [DrawPending] reportDrawFinished()
12-16 12:24:26.550 24670 24670 I ViewRootImpl@c04c032[MainActivity]: MSG_WINDOW_FOCUS_CHANGED 1 1
12-16 12:24:26.550 24670 24670 D InputMethodManager: prepareNavigationBarInfo() DecorView@9413cbd[MainActivity]
12-16 12:24:26.550 24670 24670 D InputMethodManager: getNavigationBarColor() -855310
12-16 12:24:26.556 24670 24670 D EmergencyMode: [EmergencyManager] android createPackageContext successful: com.rmc.natour21
12-16 12:24:26.561 24670 24670 D InputMethodManager: prepareNavigationBarInfo() DecorView@9413cbd[MainActivity]
12-16 12:24:26.561 24670 24670 D InputMethodManager: getNavigationBarColor() -855310
12-16 12:24:26.561 24670 24670 V InputMethodManager: Starting input: tba=com.rmc.natour21 ic=null mNaviBarColor -855310 mIsGetNaviBarColorSuccess true , NavVisible : true , NavTrans : false
12-16 12:24:26.562 24670 24670 D InputMethodManager: startInputInner - Id : 0
12-16 12:24:26.562 24670 24670 I InputMethodManager: startInputInner - mService.startInputOrWindowGainedFocus
12-16 12:24:26.570 24670 24670 D InputTransport: Input channel destroyed: 'ClientS', fd=97
12-16 12:24:26.576 24670 24670 I ViewRootImpl@c04c032[MainActivity]: MSG_RESIZED: frame=(0,0,1080,2220) ci=(0,63,0,0) vi=(0,63,0,0) or=1
12-16 12:24:26.603 24670 24871 W Glide   : Failed to find GeneratedAppGlideModule. You should include an annotationProcessor compile dependency on com.github.bumptech.glide:compiler in your application and a @GlideModule annotated AppGlideModule implementation or LibraryGlideModules will be silently ignored
12-16 12:24:26.656 24670 25039 W SendBird: [12:24:26.656 Connection$1:onMessage():235] onMessage instance : [LOGI] com.sendbird.android.Connection@c9c7a5f
12-16 12:24:26.658 24670 25039 W Sendbird: [12:24:26.657 Connection$1:onMessage():236] onMessage instance : [LOGI] com.sendbird.android.Connection@c9c7a5f
12-16 12:24:26.660 24670 24871 D ConnectivityManager: requestNetwork; CallingUid : 10308, CallingPid : 24670
12-16 12:24:26.677 24670 25086 W SendBird: [12:24:26.677 EventController$1:call():141] ++ result[LOGI] runnable=null
12-16 12:24:26.749 24670 25039 W SendBird: [12:24:26.749 Connection$1:onMessage():235] onMessage instance : [PONG] com.sendbird.android.Connection@c9c7a5f
12-16 12:24:26.750 24670 25039 W Sendbird: [12:24:26.749 Connection$1:onMessage():236] onMessage instance : [PONG] com.sendbird.android.Connection@c9c7a5f
12-16 12:24:26.754 24670 25086 W SendBird: [12:24:26.753 EventController$1:call():141] ++ result[PONG] runnable=null
12-16 12:24:26.763 24670 25032 D SBUIKIT : [12:24:26.762 SendBirdUIKit$2:call():298] ++ user nickname = claudio velotti, profileUrl = http://18.195.186.181:8080/img/92/raw
12-16 12:24:26.855 24670 24670 I System.out: SENDBIRD TOKEN OK ckOTAZioSROKNMJFPmblOe:APA91bGVcG9r_iXcHFgG4Iporvbe7LY4wQBAVWfyWIWJnWzg5h8jwyooQ25LxvLEqeLKSFX8jlOxjHRr5t9uy5rrsHMA7I4iE0NfcLRlw_nQeNQWpru1u2nLitOl0dT_dISCBj72bvr1
12-16 12:24:26.999 24670 24838 W libEGL  : EGLNativeWindowType 0x79c30e2bd0 disconnect failed
12-16 12:24:27.007 24670 24670 I ViewRootImpl@82e396f[Splashscreen]: Relayout returned: old=(0,0,1080,2220) new=(0,0,1080,2220) req=(1080,2220)8 dur=6 res=0x5 s={false 0} ch=true
12-16 12:24:27.008 24670 24670 D ConnectivityManager: unregisterNetworkCallback; CallingUid : 10308, CallingPid : 24670
12-16 12:24:27.010 24670 24670 I ViewRootImpl@82e396f[Splashscreen]: stopped(true) old=false
12-16 12:24:27.016 24670 24670 I ViewRootImpl@82e396f[Splashscreen]: dispatchDetachedFromWindow
12-16 12:24:27.017 24670 24777 W om.rmc.natour2: Accessing hidden method Lsun/misc/Unsafe;->putObjectVolatile(Ljava/lang/Object;JLjava/lang/Object;)V (greylist, linking, allowed)
12-16 12:24:27.020 24670 24670 D InputTransport: Input channel destroyed: '81bf4f ', fd=86
12-16 12:24:33.858 24670 24670 I ViewRootImpl@c04c032[MainActivity]: ViewPostIme pointer 0
12-16 12:24:33.903 24670 24670 I ViewRootImpl@c04c032[MainActivity]: ViewPostIme pointer 1
12-16 12:24:33.955 24670 24670 D ConnectivityManager: unregisterNetworkCallback; CallingUid : 10308, CallingPid : 24670
12-16 12:24:34.101 24670 25164 I System.out: (HTTPLog)-Static: isSBSettingEnabled false
12-16 12:24:34.101 24670 25164 I System.out: (HTTPLog)-Static: isSBSettingEnabled false
12-16 12:24:34.167 24670 24670 I ViewRootImpl@c04c032[MainActivity]: Relayout returned: old=(0,0,1080,2220) new=(0,0,1080,2220) req=(1080,2220)0 dur=8 res=0x1 s={true 522734424064} ch=false
12-16 12:24:34.609 24670 24670 I ViewRootImpl@c04c032[MainActivity]: Relayout returned: old=(0,0,1080,2220) new=(0,0,1080,2220) req=(1080,2220)0 dur=14 res=0x1 s={true 522734424064} ch=false
12-16 12:24:34.642 24670 24838 I         : Increase max job count 60
12-16 12:24:35.536 24670 24682 I om.rmc.natour2: NativeAlloc concurrent copying GC freed 168391(10082KB) AllocSpace objects, 71(2020KB) LOS objects, 49% free, 9022KB/17MB, paused 110us total 106.967ms
12-16 12:24:36.260 24670 24670 I ViewRootImpl@c04c032[MainActivity]: ViewPostIme pointer 0
12-16 12:24:36.324 24670 24670 I ViewRootImpl@c04c032[MainActivity]: ViewPostIme pointer 1
12-16 12:24:36.366 24670 24670 W ActivityThread: handleWindowVisibility: no activity for token android.os.BinderProxy@a350a3
12-16 12:24:36.385 24670 24670 D PhoneWindow: forceLight changed to true [] from com.android.internal.policy.PhoneWindow.updateForceLightNavigationBar:4274 com.android.internal.policy.DecorView.updateColorViews:1547 com.android.internal.policy.PhoneWindow.dispatchWindowAttributesChanged:3252 android.view.Window.setFlags:1153 com.android.internal.policy.PhoneWindow.generateLayout:2474 
12-16 12:24:36.386 24670 24670 I MultiWindowDecorSupport: [INFO] isPopOver = false
12-16 12:24:36.386 24670 24670 I MultiWindowDecorSupport: updateCaptionType >> DecorView@d8456da[], isFloating: false, isApplication: true, hasWindowDecorCaption: false, hasWindowControllerCallback: true
12-16 12:24:36.386 24670 24670 D MultiWindowDecorSupport: setCaptionType = 0, DecorView = DecorView@d8456da[]
12-16 12:24:36.455 24670 24670 I ViewRootImpl@aefb5ea[ProfileSettingsActivity]: setView = com.android.internal.policy.DecorView@d8456da TM=true MM=false
12-16 12:24:36.475 24670 24670 I ViewRootImpl@aefb5ea[ProfileSettingsActivity]: Relayout returned: old=(0,0,1080,2220) new=(0,0,1080,2220) req=(1080,2220)0 dur=9 res=0x7 s={true 519342669824} ch=true
12-16 12:24:36.476 24670 24838 D mali_winsys: EGLint new_window_surface(egl_winsys_display *, void *, EGLSurface, EGLConfig, egl_winsys_surface **, EGLBoolean) returns 0x3000
12-16 12:24:36.614 24670 24670 I ViewRootImpl@aefb5ea[ProfileSettingsActivity]: [DrawPending] drawPending(1) 1 android.view.ViewRootImpl.reportNextDraw:9952 android.view.ViewRootImpl.performTraversals:3329 android.view.ViewRootImpl.doTraversal:2222 
12-16 12:24:36.614 24670 24670 I ViewRootImpl@aefb5ea[ProfileSettingsActivity]: [DrawPending] performDraw() Waiting asnyc report
12-16 12:24:36.640 24670 24670 I ViewRootImpl@aefb5ea[ProfileSettingsActivity]: [DrawPending] pendingDrawFinished(0) 1 android.view.ViewRootImpl.lambda$performDraw$1$ViewRootImpl:4058 android.view.-$$Lambda$ViewRootImpl$7A_3tkr_Kw4TZAeIUGVlOoTcZhg.run:4 android.os.Handler.handleCallback:883 
12-16 12:24:36.640 24670 24670 I ViewRootImpl@aefb5ea[ProfileSettingsActivity]: [DrawPending] reportDrawFinished()
12-16 12:24:36.641 24670 24670 I ViewRootImpl@c04c032[MainActivity]: MSG_WINDOW_FOCUS_CHANGED 0 1
12-16 12:24:36.641 24670 24670 D InputMethodManager: prepareNavigationBarInfo() DecorView@9413cbd[MainActivity]
12-16 12:24:36.641 24670 24670 D InputMethodManager: getNavigationBarColor() -855310
12-16 12:24:36.680 24670 24670 I ViewRootImpl@aefb5ea[ProfileSettingsActivity]: MSG_WINDOW_FOCUS_CHANGED 1 1
12-16 12:24:36.681 24670 24670 D InputMethodManager: prepareNavigationBarInfo() DecorView@d8456da[ProfileSettingsActivity]
12-16 12:24:36.681 24670 24670 D InputMethodManager: getNavigationBarColor() -855310
12-16 12:24:36.684 24670 24670 D InputMethodManager: prepareNavigationBarInfo() DecorView@d8456da[ProfileSettingsActivity]
12-16 12:24:36.684 24670 24670 D InputMethodManager: getNavigationBarColor() -855310
12-16 12:24:36.684 24670 24670 V InputMethodManager: Starting input: tba=com.rmc.natour21 ic=null mNaviBarColor -855310 mIsGetNaviBarColorSuccess true , NavVisible : true , NavTrans : false
12-16 12:24:36.684 24670 24670 D InputMethodManager: startInputInner - Id : 0
12-16 12:24:36.684 24670 24670 I InputMethodManager: startInputInner - mService.startInputOrWindowGainedFocus
12-16 12:24:36.685 24670 24670 D InputTransport: Input channel destroyed: 'ClientS', fd=120
12-16 12:24:36.686 24670 24670 I ViewRootImpl@aefb5ea[ProfileSettingsActivity]: MSG_RESIZED: frame=(0,0,1080,2220) ci=(0,63,0,0) vi=(0,63,0,0) or=1
12-16 12:24:37.057 24670 24838 W libEGL  : EGLNativeWindowType 0x79ba7c0cd0 disconnect failed
12-16 12:24:37.064 24670 24670 I ViewRootImpl@c04c032[MainActivity]: Relayout returned: old=(0,0,1080,2220) new=(0,0,1080,2220) req=(1080,2220)8 dur=7 res=0x5 s={false 0} ch=true
12-16 12:24:37.065 24670 24670 I ViewRootImpl@c04c032[MainActivity]: stopped(true) old=false
12-16 12:24:37.093 24670 24670 I ViewRootImpl@c04c032[MainActivity]: Relayout returned: old=(0,0,1080,2220) new=(0,0,1080,2220) req=(1080,2220)8 dur=7 res=0x5 s={false 0} ch=false
12-16 12:24:38.255 24670 24687 I om.rmc.natour2: Compiler allocated 4218KB to compile void android.view.ViewRootImpl.performTraversals()
12-16 12:24:39.383 24670 24670 I ViewRootImpl@aefb5ea[ProfileSettingsActivity]: ViewPostIme pointer 0
12-16 12:24:39.618 24670 24670 I ViewRootImpl@aefb5ea[ProfileSettingsActivity]: ViewPostIme pointer 1
12-16 12:24:41.810 24670 25039 W SendBird: [12:24:41.807 Connection$1:onMessage():235] onMessage instance : [PONG] com.sendbird.android.Connection@c9c7a5f
12-16 12:24:41.816 24670 25039 W Sendbird: [12:24:41.812 Connection$1:onMessage():236] onMessage instance : [PONG] com.sendbird.android.Connection@c9c7a5f
12-16 12:24:41.831 24670 25086 W SendBird: [12:24:41.830 EventController$1:call():141] ++ result[PONG] runnable=null
12-16 12:24:43.173 24670 24670 I ViewRootImpl@aefb5ea[ProfileSettingsActivity]: ViewPostIme pointer 0
12-16 12:24:43.223 24670 24670 I ViewRootImpl@aefb5ea[ProfileSettingsActivity]: ViewPostIme pointer 1
12-16 12:24:43.281 24670 24670 D Dialog  : mIsSamsungBasicInteraction = false
12-16 12:24:43.281 24670 24670 D Dialog  : mIsSamsungBasicInteraction = false, isMetaDataInActivity = false
12-16 12:24:43.298 24670 24670 I MultiWindowDecorSupport: [INFO] isPopOver = false
12-16 12:24:43.298 24670 24670 I MultiWindowDecorSupport: updateCaptionType >> DecorView@9470099[], isFloating: true, isApplication: true, hasWindowDecorCaption: false, hasWindowControllerCallback: false
12-16 12:24:43.298 24670 24670 D MultiWindowDecorSupport: setCaptionType = 0, DecorView = DecorView@9470099[]
12-16 12:24:43.356 24670 24670 D ScrollView: initGoToTop
12-16 12:24:43.395 24670 24670 I ViewRootImpl@fd51c27[ProfileSettingsActivity]: setView = com.android.internal.policy.DecorView@9470099 TM=true MM=false
12-16 12:24:43.431 24670 24670 I ViewRootImpl@fd51c27[ProfileSettingsActivity]: Relayout returned: old=(0,63,1080,2220) new=(28,812,1052,1470) req=(1024,658)0 dur=10 res=0x7 s={true 522734424064} ch=true
12-16 12:24:43.433 24670 24838 D mali_winsys: EGLint new_window_surface(egl_winsys_display *, void *, EGLSurface, EGLConfig, egl_winsys_surface **, EGLBoolean) returns 0x3000
12-16 12:24:43.444 24670 24670 D ScrollView:  onsize change changed 
12-16 12:24:43.445 24670 24670 I ViewRootImpl@fd51c27[ProfileSettingsActivity]: [DrawPending] drawPending(1) 1 android.view.ViewRootImpl.reportNextDraw:9952 android.view.ViewRootImpl.performTraversals:3329 android.view.ViewRootImpl.doTraversal:2222 
12-16 12:24:43.446 24670 24670 I ViewRootImpl@fd51c27[ProfileSettingsActivity]: [DrawPending] performDraw() Waiting asnyc report
12-16 12:24:43.446 24670 24670 E DecorView: mWindow.mActivityCurrentConfig is null
12-16 12:24:43.467 24670 24670 I ViewRootImpl@fd51c27[ProfileSettingsActivity]: [DrawPending] pendingDrawFinished(0) 1 android.view.ViewRootImpl.lambda$performDraw$1$ViewRootImpl:4058 android.view.-$$Lambda$ViewRootImpl$7A_3tkr_Kw4TZAeIUGVlOoTcZhg.run:4 android.os.Handler.handleCallback:883 
12-16 12:24:43.467 24670 24670 I ViewRootImpl@fd51c27[ProfileSettingsActivity]: [DrawPending] reportDrawFinished()
12-16 12:24:43.470 24670 24670 I ViewRootImpl@fd51c27[ProfileSettingsActivity]: MSG_WINDOW_FOCUS_CHANGED 1 1
12-16 12:24:43.470 24670 24670 D InputMethodManager: prepareNavigationBarInfo() DecorView@9470099[ProfileSettingsActivity]
12-16 12:24:43.470 24670 24670 D InputMethodManager: getNavigationBarColor() -855310
12-16 12:24:43.475 24670 24670 D InputMethodManager: prepareNavigationBarInfo() DecorView@9470099[ProfileSettingsActivity]
12-16 12:24:43.475 24670 24670 D InputMethodManager: getNavigationBarColor() -855310
12-16 12:24:43.475 24670 24670 V InputMethodManager: Starting input: tba=com.rmc.natour21 ic=null mNaviBarColor -855310 mIsGetNaviBarColorSuccess true , NavVisible : true , NavTrans : false
12-16 12:24:43.475 24670 24670 D InputMethodManager: startInputInner - Id : 0
12-16 12:24:43.475 24670 24670 I InputMethodManager: startInputInner - mService.startInputOrWindowGainedFocus
12-16 12:24:43.477 24670 24670 D InputTransport: Input channel destroyed: 'ClientS', fd=129
12-16 12:24:43.478 24670 24670 E DecorView: mWindow.mActivityCurrentConfig is null
12-16 12:24:43.486 24670 24670 I ViewRootImpl@fd51c27[ProfileSettingsActivity]: MSG_RESIZED: frame=(28,812,1052,1470) ci=(0,0,0,0) vi=(0,0,0,0) or=1
12-16 12:24:43.486 24670 24670 I ViewRootImpl@aefb5ea[ProfileSettingsActivity]: MSG_WINDOW_FOCUS_CHANGED 0 1
12-16 12:24:43.486 24670 24670 D InputMethodManager: prepareNavigationBarInfo() DecorView@d8456da[ProfileSettingsActivity]
12-16 12:24:43.486 24670 24670 D InputMethodManager: getNavigationBarColor() -855310
12-16 12:24:44.613 24670 24670 I ViewRootImpl@fd51c27[ProfileSettingsActivity]: ViewPostIme pointer 0
12-16 12:24:44.666 24670 24670 I ViewRootImpl@fd51c27[ProfileSettingsActivity]: ViewPostIme pointer 1
12-16 12:24:44.684 24670 24670 D InputMethodManager: prepareNavigationBarInfo() DecorView@9470099[ProfileSettingsActivity]
12-16 12:24:44.685 24670 24670 D InputMethodManager: getNavigationBarColor() -855310
12-16 12:24:44.685 24670 24670 V InputMethodManager: Starting input: tba=com.rmc.natour21 ic=androidx.emoji2.viewsintegration.EmojiInputConnection@879995d mNaviBarColor -855310 mIsGetNaviBarColorSuccess true , NavVisible : true , NavTrans : false
12-16 12:24:44.685 24670 24670 D InputMethodManager: startInputInner - Id : 0
12-16 12:24:44.693 24670 24670 I InputMethodManager: startInputInner - mService.startInputOrWindowGainedFocus
12-16 12:24:44.695 24670 24670 D InputTransport: Input channel destroyed: 'ClientS', fd=120
12-16 12:24:44.695 24670 24670 D InputMethodManager: SSI - flag : 0 Pid : 24670 view : com.rmc.natour21
12-16 12:24:44.696 24670 24670 D InputMethodManager: prepareNavigationBarInfo() DecorView@9470099[ProfileSettingsActivity]
12-16 12:24:44.696 24670 24670 D InputMethodManager: getNavigationBarColor() -855310
12-16 12:24:44.706 24670 24670 D Editor  : waiting for the right moment
12-16 12:24:44.721 24670 24670 I AssistStructure: Flattened final assist data: 3780 bytes, containing 2 windows, 28 views
12-16 12:24:44.860 24670 24670 I ViewRootImpl@aefb5ea[ProfileSettingsActivity]: MSG_RESIZED: frame=(0,0,1080,2220) ci=(0,63,0,986) vi=(0,63,0,986) or=1
12-16 12:24:44.881 24670 24670 I ViewRootImpl@aefb5ea[ProfileSettingsActivity]: Relayout returned: old=(0,0,1080,2220) new=(0,0,1080,2220) req=(1080,2220)0 dur=6 res=0x1 s={true 519342669824} ch=false
12-16 12:24:45.007 24670 24670 E DecorView: mWindow.mActivityCurrentConfig is null
12-16 12:24:45.073 24670 24670 I chatty  : uid=10308(com.rmc.natour21) identical 4 lines
12-16 12:24:45.090 24670 24670 E DecorView: mWindow.mActivityCurrentConfig is null
12-16 12:24:45.107 24670 24670 E DecorView: mWindow.mActivityCurrentConfig is null
12-16 12:24:45.209 24670 24670 I chatty  : uid=10308(com.rmc.natour21) identical 6 lines
12-16 12:24:45.225 24670 24670 E DecorView: mWindow.mActivityCurrentConfig is null
12-16 12:24:45.242 24670 24670 E DecorView: mWindow.mActivityCurrentConfig is null
12-16 12:24:45.258 24670 24670 E DecorView: mWindow.mActivityCurrentConfig is null
12-16 12:24:56.744 24670 25039 W SendBird: [12:24:56.742 Connection$1:onMessage():235] onMessage instance : [PONG] com.sendbird.android.Connection@c9c7a5f
12-16 12:24:56.745 24670 25039 W Sendbird: [12:24:56.745 Connection$1:onMessage():236] onMessage instance : [PONG] com.sendbird.android.Connection@c9c7a5f
12-16 12:24:56.751 24670 25086 W SendBird: [12:24:56.750 EventController$1:call():141] ++ result[PONG] runnable=null
12-16 12:25:04.935 24670 24670 I ViewRootImpl@fd51c27[ProfileSettingsActivity]: ViewPostIme key 0
12-16 12:25:04.953 24670 24670 I ViewRootImpl@fd51c27[ProfileSettingsActivity]: ViewPostIme key 1
12-16 12:25:05.070 24670 24670 I ViewRootImpl@fd51c27[ProfileSettingsActivity]: ViewPostIme key 0
12-16 12:25:05.074 24670 24670 I ViewRootImpl@fd51c27[ProfileSettingsActivity]: ViewPostIme key 1
12-16 12:25:06.843 24670 24670 I ViewRootImpl@fd51c27[ProfileSettingsActivity]: ViewPostIme pointer 0
12-16 12:25:06.893 24670 24670 I ViewRootImpl@fd51c27[ProfileSettingsActivity]: ViewPostIme pointer 1
12-16 12:25:06.894 24670 24670 D InputMethodManager: SSI - flag : 0 Pid : 24670 view : com.rmc.natour21
12-16 12:25:06.895 24670 24670 D InputMethodManager: prepareNavigationBarInfo() DecorView@9470099[ProfileSettingsActivity]
12-16 12:25:06.895 24670 24670 D InputMethodManager: getNavigationBarColor() -855310
12-16 12:25:06.937 24670 24670 I ViewRootImpl@ace7f01[PopupWindow:1d531da]: setView = android.widget.PopupWindow$PopupDecorView@6491a6 TM=true MM=false
12-16 12:25:06.951 24670 24670 I ViewRootImpl@f382232[PopupWindow:b96c7e7]: setView = android.widget.PopupWindow$PopupDecorView@9fdfb83 TM=true MM=false
12-16 12:25:06.992 24670 24670 I ViewRootImpl@ace7f01[PopupWindow:1d531da]: Relayout returned: old=(0,63,1080,2220) new=(891,745,971,840) req=(80,95)0 dur=22 res=0x7 s={true 522962993152} ch=true
12-16 12:25:06.998 24670 24838 D mali_winsys: EGLint new_window_surface(egl_winsys_display *, void *, EGLSurface, EGLConfig, egl_winsys_surface **, EGLBoolean) returns 0x3000
12-16 12:25:06.999 24670 24670 I ViewRootImpl@ace7f01[PopupWindow:1d531da]: [DrawPending] drawPending(1) 0 android.view.ViewRootImpl.reportNextDraw:9952 android.view.ViewRootImpl.performTraversals:3329 android.view.ViewRootImpl.doTraversal:2222 
12-16 12:25:06.999 24670 24670 I ViewRootImpl@ace7f01[PopupWindow:1d531da]: [DrawPending] performDraw() Waiting asnyc report
12-16 12:25:07.003 24670 25337 I OpenGLRenderer: doUpdatePositionAsync is called and callVoidMethod
12-16 12:25:07.035 24670 24670 I ViewRootImpl@f382232[PopupWindow:b96c7e7]: Relayout returned: old=(0,63,1080,2220) new=(891,641,971,745) req=(80,104)0 dur=22 res=0x7 s={true 519911505920} ch=true
12-16 12:25:07.039 24670 24838 D mali_winsys: EGLint new_window_surface(egl_winsys_display *, void *, EGLSurface, EGLConfig, egl_winsys_surface **, EGLBoolean) returns 0x3000
12-16 12:25:07.042 24670 24670 I ViewRootImpl@f382232[PopupWindow:b96c7e7]: [DrawPending] drawPending(1) 0 android.view.ViewRootImpl.reportNextDraw:9952 android.view.ViewRootImpl.performTraversals:3329 android.view.ViewRootImpl.doTraversal:2222 
12-16 12:25:07.043 24670 24670 I ViewRootImpl@f382232[PopupWindow:b96c7e7]: [DrawPending] performDraw() Waiting asnyc report
12-16 12:25:07.052 24670 24670 I ViewRootImpl@f382232[PopupWindow:b96c7e7]: [DrawPending] pendingDrawFinished(0) 0 android.view.ViewRootImpl.lambda$performDraw$1$ViewRootImpl:4058 android.view.-$$Lambda$ViewRootImpl$7A_3tkr_Kw4TZAeIUGVlOoTcZhg.run:4 android.os.Handler.handleCallback:883 
12-16 12:25:07.053 24670 24670 I ViewRootImpl@f382232[PopupWindow:b96c7e7]: [DrawPending] reportDrawFinished()
12-16 12:25:07.059 24670 24670 I ViewRootImpl@ace7f01[PopupWindow:1d531da]: [DrawPending] pendingDrawFinished(0) 0 android.view.ViewRootImpl.lambda$performDraw$1$ViewRootImpl:4058 android.view.-$$Lambda$ViewRootImpl$7A_3tkr_Kw4TZAeIUGVlOoTcZhg.run:4 android.os.Handler.handleCallback:883 
12-16 12:25:07.059 24670 24670 I ViewRootImpl@ace7f01[PopupWindow:1d531da]: [DrawPending] reportDrawFinished()
12-16 12:25:07.094 24670 24670 I ViewRootImpl@ace7f01[PopupWindow:1d531da]: MSG_RESIZED_REPORT: frame=(891,745,971,840) ci=(0,0,0,0) vi=(0,0,0,0) or=1
12-16 12:25:07.095 24670 24670 I ViewRootImpl@ace7f01[PopupWindow:1d531da]: [DrawPending] drawPending(1) 0 android.view.ViewRootImpl.reportNextDraw:9952 android.view.ViewRootImpl.access$900:205 android.view.ViewRootImpl$ViewRootHandler.handleMessage:5350 
12-16 12:25:07.095 24670 24670 I ViewRootImpl@f382232[PopupWindow:b96c7e7]: MSG_RESIZED: frame=(891,641,971,745) ci=(0,0,0,0) vi=(0,0,0,0) or=1
12-16 12:25:07.101 24670 24670 I ViewRootImpl@ace7f01[PopupWindow:1d531da]: [DrawPending] performDraw() Waiting asnyc report
12-16 12:25:07.116 24670 24670 I ViewRootImpl@ace7f01[PopupWindow:1d531da]: [DrawPending] pendingDrawFinished(0) 0 android.view.ViewRootImpl.lambda$performDraw$1$ViewRootImpl:4058 android.view.-$$Lambda$ViewRootImpl$7A_3tkr_Kw4TZAeIUGVlOoTcZhg.run:4 android.os.Handler.handleCallback:883 
12-16 12:25:07.116 24670 24670 I ViewRootImpl@ace7f01[PopupWindow:1d531da]: [DrawPending] reportDrawFinished()
12-16 12:25:08.095 24670 24838 W libEGL  : EGLNativeWindowType 0x79ba66e390 disconnect failed
12-16 12:25:08.095 24670 24670 I ViewRootImpl@ace7f01[PopupWindow:1d531da]: dispatchDetachedFromWindow
12-16 12:25:08.110 24670 24670 D InputTransport: Input channel destroyed: 'f999dad', fd=120
12-16 12:25:08.116 24670 24838 W libEGL  : EGLNativeWindowType 0x79ba66d710 disconnect failed
12-16 12:25:08.117 24670 24670 I ViewRootImpl@f382232[PopupWindow:b96c7e7]: dispatchDetachedFromWindow
12-16 12:25:08.131 24670 24670 D InputTransport: Input channel destroyed: '431d473', fd=133
12-16 12:25:08.521 24670 24670 I ViewRootImpl@fd51c27[ProfileSettingsActivity]: ViewPostIme pointer 0
12-16 12:25:08.561 24670 24670 I ViewRootImpl@fd51c27[ProfileSettingsActivity]: ViewPostIme pointer 1
12-16 12:25:08.562 24670 24670 D InputMethodManager: SSI - flag : 0 Pid : 24670 view : com.rmc.natour21
12-16 12:25:08.562 24670 24670 D InputMethodManager: prepareNavigationBarInfo() DecorView@9470099[ProfileSettingsActivity]
12-16 12:25:08.563 24670 24670 D InputMethodManager: getNavigationBarColor() -855310
12-16 12:25:08.583 24670 24670 I ViewRootImpl@c4dc58a[PopupWindow:1d531da]: setView = android.widget.PopupWindow$PopupDecorView@20957fb TM=true MM=false
12-16 12:25:08.595 24670 24670 I ViewRootImpl@9cab056[PopupWindow:b96c7e7]: setView = android.widget.PopupWindow$PopupDecorView@58b78d7 TM=true MM=false
12-16 12:25:08.621 24670 24670 I ViewRootImpl@c4dc58a[PopupWindow:1d531da]: Relayout returned: old=(0,63,1080,2220) new=(659,745,739,840) req=(80,95)0 dur=16 res=0x7 s={true 519911505920} ch=true
12-16 12:25:08.624 24670 24838 D mali_winsys: EGLint new_window_surface(egl_winsys_display *, void *, EGLSurface, EGLConfig, egl_winsys_surface **, EGLBoolean) returns 0x3000
12-16 12:25:08.626 24670 24670 I ViewRootImpl@c4dc58a[PopupWindow:1d531da]: [DrawPending] drawPending(1) 0 android.view.ViewRootImpl.reportNextDraw:9952 android.view.ViewRootImpl.performTraversals:3329 android.view.ViewRootImpl.doTraversal:2222 
12-16 12:25:08.626 24670 24670 I ViewRootImpl@c4dc58a[PopupWindow:1d531da]: [DrawPending] performDraw() Waiting asnyc report
12-16 12:25:08.627 24670 25338 I OpenGLRenderer: doUpdatePositionAsync is called and callVoidMethod
12-16 12:25:08.644 24670 24670 I ViewRootImpl@9cab056[PopupWindow:b96c7e7]: Relayout returned: old=(0,63,1080,2220) new=(659,641,739,745) req=(80,104)0 dur=11 res=0x7 s={true 522963001344} ch=true
12-16 12:25:08.647 24670 24838 D mali_winsys: EGLint new_window_surface(egl_winsys_display *, void *, EGLSurface, EGLConfig, egl_winsys_surface **, EGLBoolean) returns 0x3000
12-16 12:25:08.648 24670 24670 I ViewRootImpl@9cab056[PopupWindow:b96c7e7]: [DrawPending] drawPending(1) 0 android.view.ViewRootImpl.reportNextDraw:9952 android.view.ViewRootImpl.performTraversals:3329 android.view.ViewRootImpl.doTraversal:2222 
12-16 12:25:08.649 24670 24670 I ViewRootImpl@9cab056[PopupWindow:b96c7e7]: [DrawPending] performDraw() Waiting asnyc report
12-16 12:25:08.653 24670 24670 I ViewRootImpl@9cab056[PopupWindow:b96c7e7]: [DrawPending] pendingDrawFinished(0) 0 android.view.ViewRootImpl.lambda$performDraw$1$ViewRootImpl:4058 android.view.-$$Lambda$ViewRootImpl$7A_3tkr_Kw4TZAeIUGVlOoTcZhg.run:4 android.os.Handler.handleCallback:883 
12-16 12:25:08.653 24670 24670 I ViewRootImpl@9cab056[PopupWindow:b96c7e7]: [DrawPending] reportDrawFinished()
12-16 12:25:08.657 24670 24670 I ViewRootImpl@c4dc58a[PopupWindow:1d531da]: [DrawPending] pendingDrawFinished(0) 0 android.view.ViewRootImpl.lambda$performDraw$1$ViewRootImpl:4058 android.view.-$$Lambda$ViewRootImpl$7A_3tkr_Kw4TZAeIUGVlOoTcZhg.run:4 android.os.Handler.handleCallback:883 
12-16 12:25:08.657 24670 24670 I ViewRootImpl@c4dc58a[PopupWindow:1d531da]: [DrawPending] reportDrawFinished()
12-16 12:25:08.671 24670 24670 I ViewRootImpl@c4dc58a[PopupWindow:1d531da]: MSG_RESIZED_REPORT: frame=(659,745,739,840) ci=(0,0,0,0) vi=(0,0,0,0) or=1
12-16 12:25:08.672 24670 24670 I ViewRootImpl@c4dc58a[PopupWindow:1d531da]: [DrawPending] drawPending(1) 0 android.view.ViewRootImpl.reportNextDraw:9952 android.view.ViewRootImpl.access$900:205 android.view.ViewRootImpl$ViewRootHandler.handleMessage:5350 
12-16 12:25:08.673 24670 24670 I ViewRootImpl@9cab056[PopupWindow:b96c7e7]: MSG_RESIZED: frame=(659,641,739,745) ci=(0,0,0,0) vi=(0,0,0,0) or=1
12-16 12:25:08.674 24670 24670 I ViewRootImpl@c4dc58a[PopupWindow:1d531da]: [DrawPending] performDraw() Waiting asnyc report
12-16 12:25:08.682 24670 24670 I ViewRootImpl@c4dc58a[PopupWindow:1d531da]: [DrawPending] pendingDrawFinished(0) 0 android.view.ViewRootImpl.lambda$performDraw$1$ViewRootImpl:4058 android.view.-$$Lambda$ViewRootImpl$7A_3tkr_Kw4TZAeIUGVlOoTcZhg.run:4 android.os.Handler.handleCallback:883 
12-16 12:25:08.682 24670 24670 I ViewRootImpl@c4dc58a[PopupWindow:1d531da]: [DrawPending] reportDrawFinished()
12-16 12:25:09.367 24670 24670 I ViewRootImpl@fd51c27[ProfileSettingsActivity]: ViewPostIme key 0
12-16 12:25:09.376 24670 24670 I ViewRootImpl@fd51c27[ProfileSettingsActivity]: ViewPostIme key 1
12-16 12:25:09.493 24670 24838 W libEGL  : EGLNativeWindowType 0x79ba66d710 disconnect failed
12-16 12:25:09.494 24670 24670 I ViewRootImpl@c4dc58a[PopupWindow:1d531da]: dispatchDetachedFromWindow
12-16 12:25:09.501 24670 24670 D InputTransport: Input channel destroyed: '4fb768d', fd=120
12-16 12:25:09.503 24670 24838 W libEGL  : EGLNativeWindowType 0x79ba66dfd0 disconnect failed
12-16 12:25:09.504 24670 24670 I ViewRootImpl@9cab056[PopupWindow:b96c7e7]: dispatchDetachedFromWindow
12-16 12:25:09.515 24670 24670 D InputTransport: Input channel destroyed: '38a8853', fd=133
12-16 12:25:10.111 24670 24670 I ViewRootImpl@fd51c27[ProfileSettingsActivity]: ViewPostIme pointer 0
12-16 12:25:10.167 24670 24670 I ViewRootImpl@fd51c27[ProfileSettingsActivity]: ViewPostIme pointer 1
12-16 12:25:10.168 24670 24670 D InputMethodManager: SSI - flag : 0 Pid : 24670 view : com.rmc.natour21
12-16 12:25:10.169 24670 24670 D InputMethodManager: prepareNavigationBarInfo() DecorView@9470099[ProfileSettingsActivity]
12-16 12:25:10.169 24670 24670 D InputMethodManager: getNavigationBarColor() -855310
12-16 12:25:10.191 24670 24670 I ViewRootImpl@cf6abcf[PopupWindow:1d531da]: setView = android.widget.PopupWindow$PopupDecorView@e7a695c TM=true MM=false
12-16 12:25:10.207 24670 24670 I ViewRootImpl@adc35eb[PopupWindow:b96c7e7]: setView = android.widget.PopupWindow$PopupDecorView@6f2bf48 TM=true MM=false
12-16 12:25:10.239 24670 24670 I ViewRootImpl@cf6abcf[PopupWindow:1d531da]: Relayout returned: old=(0,63,1080,2220) new=(909,745,989,840) req=(80,95)0 dur=18 res=0x7 s={true 522963001344} ch=true
12-16 12:25:10.241 24670 24838 D mali_winsys: EGLint new_window_surface(egl_winsys_display *, void *, EGLSurface, EGLConfig, egl_winsys_surface **, EGLBoolean) returns 0x3000
12-16 12:25:10.244 24670 24670 I ViewRootImpl@cf6abcf[PopupWindow:1d531da]: [DrawPending] drawPending(1) 0 android.view.ViewRootImpl.reportNextDraw:9952 android.view.ViewRootImpl.performTraversals:3329 android.view.ViewRootImpl.doTraversal:2222 
12-16 12:25:10.244 24670 24670 I ViewRootImpl@cf6abcf[PopupWindow:1d531da]: [DrawPending] performDraw() Waiting asnyc report
12-16 12:25:10.246 24670 25337 I OpenGLRenderer: doUpdatePositionAsync is called and callVoidMethod
12-16 12:25:10.267 24670 24670 I ViewRootImpl@adc35eb[PopupWindow:b96c7e7]: Relayout returned: old=(0,63,1080,2220) new=(909,641,989,745) req=(80,104)0 dur=16 res=0x7 s={true 519908454400} ch=true
12-16 12:25:10.269 24670 24838 D mali_winsys: EGLint new_window_surface(egl_winsys_display *, void *, EGLSurface, EGLConfig, egl_winsys_surface **, EGLBoolean) returns 0x3000
12-16 12:25:10.270 24670 24670 I ViewRootImpl@adc35eb[PopupWindow:b96c7e7]: [DrawPending] drawPending(1) 0 android.view.ViewRootImpl.reportNextDraw:9952 android.view.ViewRootImpl.performTraversals:3329 android.view.ViewRootImpl.doTraversal:2222 
12-16 12:25:10.270 24670 24670 I ViewRootImpl@adc35eb[PopupWindow:b96c7e7]: [DrawPending] performDraw() Waiting asnyc report
12-16 12:25:10.278 24670 24670 I ViewRootImpl@adc35eb[PopupWindow:b96c7e7]: [DrawPending] pendingDrawFinished(0) 0 android.view.ViewRootImpl.lambda$performDraw$1$ViewRootImpl:4058 android.view.-$$Lambda$ViewRootImpl$7A_3tkr_Kw4TZAeIUGVlOoTcZhg.run:4 android.os.Handler.handleCallback:883 
12-16 12:25:10.278 24670 24670 I ViewRootImpl@adc35eb[PopupWindow:b96c7e7]: [DrawPending] reportDrawFinished()
12-16 12:25:10.280 24670 24670 I ViewRootImpl@cf6abcf[PopupWindow:1d531da]: [DrawPending] pendingDrawFinished(0) 0 android.view.ViewRootImpl.lambda$performDraw$1$ViewRootImpl:4058 android.view.-$$Lambda$ViewRootImpl$7A_3tkr_Kw4TZAeIUGVlOoTcZhg.run:4 android.os.Handler.handleCallback:883 
12-16 12:25:10.280 24670 24670 I ViewRootImpl@cf6abcf[PopupWindow:1d531da]: [DrawPending] reportDrawFinished()
12-16 12:25:10.318 24670 24670 I ViewRootImpl@cf6abcf[PopupWindow:1d531da]: Relayout returned: old=(909,745,989,840) new=(894,745,974,840) req=(80,95)0 dur=28 res=0x1 s={true 522963001344} ch=false
12-16 12:25:10.343 24670 24670 I ViewRootImpl@adc35eb[PopupWindow:b96c7e7]: Relayout returned: old=(909,641,989,745) new=(894,641,974,745) req=(80,104)0 dur=16 res=0x1 s={true 519908454400} ch=false
12-16 12:25:10.346 24670 24670 I ViewRootImpl@cf6abcf[PopupWindow:1d531da]: MSG_RESIZED_REPORT: frame=(909,745,989,840) ci=(0,0,0,0) vi=(0,0,0,0) or=1
12-16 12:25:10.347 24670 24670 I ViewRootImpl@cf6abcf[PopupWindow:1d531da]: [DrawPending] drawPending(1) 0 android.view.ViewRootImpl.reportNextDraw:9952 android.view.ViewRootImpl.access$900:205 android.view.ViewRootImpl$ViewRootHandler.handleMessage:5350 
12-16 12:25:10.349 24670 24670 I ViewRootImpl@adc35eb[PopupWindow:b96c7e7]: MSG_RESIZED: frame=(909,641,989,745) ci=(0,0,0,0) vi=(0,0,0,0) or=1
12-16 12:25:10.353 24670 24670 I ViewRootImpl@cf6abcf[PopupWindow:1d531da]: [DrawPending] performDraw() Waiting asnyc report
12-16 12:25:10.376 24670 24670 I ViewRootImpl@cf6abcf[PopupWindow:1d531da]: [DrawPending] pendingDrawFinished(0) 0 android.view.ViewRootImpl.lambda$performDraw$1$ViewRootImpl:4058 android.view.-$$Lambda$ViewRootImpl$7A_3tkr_Kw4TZAeIUGVlOoTcZhg.run:4 android.os.Handler.handleCallback:883 
12-16 12:25:10.376 24670 24670 I ViewRootImpl@cf6abcf[PopupWindow:1d531da]: [DrawPending] reportDrawFinished()
12-16 12:25:10.744 24670 24670 I ViewRootImpl@cf6abcf[PopupWindow:1d531da]: ViewPostIme pointer 0
12-16 12:25:10.775 24670 24670 I ViewRootImpl@adc35eb[PopupWindow:b96c7e7]: Relayout returned: old=(909,641,989,745) new=(893,641,973,745) req=(80,104)0 dur=10 res=0x1 s={true 519908454400} ch=false
12-16 12:25:10.792 24670 24670 I ViewRootImpl@cf6abcf[PopupWindow:1d531da]: Relayout returned: old=(909,745,989,840) new=(893,745,973,840) req=(80,95)0 dur=12 res=0x1 s={true 522963001344} ch=false
12-16 12:25:10.794 24670 25338 I OpenGLRenderer: doUpdatePositionAsync is called and callVoidMethod
12-16 12:25:10.835 24670 24670 I ViewRootImpl@cf6abcf[PopupWindow:1d531da]: Relayout returned: old=(893,745,973,840) new=(894,745,974,840) req=(80,95)0 dur=10 res=0x1 s={true 522963001344} ch=false
12-16 12:25:10.851 24670 24670 I ViewRootImpl@adc35eb[PopupWindow:b96c7e7]: Relayout returned: old=(893,641,973,745) new=(894,641,974,745) req=(80,104)0 dur=12 res=0x1 s={true 519908454400} ch=false
12-16 12:25:10.870 24670 24670 I ViewRootImpl@cf6abcf[PopupWindow:1d531da]: Relayout returned: old=(894,745,974,840) new=(902,745,982,840) req=(80,95)0 dur=9 res=0x1 s={true 522963001344} ch=false
12-16 12:25:10.885 24670 24670 I ViewRootImpl@adc35eb[PopupWindow:b96c7e7]: Relayout returned: old=(894,641,974,745) new=(902,641,982,745) req=(80,104)0 dur=11 res=0x1 s={true 519908454400} ch=false
12-16 12:25:10.918 24670 24670 I ViewRootImpl@cf6abcf[PopupWindow:1d531da]: Relayout returned: old=(902,745,982,840) new=(934,745,1014,840) req=(80,95)0 dur=9 res=0x1 s={true 522963001344} ch=false
12-16 12:25:10.935 24670 24670 I ViewRootImpl@adc35eb[PopupWindow:b96c7e7]: Relayout returned: old=(902,641,982,745) new=(934,641,1014,745) req=(80,104)0 dur=11 res=0x1 s={true 519908454400} ch=false
12-16 12:25:10.941 24670 24670 I ViewRootImpl@cf6abcf[PopupWindow:1d531da]: ViewPostIme pointer 1
12-16 12:25:10.961 24670 24670 I ViewRootImpl@cf6abcf[PopupWindow:1d531da]: Relayout returned: old=(934,745,1014,840) new=(946,745,1026,840) req=(80,95)0 dur=15 res=0x1 s={true 522963001344} ch=false
12-16 12:25:10.974 24670 24670 I ViewRootImpl@adc35eb[PopupWindow:b96c7e7]: Relayout returned: old=(934,641,1014,745) new=(946,641,1026,745) req=(80,104)0 dur=9 res=0x1 s={true 519908454400} ch=false
12-16 12:25:10.990 24670 24670 I ViewRootImpl@cf6abcf[PopupWindow:1d531da]: Relayout returned: old=(946,745,1026,840) new=(942,745,1022,840) req=(80,95)0 dur=8 res=0x1 s={true 522963001344} ch=false
12-16 12:25:11.004 24670 24670 I ViewRootImpl@adc35eb[PopupWindow:b96c7e7]: Relayout returned: old=(946,641,1026,745) new=(942,641,1022,745) req=(80,104)0 dur=7 res=0x1 s={true 519908454400} ch=false
12-16 12:25:11.019 24670 24670 I ViewRootImpl@cf6abcf[PopupWindow:1d531da]: Relayout returned: old=(942,745,1022,840) new=(937,745,1017,840) req=(80,95)0 dur=9 res=0x1 s={true 522963001344} ch=false
12-16 12:25:11.035 24670 24670 I ViewRootImpl@adc35eb[PopupWindow:b96c7e7]: Relayout returned: old=(942,641,1022,745) new=(937,641,1017,745) req=(80,104)0 dur=11 res=0x1 s={true 519908454400} ch=false
12-16 12:25:11.048 24670 24670 I ViewRootImpl@cf6abcf[PopupWindow:1d531da]: Relayout returned: old=(937,745,1017,840) new=(935,745,1015,840) req=(80,95)0 dur=9 res=0x1 s={true 522963001344} ch=false
12-16 12:25:11.057 24670 24670 I ViewRootImpl@adc35eb[PopupWindow:b96c7e7]: Relayout returned: old=(937,641,1017,745) new=(935,641,1015,745) req=(80,104)0 dur=7 res=0x1 s={true 519908454400} ch=false
12-16 12:25:11.067 24670 24670 I ViewRootImpl@cf6abcf[PopupWindow:1d531da]: Relayout returned: old=(935,745,1015,840) new=(931,745,1011,840) req=(80,95)0 dur=6 res=0x1 s={true 522963001344} ch=false
12-16 12:25:11.080 24670 24670 I ViewRootImpl@adc35eb[PopupWindow:b96c7e7]: Relayout returned: old=(935,641,1015,745) new=(931,641,1011,745) req=(80,104)0 dur=9 res=0x1 s={true 519908454400} ch=false
12-16 12:25:11.091 24670 24670 I ViewRootImpl@cf6abcf[PopupWindow:1d531da]: Relayout returned: old=(931,745,1011,840) new=(930,745,1010,840) req=(80,95)0 dur=7 res=0x1 s={true 522963001344} ch=false
12-16 12:25:11.099 24670 24670 I ViewRootImpl@adc35eb[PopupWindow:b96c7e7]: Relayout returned: old=(931,641,1011,745) new=(930,641,1010,745) req=(80,104)0 dur=6 res=0x1 s={true 519908454400} ch=false
12-16 12:25:11.107 24670 24670 I ViewRootImpl@cf6abcf[PopupWindow:1d531da]: Relayout returned: old=(930,745,1010,840) new=(929,745,1009,840) req=(80,95)0 dur=5 res=0x1 s={true 522963001344} ch=false
12-16 12:25:11.114 24670 24670 I ViewRootImpl@adc35eb[PopupWindow:b96c7e7]: Relayout returned: old=(930,641,1010,745) new=(929,641,1009,745) req=(80,104)0 dur=5 res=0x1 s={true 519908454400} ch=false
12-16 12:25:11.124 24670 24670 I ViewRootImpl@cf6abcf[PopupWindow:1d531da]: Relayout returned: old=(929,745,1009,840) new=(928,745,1008,840) req=(80,95)0 dur=7 res=0x1 s={true 522963001344} ch=false
12-16 12:25:11.132 24670 24670 I ViewRootImpl@adc35eb[PopupWindow:b96c7e7]: Relayout returned: old=(929,641,1009,745) new=(928,641,1008,745) req=(80,104)0 dur=5 res=0x1 s={true 519908454400} ch=false
12-16 12:25:11.140 24670 24670 I ViewRootImpl@cf6abcf[PopupWindow:1d531da]: Relayout returned: old=(928,745,1008,840) new=(927,745,1007,840) req=(80,95)0 dur=6 res=0x1 s={true 522963001344} ch=false
12-16 12:25:11.148 24670 24670 I ViewRootImpl@adc35eb[PopupWindow:b96c7e7]: Relayout returned: old=(928,641,1008,745) new=(927,641,1007,745) req=(80,104)0 dur=6 res=0x1 s={true 519908454400} ch=false
12-16 12:25:11.159 24670 24670 I ViewRootImpl@cf6abcf[PopupWindow:1d531da]: Relayout returned: old=(927,745,1007,840) new=(926,745,1006,840) req=(80,95)0 dur=9 res=0x1 s={true 522963001344} ch=false
12-16 12:25:11.171 24670 24670 I ViewRootImpl@adc35eb[PopupWindow:b96c7e7]: Relayout returned: old=(927,641,1007,745) new=(926,641,1006,745) req=(80,104)0 dur=9 res=0x1 s={true 519908454400} ch=false
12-16 12:25:11.198 24670 24670 I ViewRootImpl@cf6abcf[PopupWindow:1d531da]: Relayout returned: old=(926,745,1006,840) new=(925,745,1005,840) req=(80,95)0 dur=7 res=0x1 s={true 522963001344} ch=false
12-16 12:25:11.199 24670 25337 I OpenGLRenderer: doUpdatePositionAsync is called and callVoidMethod
12-16 12:25:11.212 24670 24670 I ViewRootImpl@adc35eb[PopupWindow:b96c7e7]: Relayout returned: old=(926,641,1006,745) new=(925,641,1005,745) req=(80,104)0 dur=9 res=0x1 s={true 519908454400} ch=false
12-16 12:25:11.778 24670 24670 I ViewRootImpl@fd51c27[ProfileSettingsActivity]: ViewPostIme pointer 0
12-16 12:25:11.800 24670 25039 W SendBird: [12:25:11.799 Connection$1:onMessage():235] onMessage instance : [PONG] com.sendbird.android.Connection@c9c7a5f
12-16 12:25:11.802 24670 25039 W Sendbird: [12:25:11.801 Connection$1:onMessage():236] onMessage instance : [PONG] com.sendbird.android.Connection@c9c7a5f
12-16 12:25:11.808 24670 25086 W SendBird: [12:25:11.807 EventController$1:call():141] ++ result[PONG] runnable=null
12-16 12:25:11.838 24670 24670 I ViewRootImpl@fd51c27[ProfileSettingsActivity]: ViewPostIme pointer 1
12-16 12:25:11.841 24670 24670 D InputMethodManager: SSI - flag : 0 Pid : 24670 view : com.rmc.natour21
12-16 12:25:11.841 24670 24670 D InputMethodManager: prepareNavigationBarInfo() DecorView@9470099[ProfileSettingsActivity]
12-16 12:25:11.841 24670 24670 D InputMethodManager: getNavigationBarColor() -855310
12-16 12:25:11.870 24670 24670 I ViewRootImpl@cf6abcf[PopupWindow:1d531da]: Relayout returned: old=(925,745,1005,840) new=(816,745,896,840) req=(80,95)0 dur=11 res=0x1 s={true 522963001344} ch=false
12-16 12:25:11.888 24670 24670 I ViewRootImpl@adc35eb[PopupWindow:b96c7e7]: Relayout returned: old=(925,641,1005,745) new=(816,641,896,745) req=(80,104)0 dur=9 res=0x1 s={true 519908454400} ch=false
12-16 12:25:11.896 24670 24670 I ViewRootImpl@fd51c27[ProfileSettingsActivity]: ViewPostIme pointer 0
