--------- beginning of main
12-16 12:12:08.706 19002 19002 D InputTransport: Input channel destroyed: 'ClientS', fd=131
12-16 12:12:08.825 19002 19002 I ViewRootImpl@650238a[MainActivity]: ViewPostIme pointer 0
12-16 12:12:08.825 19002 19018 I om.rmc.natour2: Compiler allocated 4218KB to compile void android.view.ViewRootImpl.performTraversals()
12-16 12:12:08.891 19002 19002 I ViewRootImpl@650238a[MainActivity]: ViewPostIme pointer 1
12-16 12:12:09.091 19002 19002 D InputMethodManager: prepareNavigationBarInfo() DecorView@5948d6[MainActivity]
12-16 12:12:09.091 19002 19002 D InputMethodManager: getNavigationBarColor() -855310
12-16 12:12:09.091 19002 19002 V InputMethodManager: Starting input: tba=com.rmc.natour21 ic=null mNaviBarColor -855310 mIsGetNaviBarColorSuccess true , NavVisible : true , NavTrans : false
12-16 12:12:09.091 19002 19002 D InputMethodManager: startInputInner - Id : 0
12-16 12:12:09.091 19002 19002 I InputMethodManager: startInputInner - mService.startInputOrWindowGainedFocus
12-16 12:12:09.094 19002 19002 D InputTransport: Input channel destroyed: 'ClientS', fd=125
12-16 12:12:09.237 19002 19002 I ViewRootImpl@650238a[MainActivity]: ViewPostIme pointer 0
12-16 12:12:09.290 19002 19002 I ViewRootImpl@650238a[MainActivity]: ViewPostIme pointer 1
12-16 12:12:09.502 19002 19002 D InputMethodManager: prepareNavigationBarInfo() DecorView@5948d6[MainActivity]
12-16 12:12:09.502 19002 19002 D InputMethodManager: getNavigationBarColor() -855310
12-16 12:12:09.502 19002 19002 V InputMethodManager: Starting input: tba=com.rmc.natour21 ic=null mNaviBarColor -855310 mIsGetNaviBarColorSuccess true , NavVisible : true , NavTrans : false
12-16 12:12:09.502 19002 19002 D InputMethodManager: startInputInner - Id : 0
12-16 12:12:09.502 19002 19002 I InputMethodManager: startInputInner - mService.startInputOrWindowGainedFocus
12-16 12:12:09.505 19002 19002 D InputTransport: Input channel destroyed: 'ClientS', fd=128
12-16 12:12:09.698 19002 19002 I ViewRootImpl@650238a[MainActivity]: ViewPostIme pointer 0
12-16 12:12:09.749 19002 19002 I ViewRootImpl@650238a[MainActivity]: ViewPostIme pointer 1
12-16 12:12:09.956 19002 19002 D InputMethodManager: prepareNavigationBarInfo() DecorView@5948d6[MainActivity]
12-16 12:12:09.956 19002 19002 D InputMethodManager: getNavigationBarColor() -855310
12-16 12:12:09.956 19002 19002 V InputMethodManager: Starting input: tba=com.rmc.natour21 ic=null mNaviBarColor -855310 mIsGetNaviBarColorSuccess true , NavVisible : true , NavTrans : false
12-16 12:12:09.957 19002 19002 D InputMethodManager: startInputInner - Id : 0
12-16 12:12:09.957 19002 19002 I InputMethodManager: startInputInner - mService.startInputOrWindowGainedFocus
12-16 12:12:09.959 19002 19002 D InputTransport: Input channel destroyed: 'ClientS', fd=125
12-16 12:12:10.138 19002 19002 I ViewRootImpl@650238a[MainActivity]: ViewPostIme pointer 0
12-16 12:12:10.206 19002 19002 I ViewRootImpl@650238a[MainActivity]: ViewPostIme pointer 1
12-16 12:12:10.401 19002 19002 D InputMethodManager: prepareNavigationBarInfo() DecorView@5948d6[MainActivity]
12-16 12:12:10.401 19002 19002 D InputMethodManager: getNavigationBarColor() -855310
12-16 12:12:10.401 19002 19002 V InputMethodManager: Starting input: tba=com.rmc.natour21 ic=androidx.emoji2.viewsintegration.EmojiInputConnection@597566b mNaviBarColor -855310 mIsGetNaviBarColorSuccess true , NavVisible : true , NavTrans : false
12-16 12:12:10.401 19002 19002 D InputMethodManager: startInputInner - Id : 0
12-16 12:12:10.412 19002 19002 I InputMethodManager: startInputInner - mService.startInputOrWindowGainedFocus
12-16 12:12:10.414 19002 19002 D InputTransport: Input channel destroyed: 'ClientS', fd=131
12-16 12:12:11.000 19002 19002 I ViewRootImpl@650238a[MainActivity]: ViewPostIme pointer 0
12-16 12:12:11.555 19002 19064 I         : Increase max job count 60
12-16 12:12:11.608 19002 19002 I ViewRootImpl@650238a[MainActivity]: ViewPostIme pointer 1
12-16 12:12:11.809 19002 19002 I ViewRootImpl@650238a[MainActivity]: ViewPostIme pointer 0
12-16 12:12:12.322 19002 19071 D BONUSPACK: OSRMRoadManager.getRoads:https://routing.openstreetmap.de/routed-car/route/v1/driving/14.4470214844,41.4674283125;15.0787353516,40.8054938439?alternatives=false&overview=full&steps=true
12-16 12:12:12.932 19002 19071 D BONUSPACK: OSRMRoadManager.getRoads - finished
12-16 12:12:12.972 19002 19002 I ViewRootImpl@650238a[MainActivity]: ViewPostIme pointer 1
12-16 12:12:12.973 19002 19002 I Choreographer: Skipped 39 frames!  The application may be doing too much work on its main thread.
12-16 12:12:13.807 19002 19002 I ViewRootImpl@650238a[MainActivity]: ViewPostIme pointer 0
12-16 12:12:13.846 19002 19002 I ViewRootImpl@650238a[MainActivity]: ViewPostIme pointer 1
12-16 12:12:13.848 19002 19002 D InputMethodManager: SSI - flag : 0 Pid : 19002 view : com.rmc.natour21
12-16 12:12:13.848 19002 19002 D InputMethodManager: prepareNavigationBarInfo() DecorView@5948d6[MainActivity]
12-16 12:12:13.848 19002 19002 D InputMethodManager: getNavigationBarColor() -855310
12-16 12:12:13.857 19002 19002 D Editor  : waiting for the right moment
12-16 12:12:13.987 19002 19002 I ViewRootImpl@650238a[MainActivity]: MSG_RESIZED: frame=(0,0,1080,2220) ci=(0,63,0,0) vi=(0,63,0,986) or=1
12-16 12:12:16.237 19002 19120 W SendBird: [12:12:16.237 Connection$1:onMessage():235] onMessage instance : [PONG] com.sendbird.android.Connection@8ead62d
12-16 12:12:16.239 19002 19120 W Sendbird: [12:12:16.238 Connection$1:onMessage():236] onMessage instance : [PONG] com.sendbird.android.Connection@8ead62d
12-16 12:12:16.246 19002 19136 W SendBird: [12:12:16.245 EventController$1:call():141] ++ result[PONG] runnable=null
12-16 12:12:17.815 19002 19002 I ViewRootImpl@650238a[MainActivity]: ViewPostIme key 0
12-16 12:12:17.832 19002 19002 I ViewRootImpl@650238a[MainActivity]: ViewPostIme key 1
12-16 12:12:20.765 19002 19002 I ViewRootImpl@650238a[MainActivity]: ViewPostIme key 0
12-16 12:12:20.773 19002 19002 I ViewRootImpl@650238a[MainActivity]: ViewPostIme key 1
12-16 12:12:20.924 19002 19002 I ViewRootImpl@650238a[MainActivity]: ViewPostIme key 0
12-16 12:12:20.930 19002 19002 I ViewRootImpl@650238a[MainActivity]: ViewPostIme key 1
12-16 12:12:21.048 19002 19002 I ViewRootImpl@650238a[MainActivity]: ViewPostIme key 0
12-16 12:12:21.052 19002 19002 I ViewRootImpl@650238a[MainActivity]: ViewPostIme key 1
12-16 12:12:21.185 19002 19002 I ViewRootImpl@650238a[MainActivity]: ViewPostIme key 0
12-16 12:12:21.189 19002 19002 I ViewRootImpl@650238a[MainActivity]: ViewPostIme key 1
12-16 12:12:21.335 19002 19002 I ViewRootImpl@650238a[MainActivity]: ViewPostIme key 0
12-16 12:12:21.341 19002 19002 I ViewRootImpl@650238a[MainActivity]: ViewPostIme key 1
12-16 12:12:21.477 19002 19002 I ViewRootImpl@650238a[MainActivity]: ViewPostIme key 0
12-16 12:12:21.486 19002 19002 I ViewRootImpl@650238a[MainActivity]: ViewPostIme key 1
12-16 12:12:21.691 19002 19002 I ViewRootImpl@650238a[MainActivity]: ViewPostIme key 0
12-16 12:12:21.698 19002 19002 I ViewRootImpl@650238a[MainActivity]: ViewPostIme key 1
12-16 12:12:23.815 19002 19002 I ViewRootImpl@650238a[MainActivity]: The input has been finished in ImeInputStage.
12-16 12:12:23.852 19002 19002 I ViewRootImpl@650238a[MainActivity]: The input has been finished in ImeInputStage.
12-16 12:12:23.939 19002 19002 I ViewRootImpl@650238a[MainActivity]: MSG_RESIZED: frame=(0,0,1080,2220) ci=(0,63,0,0) vi=(0,63,0,0) or=1
12-16 12:12:24.676 19002 19002 I ViewRootImpl@650238a[MainActivity]: ViewPostIme pointer 0
12-16 12:12:24.713 19002 19002 I ViewRootImpl@650238a[MainActivity]: ViewPostIme pointer 1
12-16 12:12:25.116 19002 19002 W ActivityThread: handleWindowVisibility: no activity for token android.os.BinderProxy@7230a3d
12-16 12:12:25.147 19002 19002 D PhoneWindow: forceLight changed to true [] from com.android.internal.policy.PhoneWindow.updateForceLightNavigationBar:4274 com.android.internal.policy.DecorView.updateColorViews:1547 com.android.internal.policy.PhoneWindow.dispatchWindowAttributesChanged:3252 android.view.Window.setFlags:1153 com.android.internal.policy.PhoneWindow.generateLayout:2474 
12-16 12:12:25.147 19002 19002 I MultiWindowDecorSupport: [INFO] isPopOver = false
12-16 12:12:25.147 19002 19002 I MultiWindowDecorSupport: updateCaptionType >> DecorView@cf6abcf[], isFloating: false, isApplication: true, hasWindowDecorCaption: false, hasWindowControllerCallback: true
12-16 12:12:25.147 19002 19002 D MultiWindowDecorSupport: setCaptionType = 0, DecorView = DecorView@cf6abcf[]
12-16 12:12:25.176 19002 19002 I OsmDroid: Using tile source: Mapnik
12-16 12:12:25.176 19002 19002 I OsmDroid: Tile cache increased from 0 to 9
12-16 12:12:25.276 19002 19002 I ViewRootImpl@76dff9f[PathAttributesActivity]: setView = com.android.internal.policy.DecorView@cf6abcf TM=true MM=false
12-16 12:12:25.301 19002 19002 I ViewRootImpl@76dff9f[PathAttributesActivity]: Relayout returned: old=(0,0,1080,2220) new=(0,0,1080,2220) req=(1080,2220)0 dur=6 res=0x7 s={true 522724306944} ch=true
12-16 12:12:25.303 19002 19064 D mali_winsys: EGLint new_window_surface(egl_winsys_display *, void *, EGLSurface, EGLConfig, egl_winsys_surface **, EGLBoolean) returns 0x3000
12-16 12:12:25.312 19002 19002 I ViewRootImpl@76dff9f[PathAttributesActivity]: [DrawPending] drawPending(1) 1 android.view.ViewRootImpl.reportNextDraw:9952 android.view.ViewRootImpl.performTraversals:3329 android.view.ViewRootImpl.doTraversal:2222 
12-16 12:12:25.313 19002 19002 I ViewRootImpl@76dff9f[PathAttributesActivity]: [DrawPending] performDraw() Waiting asnyc report
12-16 12:12:25.364 19002 19315 I System.out: (HTTPLog)-Static: isSBSettingEnabled false
12-16 12:12:25.364 19002 19315 I System.out: (HTTPLog)-Static: isSBSettingEnabled false
12-16 12:12:25.369 19002 19002 I ViewRootImpl@76dff9f[PathAttributesActivity]: [DrawPending] pendingDrawFinished(0) 1 android.view.ViewRootImpl.lambda$performDraw$1$ViewRootImpl:4058 android.view.-$$Lambda$ViewRootImpl$7A_3tkr_Kw4TZAeIUGVlOoTcZhg.run:4 android.os.Handler.handleCallback:883 
12-16 12:12:25.369 19002 19002 I ViewRootImpl@76dff9f[PathAttributesActivity]: [DrawPending] reportDrawFinished()
12-16 12:12:25.371 19002 19002 I ViewRootImpl@650238a[MainActivity]: MSG_WINDOW_FOCUS_CHANGED 0 1
12-16 12:12:25.372 19002 19002 D InputMethodManager: prepareNavigationBarInfo() DecorView@5948d6[MainActivity]
12-16 12:12:25.372 19002 19002 D InputMethodManager: getNavigationBarColor() -855310
12-16 12:12:25.375 19002 19316 I System.out: (HTTPLog)-Static: isSBSettingEnabled false
12-16 12:12:25.375 19002 19316 I System.out: (HTTPLog)-Static: isSBSettingEnabled false
12-16 12:12:25.388 19002 19002 I ViewRootImpl@76dff9f[PathAttributesActivity]: MSG_WINDOW_FOCUS_CHANGED 1 1
12-16 12:12:25.388 19002 19002 D InputMethodManager: prepareNavigationBarInfo() DecorView@cf6abcf[PathAttributesActivity]
12-16 12:12:25.388 19002 19002 D InputMethodManager: getNavigationBarColor() -855310
12-16 12:12:25.392 19002 19002 D InputMethodManager: prepareNavigationBarInfo() DecorView@cf6abcf[PathAttributesActivity]
12-16 12:12:25.392 19002 19002 D InputMethodManager: getNavigationBarColor() -855310
12-16 12:12:25.392 19002 19002 V InputMethodManager: Starting input: tba=com.rmc.natour21 ic=null mNaviBarColor -855310 mIsGetNaviBarColorSuccess true , NavVisible : true , NavTrans : false
12-16 12:12:25.392 19002 19002 D InputMethodManager: startInputInner - Id : 0
12-16 12:12:25.392 19002 19002 I InputMethodManager: startInputInner - mService.startInputOrWindowGainedFocus
12-16 12:12:25.393 19002 19002 D InputTransport: Input channel destroyed: 'ClientS', fd=125
12-16 12:12:25.394 19002 19002 I ViewRootImpl@76dff9f[PathAttributesActivity]: MSG_RESIZED: frame=(0,0,1080,2220) ci=(0,63,0,0) vi=(0,63,0,0) or=1
12-16 12:12:25.680 19002 19315 I System.out: (HTTPLog)-Static: isSBSettingEnabled false
12-16 12:12:25.680 19002 19315 I System.out: (HTTPLog)-Static: isSBSettingEnabled false
12-16 12:12:25.705 19002 19316 I System.out: (HTTPLog)-Static: isSBSettingEnabled false
12-16 12:12:25.705 19002 19316 I System.out: (HTTPLog)-Static: isSBSettingEnabled false
12-16 12:12:25.777 19002 19315 I System.out: (HTTPLog)-Static: isSBSettingEnabled false
12-16 12:12:25.777 19002 19315 I System.out: (HTTPLog)-Static: isSBSettingEnabled false
12-16 12:12:25.804 19002 19064 W libEGL  : EGLNativeWindowType 0x795758ccd0 disconnect failed
12-16 12:12:25.810 19002 19002 I ViewRootImpl@650238a[MainActivity]: Relayout returned: old=(0,0,1080,2220) new=(0,0,1080,2220) req=(1080,2220)8 dur=6 res=0x5 s={false 0} ch=true
12-16 12:12:25.812 19002 19002 I ViewRootImpl@650238a[MainActivity]: stopped(true) old=false
12-16 12:12:25.813 19002 19002 D ConnectivityManager: unregisterNetworkCallback; CallingUid : 10308, CallingPid : 19002
12-16 12:12:25.857 19002 19315 I System.out: (HTTPLog)-Static: isSBSettingEnabled false
12-16 12:12:25.857 19002 19315 I System.out: (HTTPLog)-Static: isSBSettingEnabled false
12-16 12:12:25.897 19002 19002 I ViewRootImpl@76dff9f[PathAttributesActivity]: ViewPostIme pointer 0
12-16 12:12:25.938 19002 19002 I ViewRootImpl@76dff9f[PathAttributesActivity]: ViewPostIme pointer 1
12-16 12:12:25.944 19002 19002 D InputMethodManager: prepareNavigationBarInfo() DecorView@cf6abcf[PathAttributesActivity]
12-16 12:12:25.944 19002 19002 D InputMethodManager: getNavigationBarColor() -855310
12-16 12:12:25.944 19002 19002 V InputMethodManager: Starting input: tba=com.rmc.natour21 ic=androidx.emoji2.viewsintegration.EmojiInputConnection@bfe9832 mNaviBarColor -855310 mIsGetNaviBarColorSuccess true , NavVisible : true , NavTrans : false
12-16 12:12:25.944 19002 19002 D InputMethodManager: startInputInner - Id : 0
12-16 12:12:25.947 19002 19002 I InputMethodManager: startInputInner - mService.startInputOrWindowGainedFocus
12-16 12:12:25.948 19002 19002 D InputTransport: Input channel destroyed: 'ClientS', fd=136
12-16 12:12:25.949 19002 19002 D InputMethodManager: SSI - flag : 0 Pid : 19002 view : com.rmc.natour21
12-16 12:12:25.949 19002 19002 D InputMethodManager: prepareNavigationBarInfo() DecorView@cf6abcf[PathAttributesActivity]
12-16 12:12:25.949 19002 19002 D InputMethodManager: getNavigationBarColor() -855310
12-16 12:12:25.952 19002 19002 D Editor  : waiting for the right moment
12-16 12:12:25.960 19002 19002 I AssistStructure: Flattened final assist data: 2936 bytes, containing 1 windows, 16 views
12-16 12:12:26.031 19002 19002 I ViewRootImpl@76dff9f[PathAttributesActivity]: MSG_RESIZED: frame=(0,0,1080,2220) ci=(0,63,0,986) vi=(0,63,0,986) or=1
12-16 12:12:26.052 19002 19002 I ViewRootImpl@76dff9f[PathAttributesActivity]: Relayout returned: old=(0,0,1080,2220) new=(0,0,1080,2220) req=(1080,2220)0 dur=11 res=0x1 s={true 522724306944} ch=false
12-16 12:12:26.097 19002 19316 I System.out: (HTTPLog)-Static: isSBSettingEnabled false
12-16 12:12:26.097 19002 19316 I System.out: (HTTPLog)-Static: isSBSettingEnabled false
12-16 12:12:30.227 19002 19002 I ViewRootImpl@76dff9f[PathAttributesActivity]: ViewPostIme pointer 0
12-16 12:12:30.274 19002 19002 I ViewRootImpl@76dff9f[PathAttributesActivity]: ViewPostIme pointer 1
12-16 12:12:30.276 19002 19002 D InputMethodManager: SSI - flag : 0 Pid : 19002 view : com.rmc.natour21
12-16 12:12:30.276 19002 19002 D InputMethodManager: prepareNavigationBarInfo() DecorView@cf6abcf[PathAttributesActivity]
12-16 12:12:30.276 19002 19002 D InputMethodManager: getNavigationBarColor() -855310
12-16 12:12:30.316 19002 19002 I ViewRootImpl@baf6ddb[PopupWindow:156a78c]: setView = android.widget.PopupWindow$PopupDecorView@f8cb078 TM=true MM=false
12-16 12:12:30.328 19002 19002 I ViewRootImpl@d185c24[PopupWindow:17be351]: setView = android.widget.PopupWindow$PopupDecorView@74a638d TM=true MM=false
12-16 12:12:30.356 19002 19002 I ViewRootImpl@baf6ddb[PopupWindow:156a78c]: Relayout returned: old=(0,63,1080,2220) new=(50,910,130,1005) req=(80,95)0 dur=14 res=0x7 s={true 525359411200} ch=true
12-16 12:12:30.359 19002 19064 D mali_winsys: EGLint new_window_surface(egl_winsys_display *, void *, EGLSurface, EGLConfig, egl_winsys_surface **, EGLBoolean) returns 0x3000
12-16 12:12:30.360 19002 19002 I ViewRootImpl@baf6ddb[PopupWindow:156a78c]: [DrawPending] drawPending(1) 0 android.view.ViewRootImpl.reportNextDraw:9952 android.view.ViewRootImpl.performTraversals:3329 android.view.ViewRootImpl.doTraversal:2222 
12-16 12:12:30.360 19002 19002 I ViewRootImpl@baf6ddb[PopupWindow:156a78c]: [DrawPending] performDraw() Waiting asnyc report
12-16 12:12:30.363 19002 19373 I OpenGLRenderer: doUpdatePositionAsync is called and callVoidMethod
12-16 12:12:30.383 19002 19002 I ViewRootImpl@d185c24[PopupWindow:17be351]: Relayout returned: old=(0,63,1080,2220) new=(50,806,130,910) req=(80,104)0 dur=11 res=0x7 s={true 522962935808} ch=true
12-16 12:12:30.387 19002 19064 D mali_winsys: EGLint new_window_surface(egl_winsys_display *, void *, EGLSurface, EGLConfig, egl_winsys_surface **, EGLBoolean) returns 0x3000
12-16 12:12:30.388 19002 19002 I ViewRootImpl@d185c24[PopupWindow:17be351]: [DrawPending] drawPending(1) 0 android.view.ViewRootImpl.reportNextDraw:9952 android.view.ViewRootImpl.performTraversals:3329 android.view.ViewRootImpl.doTraversal:2222 
12-16 12:12:30.389 19002 19002 I ViewRootImpl@d185c24[PopupWindow:17be351]: [DrawPending] performDraw() Waiting asnyc report
12-16 12:12:30.396 19002 19002 I ViewRootImpl@d185c24[PopupWindow:17be351]: [DrawPending] pendingDrawFinished(0) 0 android.view.ViewRootImpl.lambda$performDraw$1$ViewRootImpl:4058 android.view.-$$Lambda$ViewRootImpl$7A_3tkr_Kw4TZAeIUGVlOoTcZhg.run:4 android.os.Handler.handleCallback:883 
12-16 12:12:30.396 19002 19002 I ViewRootImpl@d185c24[PopupWindow:17be351]: [DrawPending] reportDrawFinished()
12-16 12:12:30.397 19002 19002 I ViewRootImpl@baf6ddb[PopupWindow:156a78c]: [DrawPending] pendingDrawFinished(0) 0 android.view.ViewRootImpl.lambda$performDraw$1$ViewRootImpl:4058 android.view.-$$Lambda$ViewRootImpl$7A_3tkr_Kw4TZAeIUGVlOoTcZhg.run:4 android.os.Handler.handleCallback:883 
12-16 12:12:30.397 19002 19002 I ViewRootImpl@baf6ddb[PopupWindow:156a78c]: [DrawPending] reportDrawFinished()
12-16 12:12:30.411 19002 19002 I ViewRootImpl@baf6ddb[PopupWindow:156a78c]: MSG_RESIZED_REPORT: frame=(50,910,130,1005) ci=(0,0,0,0) vi=(0,0,0,0) or=1
12-16 12:12:30.412 19002 19002 I ViewRootImpl@baf6ddb[PopupWindow:156a78c]: [DrawPending] drawPending(1) 0 android.view.ViewRootImpl.reportNextDraw:9952 android.view.ViewRootImpl.access$900:205 android.view.ViewRootImpl$ViewRootHandler.handleMessage:5350 
12-16 12:12:30.413 19002 19002 I ViewRootImpl@d185c24[PopupWindow:17be351]: MSG_RESIZED: frame=(50,806,130,910) ci=(0,0,0,0) vi=(0,0,0,0) or=1
12-16 12:12:30.418 19002 19002 I ViewRootImpl@baf6ddb[PopupWindow:156a78c]: [DrawPending] performDraw() Waiting asnyc report
12-16 12:12:30.432 19002 19002 I ViewRootImpl@baf6ddb[PopupWindow:156a78c]: [DrawPending] pendingDrawFinished(0) 0 android.view.ViewRootImpl.lambda$performDraw$1$ViewRootImpl:4058 android.view.-$$Lambda$ViewRootImpl$7A_3tkr_Kw4TZAeIUGVlOoTcZhg.run:4 android.os.Handler.handleCallback:883 
12-16 12:12:30.432 19002 19002 I ViewRootImpl@baf6ddb[PopupWindow:156a78c]: [DrawPending] reportDrawFinished()
12-16 12:12:31.128 19002 19002 I ViewRootImpl@76dff9f[PathAttributesActivity]: ViewPostIme key 0
12-16 12:12:31.136 19002 19002 I ViewRootImpl@76dff9f[PathAttributesActivity]: ViewPostIme key 1
12-16 12:12:31.237 19002 19120 W SendBird: [12:12:31.234 Connection$1:onMessage():235] onMessage instance : [PONG] com.sendbird.android.Connection@8ead62d
12-16 12:12:31.238 19002 19064 W libEGL  : EGLNativeWindowType 0x79579f4c90 disconnect failed
12-16 12:12:31.239 19002 19120 W Sendbird: [12:12:31.238 Connection$1:onMessage():236] onMessage instance : [PONG] com.sendbird.android.Connection@8ead62d
12-16 12:12:31.239 19002 19002 I ViewRootImpl@baf6ddb[PopupWindow:156a78c]: dispatchDetachedFromWindow
12-16 12:12:31.245 19002 19136 W SendBird: [12:12:31.244 EventController$1:call():141] ++ result[PONG] runnable=null
12-16 12:12:31.246 19002 19002 D InputTransport: Input channel destroyed: '77d891d', fd=72
12-16 12:12:31.248 19002 19064 W libEGL  : EGLNativeWindowType 0x79240def90 disconnect failed
12-16 12:12:31.248 19002 19002 I ViewRootImpl@d185c24[PopupWindow:17be351]: dispatchDetachedFromWindow
12-16 12:12:31.256 19002 19002 D InputTransport: Input channel destroyed: '92ec563', fd=75
12-16 12:12:32.231 19002 19002 I ViewRootImpl@76dff9f[PathAttributesActivity]: ViewPostIme pointer 0
12-16 12:12:32.386 19002 19002 I ViewRootImpl@76dff9f[PathAttributesActivity]: The input has been finished in ImeInputStage.
12-16 12:12:32.398 19002 19002 I ViewRootImpl@76dff9f[PathAttributesActivity]: The input has been finished in ImeInputStage.
12-16 12:12:32.476 19002 19002 I ViewRootImpl@76dff9f[PathAttributesActivity]: MSG_RESIZED: frame=(0,0,1080,2220) ci=(0,63,0,0) vi=(0,63,0,0) or=1
12-16 12:12:32.510 19002 19002 I ViewRootImpl@76dff9f[PathAttributesActivity]: Relayout returned: old=(0,0,1080,2220) new=(0,0,1080,2220) req=(1080,2220)0 dur=11 res=0x1 s={true 522724306944} ch=false
12-16 12:12:32.881 19002 19002 I ViewRootImpl@76dff9f[PathAttributesActivity]: ViewPostIme pointer 0
12-16 12:12:32.921 19002 19002 I ViewRootImpl@76dff9f[PathAttributesActivity]: ViewPostIme pointer 1
12-16 12:12:32.928 19002 19002 D InputMethodManager: prepareNavigationBarInfo() DecorView@cf6abcf[PathAttributesActivity]
12-16 12:12:32.928 19002 19002 D InputMethodManager: getNavigationBarColor() -855310
12-16 12:12:32.928 19002 19002 V InputMethodManager: Starting input: tba=com.rmc.natour21 ic=androidx.emoji2.viewsintegration.EmojiInputConnection@46849fd mNaviBarColor -855310 mIsGetNaviBarColorSuccess true , NavVisible : true , NavTrans : false
12-16 12:12:32.929 19002 19002 D InputMethodManager: startInputInner - Id : 0
12-16 12:12:32.933 19002 19002 I InputMethodManager: startInputInner - mService.startInputOrWindowGainedFocus
12-16 12:12:32.936 19002 19002 D InputTransport: Input channel destroyed: 'ClientS', fd=124
12-16 12:12:32.936 19002 19002 D InputMethodManager: SSI - flag : 0 Pid : 19002 view : com.rmc.natour21
12-16 12:12:32.937 19002 19002 D InputMethodManager: prepareNavigationBarInfo() DecorView@cf6abcf[PathAttributesActivity]
12-16 12:12:32.937 19002 19002 D InputMethodManager: getNavigationBarColor() -855310
12-16 12:12:32.943 19002 19002 D Editor  : waiting for the right moment
12-16 12:12:33.022 19002 19002 I ViewRootImpl@76dff9f[PathAttributesActivity]: MSG_RESIZED: frame=(0,0,1080,2220) ci=(0,63,0,876) vi=(0,63,0,876) or=1
12-16 12:12:33.062 19002 19002 I ViewRootImpl@76dff9f[PathAttributesActivity]: Relayout returned: old=(0,0,1080,2220) new=(0,0,1080,2220) req=(1080,2220)0 dur=22 res=0x1 s={true 522724306944} ch=false
12-16 12:12:34.156 19002 19002 I ViewRootImpl@76dff9f[PathAttributesActivity]: ViewPostIme key 0
12-16 12:12:34.162 19002 19002 I ViewRootImpl@76dff9f[PathAttributesActivity]: ViewPostIme key 1
12-16 12:12:35.049 19002 19002 I ViewRootImpl@76dff9f[PathAttributesActivity]: ViewPostIme key 0
12-16 12:12:35.071 19002 19002 I ViewRootImpl@76dff9f[PathAttributesActivity]: ViewPostIme key 1
12-16 12:12:35.534 19002 19002 I ViewRootImpl@76dff9f[PathAttributesActivity]: ViewPostIme key 0
12-16 12:12:35.540 19002 19002 I ViewRootImpl@76dff9f[PathAttributesActivity]: ViewPostIme key 1
12-16 12:12:35.660 19002 19002 I ViewRootImpl@76dff9f[PathAttributesActivity]: ViewPostIme key 0
12-16 12:12:35.666 19002 19002 I ViewRootImpl@76dff9f[PathAttributesActivity]: ViewPostIme key 1
12-16 12:12:35.819 19002 19002 I ViewRootImpl@76dff9f[PathAttributesActivity]: ViewPostIme key 0
12-16 12:12:35.825 19002 19002 I ViewRootImpl@76dff9f[PathAttributesActivity]: ViewPostIme key 1
12-16 12:12:36.360 19002 19002 I ViewRootImpl@76dff9f[PathAttributesActivity]: ViewPostIme pointer 0
12-16 12:12:36.475 19002 19002 I ViewRootImpl@76dff9f[PathAttributesActivity]: The input has been finished in ImeInputStage.
12-16 12:12:36.485 19002 19002 I ViewRootImpl@76dff9f[PathAttributesActivity]: The input has been finished in ImeInputStage.
12-16 12:12:36.544 19002 19002 I ViewRootImpl@76dff9f[PathAttributesActivity]: MSG_RESIZED: frame=(0,0,1080,2220) ci=(0,63,0,0) vi=(0,63,0,0) or=1
12-16 12:12:36.578 19002 19002 I ViewRootImpl@76dff9f[PathAttributesActivity]: Relayout returned: old=(0,0,1080,2220) new=(0,0,1080,2220) req=(1080,2220)0 dur=13 res=0x1 s={true 522724306944} ch=false
12-16 12:12:37.461 19002 19002 I ViewRootImpl@76dff9f[PathAttributesActivity]: ViewPostIme pointer 0
12-16 12:12:37.516 19002 19002 I ViewRootImpl@76dff9f[PathAttributesActivity]: ViewPostIme pointer 1
12-16 12:12:37.517 19002 19002 D InputMethodManager: SSI - flag : 0 Pid : 19002 view : com.rmc.natour21
12-16 12:12:37.517 19002 19002 D InputMethodManager: prepareNavigationBarInfo() DecorView@cf6abcf[PathAttributesActivity]
12-16 12:12:37.517 19002 19002 D InputMethodManager: getNavigationBarColor() -855310
12-16 12:12:37.568 19002 19002 I ViewRootImpl@76dff9f[PathAttributesActivity]: MSG_RESIZED: frame=(0,0,1080,2220) ci=(0,63,0,876) vi=(0,63,0,876) or=1
12-16 12:12:37.598 19002 19002 I ViewRootImpl@76dff9f[PathAttributesActivity]: Relayout returned: old=(0,0,1080,2220) new=(0,0,1080,2220) req=(1080,2220)0 dur=5 res=0x1 s={true 522724306944} ch=false
12-16 12:12:37.610 19002 19002 I ViewRootImpl@78ca269[PopupWindow:394d0a2]: setView = android.widget.PopupWindow$PopupDecorView@69354ee TM=true MM=false
12-16 12:12:37.614 19002 19002 I ViewRootImpl@ee3d1fa[PopupWindow:eafdd8f]: setView = android.widget.PopupWindow$PopupDecorView@256c3ab TM=true MM=false
12-16 12:12:37.631 19002 19002 I ViewRootImpl@78ca269[PopupWindow:394d0a2]: Relayout returned: old=(0,63,1080,2220) new=(145,442,225,537) req=(80,95)0 dur=6 res=0x7 s={true 522962935808} ch=true
12-16 12:12:37.632 19002 19064 D mali_winsys: EGLint new_window_surface(egl_winsys_display *, void *, EGLSurface, EGLConfig, egl_winsys_surface **, EGLBoolean) returns 0x3000
12-16 12:12:37.633 19002 19002 I ViewRootImpl@78ca269[PopupWindow:394d0a2]: [DrawPending] drawPending(1) 0 android.view.ViewRootImpl.reportNextDraw:9952 android.view.ViewRootImpl.performTraversals:3329 android.view.ViewRootImpl.doTraversal:2222 
12-16 12:12:37.633 19002 19002 I ViewRootImpl@78ca269[PopupWindow:394d0a2]: [DrawPending] performDraw() Waiting asnyc report
12-16 12:12:37.634 19002 19374 I OpenGLRenderer: doUpdatePositionAsync is called and callVoidMethod
12-16 12:12:37.644 19002 19002 I ViewRootImpl@ee3d1fa[PopupWindow:eafdd8f]: Relayout returned: old=(0,63,1080,2220) new=(145,338,225,442) req=(80,104)0 dur=5 res=0x7 s={true 522725892096} ch=true
12-16 12:12:37.645 19002 19064 D mali_winsys: EGLint new_window_surface(egl_winsys_display *, void *, EGLSurface, EGLConfig, egl_winsys_surface **, EGLBoolean) returns 0x3000
12-16 12:12:37.645 19002 19002 I ViewRootImpl@ee3d1fa[PopupWindow:eafdd8f]: [DrawPending] drawPending(1) 0 android.view.ViewRootImpl.reportNextDraw:9952 android.view.ViewRootImpl.performTraversals:3329 android.view.ViewRootImpl.doTraversal:2222 
12-16 12:12:37.645 19002 19002 I ViewRootImpl@ee3d1fa[PopupWindow:eafdd8f]: [DrawPending] performDraw() Waiting asnyc report
12-16 12:12:37.647 19002 19002 I ViewRootImpl@ee3d1fa[PopupWindow:eafdd8f]: [DrawPending] pendingDrawFinished(0) 0 android.view.ViewRootImpl.lambda$performDraw$1$ViewRootImpl:4058 android.view.-$$Lambda$ViewRootImpl$7A_3tkr_Kw4TZAeIUGVlOoTcZhg.run:4 android.os.Handler.handleCallback:883 
12-16 12:12:37.647 19002 19002 I ViewRootImpl@ee3d1fa[PopupWindow:eafdd8f]: [DrawPending] reportDrawFinished()
12-16 12:12:37.648 19002 19002 I ViewRootImpl@78ca269[PopupWindow:394d0a2]: [DrawPending] pendingDrawFinished(0) 0 android.view.ViewRootImpl.lambda$performDraw$1$ViewRootImpl:4058 android.view.-$$Lambda$ViewRootImpl$7A_3tkr_Kw4TZAeIUGVlOoTcZhg.run:4 android.os.Handler.handleCallback:883 
12-16 12:12:37.648 19002 19002 I ViewRootImpl@78ca269[PopupWindow:394d0a2]: [DrawPending] reportDrawFinished()
12-16 12:12:37.652 19002 19002 I ViewRootImpl@78ca269[PopupWindow:394d0a2]: MSG_RESIZED_REPORT: frame=(145,442,225,537) ci=(0,0,0,0) vi=(0,0,0,0) or=1
12-16 12:12:37.652 19002 19002 I ViewRootImpl@78ca269[PopupWindow:394d0a2]: [DrawPending] drawPending(1) 0 android.view.ViewRootImpl.reportNextDraw:9952 android.view.ViewRootImpl.access$900:205 android.view.ViewRootImpl$ViewRootHandler.handleMessage:5350 
12-16 12:12:37.653 19002 19002 I ViewRootImpl@ee3d1fa[PopupWindow:eafdd8f]: MSG_RESIZED: frame=(145,338,225,442) ci=(0,0,0,0) vi=(0,0,0,0) or=1
12-16 12:12:37.668 19002 19002 I ViewRootImpl@78ca269[PopupWindow:394d0a2]: [DrawPending] performDraw() Waiting asnyc report
12-16 12:12:37.671 19002 19002 I ViewRootImpl@78ca269[PopupWindow:394d0a2]: [DrawPending] pendingDrawFinished(0) 0 android.view.ViewRootImpl.lambda$performDraw$1$ViewRootImpl:4058 android.view.-$$Lambda$ViewRootImpl$7A_3tkr_Kw4TZAeIUGVlOoTcZhg.run:4 android.os.Handler.handleCallback:883 
12-16 12:12:37.671 19002 19002 I ViewRootImpl@78ca269[PopupWindow:394d0a2]: [DrawPending] reportDrawFinished()
12-16 12:12:38.143 19002 19002 I ViewRootImpl@76dff9f[PathAttributesActivity]: ViewPostIme key 0
12-16 12:12:38.148 19002 19002 I ViewRootImpl@76dff9f[PathAttributesActivity]: ViewPostIme key 1
12-16 12:12:38.256 19002 19064 W libEGL  : EGLNativeWindowType 0x795758d450 disconnect failed
12-16 12:12:38.256 19002 19002 I ViewRootImpl@78ca269[PopupWindow:394d0a2]: dispatchDetachedFromWindow
12-16 12:12:38.263 19002 19002 D InputTransport: Input channel destroyed: 'e7acd67', fd=75
12-16 12:12:38.267 19002 19064 W libEGL  : EGLNativeWindowType 0x79579f4c90 disconnect failed
12-16 12:12:38.267 19002 19002 I ViewRootImpl@ee3d1fa[PopupWindow:eafdd8f]: dispatchDetachedFromWindow
12-16 12:12:38.277 19002 19002 D InputTransport: Input channel destroyed: 'cf84bbd', fd=77
12-16 12:12:38.278 19002 19002 I ViewRootImpl@76dff9f[PathAttributesActivity]: ViewPostIme key 0
12-16 12:12:38.286 19002 19002 I ViewRootImpl@76dff9f[PathAttributesActivity]: ViewPostIme key 1
12-16 12:12:38.420 19002 19002 I ViewRootImpl@76dff9f[PathAttributesActivity]: ViewPostIme key 0
12-16 12:12:38.431 19002 19002 I ViewRootImpl@76dff9f[PathAttributesActivity]: ViewPostIme key 1
12-16 12:12:38.872 19002 19002 I ViewRootImpl@76dff9f[PathAttributesActivity]: ViewPostIme key 0
12-16 12:12:38.878 19002 19002 I ViewRootImpl@76dff9f[PathAttributesActivity]: ViewPostIme key 1
12-16 12:12:38.948 19002 19002 I ViewRootImpl@76dff9f[PathAttributesActivity]: ViewPostIme key 0
12-16 12:12:38.957 19002 19002 I ViewRootImpl@76dff9f[PathAttributesActivity]: ViewPostIme key 1
12-16 12:12:39.090 19002 19002 I ViewRootImpl@76dff9f[PathAttributesActivity]: ViewPostIme key 0
12-16 12:12:39.096 19002 19002 I ViewRootImpl@76dff9f[PathAttributesActivity]: ViewPostIme key 1
12-16 12:12:39.415 19002 19002 I ViewRootImpl@76dff9f[PathAttributesActivity]: ViewPostIme pointer 0
12-16 12:12:39.546 19002 19002 I ViewRootImpl@76dff9f[PathAttributesActivity]: The input has been finished in ImeInputStage.
12-16 12:12:39.554 19002 19002 I ViewRootImpl@76dff9f[PathAttributesActivity]: The input has been finished in ImeInputStage.
12-16 12:12:39.607 19002 19002 I ViewRootImpl@76dff9f[PathAttributesActivity]: MSG_RESIZED: frame=(0,0,1080,2220) ci=(0,63,0,0) vi=(0,63,0,0) or=1
12-16 12:12:39.639 19002 19002 I ViewRootImpl@76dff9f[PathAttributesActivity]: Relayout returned: old=(0,0,1080,2220) new=(0,0,1080,2220) req=(1080,2220)0 dur=10 res=0x1 s={true 522724306944} ch=false
12-16 12:12:42.088 19002 19002 I ViewRootImpl@76dff9f[PathAttributesActivity]: ViewPostIme pointer 0
12-16 12:12:42.207 19002 19002 I ViewRootImpl@76dff9f[PathAttributesActivity]: ViewPostIme pointer 1
12-16 12:12:42.819 19002 19002 I ViewRootImpl@76dff9f[PathAttributesActivity]: ViewPostIme pointer 0
12-16 12:12:43.085 19002 19002 I ViewRootImpl@76dff9f[PathAttributesActivity]: ViewPostIme pointer 1
12-16 12:12:43.803 19002 19002 I ViewRootImpl@76dff9f[PathAttributesActivity]: ViewPostIme pointer 0
12-16 12:12:43.854 19002 19002 I ViewRootImpl@76dff9f[PathAttributesActivity]: ViewPostIme pointer 1
12-16 12:12:43.887 19002 19002 D Dialog  : mIsSamsungBasicInteraction = false
12-16 12:12:43.887 19002 19002 D Dialog  : mIsSamsungBasicInteraction = false, isMetaDataInActivity = false
12-16 12:12:43.903 19002 19002 I MultiWindowDecorSupport: [INFO] isPopOver = false
12-16 12:12:43.903 19002 19002 I MultiWindowDecorSupport: updateCaptionType >> DecorView@634ce57[], isFloating: true, isApplication: true, hasWindowDecorCaption: false, hasWindowControllerCallback: false
12-16 12:12:43.904 19002 19002 D MultiWindowDecorSupport: setCaptionType = 0, DecorView = DecorView@634ce57[]
12-16 12:12:43.961 19002 19002 D ScrollView: initGoToTop
12-16 12:12:43.999 19002 19002 I ViewRootImpl@159990c[PathAttributesActivity]: setView = com.android.internal.policy.DecorView@634ce57 TM=true MM=false
12-16 12:12:44.030 19002 19002 I ViewRootImpl@159990c[PathAttributesActivity]: Relayout returned: old=(0,63,1080,2220) new=(28,874,1052,1408) req=(1024,534)0 dur=12 res=0x7 s={true 522725892096} ch=true
12-16 12:12:44.032 19002 19064 D mali_winsys: EGLint new_window_surface(egl_winsys_display *, void *, EGLSurface, EGLConfig, egl_winsys_surface **, EGLBoolean) returns 0x3000
12-16 12:12:44.038 19002 19002 I ViewRootImpl@159990c[PathAttributesActivity]: [DrawPending] drawPending(1) 1 android.view.ViewRootImpl.reportNextDraw:9952 android.view.ViewRootImpl.performTraversals:3329 android.view.ViewRootImpl.doTraversal:2222 
12-16 12:12:44.039 19002 19002 I ViewRootImpl@159990c[PathAttributesActivity]: [DrawPending] performDraw() Waiting asnyc report
12-16 12:12:44.041 19002 19002 E DecorView: mWindow.mActivityCurrentConfig is null
12-16 12:12:44.051 19002 19002 I ViewRootImpl@159990c[PathAttributesActivity]: [DrawPending] pendingDrawFinished(0) 1 android.view.ViewRootImpl.lambda$performDraw$1$ViewRootImpl:4058 android.view.-$$Lambda$ViewRootImpl$7A_3tkr_Kw4TZAeIUGVlOoTcZhg.run:4 android.os.Handler.handleCallback:883 
12-16 12:12:44.051 19002 19002 I ViewRootImpl@159990c[PathAttributesActivity]: [DrawPending] reportDrawFinished()
12-16 12:12:44.052 19002 19002 I ViewRootImpl@159990c[PathAttributesActivity]: MSG_WINDOW_FOCUS_CHANGED 1 1
12-16 12:12:44.062 19002 19002 I ViewRootImpl@159990c[PathAttributesActivity]: MSG_RESIZED: frame=(28,874,1052,1408) ci=(0,0,0,0) vi=(0,0,0,0) or=1
12-16 12:12:44.069 19002 19002 I ViewRootImpl@76dff9f[PathAttributesActivity]: MSG_WINDOW_FOCUS_CHANGED 0 1
12-16 12:12:44.069 19002 19002 D InputMethodManager: prepareNavigationBarInfo() DecorView@cf6abcf[PathAttributesActivity]
12-16 12:12:44.069 19002 19002 D InputMethodManager: getNavigationBarColor() -855310
12-16 12:12:45.075 19002 19002 D Toast   : show: focusDisplayId = 0, isFocusInDesktop = false mCustomDisplayId=-1
12-16 12:12:45.111 19002 19086 V Toast   : SHOW: android.widget.Toast$TN@46d1458
12-16 12:12:45.116 19002 19064 W libEGL  : EGLNativeWindowType 0x79579f4c90 disconnect failed
12-16 12:12:45.116 19002 19002 I ViewRootImpl@159990c[PathAttributesActivity]: dispatchDetachedFromWindow
12-16 12:12:45.124 19002 19002 D InputTransport: Input channel destroyed: '4317fe6', fd=75
12-16 12:12:45.125 19002 19002 I ViewRootImpl@650238a[MainActivity]: stopped(false) old=true
12-16 12:12:45.129 19002 19002 D ConnectivityManager: requestNetwork; CallingUid : 10308, CallingPid : 19002
12-16 12:12:45.136 19002 19002 I ViewRootImpl@650238a[MainActivity]: stopped(false) old=false
12-16 12:12:45.149 19002 19002 E ViewRootImpl: sendUserActionEvent() mView returned.
12-16 12:12:45.149 19002 19002 V Toast   : HANDLE SHOW: android.widget.Toast$TN@46d1458 mView=null mNextView=android.widget.LinearLayout{7a232b V.E...... ......I. 0,0-0,0}
12-16 12:12:45.149 19002 19002 V Toast   : HANDLE HIDE: android.widget.Toast$TN@46d1458 mView=null
12-16 12:12:45.163 19002 19002 I ViewRootImpl@b5e03d2[Toast]: setView = android.widget.LinearLayout@7a232b TM=true MM=false
12-16 12:12:45.163 19002 19002 V Toast   : Text: Qerc in android.widget.Toast$TN@46d1458
12-16 12:12:45.173 19002 19002 I ViewRootImpl@650238a[MainActivity]: Relayout returned: old=(0,0,1080,2220) new=(0,0,1080,2220) req=(1080,2220)0 dur=8 res=0x7 s={true 522725892096} ch=true
12-16 12:12:45.174 19002 19002 I ViewRootImpl@650238a[MainActivity]: [DrawPending] drawPending(1) 1 android.view.ViewRootImpl.reportNextDraw:9952 android.view.ViewRootImpl.performTraversals:3329 android.view.ViewRootImpl.doTraversal:2222 
12-16 12:12:45.174 19002 19064 D mali_winsys: EGLint new_window_surface(egl_winsys_display *, void *, EGLSurface, EGLConfig, egl_winsys_surface **, EGLBoolean) returns 0x3000
12-16 12:12:45.174 19002 19002 I ViewRootImpl@650238a[MainActivity]: [DrawPending] performDraw() Waiting asnyc report
12-16 12:12:45.206 19002 19002 I ViewRootImpl@b5e03d2[Toast]: Relayout returned: old=(0,63,1080,2220) new=(183,1936,896,2052) req=(713,116)0 dur=10 res=0x7 s={true 522733993984} ch=true
12-16 12:12:45.208 19002 19064 D mali_winsys: EGLint new_window_surface(egl_winsys_display *, void *, EGLSurface, EGLConfig, egl_winsys_surface **, EGLBoolean) returns 0x3000
12-16 12:12:45.208 19002 19002 I ViewRootImpl@b5e03d2[Toast]: [DrawPending] drawPending(1) 0 android.view.ViewRootImpl.reportNextDraw:9952 android.view.ViewRootImpl.performTraversals:3329 android.view.ViewRootImpl.doTraversal:2222 
12-16 12:12:45.208 19002 19002 I ViewRootImpl@b5e03d2[Toast]: [DrawPending] performDraw() Waiting asnyc report
12-16 12:12:45.213 19002 19002 I ViewRootImpl@b5e03d2[Toast]: [DrawPending] pendingDrawFinished(0) 0 android.view.ViewRootImpl.lambda$performDraw$1$ViewRootImpl:4058 android.view.-$$Lambda$ViewRootImpl$7A_3tkr_Kw4TZAeIUGVlOoTcZhg.run:4 android.os.Handler.handleCallback:883 
12-16 12:12:45.213 19002 19002 I ViewRootImpl@b5e03d2[Toast]: [DrawPending] reportDrawFinished()
12-16 12:12:45.214 19002 19002 I ViewRootImpl@650238a[MainActivity]: [DrawPending] pendingDrawFinished(0) 1 android.view.ViewRootImpl.lambda$performDraw$1$ViewRootImpl:4058 android.view.-$$Lambda$ViewRootImpl$7A_3tkr_Kw4TZAeIUGVlOoTcZhg.run:4 android.os.Handler.handleCallback:883 
12-16 12:12:45.214 19002 19002 I ViewRootImpl@650238a[MainActivity]: [DrawPending] reportDrawFinished()
12-16 12:12:45.228 19002 19002 I ViewRootImpl@650238a[MainActivity]: MSG_WINDOW_FOCUS_CHANGED 1 1
12-16 12:12:45.228 19002 19002 D InputMethodManager: prepareNavigationBarInfo() DecorView@5948d6[MainActivity]
12-16 12:12:45.228 19002 19002 D InputMethodManager: getNavigationBarColor() -855310
12-16 12:12:45.250 19002 19002 D InputMethodManager: prepareNavigationBarInfo() DecorView@5948d6[MainActivity]
12-16 12:12:45.251 19002 19002 D InputMethodManager: getNavigationBarColor() -855310
12-16 12:12:45.251 19002 19002 V InputMethodManager: Starting input: tba=com.rmc.natour21 ic=androidx.emoji2.viewsintegration.EmojiInputConnection@e6e2d1b mNaviBarColor -855310 mIsGetNaviBarColorSuccess true , NavVisible : true , NavTrans : false
12-16 12:12:45.251 19002 19002 D InputMethodManager: startInputInner - Id : 0
12-16 12:12:45.255 19002 19002 I InputMethodManager: startInputInner - mService.startInputOrWindowGainedFocus
12-16 12:12:45.258 19002 19002 D InputTransport: Input channel destroyed: 'ClientS', fd=72
12-16 12:12:45.258 19002 19002 I ViewRootImpl@b5e03d2[Toast]: MSG_RESIZED: frame=(183,1936,896,2052) ci=(0,0,0,0) vi=(357,116,713,116) or=1
12-16 12:12:45.649 19002 19064 W libEGL  : EGLNativeWindowType 0x796cdc36d0 disconnect failed
12-16 12:12:45.671 19002 19002 I ViewRootImpl@76dff9f[PathAttributesActivity]: Relayout returned: old=(0,0,1080,2220) new=(0,0,1080,2220) req=(1080,2220)8 dur=18 res=0x5 s={false 0} ch=true
12-16 12:12:45.675 19002 19002 I ViewRootImpl@76dff9f[PathAttributesActivity]: stopped(true) old=false
12-16 12:12:45.732 19002 19002 I ViewRootImpl@76dff9f[PathAttributesActivity]: dispatchDetachedFromWindow
12-16 12:12:45.742 19002 19002 D InputTransport: Input channel destroyed: '48c496a', fd=132
12-16 12:12:46.238 19002 19120 W SendBird: [12:12:46.235 Connection$1:onMessage():235] onMessage instance : [PONG] com.sendbird.android.Connection@8ead62d
12-16 12:12:46.241 19002 19120 W Sendbird: [12:12:46.239 Connection$1:onMessage():236] onMessage instance : [PONG] com.sendbird.android.Connection@8ead62d
12-16 12:12:46.255 19002 19136 W SendBird: [12:12:46.253 EventController$1:call():141] ++ result[PONG] runnable=null
12-16 12:12:46.710 19002 19002 I ViewRootImpl@650238a[MainActivity]: ViewPostIme pointer 0
12-16 12:12:46.738 19002 19002 I ViewRootImpl@650238a[MainActivity]: ViewPostIme pointer 1
12-16 12:12:46.759 19002 19002 D ConnectivityManager: unregisterNetworkCallback; CallingUid : 10308, CallingPid : 19002
12-16 12:12:46.832 19002 19002 D ConnectivityManager: requestNetwork; CallingUid : 10308, CallingPid : 19002
12-16 12:12:47.030 19002 19002 I ViewRootImpl@650238a[MainActivity]: Relayout returned: old=(0,0,1080,2220) new=(0,0,1080,2220) req=(1080,2220)0 dur=4 res=0x1 s={true 522725892096} ch=false
12-16 12:12:47.621 19002 19002 I ViewRootImpl@650238a[MainActivity]: ViewPostIme pointer 0
12-16 12:12:48.612 19002 19023 V Toast   : HIDE: android.widget.Toast$TN@46d1458
12-16 12:16:01.350 20401 20401 I om.rmc.natour2: Late-enabling -Xcheck:jni
12-16 12:16:01.376 20401 20401 E om.rmc.natour2: Unknown bits set in runtime_flags: 0x8000
12-16 12:16:01.390 20401 20401 D ActivityThread: setConscryptValidator
12-16 12:16:01.390 20401 20401 D ActivityThread: setConscryptValidator - put
12-16 12:16:01.462 20401 20401 I om.rmc.natour2: The ClassLoaderContext is a special shared library.
12-16 12:16:05.906 20401 20401 I FirebaseApp: Device unlocked: initializing all Firebase APIs for app [DEFAULT]
12-16 12:16:06.303 20401 20556 I DynamiteModule: Considering local module com.google.android.gms.measurement.dynamite:70 and remote module com.google.android.gms.measurement.dynamite:87
12-16 12:16:06.303 20401 20556 I DynamiteModule: Selected remote version of com.google.android.gms.measurement.dynamite, version >= 87
12-16 12:16:06.303 20401 20556 V DynamiteModule: Dynamite loader version >= 2, using loadModule2NoCrashUtils
12-16 12:16:06.339 20401 20556 W System  : ClassLoader referenced unknown path: 
12-16 12:16:06.374 20401 20401 I FirebaseInitProvider: FirebaseApp initialization successful
12-16 12:16:06.443 20401 20556 I om.rmc.natour2: Waiting for a blocking GC ClassLinker
12-16 12:16:06.467 20401 20556 I om.rmc.natour2: WaitForGcToComplete blocked ClassLinker on ClassLinker for 24.114ms
12-16 12:16:06.531 20401 20556 W om.rmc.natour2: Accessing hidden field Lsun/misc/Unsafe;->theUnsafe:Lsun/misc/Unsafe; (greylist, reflection, allowed)
12-16 12:16:06.532 20401 20556 W om.rmc.natour2: Accessing hidden method Lsun/misc/Unsafe;->objectFieldOffset(Ljava/lang/reflect/Field;)J (greylist,core-platform-api, linking, allowed)
12-16 12:16:06.532 20401 20556 W om.rmc.natour2: Accessing hidden method Lsun/misc/Unsafe;->arrayBaseOffset(Ljava/lang/Class;)I (greylist,core-platform-api, linking, allowed)
12-16 12:16:06.532 20401 20556 W om.rmc.natour2: Accessing hidden method Lsun/misc/Unsafe;->arrayIndexScale(Ljava/lang/Class;)I (greylist, linking, allowed)
12-16 12:16:06.771 20401 20563 I FA      : App measurement initialized, version: 75052
12-16 12:16:06.771 20401 20563 I FA      : To enable debug logging run: adb shell setprop log.tag.FA VERBOSE
12-16 12:16:06.771 20401 20563 I FA      : To enable faster debug mode event logging run:
12-16 12:16:06.771 20401 20563 I FA      :   adb shell setprop debug.firebase.analytics.app com.rmc.natour21
12-16 12:16:06.784 20401 20401 W com.facebook.UserSettingsManager: Please set a value for AutoLogAppEventsEnabled. Set the flag to TRUE if you want to collect app install, app launch and in-app purchase events automatically. To request user consent before collecting data, set the flag value to FALSE, then change to TRUE once user consent is received. Learn more: https://developers.facebook.com/docs/app-events/getting-started-app-events-android#disable-auto-events.
12-16 12:16:06.784 20401 20401 W com.facebook.UserSettingsManager: You haven't set a value for AdvertiserIDCollectionEnabled. Set the flag to TRUE if you want to collect Advertiser ID for better advertising and analytics results. To request user consent before collecting data, set the flag value to FALSE, then change to TRUE once user consent is received. Learn more: https://developers.facebook.com/docs/app-events/getting-started-app-events-android#disable-auto-events.
12-16 12:16:06.862 20401 20574 W com.facebook.internal.NativeProtocol: Apps that target Android API 30+ (Android 11+) cannot call Facebook native apps unless the package visibility needs are declared. Please follow https://developers.facebook.com/docs/android/troubleshooting/#faq_267321845055988 to make the declaration.
12-16 12:16:06.902 20401 20568 D NetworkSecurityConfig: Using Network Security Config from resource network_security_config debugBuild: true
12-16 12:16:06.923 20401 20571 I System.out: (HTTPLog)-Static: isSBSettingEnabled false
12-16 12:16:06.923 20401 20571 I System.out: (HTTPLog)-Static: isSBSettingEnabled false
12-16 12:16:06.927 20401 20570 I System.out: (HTTPLog)-Static: isSBSettingEnabled false
12-16 12:16:06.927 20401 20570 I System.out: (HTTPLog)-Static: isSBSettingEnabled false
12-16 12:16:06.944 20401 20568 I System.out: (HTTPLog)-Static: isSBSettingEnabled false
12-16 12:16:06.944 20401 20568 I System.out: (HTTPLog)-Static: isSBSettingEnabled false
12-16 12:16:06.997 20401 20401 D KeyHash:: 3Fm4gBnqk2PYU3lntxOY4S7uHvQ=
12-16 12:16:06.997 20401 20568 D TcpOptimizer: TcpOptimizer-ON
12-16 12:16:07.090 20401 20568 D libmdf  : libmdf v2.9.0.0 On 64bit PLATFORM
12-16 12:16:07.637 20401 20571 I System.out: (HTTPLog)-Static: isSBSettingEnabled false
12-16 12:16:07.638 20401 20571 I System.out: (HTTPLog)-Static: isSBSettingEnabled false
12-16 12:20:08.464 20401 20401 W ActivityThread: handleWindowVisibility: no activity for token android.os.BinderProxy@3fcfe5
12-16 12:20:08.526 20401 22874 D libEGL  : loaded /vendor/lib64/egl/libGLES_mali.so
12-16 12:20:08.604 20401 20401 D PhoneWindow: forceLight changed to true [] from com.android.internal.policy.PhoneWindow.updateForceLightNavigationBar:4274 com.android.internal.policy.DecorView.updateColorViews:1547 com.android.internal.policy.PhoneWindow.dispatchWindowAttributesChanged:3252 android.view.Window.setFlags:1153 com.android.internal.policy.PhoneWindow.generateLayout:2474 
12-16 12:20:08.605 20401 20401 I MultiWindowDecorSupport: [INFO] isPopOver = false
12-16 12:20:08.606 20401 20401 I MultiWindowDecorSupport: updateCaptionType >> DecorView@59e1f36[], isFloating: false, isApplication: true, hasWindowDecorCaption: false, hasWindowControllerCallback: true
12-16 12:20:08.606 20401 20401 D MultiWindowDecorSupport: setCaptionType = 0, DecorView = DecorView@59e1f36[]
12-16 12:20:08.637 20401 20401 W om.rmc.natour2: Accessing hidden method Landroid/view/View;->computeFitSystemWindows(Landroid/graphics/Rect;Landroid/graphics/Rect;)Z (greylist, reflection, allowed)
12-16 12:20:08.638 20401 20401 W om.rmc.natour2: Accessing hidden method Landroid/view/ViewGroup;->makeOptionalFitsSystemWindows()V (greylist, reflection, allowed)
12-16 12:20:08.733 20401 20401 D ConnectivityManager: requestNetwork; CallingUid : 10308, CallingPid : 20401
12-16 12:20:08.742 20401 22877 W om.rmc.natour2: Accessing hidden method Lsun/misc/Unsafe;->compareAndSwapInt(Ljava/lang/Object;JII)Z (greylist, linking, allowed)
12-16 12:20:08.742 20401 22877 W om.rmc.natour2: Accessing hidden method Lsun/misc/Unsafe;->getObjectVolatile(Ljava/lang/Object;J)Ljava/lang/Object; (greylist, linking, allowed)
12-16 12:20:08.742 20401 22877 W om.rmc.natour2: Accessing hidden method Lsun/misc/Unsafe;->compareAndSwapObject(Ljava/lang/Object;JLjava/lang/Object;Ljava/lang/Object;)Z (greylist, linking, allowed)
12-16 12:20:08.742 20401 22877 W om.rmc.natour2: Accessing hidden method Lsun/misc/Unsafe;->compareAndSwapLong(Ljava/lang/Object;JJJ)Z (greylist, linking, allowed)
12-16 12:20:08.745 20401 22880 I FA      : Tag Manager is not found and thus will not be used
12-16 12:20:08.761 20401 20401 I ViewRootImpl@2f37e9[Splashscreen]: setView = com.android.internal.policy.DecorView@59e1f36 TM=true MM=false
12-16 12:20:08.782 20401 20578 I System.out: (HTTPLog)-Static: isSBSettingEnabled false
12-16 12:20:08.782 20401 20578 I System.out: (HTTPLog)-Static: isSBSettingEnabled false
12-16 12:20:08.824 20401 20401 I ViewRootImpl@2f37e9[Splashscreen]: Relayout returned: old=(0,0,1080,2220) new=(0,0,1080,2220) req=(1080,2220)0 dur=7 res=0x7 s={true 522817339392} ch=true
12-16 12:20:08.828 20401 20401 I ViewRootImpl@2f37e9[Splashscreen]: [DrawPending] drawPending(1) 1 android.view.ViewRootImpl.reportNextDraw:9952 android.view.ViewRootImpl.performTraversals:3329 android.view.ViewRootImpl.doTraversal:2222 
12-16 12:20:08.828 20401 20401 I ViewRootImpl@2f37e9[Splashscreen]: [DrawPending] performDraw() Waiting asnyc report
12-16 12:20:08.846 20401 22872 D mali_winsys: EGLint new_window_surface(egl_winsys_display *, void *, EGLSurface, EGLConfig, egl_winsys_surface **, EGLBoolean) returns 0x3000
12-16 12:20:08.853 20401 22872 W Gralloc3: mapper 3.x is not supported
12-16 12:20:08.920 20401 22872 E cutils-trace: Error opening trace file: No such file or directory (2)
12-16 12:20:08.921 20401 20401 I ViewRootImpl@2f37e9[Splashscreen]: [DrawPending] pendingDrawFinished(0) 1 android.view.ViewRootImpl.lambda$performDraw$1$ViewRootImpl:4058 android.view.-$$Lambda$ViewRootImpl$7A_3tkr_Kw4TZAeIUGVlOoTcZhg.run:4 android.os.Handler.handleCallback:883 
12-16 12:20:08.921 20401 20401 I ViewRootImpl@2f37e9[Splashscreen]: [DrawPending] reportDrawFinished()
12-16 12:20:08.924 20401 20401 I ViewRootImpl@2f37e9[Splashscreen]: MSG_WINDOW_FOCUS_CHANGED 1 1
