12-16 12:25:47.497 25915 25984 I System.out: Firebase token: eyJhbGciOiJSUzI1NiIsImtpZCI6Ijk3OGI1NmM2NmVhYmIwZDlhNmJhOGNhMzMwMTU2NGEyMzhlYWZjODciLCJ0eXAiOiJKV1QifQ.eyJuYW1lIjoiY2xhdWRpbyB2ZWxvdHRpIiwicGljdHVyZSI6Imh0dHBzOi8vbGgzLmdvb2dsZXVzZXJjb250ZW50LmNvbS9hL0FMbTV3dTI5V2MtR0dNWkljYk9qc2hic0pORFJ6OW9ZQjNYR3hXUmRWekdIPXM5Ni1jIiwiaXNzIjoiaHR0cHM6Ly9zZWN1cmV0b2tlbi5nb29nbGUuY29tL25hdG91cjIxLWZjNmVhIiwiYXVkIjoibmF0b3VyMjEtZmM2ZWEiLCJhdXRoX3RpbWUiOjE2NzExODg3NTEsInVzZXJfaWQiOiJkT3lqREZWbVhCYnRhVjVWMkdXOEc5NmZVdjQzIiwic3ViIjoiZE95akRGVm1YQmJ0YVY1VjJHVzhHOTZmVXY0MyIsImlhdCI6MTY3MTE4ODc1MSwiZXhwIjoxNjcxMTkyMzUxLCJlbWFpbCI6ImNsYWRvdHRpMzFAZ21haWwuY29tIiwiZW1haWxfdmVyaWZpZWQiOnRydWUsImZpcmViYXNlIjp7ImlkZW50aXRpZXMiOnsiZ29vZ2xlLmNvbSI6WyIxMTI0OTI4NzA2NDA3MTc2NTQ1NzAiXSwiZW1haWwiOlsiY2xhZG90dGkzMUBnbWFpbC5jb20iXX0sInNpZ25faW5fcHJvdmlkZXIiOiJnb29nbGUuY29tIn19.RxZplc6vZUPul4PopRgqN9-kUpK7g3_qk4s0eKM6LLgPKmAENhUhR7twdTH7WQWG292u_Xt47dqc16PEaSr2tntcXDhZ9HjDxwW66Sc8WebyQpJtMbTnV0cTGGQv0Kxb94mvni_99nppPGiy_p2Cf7BttcWujPkhJK-1mTB7lpX_Ca-658LcLoyHqkhYULg_hLvPFi4XgI9bZlmMi_Sk7Nw3nNzGPyCypL__P5YZiuqcx3H68zuotadKTPy7hU14uyjAU2hQKFRZzJSPH2dBWKs5nGn4OJe68m-Jr_XJ4qmXnAcHMH6cOq9yAZ7xA7Cz7jCSU1gobJHwNihRTfYW0g
12-16 12:25:47.734 25915 26007 V NativeCrypto: Registering org/conscrypt/NativeCrypto's 286 native methods...
12-16 12:25:48.362 25915 25984 W om.rmc.natour2: Accessing hidden method Ldalvik/system/BlockGuard;->getThreadPolicy()Ldalvik/system/BlockGuard$Policy; (greylist,core-platform-api, linking, allowed)
12-16 12:25:48.362 25915 25984 W om.rmc.natour2: Accessing hidden method Ldalvik/system/BlockGuard$Policy;->onNetwork()V (greylist, linking, allowed)
12-16 12:25:48.363 25915 25984 W om.rmc.natour2: Accessing hidden method Ldalvik/system/CloseGuard;->close()V (greylist,core-platform-api, linking, allowed)
12-16 12:25:48.363 25915 25984 W om.rmc.natour2: Accessing hidden method Ldalvik/system/CloseGuard;->get()Ldalvik/system/CloseGuard; (greylist,core-platform-api, linking, allowed)
12-16 12:25:48.363 25915 25984 W om.rmc.natour2: Accessing hidden method Ldalvik/system/CloseGuard;->open(Ljava/lang/String;)V (greylist,core-platform-api, linking, allowed)
12-16 12:25:48.363 25915 25984 W om.rmc.natour2: Accessing hidden method Ldalvik/system/CloseGuard;->warnIfOpen()V (greylist,core-platform-api, linking, allowed)
12-16 12:25:48.367 25915 25984 W om.rmc.natour2: Accessing hidden method Ljava/security/spec/ECParameterSpec;->getCurveName()Ljava/lang/String; (greylist, reflection, allowed)
12-16 12:25:48.494 25915 25915 D SBUIKIT : [12:25:48.494 SendBirdUIKit$1:onInitSucceed():174] >> onInitSucceed()
12-16 12:25:48.519 25915 25915 W ActivityThread: handleWindowVisibility: no activity for token android.os.BinderProxy@c9de177
12-16 12:25:48.539 25915 25915 D PhoneWindow: forceLight changed to true [] from com.android.internal.policy.PhoneWindow.updateForceLightNavigationBar:4274 com.android.internal.policy.DecorView.updateColorViews:1547 com.android.internal.policy.PhoneWindow.dispatchWindowAttributesChanged:3252 android.view.Window.setFlags:1153 com.android.internal.policy.PhoneWindow.generateLayout:2474 
12-16 12:25:48.540 25915 25915 I MultiWindowDecorSupport: [INFO] isPopOver = false
12-16 12:25:48.540 25915 25915 I MultiWindowDecorSupport: updateCaptionType >> DecorView@7a36b5f[], isFloating: false, isApplication: true, hasWindowDecorCaption: false, hasWindowControllerCallback: true
12-16 12:25:48.540 25915 25915 D MultiWindowDecorSupport: setCaptionType = 0, DecorView = DecorView@7a36b5f[]
12-16 12:25:48.806 25915 26029 W om.rmc.natour2: Accessing hidden field Ljava/net/Socket;->impl:Ljava/net/SocketImpl; (greylist, reflection, allowed)
12-16 12:25:48.815 25915 26028 W om.rmc.natour2: Accessing hidden field Ljava/io/FileDescriptor;->descriptor:I (greylist, JNI, allowed)
12-16 12:25:48.913 25915 26028 W om.rmc.natour2: Accessing hidden method Ljava/security/spec/ECParameterSpec;->setCurveName(Ljava/lang/String;)V (greylist, reflection, allowed)
12-16 12:25:48.914 25915 25915 D ConnectivityManager: requestNetwork; CallingUid : 10308, CallingPid : 25915
12-16 12:25:48.929 25915 25915 I ViewRootImpl@110ff00[MainActivity]: setView = com.android.internal.policy.DecorView@7a36b5f TM=true MM=false
12-16 12:25:48.930 25915 25915 I ViewRootImpl@82e396f[Splashscreen]: MSG_WINDOW_FOCUS_CHANGED 0 1
12-16 12:25:48.930 25915 25915 D InputMethodManager: prepareNavigationBarInfo() DecorView@597789f[Splashscreen]
12-16 12:25:48.930 25915 25915 D InputMethodManager: getNavigationBarColor() -855310
12-16 12:25:49.006 25915 25915 I ViewRootImpl@110ff00[MainActivity]: Relayout returned: old=(0,0,1080,2220) new=(0,0,1080,2220) req=(1080,2220)0 dur=7 res=0x7 s={true 522817851392} ch=true
12-16 12:25:49.007 25915 25975 D mali_winsys: EGLint new_window_surface(egl_winsys_display *, void *, EGLSurface, EGLConfig, egl_winsys_surface **, EGLBoolean) returns 0x3000
12-16 12:25:49.032 25915 25915 I ViewRootImpl@110ff00[MainActivity]: [DrawPending] drawPending(1) 1 android.view.ViewRootImpl.reportNextDraw:9952 android.view.ViewRootImpl.performTraversals:3329 android.view.ViewRootImpl.doTraversal:2222 
12-16 12:25:49.033 25915 25915 I ViewRootImpl@110ff00[MainActivity]: [DrawPending] performDraw() Waiting asnyc report
12-16 12:25:49.069 25915 25915 I ViewRootImpl@110ff00[MainActivity]: [DrawPending] pendingDrawFinished(0) 1 android.view.ViewRootImpl.lambda$performDraw$1$ViewRootImpl:4058 android.view.-$$Lambda$ViewRootImpl$7A_3tkr_Kw4TZAeIUGVlOoTcZhg.run:4 android.os.Handler.handleCallback:883 
12-16 12:25:49.069 25915 25915 I ViewRootImpl@110ff00[MainActivity]: [DrawPending] reportDrawFinished()
12-16 12:25:49.071 25915 25915 I ViewRootImpl@110ff00[MainActivity]: MSG_WINDOW_FOCUS_CHANGED 1 1
12-16 12:25:49.071 25915 25915 D InputMethodManager: prepareNavigationBarInfo() DecorView@7a36b5f[MainActivity]
12-16 12:25:49.071 25915 25915 D InputMethodManager: getNavigationBarColor() -855310
12-16 12:25:49.077 25915 25915 D EmergencyMode: [EmergencyManager] android createPackageContext successful: com.rmc.natour21
12-16 12:25:49.083 25915 25915 D InputMethodManager: prepareNavigationBarInfo() DecorView@7a36b5f[MainActivity]
12-16 12:25:49.083 25915 25915 D InputMethodManager: getNavigationBarColor() -855310
12-16 12:25:49.083 25915 25915 V InputMethodManager: Starting input: tba=com.rmc.natour21 ic=null mNaviBarColor -855310 mIsGetNaviBarColorSuccess true , NavVisible : true , NavTrans : false
12-16 12:25:49.084 25915 25915 D InputMethodManager: startInputInner - Id : 0
12-16 12:25:49.084 25915 25915 I InputMethodManager: startInputInner - mService.startInputOrWindowGainedFocus
12-16 12:25:49.085 25915 25915 D InputTransport: Input channel destroyed: 'ClientS', fd=97
12-16 12:25:49.092 25915 25915 I ViewRootImpl@110ff00[MainActivity]: MSG_RESIZED: frame=(0,0,1080,2220) ci=(0,63,0,0) vi=(0,63,0,0) or=1
12-16 12:25:49.107 25915 26029 W SendBird: [12:25:49.107 Connection$1:onMessage():235] onMessage instance : [LOGI] com.sendbird.android.Connection@c8d7b8b
12-16 12:25:49.108 25915 26029 W Sendbird: [12:25:49.108 Connection$1:onMessage():236] onMessage instance : [LOGI] com.sendbird.android.Connection@c8d7b8b
12-16 12:25:49.123 25915 26044 W SendBird: [12:25:49.122 EventController$1:call():141] ++ result[LOGI] runnable=null
12-16 12:25:49.165 25915 25984 W Glide   : Failed to find GeneratedAppGlideModule. You should include an annotationProcessor compile dependency on com.github.bumptech.glide:compiler in your application and a @GlideModule annotated AppGlideModule implementation or LibraryGlideModules will be silently ignored
12-16 12:25:49.179 25915 26029 W SendBird: [12:25:49.179 Connection$1:onMessage():235] onMessage instance : [PONG] com.sendbird.android.Connection@c8d7b8b
12-16 12:25:49.180 25915 26029 W Sendbird: [12:25:49.179 Connection$1:onMessage():236] onMessage instance : [PONG] com.sendbird.android.Connection@c8d7b8b
12-16 12:25:49.183 25915 26044 W SendBird: [12:25:49.183 EventController$1:call():141] ++ result[PONG] runnable=null
12-16 12:25:49.192 25915 25984 D ConnectivityManager: requestNetwork; CallingUid : 10308, CallingPid : 25915
12-16 12:25:49.292 25915 26022 D SBUIKIT : [12:25:49.292 SendBirdUIKit$2:call():298] ++ user nickname = claudio velotti, profileUrl = http://18.195.186.181:8080/img/124/raw
12-16 12:25:49.487 25915 25975 W libEGL  : EGLNativeWindowType 0x79c30daf90 disconnect failed
12-16 12:25:49.495 25915 25915 I ViewRootImpl@82e396f[Splashscreen]: Relayout returned: old=(0,0,1080,2220) new=(0,0,1080,2220) req=(1080,2220)8 dur=6 res=0x5 s={false 0} ch=true
12-16 12:25:49.496 25915 25915 D ConnectivityManager: unregisterNetworkCallback; CallingUid : 10308, CallingPid : 25915
12-16 12:25:49.497 25915 25915 I ViewRootImpl@82e396f[Splashscreen]: stopped(true) old=false
12-16 12:25:49.503 25915 25945 W om.rmc.natour2: Accessing hidden method Lsun/misc/Unsafe;->putObjectVolatile(Ljava/lang/Object;JLjava/lang/Object;)V (greylist, linking, allowed)
12-16 12:25:49.505 25915 25915 I ViewRootImpl@82e396f[Splashscreen]: dispatchDetachedFromWindow
12-16 12:25:49.509 25915 25915 D InputTransport: Input channel destroyed: '50df111', fd=86
12-16 12:25:49.536 25915 25915 I System.out: SENDBIRD TOKEN OK ckOTAZioSROKNMJFPmblOe:APA91bGVcG9r_iXcHFgG4Iporvbe7LY4wQBAVWfyWIWJnWzg5h8jwyooQ25LxvLEqeLKSFX8jlOxjHRr5t9uy5rrsHMA7I4iE0NfcLRlw_nQeNQWpru1u2nLitOl0dT_dISCBj72bvr1
12-16 12:25:52.247 25915 25915 I ViewRootImpl@110ff00[MainActivity]: ViewPostIme pointer 0
12-16 12:25:52.276 25915 25915 I ViewRootImpl@110ff00[MainActivity]: ViewPostIme pointer 1
12-16 12:25:52.310 25915 25915 D ConnectivityManager: unregisterNetworkCallback; CallingUid : 10308, CallingPid : 25915
12-16 12:25:52.310 25915 25915 D ConnectivityManager: unregisterNetworkCallback; CallingUid : 10308, CallingPid : 25915
12-16 12:25:52.315 25915 25915 I SBUIKIT : [12:25:52.315 ChannelListFragment:onCreate():59] >> ChannelListFragment::onCreate()
12-16 12:25:52.388 25915 25915 D SBUIKIT : [12:25:52.387 BaseFragment:connect():35] >> BaseFragment::connect()
12-16 12:25:52.425 25915 25915 E RecyclerView: No adapter attached; skipping layout
12-16 12:25:52.445 25915 26022 D SBUIKIT : [12:25:52.444 SendBirdUIKit$2:call():298] ++ user nickname = claudio velotti, profileUrl = http://18.195.186.181:8080/img/124/raw
12-16 12:25:52.445 25915 25915 D SBUIKIT : [12:25:52.445 BaseFragment:lambda$connect$0$com-sendbird-uikit-fragments-BaseFragment():37] ++ BaseFragment::connect e : null
12-16 12:25:52.446 25915 25915 I SBUIKIT : [12:25:52.446 BaseGroupChannelFragment:onReady():20] >> BaseGroupChannelFragment::onReady(READY)
12-16 12:25:52.447 25915 25915 I SBUIKIT : [12:25:52.446 BaseGroupChannelFragment:onReady():21] ++ user : User{mUserId='cladotti31@gmail.com', mNickname='claudio velotti', mProfileUrl='http://18.195.186.181:8080/img/124/raw', mFriendDiscoveryKey='null', mFriendName='null', mMetaData={}, mConnectionStatus=NON_AVAILABLE, mLastSeenAt=0, mIsActive=true, mPreferredLanguages=[]}
12-16 12:25:52.447 25915 25915 I SBUIKIT : [12:25:52.447 ChannelListFragment:onDrawPage():102] >> ChannelListFragment::onDrawPage()
12-16 12:25:52.471 25915 25915 D SBUIKIT : [12:25:52.471 ChannelListViewModel:initChannelCollection():36] >> ChannelListViewModel::initChannelCollection()
12-16 12:25:53.650 25915 26120 I System.out: (HTTPLog)-Static: isSBSettingEnabled false
12-16 12:25:53.651 25915 26120 I System.out: (HTTPLog)-Static: isSBSettingEnabled false
12-16 12:25:53.740 25915 26124 I System.out: (HTTPLog)-Static: isSBSettingEnabled false
12-16 12:25:53.741 25915 26124 I System.out: (HTTPLog)-Static: isSBSettingEnabled false
12-16 12:25:53.795 25915 26127 I System.out: (HTTPLog)-Static: isSBSettingEnabled false
12-16 12:25:53.795 25915 26127 I System.out: (HTTPLog)-Static: isSBSettingEnabled false
12-16 12:25:53.829 25915 26128 I System.out: (HTTPLog)-Static: isSBSettingEnabled false
12-16 12:25:53.829 25915 26128 I System.out: (HTTPLog)-Static: isSBSettingEnabled false
12-16 12:25:53.958 25915 25927 I om.rmc.natour2: NativeAlloc concurrent copying GC freed 223829(13MB) AllocSpace objects, 71(2216KB) LOS objects, 49% free, 10MB/20MB, paused 146us total 144.454ms
12-16 12:25:53.981 25915 26120 I System.out: (HTTPLog)-Static: isSBSettingEnabled false
12-16 12:25:53.981 25915 26120 I System.out: (HTTPLog)-Static: isSBSettingEnabled false
12-16 12:25:54.025 25915 25975 I         : Increase max job count 60
12-16 12:25:54.154 25915 26124 I System.out: (HTTPLog)-Static: isSBSettingEnabled false
12-16 12:25:54.154 25915 26124 I System.out: (HTTPLog)-Static: isSBSettingEnabled false
12-16 12:25:54.680 25915 26128 I System.out: (HTTPLog)-Static: isSBSettingEnabled false
12-16 12:25:54.680 25915 26128 I System.out: (HTTPLog)-Static: isSBSettingEnabled false
12-16 12:25:56.132 25915 25915 I ViewRootImpl@110ff00[MainActivity]: MSG_WINDOW_FOCUS_CHANGED 0 1
12-16 12:25:56.133 25915 25915 D InputMethodManager: prepareNavigationBarInfo() DecorView@7a36b5f[MainActivity]
12-16 12:25:56.133 25915 25915 D InputMethodManager: getNavigationBarColor() -855310
12-16 12:25:56.311 25915 25915 I ViewRootImpl@110ff00[MainActivity]: MSG_WINDOW_FOCUS_CHANGED 1 1
12-16 12:25:56.311 25915 25915 D InputMethodManager: prepareNavigationBarInfo() DecorView@7a36b5f[MainActivity]
12-16 12:25:56.311 25915 25915 D InputMethodManager: getNavigationBarColor() -855310
12-16 12:25:56.819 25915 25915 I ViewRootImpl@110ff00[MainActivity]: ViewPostIme pointer 0
12-16 12:25:56.869 25915 25915 I ViewRootImpl@110ff00[MainActivity]: ViewPostIme pointer 1
12-16 12:25:56.897 25915 25915 W ActivityThread: handleWindowVisibility: no activity for token android.os.BinderProxy@b295f3f
12-16 12:25:56.918 25915 25915 D PhoneWindow: forceLight changed to true [] from com.android.internal.policy.PhoneWindow.updateForceLightNavigationBar:4274 com.android.internal.policy.DecorView.updateColorViews:1547 com.android.internal.policy.PhoneWindow.dispatchWindowAttributesChanged:3252 android.view.Window.setFlags:1153 com.android.internal.policy.PhoneWindow.generateLayout:2474 
12-16 12:25:56.918 25915 25915 I MultiWindowDecorSupport: [INFO] isPopOver = false
12-16 12:25:56.918 25915 25915 I MultiWindowDecorSupport: updateCaptionType >> DecorView@ca09828[], isFloating: false, isApplication: true, hasWindowDecorCaption: false, hasWindowControllerCallback: true
12-16 12:25:56.918 25915 25915 D MultiWindowDecorSupport: setCaptionType = 0, DecorView = DecorView@ca09828[]
12-16 12:25:56.933 25915 25915 I SBUIKIT : [12:25:56.932 SelectUserFragment:onCreate():48] >> SelectUserFragment::onCreate()
12-16 12:25:56.968 25915 25915 D SBUIKIT : [12:25:56.968 BaseFragment:connect():35] >> BaseFragment::connect()
12-16 12:25:56.983 25915 25915 I ViewRootImpl@f382232[CreateChannelActivity]: setView = com.android.internal.policy.DecorView@ca09828 TM=true MM=false
12-16 12:25:56.984 25915 25915 I ViewRootImpl@110ff00[MainActivity]: MSG_WINDOW_FOCUS_CHANGED 0 1
12-16 12:25:56.984 25915 25915 D InputMethodManager: prepareNavigationBarInfo() DecorView@7a36b5f[MainActivity]
12-16 12:25:56.984 25915 25915 D InputMethodManager: getNavigationBarColor() -855310
12-16 12:25:57.005 25915 25915 I ViewRootImpl@f382232[CreateChannelActivity]: Relayout returned: old=(0,0,1080,2220) new=(0,0,1080,2220) req=(1080,2220)0 dur=6 res=0x7 s={true 519297200128} ch=true
12-16 12:25:57.006 25915 25975 D mali_winsys: EGLint new_window_surface(egl_winsys_display *, void *, EGLSurface, EGLConfig, egl_winsys_surface **, EGLBoolean) returns 0x3000
12-16 12:25:57.008 25915 25915 E RecyclerView: No adapter attached; skipping layout
12-16 12:25:57.009 25915 25915 I ViewRootImpl@f382232[CreateChannelActivity]: [DrawPending] drawPending(1) 1 android.view.ViewRootImpl.reportNextDraw:9952 android.view.ViewRootImpl.performTraversals:3329 android.view.ViewRootImpl.doTraversal:2222 
12-16 12:25:57.009 25915 25915 I ViewRootImpl@f382232[CreateChannelActivity]: [DrawPending] performDraw() Waiting asnyc report
12-16 12:25:57.019 25915 25915 I ViewRootImpl@f382232[CreateChannelActivity]: [DrawPending] pendingDrawFinished(0) 1 android.view.ViewRootImpl.lambda$performDraw$1$ViewRootImpl:4058 android.view.-$$Lambda$ViewRootImpl$7A_3tkr_Kw4TZAeIUGVlOoTcZhg.run:4 android.os.Handler.handleCallback:883 
12-16 12:25:57.019 25915 25915 I ViewRootImpl@f382232[CreateChannelActivity]: [DrawPending] reportDrawFinished()
12-16 12:25:57.022 25915 25915 I ViewRootImpl@f382232[CreateChannelActivity]: MSG_WINDOW_FOCUS_CHANGED 1 1
12-16 12:25:57.022 25915 25915 D InputMethodManager: prepareNavigationBarInfo() DecorView@ca09828[CreateChannelActivity]
12-16 12:25:57.022 25915 25915 D InputMethodManager: getNavigationBarColor() -855310
12-16 12:25:57.022 25915 26068 D SBUIKIT : [12:25:57.022 SendBirdUIKit$2:call():298] ++ user nickname = claudio velotti, profileUrl = http://18.195.186.181:8080/img/124/raw
12-16 12:25:57.023 25915 25915 D InputMethodManager: prepareNavigationBarInfo() DecorView@ca09828[CreateChannelActivity]
12-16 12:25:57.023 25915 25915 D InputMethodManager: getNavigationBarColor() -855310
12-16 12:25:57.024 25915 25915 V InputMethodManager: Starting input: tba=com.rmc.natour21 ic=null mNaviBarColor -855310 mIsGetNaviBarColorSuccess true , NavVisible : true , NavTrans : false
12-16 12:25:57.024 25915 25915 D InputMethodManager: startInputInner - Id : 0
12-16 12:25:57.024 25915 25915 I InputMethodManager: startInputInner - mService.startInputOrWindowGainedFocus
12-16 12:25:57.032 25915 25915 D InputTransport: Input channel destroyed: 'ClientS', fd=120
12-16 12:25:57.034 25915 25915 D SBUIKIT : [12:25:57.034 BaseFragment:lambda$connect$0$com-sendbird-uikit-fragments-BaseFragment():37] ++ BaseFragment::connect e : null
12-16 12:25:57.035 25915 25915 I SBUIKIT : [12:25:57.034 BaseGroupChannelFragment:onReady():20] >> BaseGroupChannelFragment::onReady(READY)
12-16 12:25:57.035 25915 25915 I SBUIKIT : [12:25:57.035 BaseGroupChannelFragment:onReady():21] ++ user : User{mUserId='cladotti31@gmail.com', mNickname='claudio velotti', mProfileUrl='http://18.195.186.181:8080/img/124/raw', mFriendDiscoveryKey='null', mFriendName='null', mMetaData={}, mConnectionStatus=NON_AVAILABLE, mLastSeenAt=0, mIsActive=true, mPreferredLanguages=[]}
12-16 12:25:57.039 25915 25915 I ViewRootImpl@f382232[CreateChannelActivity]: MSG_RESIZED: frame=(0,0,1080,2220) ci=(0,63,0,0) vi=(0,63,0,0) or=1
12-16 12:25:57.214 25915 25915 D SBUIKIT : [12:25:57.214 SelectableUserInfoListViewModel:lambda$loadFromSendBird$1():211] ++ list : [User{mUserId='marvelotti@gmail.com', mNickname='Marco Velotti', mProfileUrl='http://18.195.186.181:8080/img/123/raw', mFriendDiscoveryKey='null', mFriendName='null', mMetaData={}, mConnectionStatus=OFFLINE, mLastSeenAt=1671010232335, mIsActive=true, mPreferredLanguages=[]}, User{mUserId='umby045@gmail.com', mNickname='Peppe', mProfileUrl='http://18.195.186.181:8080/img/116/raw', mFriendDiscoveryKey='null', mFriendName='null', mMetaData={}, mConnectionStatus=OFFLINE, mLastSeenAt=1671007064051, mIsActive=true, mPreferredLanguages=[]}, User{mUserId='monon57281@kuvasin.com', mNickname='Ilaria', mProfileUrl='http://18.195.186.181:8080/img/98/raw', mFriendDiscoveryKey='null', mFriendName='null', mMetaData={}, mConnectionStatus=OFFLINE, mLastSeenAt=1670190443299, mIsActive=true, mPreferredLanguages=[]}, User{mUserId='simon.boll@googlemail.com', mNickname='Simon B', mProfileUrl='https://natour21imgs.s3.us-east-2.amazonaws.com/96', mFriendDiscoveryKey='null', mFriendName='null', mMetaData={}, mConnectionStatus=OFFLINE, mLastSeenAt=1669479738097, mIsActive=true, mPreferredLanguages=[]}, User{mUserId='e.ladaga@studenti.unina.it', mNickname='Emanuele La Daga', mProfileUrl='', mFriendDiscoveryKey='null', mFriendName='null', mMetaData={}, mConnectionStatus=OFFLINE, mLastSeenAt=1669411743568, mIsActive=true, mPreferredLanguages=[]}, User{mUserId='viscardi.anna@ymail.com', mNickname='Anna Viscardi', mProfileUrl='https://natour21imgs.s3.us-east-2.amazonaws.com/75', mFriendDiscoveryKey='null', mFriendName='null', mMetaData={}, mConnectionStatus=OFFLINE, mLastSeenAt=1669643588762, mIsActive=true, mPreferredLanguages=[]}, User{mUserId='sojane2451@dicopto.com', mNickname='sojane2451', mProfileUrl='', mFriendDiscoveryKey='null', mFriendName='null', mMetaData={}, mConnectionStatus=OFFLINE, mLastSeenAt=1666192550950, mIsActive=true, mPreferredLanguages=[]}, User{mUserId='dopiermowie@gmail.com', mNickn
12-16 12:25:57.214 25915 25915 D SBUIKIT : Cont(1) ame='Gianluca Perna', mProfileUrl='http://dockerproxmox.duckdns.org:8125/img/63/raw', mFriendDiscoveryKey='null', mFriendName='null', mMetaData={}, mConnectionStatus=OFFLINE, mLastSeenAt=1666957825055, mIsActive=true, mPreferredLanguages=[]}, User{mUserId='concettaacampora2001@gmail.com', mNickname='Conny', mProfileUrl='http://dockerproxmox.duckdns.org:8125/img/82/raw', mFriendDiscoveryKey='null', mFriendName='null', mMetaData={}, mConnectionStatus=OFFLINE, mLastSeenAt=1668784782963, mIsActive=true, mPreferredLanguages=[]}, User{mUserId='mannaggiaallamadonna@blu.it', mNickname='mannaggiaallamadonna', mProfileUrl='', mFriendDiscoveryKey='null', mFriendName='null', mMetaData={}, mConnectionStatus=OFFLINE, mLastSeenAt=1664193035452, mIsActive=true, mPreferredLanguages=[]}, User{mUserId='daniellomary2@gmail.com', mNickname='Mary', mProfileUrl='https://natour21imgs.s3.us-east-2.amazonaws.com/86', mFriendDiscoveryKey='null', mFriendName='null', mMetaData={}, mConnectionStatus=OFFLINE, mLastSeenAt=1669058864669, mIsActive=true, mPreferredLanguages=[]}, User{mUserId='destasiofrancesco2000@gmail.com', mNickname='Francesco De Stasio', mProfileUrl='https://lh3.googleusercontent.com/a/AATXAJxecMfLPUaEXs54_3LFZtde7d_D9l5RANsL1ljj=s96-c', mFriendDiscoveryKey='null', mFriendName='null', mMetaData={}, mConnectionStatus=OFFLINE, mLastSeenAt=1655500271937, mIsActive=true, mPreferredLanguages=[]}, User{mUserId='emanuele.ladaga@gmail.com', mNickname='Emanuele', mProfileUrl='http://18.195.186.181:8080/img/62/raw', mFriendDiscoveryKey='null', mFriendName='null', mMetaData={}, mConnectionStatus=OFFLINE, mLastSeenAt=1671115537873, mIsActive=true, mPreferredLanguages=[]}, User{mUserId='cladotti31@gmail.com', mNickname='claudio velotti', mProfileUrl='http://18.195.186.181:8080/img/124/raw', mFriendDiscoveryKey='null', mFriendName='null', mMetaData={}, mConnectionStatus=ONLINE, mLastSeenAt=0, mIsActive=true, mPreferredLanguages=[]}, User{mUserId='matteorichard.gaudino@gmail.com', mNickname=
12-16 12:25:57.214 25915 25915 D SBUIKIT : Cont(2) 'matte', mProfileUrl='http://18.195.186.181:8080/img/58/raw', mFriendDiscoveryKey='null', mFriendName='null', mMetaData={}, mConnectionStatus=OFFLINE, mLastSeenAt=1671136783387, mIsActive=true, mPreferredLanguages=[]}]
12-16 12:25:57.216 25915 25915 D SBUIKIT : [12:25:57.216 SelectUserFragment:lambda$initUserList$4$com-sendbird-uikit-fragments-SelectUserFragment():232] ++ users size : 14
12-16 12:25:57.273 25915 26127 I System.out: (HTTPLog)-Static: isSBSettingEnabled false
12-16 12:25:57.273 25915 26127 I System.out: (HTTPLog)-Static: isSBSettingEnabled false
12-16 12:25:57.284 25915 26128 I System.out: (HTTPLog)-Static: isSBSettingEnabled false
12-16 12:25:57.284 25915 26128 I System.out: (HTTPLog)-Static: isSBSettingEnabled false
12-16 12:25:57.295 25915 26124 I System.out: (HTTPLog)-Static: isSBSettingEnabled false
12-16 12:25:57.295 25915 26124 I System.out: (HTTPLog)-Static: isSBSettingEnabled false
12-16 12:25:57.315 25915 26120 I System.out: (HTTPLog)-Static: isSBSettingEnabled false
12-16 12:25:57.315 25915 26120 I System.out: (HTTPLog)-Static: isSBSettingEnabled false
12-16 12:25:57.449 25915 25975 W libEGL  : EGLNativeWindowType 0x79b5c75cd0 disconnect failed
12-16 12:25:57.454 25915 25915 I ViewRootImpl@110ff00[MainActivity]: Relayout returned: old=(0,0,1080,2220) new=(0,0,1080,2220) req=(1080,2220)8 dur=5 res=0x5 s={false 0} ch=true
12-16 12:25:57.464 25915 25915 I ViewRootImpl@110ff00[MainActivity]: stopped(true) old=false
12-16 12:25:57.476 25915 26124 I System.out: (HTTPLog)-Static: isSBSettingEnabled false
12-16 12:25:57.482 25915 26124 I chatty  : uid=10308(com.rmc.natour21) glide-source-th identical 2 lines
12-16 12:25:57.482 25915 26124 I System.out: (HTTPLog)-Static: isSBSettingEnabled false
12-16 12:25:57.512 25915 25915 I ViewRootImpl@110ff00[MainActivity]: Relayout returned: old=(0,0,1080,2220) new=(0,0,1080,2220) req=(1080,2220)8 dur=4 res=0x5 s={false 0} ch=false
12-16 12:25:57.515 25915 25915 W Glide   : Load failed for [http://dockerproxmox.duckdns.org:8125/img/63/raw] with dimensions [168x168]
12-16 12:25:57.515 25915 25915 W Glide   : class com.bumptech.glide.load.engine.GlideException: Failed to load resource
12-16 12:25:57.515 25915 25915 W Glide   : There was 1 root cause:
12-16 12:25:57.515 25915 25915 W Glide   : com.bumptech.glide.load.HttpException(Failed to connect or obtain data, status code: -1)
12-16 12:25:57.515 25915 25915 W Glide   :  call GlideException#logRootCauses(String) for more detail
12-16 12:25:57.515 25915 25915 W Glide   :   Cause (1 of 1): class com.bumptech.glide.load.engine.GlideException: Fetching data failed, class java.io.InputStream, REMOTE
12-16 12:25:57.515 25915 25915 W Glide   : There was 1 root cause:
12-16 12:25:57.515 25915 25915 W Glide   : com.bumptech.glide.load.HttpException(Failed to connect or obtain data, status code: -1)
12-16 12:25:57.515 25915 25915 W Glide   :  call GlideException#logRootCauses(String) for more detail
12-16 12:25:57.515 25915 25915 W Glide   :     Cause (1 of 1): class com.bumptech.glide.load.engine.GlideException: Fetch failed
12-16 12:25:57.515 25915 25915 W Glide   : There was 1 root cause:
12-16 12:25:57.515 25915 25915 W Glide   : com.bumptech.glide.load.HttpException(Failed to connect or obtain data, status code: -1)
12-16 12:25:57.515 25915 25915 W Glide   :  call GlideException#logRootCauses(String) for more detail
12-16 12:25:57.515 25915 25915 W Glide   :       Cause (1 of 1): class com.bumptech.glide.load.HttpException: Failed to connect or obtain data, status code: -1
12-16 12:25:57.515 25915 25915 I Glide   : Root cause (1 of 1)
12-16 12:25:57.515 25915 25915 I Glide   : com.bumptech.glide.load.HttpException: Failed to connect or obtain data, status code: -1
12-16 12:25:57.515 25915 25915 I Glide   : 	at com.bumptech.glide.load.data.HttpUrlFetcher.loadDataWithRedirects(HttpUrlFetcher.java:98)
12-16 12:25:57.515 25915 25915 I Glide   : 	at com.bumptech.glide.load.data.HttpUrlFetcher.loadData(HttpUrlFetcher.java:58)
12-16 12:25:57.515 25915 25915 I Glide   : 	at com.bumptech.glide.load.model.MultiModelLoader$MultiFetcher.loadData(MultiModelLoader.java:100)
12-16 12:25:57.515 25915 25915 I Glide   : 	at com.bumptech.glide.load.engine.SourceGenerator.startNextLoad(SourceGenerator.java:95)
12-16 12:25:57.515 25915 25915 I Glide   : 	at com.bumptech.glide.load.engine.SourceGenerator.startNext(SourceGenerator.java:88)
12-16 12:25:57.515 25915 25915 I Glide   : 	at com.bumptech.glide.load.engine.DecodeJob.runGenerators(DecodeJob.java:311)
12-16 12:25:57.515 25915 25915 I Glide   : 	at com.bumptech.glide.load.engine.DecodeJob.runWrapped(DecodeJob.java:280)
12-16 12:25:57.515 25915 25915 I Glide   : 	at com.bumptech.glide.load.engine.DecodeJob.run(DecodeJob.java:235)
12-16 12:25:57.515 25915 25915 I Glide   : 	at java.util.concurrent.ThreadPoolExecutor.runWorker(ThreadPoolExecutor.java:1167)
12-16 12:25:57.515 25915 25915 I Glide   : 	at java.util.concurrent.ThreadPoolExecutor$Worker.run(ThreadPoolExecutor.java:641)
12-16 12:25:57.515 25915 25915 I Glide   : 	at com.bumptech.glide.load.engine.executor.GlideExecutor$DefaultThreadFactory$1.run(GlideExecutor.java:421)
12-16 12:25:57.515 25915 25915 I Glide   : 	at java.lang.Thread.run(Thread.java:919)
12-16 12:25:57.515 25915 25915 I Glide   : 	at com.bumptech.glide.load.engine.executor.GlideExecutor$DefaultPriorityThreadFactory$1.run(GlideExecutor.java:380)
12-16 12:25:57.515 25915 25915 I Glide   : Caused by: java.io.IOException: Cleartext HTTP traffic to dockerproxmox.duckdns.org not permitted
12-16 12:25:57.515 25915 25915 I Glide   : 	at com.android.okhttp.HttpHandler$CleartextURLFilter.checkURLPermitted(HttpHandler.java:124)
12-16 12:25:57.515 25915 25915 I Glide   : 	at com.android.okhttp.internal.huc.HttpURLConnectionImpl.execute(HttpURLConnectionImpl.java:480)
12-16 12:25:57.515 25915 25915 I Glide   : 	at com.android.okhttp.internal.huc.HttpURLConnectionImpl.connect(HttpURLConnectionImpl.java:135)
12-16 12:25:57.515 25915 25915 I Glide   : 	at com.bumptech.glide.load.data.HttpUrlFetcher.loadDataWithRedirects(HttpUrlFetcher.java:93)
12-16 12:25:57.515 25915 25915 I Glide   : 	... 12 more
12-16 12:25:57.516 25915 25915 W Glide   : Load failed for [http://dockerproxmox.duckdns.org:8125/img/82/raw] with dimensions [168x168]
12-16 12:25:57.516 25915 25915 W Glide   : class com.bumptech.glide.load.engine.GlideException: Failed to load resource
12-16 12:25:57.516 25915 25915 W Glide   : There was 1 root cause:
12-16 12:25:57.516 25915 25915 W Glide   : com.bumptech.glide.load.HttpException(Failed to connect or obtain data, status code: -1)
12-16 12:25:57.516 25915 25915 W Glide   :  call GlideException#logRootCauses(String) for more detail
12-16 12:25:57.516 25915 25915 W Glide   :   Cause (1 of 1): class com.bumptech.glide.load.engine.GlideException: Fetching data failed, class java.io.InputStream, REMOTE
12-16 12:25:57.516 25915 25915 W Glide   : There was 1 root cause:
12-16 12:25:57.516 25915 25915 W Glide   : com.bumptech.glide.load.HttpException(Failed to connect or obtain data, status code: -1)
12-16 12:25:57.516 25915 25915 W Glide   :  call GlideException#logRootCauses(String) for more detail
12-16 12:25:57.516 25915 25915 W Glide   :     Cause (1 of 1): class com.bumptech.glide.load.engine.GlideException: Fetch failed
12-16 12:25:57.516 25915 25915 W Glide   : There was 1 root cause:
12-16 12:25:57.516 25915 25915 W Glide   : com.bumptech.glide.load.HttpException(Failed to connect or obtain data, status code: -1)
12-16 12:25:57.516 25915 25915 W Glide   :  call GlideException#logRootCauses(String) for more detail
12-16 12:25:57.516 25915 25915 W Glide   :       Cause (1 of 1): class com.bumptech.glide.load.HttpException: Failed to connect or obtain data, status code: -1
12-16 12:25:57.517 25915 25915 I Glide   : Root cause (1 of 1)
12-16 12:25:57.517 25915 25915 I Glide   : com.bumptech.glide.load.HttpException: Failed to connect or obtain data, status code: -1
12-16 12:25:57.517 25915 25915 I Glide   : 	at com.bumptech.glide.load.data.HttpUrlFetcher.loadDataWithRedirects(HttpUrlFetcher.java:98)
12-16 12:25:57.517 25915 25915 I Glide   : 	at com.bumptech.glide.load.data.HttpUrlFetcher.loadData(HttpUrlFetcher.java:58)
12-16 12:25:57.517 25915 25915 I Glide   : 	at com.bumptech.glide.load.model.MultiModelLoader$MultiFetcher.loadData(MultiModelLoader.java:100)
12-16 12:25:57.517 25915 25915 I Glide   : 	at com.bumptech.glide.load.engine.SourceGenerator.startNextLoad(SourceGenerator.java:95)
12-16 12:25:57.517 25915 25915 I Glide   : 	at com.bumptech.glide.load.engine.SourceGenerator.startNext(SourceGenerator.java:88)
12-16 12:25:57.517 25915 25915 I Glide   : 	at com.bumptech.glide.load.engine.DecodeJob.runGenerators(DecodeJob.java:311)
12-16 12:25:57.517 25915 25915 I Glide   : 	at com.bumptech.glide.load.engine.DecodeJob.runWrapped(DecodeJob.java:280)
12-16 12:25:57.517 25915 25915 I Glide   : 	at com.bumptech.glide.load.engine.DecodeJob.run(DecodeJob.java:235)
12-16 12:25:57.517 25915 25915 I Glide   : 	at java.util.concurrent.ThreadPoolExecutor.runWorker(ThreadPoolExecutor.java:1167)
12-16 12:25:57.517 25915 25915 I Glide   : 	at java.util.concurrent.ThreadPoolExecutor$Worker.run(ThreadPoolExecutor.java:641)
12-16 12:25:57.517 25915 25915 I Glide   : 	at com.bumptech.glide.load.engine.executor.GlideExecutor$DefaultThreadFactory$1.run(GlideExecutor.java:421)
12-16 12:25:57.517 25915 25915 I Glide   : 	at java.lang.Thread.run(Thread.java:919)
12-16 12:25:57.517 25915 25915 I Glide   : 	at com.bumptech.glide.load.engine.executor.GlideExecutor$DefaultPriorityThreadFactory$1.run(GlideExecutor.java:380)
12-16 12:25:57.517 25915 25915 I Glide   : Caused by: java.io.IOException: Cleartext HTTP traffic to dockerproxmox.duckdns.org not permitted
12-16 12:25:57.517 25915 25915 I Glide   : 	at com.android.okhttp.HttpHandler$CleartextURLFilter.checkURLPermitted(HttpHandler.java:124)
12-16 12:25:57.517 25915 25915 I Glide   : 	at com.android.okhttp.internal.huc.HttpURLConnectionImpl.execute(HttpURLConnectionImpl.java:480)
12-16 12:25:57.517 25915 25915 I Glide   : 	at com.android.okhttp.internal.huc.HttpURLConnectionImpl.connect(HttpURLConnectionImpl.java:135)
12-16 12:25:57.517 25915 25915 I Glide   : 	at com.bumptech.glide.load.data.HttpUrlFetcher.loadDataWithRedirects(HttpUrlFetcher.java:93)
12-16 12:25:57.517 25915 25915 I Glide   : 	... 12 more
12-16 12:25:57.537 25915 25915 D SBUIKIT : [12:25:57.537 SelectableUserInfoListViewModel:lambda$loadFromSendBird$1():211] ++ list : [User{mUserId='gioanniform@gmail.com', mNickname='xzcvzxv', mProfileUrl='https://natour21imgs.s3.us-east-2.amazonaws.com/87', mFriendDiscoveryKey='null', mFriendName='null', mMetaData={}, mConnectionStatus=OFFLINE, mLastSeenAt=1669039559359, mIsActive=true, mPreferredLanguages=[]}, User{mUserId='537943', mNickname='Rmc', mProfileUrl='', mFriendDiscoveryKey='null', mFriendName='null', mMetaData={}, mConnectionStatus=OFFLINE, mLastSeenAt=1664446886757, mIsActive=true, mPreferredLanguages=[]}]
12-16 12:25:57.539 25915 25915 D SBUIKIT : [12:25:57.538 SelectUserFragment:lambda$initUserList$4$com-sendbird-uikit-fragments-SelectUserFragment():232] ++ users size : 16
12-16 12:25:57.562 25915 26127 I System.out: (HTTPLog)-Static: isSBSettingEnabled false
12-16 12:25:57.562 25915 26127 I System.out: (HTTPLog)-Static: isSBSettingEnabled false
12-16 12:25:57.745 25915 26128 I System.out: (HTTPLog)-Static: isSBSettingEnabled false
12-16 12:25:57.746 25915 26128 I System.out: (HTTPLog)-Static: isSBSettingEnabled false
12-16 12:25:57.794 25915 26124 I System.out: (HTTPLog)-Static: isSBSettingEnabled false
12-16 12:25:57.794 25915 26124 I System.out: (HTTPLog)-Static: isSBSettingEnabled false
12-16 12:25:57.997 25915 26120 I System.out: (HTTPLog)-Static: isSBSettingEnabled false
12-16 12:25:57.999 25915 26120 I System.out: (HTTPLog)-Static: isSBSettingEnabled false
12-16 12:25:57.999 25915 25915 W Glide   : Load failed for [http://dockerproxmox.duckdns.org:8125/img/63/raw] with dimensions [168x168]
12-16 12:25:57.999 25915 25915 W Glide   : class com.bumptech.glide.load.engine.GlideException: Failed to load resource
12-16 12:25:57.999 25915 25915 W Glide   : There was 1 root cause:
12-16 12:25:57.999 25915 25915 W Glide   : com.bumptech.glide.load.HttpException(Failed to connect or obtain data, status code: -1)
12-16 12:25:57.999 25915 25915 W Glide   :  call GlideException#logRootCauses(String) for more detail
12-16 12:25:57.999 25915 25915 W Glide   :   Cause (1 of 1): class com.bumptech.glide.load.engine.GlideException: Fetching data failed, class java.io.InputStream, REMOTE
12-16 12:25:57.999 25915 25915 W Glide   : There was 1 root cause:
12-16 12:25:57.999 25915 25915 W Glide   : com.bumptech.glide.load.HttpException(Failed to connect or obtain data, status code: -1)
12-16 12:25:57.999 25915 25915 W Glide   :  call GlideException#logRootCauses(String) for more detail
12-16 12:25:57.999 25915 25915 W Glide   :     Cause (1 of 1): class com.bumptech.glide.load.engine.GlideException: Fetch failed
12-16 12:25:57.999 25915 25915 W Glide   : There was 1 root cause:
12-16 12:25:57.999 25915 25915 W Glide   : com.bumptech.glide.load.HttpException(Failed to connect or obtain data, status code: -1)
12-16 12:25:57.999 25915 25915 W Glide   :  call GlideException#logRootCauses(String) for more detail
12-16 12:25:57.999 25915 25915 W Glide   :       Cause (1 of 1): class com.bumptech.glide.load.HttpException: Failed to connect or obtain data, status code: -1
12-16 12:25:58.001 25915 25915 I Glide   : Root cause (1 of 1)
12-16 12:25:58.001 25915 25915 I Glide   : com.bumptech.glide.load.HttpException: Failed to connect or obtain data, status code: -1
12-16 12:25:58.001 25915 25915 I Glide   : 	at com.bumptech.glide.load.data.HttpUrlFetcher.loadDataWithRedirects(HttpUrlFetcher.java:98)
12-16 12:25:58.001 25915 25915 I Glide   : 	at com.bumptech.glide.load.data.HttpUrlFetcher.loadData(HttpUrlFetcher.java:58)
12-16 12:25:58.001 25915 25915 I Glide   : 	at com.bumptech.glide.load.model.MultiModelLoader$MultiFetcher.loadData(MultiModelLoader.java:100)
12-16 12:25:58.001 25915 25915 I Glide   : 	at com.bumptech.glide.load.engine.SourceGenerator.startNextLoad(SourceGenerator.java:95)
12-16 12:25:58.001 25915 25915 I Glide   : 	at com.bumptech.glide.load.engine.SourceGenerator.startNext(SourceGenerator.java:88)
12-16 12:25:58.001 25915 25915 I Glide   : 	at com.bumptech.glide.load.engine.DecodeJob.runGenerators(DecodeJob.java:311)
12-16 12:25:58.001 25915 25915 I Glide   : 	at com.bumptech.glide.load.engine.DecodeJob.runWrapped(DecodeJob.java:280)
12-16 12:25:58.001 25915 25915 I Glide   : 	at com.bumptech.glide.load.engine.DecodeJob.run(DecodeJob.java:235)
12-16 12:25:58.001 25915 25915 I Glide   : 	at java.util.concurrent.ThreadPoolExecutor.runWorker(ThreadPoolExecutor.java:1167)
12-16 12:25:58.001 25915 25915 I Glide   : 	at java.util.concurrent.ThreadPoolExecutor$Worker.run(ThreadPoolExecutor.java:641)
12-16 12:25:58.001 25915 25915 I Glide   : 	at com.bumptech.glide.load.engine.executor.GlideExecutor$DefaultThreadFactory$1.run(GlideExecutor.java:421)
12-16 12:25:58.001 25915 25915 I Glide   : 	at java.lang.Thread.run(Thread.java:919)
12-16 12:25:58.001 25915 25915 I Glide   : 	at com.bumptech.glide.load.engine.executor.GlideExecutor$DefaultPriorityThreadFactory$1.run(GlideExecutor.java:380)
12-16 12:25:58.001 25915 25915 I Glide   : Caused by: java.io.IOException: Cleartext HTTP traffic to dockerproxmox.duckdns.org not permitted
12-16 12:25:58.001 25915 25915 I Glide   : 	at com.android.okhttp.HttpHandler$CleartextURLFilter.checkURLPermitted(HttpHandler.java:124)
12-16 12:25:58.001 25915 25915 I Glide   : 	at com.android.okhttp.internal.huc.HttpURLConnectionImpl.execute(HttpURLConnectionImpl.java:480)
12-16 12:25:58.001 25915 25915 I Glide   : 	at com.android.okhttp.internal.huc.HttpURLConnectionImpl.connect(HttpURLConnectionImpl.java:135)
12-16 12:25:58.001 25915 25915 I Glide   : 	at com.bumptech.glide.load.data.HttpUrlFetcher.loadDataWithRedirects(HttpUrlFetcher.java:93)
12-16 12:25:58.001 25915 25915 I Glide   : 	... 12 more
12-16 12:25:58.002 25915 26120 I System.out: (HTTPLog)-Static: isSBSettingEnabled false
12-16 12:25:58.002 25915 26120 I System.out: (HTTPLog)-Static: isSBSettingEnabled false
12-16 12:25:58.003 25915 25915 W Glide   : Load failed for [http://dockerproxmox.duckdns.org:8125/img/82/raw] with dimensions [168x168]
12-16 12:25:58.003 25915 25915 W Glide   : class com.bumptech.glide.load.engine.GlideException: Failed to load resource
12-16 12:25:58.003 25915 25915 W Glide   : There was 1 root cause:
12-16 12:25:58.003 25915 25915 W Glide   : com.bumptech.glide.load.HttpException(Failed to connect or obtain data, status code: -1)
12-16 12:25:58.003 25915 25915 W Glide   :  call GlideException#logRootCauses(String) for more detail
12-16 12:25:58.003 25915 25915 W Glide   :   Cause (1 of 1): class com.bumptech.glide.load.engine.GlideException: Fetching data failed, class java.io.InputStream, REMOTE
12-16 12:25:58.003 25915 25915 W Glide   : There was 1 root cause:
12-16 12:25:58.003 25915 25915 W Glide   : com.bumptech.glide.load.HttpException(Failed to connect or obtain data, status code: -1)
12-16 12:25:58.003 25915 25915 W Glide   :  call GlideException#logRootCauses(String) for more detail
12-16 12:25:58.003 25915 25915 W Glide   :     Cause (1 of 1): class com.bumptech.glide.load.engine.GlideException: Fetch failed
12-16 12:25:58.003 25915 25915 W Glide   : There was 1 root cause:
12-16 12:25:58.003 25915 25915 W Glide   : com.bumptech.glide.load.HttpException(Failed to connect or obtain data, status code: -1)
12-16 12:25:58.003 25915 25915 W Glide   :  call GlideException#logRootCauses(String) for more detail
12-16 12:25:58.003 25915 25915 W Glide   :       Cause (1 of 1): class com.bumptech.glide.load.HttpException: Failed to connect or obtain data, status code: -1
12-16 12:25:58.005 25915 25915 I Glide   : Root cause (1 of 1)
12-16 12:25:58.005 25915 25915 I Glide   : com.bumptech.glide.load.HttpException: Failed to connect or obtain data, status code: -1
12-16 12:25:58.005 25915 25915 I Glide   : 	at com.bumptech.glide.load.data.HttpUrlFetcher.loadDataWithRedirects(HttpUrlFetcher.java:98)
12-16 12:25:58.005 25915 25915 I Glide   : 	at com.bumptech.glide.load.data.HttpUrlFetcher.loadData(HttpUrlFetcher.java:58)
12-16 12:25:58.005 25915 25915 I Glide   : 	at com.bumptech.glide.load.model.MultiModelLoader$MultiFetcher.loadData(MultiModelLoader.java:100)
12-16 12:25:58.005 25915 25915 I Glide   : 	at com.bumptech.glide.load.engine.SourceGenerator.startNextLoad(SourceGenerator.java:95)
12-16 12:25:58.005 25915 25915 I Glide   : 	at com.bumptech.glide.load.engine.SourceGenerator.startNext(SourceGenerator.java:88)
12-16 12:25:58.005 25915 25915 I Glide   : 	at com.bumptech.glide.load.engine.DecodeJob.runGenerators(DecodeJob.java:311)
12-16 12:25:58.005 25915 25915 I Glide   : 	at com.bumptech.glide.load.engine.DecodeJob.runWrapped(DecodeJob.java:280)
12-16 12:25:58.005 25915 25915 I Glide   : 	at com.bumptech.glide.load.engine.DecodeJob.run(DecodeJob.java:235)
12-16 12:25:58.005 25915 25915 I Glide   : 	at java.util.concurrent.ThreadPoolExecutor.runWorker(ThreadPoolExecutor.java:1167)
12-16 12:25:58.005 25915 25915 I Glide   : 	at java.util.concurrent.ThreadPoolExecutor$Worker.run(ThreadPoolExecutor.java:641)
12-16 12:25:58.005 25915 25915 I Glide   : 	at com.bumptech.glide.load.engine.executor.GlideExecutor$DefaultThreadFactory$1.run(GlideExecutor.java:421)
12-16 12:25:58.005 25915 25915 I Glide   : 	at java.lang.Thread.run(Thread.java:919)
12-16 12:25:58.005 25915 25915 I Glide   : 	at com.bumptech.glide.load.engine.executor.GlideExecutor$DefaultPriorityThreadFactory$1.run(GlideExecutor.java:380)
12-16 12:25:58.005 25915 25915 I Glide   : Caused by: java.io.IOException: Cleartext HTTP traffic to dockerproxmox.duckdns.org not permitted
12-16 12:25:58.005 25915 25915 I Glide   : 	at com.android.okhttp.HttpHandler$CleartextURLFilter.checkURLPermitted(HttpHandler.java:124)
12-16 12:25:58.005 25915 25915 I Glide   : 	at com.android.okhttp.internal.huc.HttpURLConnectionImpl.execute(HttpURLConnectionImpl.java:480)
12-16 12:25:58.005 25915 25915 I Glide   : 	at com.android.okhttp.internal.huc.HttpURLConnectionImpl.connect(HttpURLConnectionImpl.java:135)
12-16 12:25:58.005 25915 25915 I Glide   : 	at com.bumptech.glide.load.data.HttpUrlFetcher.loadDataWithRedirects(HttpUrlFetcher.java:93)
12-16 12:25:58.005 25915 25915 I Glide   : 	... 12 more
12-16 12:25:59.951 25915 25915 I ViewRootImpl@f382232[CreateChannelActivity]: ViewPostIme pointer 0
12-16 12:25:59.992 25915 25915 I ViewRootImpl@f382232[CreateChannelActivity]: ViewPostIme pointer 1
12-16 12:26:00.004 25915 25915 D SBUIKIT : [12:26:00.004 UserListAdapter$UserPreviewHolder:lambda$new$0$com-sendbird-uikit-activities-adapter-UserListAdapter$UserPreviewHolder():197] ++ isSelected : false, userName : Emanuele
12-16 12:26:00.885 25915 25915 I ViewRootImpl@f382232[CreateChannelActivity]: ViewPostIme pointer 0
12-16 12:26:00.926 25915 25915 I ViewRootImpl@f382232[CreateChannelActivity]: ViewPostIme pointer 1
12-16 12:26:00.929 25915 25915 D SBUIKIT : [12:26:00.928 CreateChannelFragment:onUserSelectComplete():54] =++ selected channel type : Normal
12-16 12:26:00.929 25915 25915 D SBUIKIT : [12:26:00.929 CreateChannelFragment:createGroupChannel():85] >> CreateChannelFragment::createGroupChannel()
12-16 12:26:00.930 25915 25915 D SBUIKIT : [12:26:00.930 CreateChannelFragment:createGroupChannel():92] ++ createGroupChannel params : GroupChannelParams{mUserIds=[emanuele.ladaga@gmail.com], mOperatorUserIds=[cladotti31@gmail.com], mIsSuper=null, mIsPublic=null, mIsEphemeral=null, mIsDistinct=false, mIsDiscoverable=null, mChannelUrl='null', mName='', mCoverUrlOrImage=, mData='null', mCustomType='null', mAccessCode='null', mStrict=null, isBroadcast=null, messageSurvivalSeconds=null}
12-16 12:26:00.931 25915 25915 D SBUIKIT : [12:26:00.930 CreateChannelFragment:createGroupChannel():93] ++ createGroupChannel isCreatingChannel : false
12-16 12:26:01.144 25915 26029 W SendBird: [12:26:01.144 Connection$1:onMessage():235] onMessage instance : [USEV] com.sendbird.android.Connection@c8d7b8b
12-16 12:26:01.145 25915 26029 W Sendbird: [12:26:01.145 Connection$1:onMessage():236] onMessage instance : [USEV] com.sendbird.android.Connection@c8d7b8b
12-16 12:26:01.149 25915 26044 W SendBird: [12:26:01.149 EventController$1:call():141] ++ result[USEV] runnable=null
12-16 12:26:01.149 25915 26029 W SendBird: [12:26:01.149 Connection$1:onMessage():235] onMessage instance : [SYEV] com.sendbird.android.Connection@c8d7b8b
12-16 12:26:01.150 25915 26029 W Sendbird: [12:26:01.150 Connection$1:onMessage():236] onMessage instance : [SYEV] com.sendbird.android.Connection@c8d7b8b
12-16 12:26:01.163 25915 26029 W SendBird: [12:26:01.163 Connection$1:onMessage():235] onMessage instance : [SYEV] com.sendbird.android.Connection@c8d7b8b
12-16 12:26:01.164 25915 26029 W Sendbird: [12:26:01.164 Connection$1:onMessage():236] onMessage instance : [SYEV] com.sendbird.android.Connection@c8d7b8b
12-16 12:26:01.195 25915 26029 W SendBird: [12:26:01.194 Connection$1:onMessage():235] onMessage instance : [SYEV] com.sendbird.android.Connection@c8d7b8b
12-16 12:26:01.195 25915 26029 W Sendbird: [12:26:01.195 Connection$1:onMessage():236] onMessage instance : [SYEV] com.sendbird.android.Connection@c8d7b8b
12-16 12:26:01.311 25915 25915 W ActivityThread: handleWindowVisibility: no activity for token android.os.BinderProxy@ca7fa76
12-16 12:26:01.328 25915 25915 D PhoneWindow: forceLight changed to true [] from com.android.internal.policy.PhoneWindow.updateForceLightNavigationBar:4274 com.android.internal.policy.DecorView.updateColorViews:1547 com.android.internal.policy.PhoneWindow.dispatchWindowAttributesChanged:3252 android.view.Window.setFlags:1153 com.android.internal.policy.PhoneWindow.generateLayout:2474 
12-16 12:26:01.328 25915 25915 I MultiWindowDecorSupport: [INFO] isPopOver = false
12-16 12:26:01.329 25915 25915 I MultiWindowDecorSupport: updateCaptionType >> DecorView@46fb5b2[], isFloating: false, isApplication: true, hasWindowDecorCaption: false, hasWindowControllerCallback: true
12-16 12:26:01.329 25915 25915 D MultiWindowDecorSupport: setCaptionType = 0, DecorView = DecorView@46fb5b2[]
12-16 12:26:01.343 25915 26044 W SendBird: [12:26:01.342 EventController$1:call():141] ++ result[SYEV] runnable=com.sendbird.android.EventController$26@280557b
12-16 12:26:01.358 25915 25915 I SBUIKIT : [12:26:01.357 ChannelFragment:onCreate():158] >> ChannelFragment::onCreate()
12-16 12:26:01.362 25915 26044 W SendBird: [12:26:01.362 EventController$1:call():141] ++ result[SYEV] runnable=com.sendbird.android.EventController$14@164d5e5
12-16 12:26:01.374 25915 26044 W SendBird: [12:26:01.374 EventController$1:call():141] ++ result[SYEV] runnable=com.sendbird.android.EventController$16@adef686
12-16 12:26:01.512 25915 25915 D SBUIKIT : [12:26:01.511 BaseFragment:connect():35] >> BaseFragment::connect()
12-16 12:26:01.529 25915 25915 I ViewRootImpl@7e2b848[ChannelActivity]: setView = com.android.internal.policy.DecorView@46fb5b2 TM=true MM=false
12-16 12:26:01.530 25915 25915 I ViewRootImpl@f382232[CreateChannelActivity]: MSG_WINDOW_FOCUS_CHANGED 0 1
12-16 12:26:01.531 25915 25915 D InputMethodManager: prepareNavigationBarInfo() DecorView@ca09828[CreateChannelActivity]
12-16 12:26:01.531 25915 25915 D InputMethodManager: getNavigationBarColor() -855310
12-16 12:26:01.533 25915 25915 W SendBird: [12:26:01.533 EventController$1:onResultForUiThread():154] ++ delivery[SYEV] runnable=com.sendbird.android.EventController$26@280557b
12-16 12:26:01.536 25915 25915 W SendBird: [12:26:01.536 EventController$1:onResultForUiThread():154] ++ delivery[SYEV] runnable=com.sendbird.android.EventController$14@164d5e5
12-16 12:26:01.538 25915 25915 W SendBird: [12:26:01.538 EventController$1:onResultForUiThread():154] ++ delivery[SYEV] runnable=com.sendbird.android.EventController$16@adef686
12-16 12:26:01.544 25915 25915 V InputMethodManager: Not IME target window, ignoring
12-16 12:26:01.571 25915 25915 I ViewRootImpl@7e2b848[ChannelActivity]: Relayout returned: old=(0,0,1080,2220) new=(0,0,1080,2220) req=(1080,2220)0 dur=9 res=0x7 s={true 522817220608} ch=true
12-16 12:26:01.573 25915 25975 D mali_winsys: EGLint new_window_surface(egl_winsys_display *, void *, EGLSurface, EGLConfig, egl_winsys_surface **, EGLBoolean) returns 0x3000
12-16 12:26:01.577 25915 25915 E RecyclerView: No adapter attached; skipping layout
12-16 12:26:01.583 25915 25915 I ViewRootImpl@7e2b848[ChannelActivity]: [DrawPending] drawPending(1) 1 android.view.ViewRootImpl.reportNextDraw:9952 android.view.ViewRootImpl.performTraversals:3329 android.view.ViewRootImpl.doTraversal:2222 
12-16 12:26:01.584 25915 25915 I ViewRootImpl@7e2b848[ChannelActivity]: [DrawPending] performDraw() Waiting asnyc report
12-16 12:26:01.598 25915 25915 I ViewRootImpl@7e2b848[ChannelActivity]: [DrawPending] pendingDrawFinished(0) 1 android.view.ViewRootImpl.lambda$performDraw$1$ViewRootImpl:4058 android.view.-$$Lambda$ViewRootImpl$7A_3tkr_Kw4TZAeIUGVlOoTcZhg.run:4 android.os.Handler.handleCallback:883 
12-16 12:26:01.598 25915 25915 I ViewRootImpl@7e2b848[ChannelActivity]: [DrawPending] reportDrawFinished()
12-16 12:26:01.603 25915 25915 I ViewRootImpl@7e2b848[ChannelActivity]: MSG_WINDOW_FOCUS_CHANGED 1 1
