11-18 15:50:42.261  2909  2909 W Glide   : com.bumptech.glide.load.HttpException(Failed to connect or obtain data, status code: -1)
11-18 15:50:42.261  2909  2909 W Glide   :  call GlideException#logRootCauses(String) for more detail
11-18 15:50:42.261  2909  2909 W Glide   :   Cause (1 of 1): class com.bumptech.glide.load.engine.GlideException: Fetching data failed, class java.io.InputStream, REMOTE
11-18 15:50:42.261  2909  2909 W Glide   : There was 1 root cause:
11-18 15:50:42.261  2909  2909 W Glide   : com.bumptech.glide.load.HttpException(Failed to connect or obtain data, status code: -1)
11-18 15:50:42.261  2909  2909 W Glide   :  call GlideException#logRootCauses(String) for more detail
11-18 15:50:42.261  2909  2909 W Glide   :     Cause (1 of 1): class com.bumptech.glide.load.engine.GlideException: Fetch failed
11-18 15:50:42.261  2909  2909 W Glide   : There was 1 root cause:
11-18 15:50:42.261  2909  2909 W Glide   : com.bumptech.glide.load.HttpException(Failed to connect or obtain data, status code: -1)
11-18 15:50:42.261  2909  2909 W Glide   :  call GlideException#logRootCauses(String) for more detail
11-18 15:50:42.261  2909  2909 W Glide   :       Cause (1 of 1): class com.bumptech.glide.load.HttpException: Failed to connect or obtain data, status code: -1
11-18 15:50:42.262  2909  2909 I Glide   : Root cause (1 of 1)
11-18 15:50:42.262  2909  2909 I Glide   : com.bumptech.glide.load.HttpException: Failed to connect or obtain data, status code: -1
11-18 15:50:42.262  2909  2909 I Glide   : 	at com.bumptech.glide.load.data.HttpUrlFetcher.loadDataWithRedirects(HttpUrlFetcher.java:98)
11-18 15:50:42.262  2909  2909 I Glide   : 	at com.bumptech.glide.load.data.HttpUrlFetcher.loadData(HttpUrlFetcher.java:58)
11-18 15:50:42.262  2909  2909 I Glide   : 	at com.bumptech.glide.load.model.MultiModelLoader$MultiFetcher.loadData(MultiModelLoader.java:100)
11-18 15:50:42.262  2909  2909 I Glide   : 	at com.bumptech.glide.load.engine.SourceGenerator.startNextLoad(SourceGenerator.java:95)
11-18 15:50:42.262  2909  2909 I Glide   : 	at com.bumptech.glide.load.engine.SourceGenerator.startNext(SourceGenerator.java:88)
11-18 15:50:42.262  2909  2909 I Glide   : 	at com.bumptech.glide.load.engine.DecodeJob.runGenerators(DecodeJob.java:311)
11-18 15:50:42.262  2909  2909 I Glide   : 	at com.bumptech.glide.load.engine.DecodeJob.runWrapped(DecodeJob.java:280)
11-18 15:50:42.262  2909  2909 I Glide   : 	at com.bumptech.glide.load.engine.DecodeJob.run(DecodeJob.java:235)
11-18 15:50:42.262  2909  2909 I Glide   : 	at java.util.concurrent.ThreadPoolExecutor.runWorker(ThreadPoolExecutor.java:1167)
11-18 15:50:42.262  2909  2909 I Glide   : 	at java.util.concurrent.ThreadPoolExecutor$Worker.run(ThreadPoolExecutor.java:641)
11-18 15:50:42.262  2909  2909 I Glide   : 	at com.bumptech.glide.load.engine.executor.GlideExecutor$DefaultThreadFactory$1.run(GlideExecutor.java:421)
11-18 15:50:42.262  2909  2909 I Glide   : 	at java.lang.Thread.run(Thread.java:923)
11-18 15:50:42.262  2909  2909 I Glide   : 	at com.bumptech.glide.load.engine.executor.GlideExecutor$DefaultPriorityThreadFactory$1.run(GlideExecutor.java:380)
11-18 15:50:42.262  2909  2909 I Glide   : Caused by: java.net.SocketTimeoutException: timeout
11-18 15:50:42.262  2909  2909 I Glide   : 	at com.android.okhttp.okio.Okio$3.newTimeoutException(Okio.java:214)
11-18 15:50:42.262  2909  2909 I Glide   : 	at com.android.okhttp.okio.AsyncTimeout.exit(AsyncTimeout.java:263)
11-18 15:50:42.262  2909  2909 I Glide   : 	at com.android.okhttp.okio.AsyncTimeout$2.read(AsyncTimeout.java:217)
11-18 15:50:42.262  2909  2909 I Glide   : 	at com.android.okhttp.okio.RealBufferedSource.indexOf(RealBufferedSource.java:307)
11-18 15:50:42.262  2909  2909 I Glide   : 	at com.android.okhttp.okio.RealBufferedSource.indexOf(RealBufferedSource.java:301)
11-18 15:50:42.262  2909  2909 I Glide   : 	at com.android.okhttp.okio.RealBufferedSource.readUtf8LineStrict(RealBufferedSource.java:197)
11-18 15:50:42.262  2909  2909 I Glide   : 	at com.android.okhttp.internal.http.Http1xStream.readResponse(Http1xStream.java:188)
11-18 15:50:42.262  2909  2909 I Glide   : 	at com.android.okhttp.internal.http.Http1xStream.readResponseHeaders(Http1xStream.java:129)
11-18 15:50:42.262  2909  2909 I Glide   : 	at com.android.okhttp.internal.http.HttpEngine.readNetworkResponse(HttpEngine.java:750)
11-18 15:50:42.262  2909  2909 I Glide   : 	at com.android.okhttp.internal.http.HttpEngine.readResponse(HttpEngine.java:622)
11-18 15:50:42.262  2909  2909 I Glide   : 	at com.android.okhttp.internal.huc.HttpURLConnectionImpl.execute(HttpURLConnectionImpl.java:475)
11-18 15:50:42.262  2909  2909 I Glide   : 	at com.android.okhttp.internal.huc.HttpURLConnectionImpl.getResponse(HttpURLConnectionImpl.java:411)
11-18 15:50:42.262  2909  2909 I Glide   : 	at com.android.okhttp.internal.huc.HttpURLConnectionImpl.getInputStream(HttpURLConnectionImpl.java:248)
11-18 15:50:42.262  2909  2909 I Glide   : 	at com.bumptech.glide.load.data.HttpUrlFetcher.loadDataWithRedirects(HttpUrlFetcher.java:95)
11-18 15:50:42.262  2909  2909 I Glide   : 	... 12 more
11-18 15:50:42.262  2909  2909 I Glide   : Caused by: java.net.SocketException: Socket closed
11-18 15:50:42.262  2909  2909 I Glide   : 	at java.net.SocketInputStream.read(SocketInputStream.java:209)
11-18 15:50:42.262  2909  2909 I Glide   : 	at java.net.SocketInputStream.read(SocketInputStream.java:144)
11-18 15:50:42.262  2909  2909 I Glide   : 	at com.android.okhttp.okio.Okio$2.read(Okio.java:138)
11-18 15:50:42.262  2909  2909 I Glide   : 	at com.android.okhttp.okio.AsyncTimeout$2.read(AsyncTimeout.java:213)
11-18 15:50:42.262  2909  2909 I Glide   : 	... 23 more
11-18 15:50:42.266  2909  2909 W Glide   : Load failed for [http://dockerproxmox.duckdns.org:8125/img/57/raw] with dimensions [1080x550]
11-18 15:50:42.266  2909  2909 W Glide   : class com.bumptech.glide.load.engine.GlideException: Failed to load resource
11-18 15:50:42.266  2909  2909 W Glide   : There was 1 root cause:
11-18 15:50:42.266  2909  2909 W Glide   : com.bumptech.glide.load.HttpException(Failed to connect or obtain data, status code: -1)
11-18 15:50:42.266  2909  2909 W Glide   :  call GlideException#logRootCauses(String) for more detail
11-18 15:50:42.266  2909  2909 W Glide   :   Cause (1 of 1): class com.bumptech.glide.load.engine.GlideException: Fetching data failed, class java.io.InputStream, REMOTE
11-18 15:50:42.266  2909  2909 W Glide   : There was 1 root cause:
11-18 15:50:42.266  2909  2909 W Glide   : com.bumptech.glide.load.HttpException(Failed to connect or obtain data, status code: -1)
11-18 15:50:42.266  2909  2909 W Glide   :  call GlideException#logRootCauses(String) for more detail
11-18 15:50:42.266  2909  2909 W Glide   :     Cause (1 of 1): class com.bumptech.glide.load.engine.GlideException: Fetch failed
11-18 15:50:42.266  2909  2909 W Glide   : There was 1 root cause:
11-18 15:50:42.266  2909  2909 W Glide   : com.bumptech.glide.load.HttpException(Failed to connect or obtain data, status code: -1)
11-18 15:50:42.266  2909  2909 W Glide   :  call GlideException#logRootCauses(String) for more detail
11-18 15:50:42.266  2909  2909 W Glide   :       Cause (1 of 1): class com.bumptech.glide.load.HttpException: Failed to connect or obtain data, status code: -1
11-18 15:50:42.267  2909  2909 I Glide   : Root cause (1 of 1)
11-18 15:50:42.267  2909  2909 I Glide   : com.bumptech.glide.load.HttpException: Failed to connect or obtain data, status code: -1
11-18 15:50:42.267  2909  2909 I Glide   : 	at com.bumptech.glide.load.data.HttpUrlFetcher.loadDataWithRedirects(HttpUrlFetcher.java:98)
11-18 15:50:42.267  2909  2909 I Glide   : 	at com.bumptech.glide.load.data.HttpUrlFetcher.loadData(HttpUrlFetcher.java:58)
11-18 15:50:42.267  2909  2909 I Glide   : 	at com.bumptech.glide.load.model.MultiModelLoader$MultiFetcher.loadData(MultiModelLoader.java:100)
11-18 15:50:42.267  2909  2909 I Glide   : 	at com.bumptech.glide.load.engine.SourceGenerator.startNextLoad(SourceGenerator.java:95)
11-18 15:50:42.267  2909  2909 I Glide   : 	at com.bumptech.glide.load.engine.SourceGenerator.startNext(SourceGenerator.java:88)
11-18 15:50:42.267  2909  2909 I Glide   : 	at com.bumptech.glide.load.engine.DecodeJob.runGenerators(DecodeJob.java:311)
11-18 15:50:42.267  2909  2909 I Glide   : 	at com.bumptech.glide.load.engine.DecodeJob.runWrapped(DecodeJob.java:280)
11-18 15:50:42.267  2909  2909 I Glide   : 	at com.bumptech.glide.load.engine.DecodeJob.run(DecodeJob.java:235)
11-18 15:50:42.267  2909  2909 I Glide   : 	at java.util.concurrent.ThreadPoolExecutor.runWorker(ThreadPoolExecutor.java:1167)
11-18 15:50:42.267  2909  2909 I Glide   : 	at java.util.concurrent.ThreadPoolExecutor$Worker.run(ThreadPoolExecutor.java:641)
11-18 15:50:42.267  2909  2909 I Glide   : 	at com.bumptech.glide.load.engine.executor.GlideExecutor$DefaultThreadFactory$1.run(GlideExecutor.java:421)
11-18 15:50:42.267  2909  2909 I Glide   : 	at java.lang.Thread.run(Thread.java:923)
11-18 15:50:42.267  2909  2909 I Glide   : 	at com.bumptech.glide.load.engine.executor.GlideExecutor$DefaultPriorityThreadFactory$1.run(GlideExecutor.java:380)
11-18 15:50:42.267  2909  2909 I Glide   : Caused by: java.net.SocketTimeoutException: timeout
11-18 15:50:42.267  2909  2909 I Glide   : 	at com.android.okhttp.okio.Okio$3.newTimeoutException(Okio.java:214)
11-18 15:50:42.267  2909  2909 I Glide   : 	at com.android.okhttp.okio.AsyncTimeout.exit(AsyncTimeout.java:263)
11-18 15:50:42.267  2909  2909 I Glide   : 	at com.android.okhttp.okio.AsyncTimeout$2.read(AsyncTimeout.java:217)
11-18 15:50:42.267  2909  2909 I Glide   : 	at com.android.okhttp.okio.RealBufferedSource.indexOf(RealBufferedSource.java:307)
11-18 15:50:42.267  2909  2909 I Glide   : 	at com.android.okhttp.okio.RealBufferedSource.indexOf(RealBufferedSource.java:301)
11-18 15:50:42.267  2909  2909 I Glide   : 	at com.android.okhttp.okio.RealBufferedSource.readUtf8LineStrict(RealBufferedSource.java:197)
11-18 15:50:42.267  2909  2909 I Glide   : 	at com.android.okhttp.internal.http.Http1xStream.readResponse(Http1xStream.java:188)
11-18 15:50:42.267  2909  2909 I Glide   : 	at com.android.okhttp.internal.http.Http1xStream.readResponseHeaders(Http1xStream.java:129)
11-18 15:50:42.267  2909  2909 I Glide   : 	at com.android.okhttp.internal.http.HttpEngine.readNetworkResponse(HttpEngine.java:750)
11-18 15:50:42.267  2909  2909 I Glide   : 	at com.android.okhttp.internal.http.HttpEngine.readResponse(HttpEngine.java:622)
11-18 15:50:42.267  2909  2909 I Glide   : 	at com.android.okhttp.internal.huc.HttpURLConnectionImpl.execute(HttpURLConnectionImpl.java:475)
11-18 15:50:42.267  2909  2909 I Glide   : 	at com.android.okhttp.internal.huc.HttpURLConnectionImpl.getResponse(HttpURLConnectionImpl.java:411)
11-18 15:50:42.267  2909  2909 I Glide   : 	at com.android.okhttp.internal.huc.HttpURLConnectionImpl.getInputStream(HttpURLConnectionImpl.java:248)
11-18 15:50:42.267  2909  2909 I Glide   : 	at com.bumptech.glide.load.data.HttpUrlFetcher.loadDataWithRedirects(HttpUrlFetcher.java:95)
11-18 15:50:42.267  2909  2909 I Glide   : 	... 12 more
11-18 15:50:42.267  2909  2909 I Glide   : Caused by: java.net.SocketException: Socket closed
11-18 15:50:42.267  2909  2909 I Glide   : 	at java.net.SocketInputStream.read(SocketInputStream.java:209)
11-18 15:50:42.267  2909  2909 I Glide   : 	at java.net.SocketInputStream.read(SocketInputStream.java:144)
11-18 15:50:42.267  2909  2909 I Glide   : 	at com.android.okhttp.okio.Okio$2.read(Okio.java:138)
11-18 15:50:42.267  2909  2909 I Glide   : 	at com.android.okhttp.okio.AsyncTimeout$2.read(AsyncTimeout.java:213)
11-18 15:50:42.267  2909  2909 I Glide   : 	... 23 more
11-18 15:50:42.328  2909  3394 W SendBird: [15:50:42.327 Connection$1:onMessage():235] onMessage instance : [PONG] com.sendbird.android.Connection@32fe2b2
11-18 15:50:42.331  2909  3394 W Sendbird: [15:50:42.329 Connection$1:onMessage():236] onMessage instance : [PONG] com.sendbird.android.Connection@32fe2b2
11-18 15:50:42.341  2909  3129 W SendBird: [15:50:42.339 EventController$1:call():141] ++ result[PONG] runnable=null
11-18 15:50:42.503  2909  2909 W Glide   : Load failed for [http://dockerproxmox.duckdns.org:8125/img/82/raw] with dimensions [96x96]
11-18 15:50:42.503  2909  2909 W Glide   : class com.bumptech.glide.load.engine.GlideException: Failed to load resource
11-18 15:50:42.503  2909  2909 W Glide   : There was 1 root cause:
11-18 15:50:42.503  2909  2909 W Glide   : com.bumptech.glide.load.HttpException(Failed to connect or obtain data, status code: -1)
11-18 15:50:42.503  2909  2909 W Glide   :  call GlideException#logRootCauses(String) for more detail
11-18 15:50:42.503  2909  2909 W Glide   :   Cause (1 of 1): class com.bumptech.glide.load.engine.GlideException: Fetching data failed, class java.io.InputStream, REMOTE
11-18 15:50:42.503  2909  2909 W Glide   : There was 1 root cause:
11-18 15:50:42.503  2909  2909 W Glide   : com.bumptech.glide.load.HttpException(Failed to connect or obtain data, status code: -1)
11-18 15:50:42.503  2909  2909 W Glide   :  call GlideException#logRootCauses(String) for more detail
11-18 15:50:42.503  2909  2909 W Glide   :     Cause (1 of 1): class com.bumptech.glide.load.engine.GlideException: Fetch failed
11-18 15:50:42.503  2909  2909 W Glide   : There was 1 root cause:
11-18 15:50:42.503  2909  2909 W Glide   : com.bumptech.glide.load.HttpException(Failed to connect or obtain data, status code: -1)
11-18 15:50:42.503  2909  2909 W Glide   :  call GlideException#logRootCauses(String) for more detail
11-18 15:50:42.503  2909  2909 W Glide   :       Cause (1 of 1): class com.bumptech.glide.load.HttpException: Failed to connect or obtain data, status code: -1
11-18 15:50:42.504  2909  2909 I Glide   : Root cause (1 of 1)
11-18 15:50:42.504  2909  2909 I Glide   : com.bumptech.glide.load.HttpException: Failed to connect or obtain data, status code: -1
11-18 15:50:42.504  2909  2909 I Glide   : 	at com.bumptech.glide.load.data.HttpUrlFetcher.loadDataWithRedirects(HttpUrlFetcher.java:98)
11-18 15:50:42.504  2909  2909 I Glide   : 	at com.bumptech.glide.load.data.HttpUrlFetcher.loadData(HttpUrlFetcher.java:58)
11-18 15:50:42.504  2909  2909 I Glide   : 	at com.bumptech.glide.load.model.MultiModelLoader$MultiFetcher.loadData(MultiModelLoader.java:100)
11-18 15:50:42.504  2909  2909 I Glide   : 	at com.bumptech.glide.load.engine.SourceGenerator.startNextLoad(SourceGenerator.java:95)
11-18 15:50:42.504  2909  2909 I Glide   : 	at com.bumptech.glide.load.engine.SourceGenerator.startNext(SourceGenerator.java:88)
11-18 15:50:42.504  2909  2909 I Glide   : 	at com.bumptech.glide.load.engine.DecodeJob.runGenerators(DecodeJob.java:311)
11-18 15:50:42.504  2909  2909 I Glide   : 	at com.bumptech.glide.load.engine.DecodeJob.runWrapped(DecodeJob.java:280)
11-18 15:50:42.504  2909  2909 I Glide   : 	at com.bumptech.glide.load.engine.DecodeJob.run(DecodeJob.java:235)
11-18 15:50:42.504  2909  2909 I Glide   : 	at java.util.concurrent.ThreadPoolExecutor.runWorker(ThreadPoolExecutor.java:1167)
11-18 15:50:42.504  2909  2909 I Glide   : 	at java.util.concurrent.ThreadPoolExecutor$Worker.run(ThreadPoolExecutor.java:641)
11-18 15:50:42.504  2909  2909 I Glide   : 	at com.bumptech.glide.load.engine.executor.GlideExecutor$DefaultThreadFactory$1.run(GlideExecutor.java:421)
11-18 15:50:42.504  2909  2909 I Glide   : 	at java.lang.Thread.run(Thread.java:923)
11-18 15:50:42.504  2909  2909 I Glide   : 	at com.bumptech.glide.load.engine.executor.GlideExecutor$DefaultPriorityThreadFactory$1.run(GlideExecutor.java:380)
11-18 15:50:42.504  2909  2909 I Glide   : Caused by: java.net.SocketTimeoutException: timeout
11-18 15:50:42.504  2909  2909 I Glide   : 	at com.android.okhttp.okio.Okio$3.newTimeoutException(Okio.java:214)
11-18 15:50:42.504  2909  2909 I Glide   : 	at com.android.okhttp.okio.AsyncTimeout.exit(AsyncTimeout.java:263)
11-18 15:50:42.504  2909  2909 I Glide   : 	at com.android.okhttp.okio.AsyncTimeout$2.read(AsyncTimeout.java:217)
11-18 15:50:42.504  2909  2909 I Glide   : 	at com.android.okhttp.okio.RealBufferedSource.indexOf(RealBufferedSource.java:307)
11-18 15:50:42.504  2909  2909 I Glide   : 	at com.android.okhttp.okio.RealBufferedSource.indexOf(RealBufferedSource.java:301)
11-18 15:50:42.504  2909  2909 I Glide   : 	at com.android.okhttp.okio.RealBufferedSource.readUtf8LineStrict(RealBufferedSource.java:197)
11-18 15:50:42.504  2909  2909 I Glide   : 	at com.android.okhttp.internal.http.Http1xStream.readResponse(Http1xStream.java:188)
11-18 15:50:42.504  2909  2909 I Glide   : 	at com.android.okhttp.internal.http.Http1xStream.readResponseHeaders(Http1xStream.java:129)
11-18 15:50:42.504  2909  2909 I Glide   : 	at com.android.okhttp.internal.http.HttpEngine.readNetworkResponse(HttpEngine.java:750)
11-18 15:50:42.504  2909  2909 I Glide   : 	at com.android.okhttp.internal.http.HttpEngine.readResponse(HttpEngine.java:622)
11-18 15:50:42.504  2909  2909 I Glide   : 	at com.android.okhttp.internal.huc.HttpURLConnectionImpl.execute(HttpURLConnectionImpl.java:475)
11-18 15:50:42.504  2909  2909 I Glide   : 	at com.android.okhttp.internal.huc.HttpURLConnectionImpl.getResponse(HttpURLConnectionImpl.java:411)
11-18 15:50:42.504  2909  2909 I Glide   : 	at com.android.okhttp.internal.huc.HttpURLConnectionImpl.getInputStream(HttpURLConnectionImpl.java:248)
11-18 15:50:42.504  2909  2909 I Glide   : 	at com.bumptech.glide.load.data.HttpUrlFetcher.loadDataWithRedirects(HttpUrlFetcher.java:95)
11-18 15:50:42.504  2909  2909 I Glide   : 	... 12 more
11-18 15:50:42.504  2909  2909 I Glide   : Caused by: java.net.SocketException: Socket closed
11-18 15:50:42.504  2909  2909 I Glide   : 	at java.net.SocketInputStream.read(SocketInputStream.java:209)
11-18 15:50:42.504  2909  2909 I Glide   : 	at java.net.SocketInputStream.read(SocketInputStream.java:144)
11-18 15:50:42.504  2909  2909 I Glide   : 	at com.android.okhttp.okio.Okio$2.read(Okio.java:138)
11-18 15:50:42.504  2909  2909 I Glide   : 	at com.android.okhttp.okio.AsyncTimeout$2.read(AsyncTimeout.java:213)
11-18 15:50:42.504  2909  2909 I Glide   : 	... 23 more
11-18 15:50:47.824  2909  2956 W System  : A resource failed to call release. 
11-18 15:50:50.839  2909  2909 W Glide   : Load failed for [http://dockerproxmox.duckdns.org:8125/img/57/raw] with dimensions [1080x550]
11-18 15:50:50.839  2909  2909 W Glide   : class com.bumptech.glide.load.engine.GlideException: Failed to load resource
11-18 15:50:50.839  2909  2909 W Glide   : There was 1 root cause:
11-18 15:50:50.839  2909  2909 W Glide   : com.bumptech.glide.load.HttpException(Failed to connect or obtain data, status code: -1)
11-18 15:50:50.839  2909  2909 W Glide   :  call GlideException#logRootCauses(String) for more detail
11-18 15:50:50.839  2909  2909 W Glide   :   Cause (1 of 1): class com.bumptech.glide.load.engine.GlideException: Fetching data failed, class java.io.InputStream, REMOTE
11-18 15:50:50.839  2909  2909 W Glide   : There was 1 root cause:
11-18 15:50:50.839  2909  2909 W Glide   : com.bumptech.glide.load.HttpException(Failed to connect or obtain data, status code: -1)
11-18 15:50:50.839  2909  2909 W Glide   :  call GlideException#logRootCauses(String) for more detail
11-18 15:50:50.839  2909  2909 W Glide   :     Cause (1 of 1): class com.bumptech.glide.load.engine.GlideException: Fetch failed
11-18 15:50:50.839  2909  2909 W Glide   : There was 1 root cause:
11-18 15:50:50.839  2909  2909 W Glide   : com.bumptech.glide.load.HttpException(Failed to connect or obtain data, status code: -1)
11-18 15:50:50.839  2909  2909 W Glide   :  call GlideException#logRootCauses(String) for more detail
11-18 15:50:50.839  2909  2909 W Glide   :       Cause (1 of 1): class com.bumptech.glide.load.HttpException: Failed to connect or obtain data, status code: -1
11-18 15:50:50.843  2909  2909 I Glide   : Root cause (1 of 1)
11-18 15:50:50.843  2909  2909 I Glide   : com.bumptech.glide.load.HttpException: Failed to connect or obtain data, status code: -1
11-18 15:50:50.843  2909  2909 I Glide   : 	at com.bumptech.glide.load.data.HttpUrlFetcher.loadDataWithRedirects(HttpUrlFetcher.java:98)
11-18 15:50:50.843  2909  2909 I Glide   : 	at com.bumptech.glide.load.data.HttpUrlFetcher.loadData(HttpUrlFetcher.java:58)
11-18 15:50:50.843  2909  2909 I Glide   : 	at com.bumptech.glide.load.model.MultiModelLoader$MultiFetcher.loadData(MultiModelLoader.java:100)
11-18 15:50:50.843  2909  2909 I Glide   : 	at com.bumptech.glide.load.engine.SourceGenerator.startNextLoad(SourceGenerator.java:95)
11-18 15:50:50.843  2909  2909 I Glide   : 	at com.bumptech.glide.load.engine.SourceGenerator.startNext(SourceGenerator.java:88)
11-18 15:50:50.843  2909  2909 I Glide   : 	at com.bumptech.glide.load.engine.DecodeJob.runGenerators(DecodeJob.java:311)
11-18 15:50:50.843  2909  2909 I Glide   : 	at com.bumptech.glide.load.engine.DecodeJob.runWrapped(DecodeJob.java:280)
11-18 15:50:50.843  2909  2909 I Glide   : 	at com.bumptech.glide.load.engine.DecodeJob.run(DecodeJob.java:235)
11-18 15:50:50.843  2909  2909 I Glide   : 	at java.util.concurrent.ThreadPoolExecutor.runWorker(ThreadPoolExecutor.java:1167)
11-18 15:50:50.843  2909  2909 I Glide   : 	at java.util.concurrent.ThreadPoolExecutor$Worker.run(ThreadPoolExecutor.java:641)
11-18 15:50:50.843  2909  2909 I Glide   : 	at com.bumptech.glide.load.engine.executor.GlideExecutor$DefaultThreadFactory$1.run(GlideExecutor.java:421)
11-18 15:50:50.843  2909  2909 I Glide   : 	at java.lang.Thread.run(Thread.java:923)
11-18 15:50:50.843  2909  2909 I Glide   : 	at com.bumptech.glide.load.engine.executor.GlideExecutor$DefaultPriorityThreadFactory$1.run(GlideExecutor.java:380)
11-18 15:50:50.843  2909  2909 I Glide   : Caused by: java.net.SocketTimeoutException: timeout
11-18 15:50:50.843  2909  2909 I Glide   : 	at com.android.okhttp.okio.Okio$3.newTimeoutException(Okio.java:214)
11-18 15:50:50.843  2909  2909 I Glide   : 	at com.android.okhttp.okio.AsyncTimeout.exit(AsyncTimeout.java:263)
11-18 15:50:50.843  2909  2909 I Glide   : 	at com.android.okhttp.okio.AsyncTimeout$2.read(AsyncTimeout.java:217)
11-18 15:50:50.843  2909  2909 I Glide   : 	at com.android.okhttp.okio.RealBufferedSource.indexOf(RealBufferedSource.java:307)
11-18 15:50:50.843  2909  2909 I Glide   : 	at com.android.okhttp.okio.RealBufferedSource.indexOf(RealBufferedSource.java:301)
11-18 15:50:50.843  2909  2909 I Glide   : 	at com.android.okhttp.okio.RealBufferedSource.readUtf8LineStrict(RealBufferedSource.java:197)
11-18 15:50:50.843  2909  2909 I Glide   : 	at com.android.okhttp.internal.http.Http1xStream.readResponse(Http1xStream.java:188)
11-18 15:50:50.843  2909  2909 I Glide   : 	at com.android.okhttp.internal.http.Http1xStream.readResponseHeaders(Http1xStream.java:129)
11-18 15:50:50.843  2909  2909 I Glide   : 	at com.android.okhttp.internal.http.HttpEngine.readNetworkResponse(HttpEngine.java:750)
11-18 15:50:50.843  2909  2909 I Glide   : 	at com.android.okhttp.internal.http.HttpEngine.readResponse(HttpEngine.java:622)
11-18 15:50:50.843  2909  2909 I Glide   : 	at com.android.okhttp.internal.huc.HttpURLConnectionImpl.execute(HttpURLConnectionImpl.java:475)
11-18 15:50:50.843  2909  2909 I Glide   : 	at com.android.okhttp.internal.huc.HttpURLConnectionImpl.getResponse(HttpURLConnectionImpl.java:411)
11-18 15:50:50.843  2909  2909 I Glide   : 	at com.android.okhttp.internal.huc.HttpURLConnectionImpl.getInputStream(HttpURLConnectionImpl.java:248)
11-18 15:50:50.843  2909  2909 I Glide   : 	at com.bumptech.glide.load.data.HttpUrlFetcher.loadDataWithRedirects(HttpUrlFetcher.java:95)
11-18 15:50:50.843  2909  2909 I Glide   : 	... 12 more
11-18 15:50:50.843  2909  2909 I Glide   : Caused by: java.net.SocketException: Socket closed
11-18 15:50:50.843  2909  2909 I Glide   : 	at java.net.SocketInputStream.read(SocketInputStream.java:209)
11-18 15:50:50.843  2909  2909 I Glide   : 	at java.net.SocketInputStream.read(SocketInputStream.java:144)
11-18 15:50:50.843  2909  2909 I Glide   : 	at com.android.okhttp.okio.Okio$2.read(Okio.java:138)
11-18 15:50:50.843  2909  2909 I Glide   : 	at com.android.okhttp.okio.AsyncTimeout$2.read(AsyncTimeout.java:213)
11-18 15:50:50.843  2909  2909 I Glide   : 	... 23 more
11-18 15:50:50.877  2909  2909 W Glide   : Load failed for [http://dockerproxmox.duckdns.org:8125/img/82/raw] with dimensions [275x275]
11-18 15:50:50.877  2909  2909 W Glide   : class com.bumptech.glide.load.engine.GlideException: Failed to load resource
11-18 15:50:50.877  2909  2909 W Glide   : There was 1 root cause:
11-18 15:50:50.877  2909  2909 W Glide   : com.bumptech.glide.load.HttpException(Failed to connect or obtain data, status code: -1)
11-18 15:50:50.877  2909  2909 W Glide   :  call GlideException#logRootCauses(String) for more detail
11-18 15:50:50.877  2909  2909 W Glide   :   Cause (1 of 1): class com.bumptech.glide.load.engine.GlideException: Fetching data failed, class java.io.InputStream, REMOTE
11-18 15:50:50.877  2909  2909 W Glide   : There was 1 root cause:
11-18 15:50:50.877  2909  2909 W Glide   : com.bumptech.glide.load.HttpException(Failed to connect or obtain data, status code: -1)
11-18 15:50:50.877  2909  2909 W Glide   :  call GlideException#logRootCauses(String) for more detail
11-18 15:50:50.877  2909  2909 W Glide   :     Cause (1 of 1): class com.bumptech.glide.load.engine.GlideException: Fetch failed
11-18 15:50:50.877  2909  2909 W Glide   : There was 1 root cause:
11-18 15:50:50.877  2909  2909 W Glide   : com.bumptech.glide.load.HttpException(Failed to connect or obtain data, status code: -1)
11-18 15:50:50.877  2909  2909 W Glide   :  call GlideException#logRootCauses(String) for more detail
11-18 15:50:50.877  2909  2909 W Glide   :       Cause (1 of 1): class com.bumptech.glide.load.HttpException: Failed to connect or obtain data, status code: -1
11-18 15:50:50.878  2909  2909 I Glide   : Root cause (1 of 1)
11-18 15:50:50.878  2909  2909 I Glide   : com.bumptech.glide.load.HttpException: Failed to connect or obtain data, status code: -1
11-18 15:50:50.878  2909  2909 I Glide   : 	at com.bumptech.glide.load.data.HttpUrlFetcher.loadDataWithRedirects(HttpUrlFetcher.java:98)
11-18 15:50:50.878  2909  2909 I Glide   : 	at com.bumptech.glide.load.data.HttpUrlFetcher.loadData(HttpUrlFetcher.java:58)
11-18 15:50:50.878  2909  2909 I Glide   : 	at com.bumptech.glide.load.model.MultiModelLoader$MultiFetcher.loadData(MultiModelLoader.java:100)
11-18 15:50:50.878  2909  2909 I Glide   : 	at com.bumptech.glide.load.engine.SourceGenerator.startNextLoad(SourceGenerator.java:95)
11-18 15:50:50.878  2909  2909 I Glide   : 	at com.bumptech.glide.load.engine.SourceGenerator.startNext(SourceGenerator.java:88)
11-18 15:50:50.878  2909  2909 I Glide   : 	at com.bumptech.glide.load.engine.DecodeJob.runGenerators(DecodeJob.java:311)
11-18 15:50:50.878  2909  2909 I Glide   : 	at com.bumptech.glide.load.engine.DecodeJob.runWrapped(DecodeJob.java:280)
11-18 15:50:50.878  2909  2909 I Glide   : 	at com.bumptech.glide.load.engine.DecodeJob.run(DecodeJob.java:235)
11-18 15:50:50.878  2909  2909 I Glide   : 	at java.util.concurrent.ThreadPoolExecutor.runWorker(ThreadPoolExecutor.java:1167)
11-18 15:50:50.878  2909  2909 I Glide   : 	at java.util.concurrent.ThreadPoolExecutor$Worker.run(ThreadPoolExecutor.java:641)
11-18 15:50:50.878  2909  2909 I Glide   : 	at com.bumptech.glide.load.engine.executor.GlideExecutor$DefaultThreadFactory$1.run(GlideExecutor.java:421)
11-18 15:50:50.878  2909  2909 I Glide   : 	at java.lang.Thread.run(Thread.java:923)
11-18 15:50:50.878  2909  2909 I Glide   : 	at com.bumptech.glide.load.engine.executor.GlideExecutor$DefaultPriorityThreadFactory$1.run(GlideExecutor.java:380)
11-18 15:50:50.878  2909  2909 I Glide   : Caused by: java.net.SocketTimeoutException: timeout
11-18 15:50:50.878  2909  2909 I Glide   : 	at com.android.okhttp.okio.Okio$3.newTimeoutException(Okio.java:214)
11-18 15:50:50.878  2909  2909 I Glide   : 	at com.android.okhttp.okio.AsyncTimeout.exit(AsyncTimeout.java:263)
11-18 15:50:50.878  2909  2909 I Glide   : 	at com.android.okhttp.okio.AsyncTimeout$2.read(AsyncTimeout.java:217)
11-18 15:50:50.878  2909  2909 I Glide   : 	at com.android.okhttp.okio.RealBufferedSource.indexOf(RealBufferedSource.java:307)
11-18 15:50:50.878  2909  2909 I Glide   : 	at com.android.okhttp.okio.RealBufferedSource.indexOf(RealBufferedSource.java:301)
11-18 15:50:50.878  2909  2909 I Glide   : 	at com.android.okhttp.okio.RealBufferedSource.readUtf8LineStrict(RealBufferedSource.java:197)
11-18 15:50:50.878  2909  2909 I Glide   : 	at com.android.okhttp.internal.http.Http1xStream.readResponse(Http1xStream.java:188)
11-18 15:50:50.878  2909  2909 I Glide   : 	at com.android.okhttp.internal.http.Http1xStream.readResponseHeaders(Http1xStream.java:129)
11-18 15:50:50.878  2909  2909 I Glide   : 	at com.android.okhttp.internal.http.HttpEngine.readNetworkResponse(HttpEngine.java:750)
11-18 15:50:50.878  2909  2909 I Glide   : 	at com.android.okhttp.internal.http.HttpEngine.readResponse(HttpEngine.java:622)
11-18 15:50:50.878  2909  2909 I Glide   : 	at com.android.okhttp.internal.huc.HttpURLConnectionImpl.execute(HttpURLConnectionImpl.java:475)
11-18 15:50:50.878  2909  2909 I Glide   : 	at com.android.okhttp.internal.huc.HttpURLConnectionImpl.getResponse(HttpURLConnectionImpl.java:411)
11-18 15:50:50.878  2909  2909 I Glide   : 	at com.android.okhttp.internal.huc.HttpURLConnectionImpl.getInputStream(HttpURLConnectionImpl.java:248)
11-18 15:50:50.878  2909  2909 I Glide   : 	at com.bumptech.glide.load.data.HttpUrlFetcher.loadDataWithRedirects(HttpUrlFetcher.java:95)
11-18 15:50:50.878  2909  2909 I Glide   : 	... 12 more
11-18 15:50:50.878  2909  2909 I Glide   : Caused by: java.net.SocketException: Socket closed
11-18 15:50:50.878  2909  2909 I Glide   : 	at java.net.SocketInputStream.read(SocketInputStream.java:209)
11-18 15:50:50.878  2909  2909 I Glide   : 	at java.net.SocketInputStream.read(SocketInputStream.java:144)
11-18 15:50:50.878  2909  2909 I Glide   : 	at com.android.okhttp.okio.Okio$2.read(Okio.java:138)
11-18 15:50:50.878  2909  2909 I Glide   : 	at com.android.okhttp.okio.AsyncTimeout$2.read(AsyncTimeout.java:213)
11-18 15:50:50.878  2909  2909 I Glide   : 	... 23 more
11-18 15:50:57.338  2909  3394 W SendBird: [15:50:57.337 Connection$1:onMessage():235] onMessage instance : [PONG] com.sendbird.android.Connection@32fe2b2
11-18 15:50:57.341  2909  3394 W Sendbird: [15:50:57.339 Connection$1:onMessage():236] onMessage instance : [PONG] com.sendbird.android.Connection@32fe2b2
11-18 15:50:57.353  2909  3129 W SendBird: [15:50:57.352 EventController$1:call():141] ++ result[PONG] runnable=null
11-18 15:51:12.339  2909  3394 W SendBird: [15:51:12.336 Connection$1:onMessage():235] onMessage instance : [PONG] com.sendbird.android.Connection@32fe2b2
11-18 15:51:12.342  2909  3394 W Sendbird: [15:51:12.340 Connection$1:onMessage():236] onMessage instance : [PONG] com.sendbird.android.Connection@32fe2b2
11-18 15:51:12.352  2909  3129 W SendBird: [15:51:12.350 EventController$1:call():141] ++ result[PONG] runnable=null
11-18 15:51:27.328  2909  3394 W SendBird: [15:51:27.326 Connection$1:onMessage():235] onMessage instance : [PONG] com.sendbird.android.Connection@32fe2b2
11-18 15:51:27.330  2909  3394 W Sendbird: [15:51:27.329 Connection$1:onMessage():236] onMessage instance : [PONG] com.sendbird.android.Connection@32fe2b2
11-18 15:51:27.339  2909  3129 W SendBird: [15:51:27.338 EventController$1:call():141] ++ result[PONG] runnable=null
11-18 15:51:42.347  2909  3394 W SendBird: [15:51:42.346 Connection$1:onMessage():235] onMessage instance : [PONG] com.sendbird.android.Connection@32fe2b2
11-18 15:51:42.349  2909  3394 W Sendbird: [15:51:42.348 Connection$1:onMessage():236] onMessage instance : [PONG] com.sendbird.android.Connection@32fe2b2
11-18 15:51:42.359  2909  3129 W SendBird: [15:51:42.358 EventController$1:call():141] ++ result[PONG] runnable=null
11-18 15:51:57.348  2909  3394 W SendBird: [15:51:57.347 Connection$1:onMessage():235] onMessage instance : [PONG] com.sendbird.android.Connection@32fe2b2
11-18 15:51:57.350  2909  3394 W Sendbird: [15:51:57.349 Connection$1:onMessage():236] onMessage instance : [PONG] com.sendbird.android.Connection@32fe2b2
11-18 15:51:57.363  2909  3129 W SendBird: [15:51:57.362 EventController$1:call():141] ++ result[PONG] runnable=null
