11-18 16:01:52.876 11679 11679 D MIUIInput: [KeyEvent] ViewRootImpl KeyEvent { action=ACTION_UP, keyCode=KEYCODE_BACK, scanCode=0, metaState=0, flags=0x8, repeatCount=0, eventTime=192286957, downTime=192286957, deviceId=-1, source=0x101, displayId=0 }
11-18 16:01:54.880 11679 11679 D MIUIInput: [KeyEvent] ViewRootImpl KeyEvent { action=ACTION_DOWN, keyCode=KEYCODE_BACK, scanCode=0, metaState=0, flags=0x8, repeatCount=0, eventTime=192288962, downTime=192288962, deviceId=-1, source=0x101, displayId=0 }
11-18 16:01:54.895 11679 11679 D MIUIInput: [KeyEvent] ViewRootImpl KeyEvent { action=ACTION_UP, keyCode=KEYCODE_BACK, scanCode=0, metaState=0, flags=0x8, repeatCount=0, eventTime=192288962, downTime=192288962, deviceId=-1, source=0x101, displayId=0 }
11-18 16:01:57.456 11679 11679 D MIUIInput: [KeyEvent] ViewRootImpl KeyEvent { action=ACTION_DOWN, keyCode=KEYCODE_BACK, scanCode=0, metaState=0, flags=0x8, repeatCount=0, eventTime=192291536, downTime=192291536, deviceId=-1, source=0x101, displayId=0 }
11-18 16:01:57.464 11679 11679 D MIUIInput: [KeyEvent] ViewRootImpl KeyEvent { action=ACTION_UP, keyCode=KEYCODE_BACK, scanCode=0, metaState=0, flags=0x8, repeatCount=0, eventTime=192291536, downTime=192291536, deviceId=-1, source=0x101, displayId=0 }
11-18 16:01:57.526 11679 11679 W Glide   : Load failed for [http://dockerproxmox.duckdns.org:8125/img/64/raw] with dimensions [1024x523]
11-18 16:01:57.526 11679 11679 W Glide   : class com.bumptech.glide.load.engine.GlideException: Failed to load resource
11-18 16:01:57.526 11679 11679 W Glide   : There was 1 root cause:
11-18 16:01:57.526 11679 11679 W Glide   : com.bumptech.glide.load.HttpException(Failed to connect or obtain data, status code: -1)
11-18 16:01:57.526 11679 11679 W Glide   :  call GlideException#logRootCauses(String) for more detail
11-18 16:01:57.526 11679 11679 W Glide   :   Cause (1 of 1): class com.bumptech.glide.load.engine.GlideException: Fetching data failed, class java.io.InputStream, REMOTE
11-18 16:01:57.526 11679 11679 W Glide   : There was 1 root cause:
11-18 16:01:57.526 11679 11679 W Glide   : com.bumptech.glide.load.HttpException(Failed to connect or obtain data, status code: -1)
11-18 16:01:57.526 11679 11679 W Glide   :  call GlideException#logRootCauses(String) for more detail
11-18 16:01:57.526 11679 11679 W Glide   :     Cause (1 of 1): class com.bumptech.glide.load.engine.GlideException: Fetch failed
11-18 16:01:57.526 11679 11679 W Glide   : There was 1 root cause:
11-18 16:01:57.526 11679 11679 W Glide   : com.bumptech.glide.load.HttpException(Failed to connect or obtain data, status code: -1)
11-18 16:01:57.526 11679 11679 W Glide   :  call GlideException#logRootCauses(String) for more detail
11-18 16:01:57.526 11679 11679 W Glide   :       Cause (1 of 1): class com.bumptech.glide.load.HttpException: Failed to connect or obtain data, status code: -1
11-18 16:01:57.527 11679 11679 I Glide   : Root cause (1 of 1)
11-18 16:01:57.527 11679 11679 I Glide   : com.bumptech.glide.load.HttpException: Failed to connect or obtain data, status code: -1
11-18 16:01:57.527 11679 11679 I Glide   : 	at com.bumptech.glide.load.data.HttpUrlFetcher.loadDataWithRedirects(HttpUrlFetcher.java:98)
11-18 16:01:57.527 11679 11679 I Glide   : 	at com.bumptech.glide.load.data.HttpUrlFetcher.loadData(HttpUrlFetcher.java:58)
11-18 16:01:57.527 11679 11679 I Glide   : 	at com.bumptech.glide.load.model.MultiModelLoader$MultiFetcher.loadData(MultiModelLoader.java:100)
11-18 16:01:57.527 11679 11679 I Glide   : 	at com.bumptech.glide.load.engine.SourceGenerator.startNextLoad(SourceGenerator.java:95)
11-18 16:01:57.527 11679 11679 I Glide   : 	at com.bumptech.glide.load.engine.SourceGenerator.startNext(SourceGenerator.java:88)
11-18 16:01:57.527 11679 11679 I Glide   : 	at com.bumptech.glide.load.engine.DecodeJob.runGenerators(DecodeJob.java:311)
11-18 16:01:57.527 11679 11679 I Glide   : 	at com.bumptech.glide.load.engine.DecodeJob.runWrapped(DecodeJob.java:280)
11-18 16:01:57.527 11679 11679 I Glide   : 	at com.bumptech.glide.load.engine.DecodeJob.run(DecodeJob.java:235)
11-18 16:01:57.527 11679 11679 I Glide   : 	at java.util.concurrent.ThreadPoolExecutor.runWorker(ThreadPoolExecutor.java:1167)
11-18 16:01:57.527 11679 11679 I Glide   : 	at java.util.concurrent.ThreadPoolExecutor$Worker.run(ThreadPoolExecutor.java:641)
11-18 16:01:57.527 11679 11679 I Glide   : 	at com.bumptech.glide.load.engine.executor.GlideExecutor$DefaultThreadFactory$1.run(GlideExecutor.java:421)
11-18 16:01:57.527 11679 11679 I Glide   : 	at java.lang.Thread.run(Thread.java:923)
11-18 16:01:57.527 11679 11679 I Glide   : 	at com.bumptech.glide.load.engine.executor.GlideExecutor$DefaultPriorityThreadFactory$1.run(GlideExecutor.java:380)
11-18 16:01:57.527 11679 11679 I Glide   : Caused by: java.net.SocketTimeoutException: timeout
11-18 16:01:57.527 11679 11679 I Glide   : 	at com.android.okhttp.okio.Okio$3.newTimeoutException(Okio.java:214)
11-18 16:01:57.527 11679 11679 I Glide   : 	at com.android.okhttp.okio.AsyncTimeout.exit(AsyncTimeout.java:263)
11-18 16:01:57.527 11679 11679 I Glide   : 	at com.android.okhttp.okio.AsyncTimeout$2.read(AsyncTimeout.java:217)
11-18 16:01:57.527 11679 11679 I Glide   : 	at com.android.okhttp.okio.RealBufferedSource.indexOf(RealBufferedSource.java:307)
11-18 16:01:57.527 11679 11679 I Glide   : 	at com.android.okhttp.okio.RealBufferedSource.indexOf(RealBufferedSource.java:301)
11-18 16:01:57.527 11679 11679 I Glide   : 	at com.android.okhttp.okio.RealBufferedSource.readUtf8LineStrict(RealBufferedSource.java:197)
11-18 16:01:57.527 11679 11679 I Glide   : 	at com.android.okhttp.internal.http.Http1xStream.readResponse(Http1xStream.java:188)
11-18 16:01:57.527 11679 11679 I Glide   : 	at com.android.okhttp.internal.http.Http1xStream.readResponseHeaders(Http1xStream.java:129)
11-18 16:01:57.527 11679 11679 I Glide   : 	at com.android.okhttp.internal.http.HttpEngine.readNetworkResponse(HttpEngine.java:750)
11-18 16:01:57.527 11679 11679 I Glide   : 	at com.android.okhttp.internal.http.HttpEngine.readResponse(HttpEngine.java:622)
11-18 16:01:57.527 11679 11679 I Glide   : 	at com.android.okhttp.internal.huc.HttpURLConnectionImpl.execute(HttpURLConnectionImpl.java:475)
11-18 16:01:57.527 11679 11679 I Glide   : 	at com.android.okhttp.internal.huc.HttpURLConnectionImpl.getResponse(HttpURLConnectionImpl.java:411)
11-18 16:01:57.527 11679 11679 I Glide   : 	at com.android.okhttp.internal.huc.HttpURLConnectionImpl.getInputStream(HttpURLConnectionImpl.java:248)
11-18 16:01:57.527 11679 11679 I Glide   : 	at com.bumptech.glide.load.data.HttpUrlFetcher.loadDataWithRedirects(HttpUrlFetcher.java:95)
11-18 16:01:57.527 11679 11679 I Glide   : 	... 12 more
11-18 16:01:57.527 11679 11679 I Glide   : Caused by: java.net.SocketException: Socket closed
11-18 16:01:57.527 11679 11679 I Glide   : 	at java.net.SocketInputStream.read(SocketInputStream.java:209)
11-18 16:01:57.527 11679 11679 I Glide   : 	at java.net.SocketInputStream.read(SocketInputStream.java:144)
11-18 16:01:57.527 11679 11679 I Glide   : 	at com.android.okhttp.okio.Okio$2.read(Okio.java:138)
11-18 16:01:57.527 11679 11679 I Glide   : 	at com.android.okhttp.okio.AsyncTimeout$2.read(AsyncTimeout.java:213)
11-18 16:01:57.527 11679 11679 I Glide   : 	... 23 more
11-18 16:02:00.854 11679 11679 W Glide   : Load failed for [http://dockerproxmox.duckdns.org:8125/img/64/raw] with dimensions [1024x523]
11-18 16:02:00.854 11679 11679 W Glide   : class com.bumptech.glide.load.engine.GlideException: Failed to load resource
11-18 16:02:00.854 11679 11679 W Glide   : There was 1 root cause:
11-18 16:02:00.854 11679 11679 W Glide   : com.bumptech.glide.load.HttpException(Failed to connect or obtain data, status code: -1)
11-18 16:02:00.854 11679 11679 W Glide   :  call GlideException#logRootCauses(String) for more detail
11-18 16:02:00.854 11679 11679 W Glide   :   Cause (1 of 1): class com.bumptech.glide.load.engine.GlideException: Fetching data failed, class java.io.InputStream, REMOTE
11-18 16:02:00.854 11679 11679 W Glide   : There was 1 root cause:
11-18 16:02:00.854 11679 11679 W Glide   : com.bumptech.glide.load.HttpException(Failed to connect or obtain data, status code: -1)
11-18 16:02:00.854 11679 11679 W Glide   :  call GlideException#logRootCauses(String) for more detail
11-18 16:02:00.854 11679 11679 W Glide   :     Cause (1 of 1): class com.bumptech.glide.load.engine.GlideException: Fetch failed
11-18 16:02:00.854 11679 11679 W Glide   : There was 1 root cause:
11-18 16:02:00.854 11679 11679 W Glide   : com.bumptech.glide.load.HttpException(Failed to connect or obtain data, status code: -1)
11-18 16:02:00.854 11679 11679 W Glide   :  call GlideException#logRootCauses(String) for more detail
11-18 16:02:00.854 11679 11679 W Glide   :       Cause (1 of 1): class com.bumptech.glide.load.HttpException: Failed to connect or obtain data, status code: -1
11-18 16:02:00.855 11679 11679 I Glide   : Root cause (1 of 1)
11-18 16:02:00.855 11679 11679 I Glide   : com.bumptech.glide.load.HttpException: Failed to connect or obtain data, status code: -1
11-18 16:02:00.855 11679 11679 I Glide   : 	at com.bumptech.glide.load.data.HttpUrlFetcher.loadDataWithRedirects(HttpUrlFetcher.java:98)
11-18 16:02:00.855 11679 11679 I Glide   : 	at com.bumptech.glide.load.data.HttpUrlFetcher.loadData(HttpUrlFetcher.java:58)
11-18 16:02:00.855 11679 11679 I Glide   : 	at com.bumptech.glide.load.model.MultiModelLoader$MultiFetcher.loadData(MultiModelLoader.java:100)
11-18 16:02:00.855 11679 11679 I Glide   : 	at com.bumptech.glide.load.engine.SourceGenerator.startNextLoad(SourceGenerator.java:95)
11-18 16:02:00.855 11679 11679 I Glide   : 	at com.bumptech.glide.load.engine.SourceGenerator.startNext(SourceGenerator.java:88)
11-18 16:02:00.855 11679 11679 I Glide   : 	at com.bumptech.glide.load.engine.DecodeJob.runGenerators(DecodeJob.java:311)
11-18 16:02:00.855 11679 11679 I Glide   : 	at com.bumptech.glide.load.engine.DecodeJob.runWrapped(DecodeJob.java:280)
11-18 16:02:00.855 11679 11679 I Glide   : 	at com.bumptech.glide.load.engine.DecodeJob.run(DecodeJob.java:235)
11-18 16:02:00.855 11679 11679 I Glide   : 	at java.util.concurrent.ThreadPoolExecutor.runWorker(ThreadPoolExecutor.java:1167)
11-18 16:02:00.855 11679 11679 I Glide   : 	at java.util.concurrent.ThreadPoolExecutor$Worker.run(ThreadPoolExecutor.java:641)
11-18 16:02:00.855 11679 11679 I Glide   : 	at com.bumptech.glide.load.engine.executor.GlideExecutor$DefaultThreadFactory$1.run(GlideExecutor.java:421)
11-18 16:02:00.855 11679 11679 I Glide   : 	at java.lang.Thread.run(Thread.java:923)
11-18 16:02:00.855 11679 11679 I Glide   : 	at com.bumptech.glide.load.engine.executor.GlideExecutor$DefaultPriorityThreadFactory$1.run(GlideExecutor.java:380)
11-18 16:02:00.855 11679 11679 I Glide   : Caused by: java.net.SocketTimeoutException: Read timed out
11-18 16:02:00.855 11679 11679 I Glide   : 	at java.net.SocketInputStream.socketRead0(Native Method)
11-18 16:02:00.855 11679 11679 I Glide   : 	at java.net.SocketInputStream.socketRead(SocketInputStream.java:119)
11-18 16:02:00.855 11679 11679 I Glide   : 	at java.net.SocketInputStream.read(SocketInputStream.java:176)
11-18 16:02:00.855 11679 11679 I Glide   : 	at java.net.SocketInputStream.read(SocketInputStream.java:144)
11-18 16:02:00.855 11679 11679 I Glide   : 	at com.android.okhttp.okio.Okio$2.read(Okio.java:138)
11-18 16:02:00.855 11679 11679 I Glide   : 	at com.android.okhttp.okio.AsyncTimeout$2.read(AsyncTimeout.java:213)
11-18 16:02:00.855 11679 11679 I Glide   : 	at com.android.okhttp.okio.RealBufferedSource.indexOf(RealBufferedSource.java:307)
11-18 16:02:00.855 11679 11679 I Glide   : 	at com.android.okhttp.okio.RealBufferedSource.indexOf(RealBufferedSource.java:301)
11-18 16:02:00.855 11679 11679 I Glide   : 	at com.android.okhttp.okio.RealBufferedSource.readUtf8LineStrict(RealBufferedSource.java:197)
11-18 16:02:00.855 11679 11679 I Glide   : 	at com.android.okhttp.internal.http.Http1xStream.readResponse(Http1xStream.java:188)
11-18 16:02:00.855 11679 11679 I Glide   : 	at com.android.okhttp.internal.http.Http1xStream.readResponseHeaders(Http1xStream.java:129)
11-18 16:02:00.855 11679 11679 I Glide   : 	at com.android.okhttp.internal.http.HttpEngine.readNetworkResponse(HttpEngine.java:750)
11-18 16:02:00.855 11679 11679 I Glide   : 	at com.android.okhttp.internal.http.HttpEngine.readResponse(HttpEngine.java:622)
11-18 16:02:00.855 11679 11679 I Glide   : 	at com.android.okhttp.internal.huc.HttpURLConnectionImpl.execute(HttpURLConnectionImpl.java:475)
11-18 16:02:00.855 11679 11679 I Glide   : 	at com.android.okhttp.internal.huc.HttpURLConnectionImpl.getResponse(HttpURLConnectionImpl.java:411)
11-18 16:02:00.855 11679 11679 I Glide   : 	at com.android.okhttp.internal.huc.HttpURLConnectionImpl.getInputStream(HttpURLConnectionImpl.java:248)
11-18 16:02:00.855 11679 11679 I Glide   : 	at com.bumptech.glide.load.data.HttpUrlFetcher.loadDataWithRedirects(HttpUrlFetcher.java:95)
11-18 16:02:00.855 11679 11679 I Glide   : 	... 12 more
11-18 16:02:00.897 11679 11679 D MIUIInput: [KeyEvent] ViewRootImpl KeyEvent { action=ACTION_DOWN, keyCode=KEYCODE_BACK, scanCode=0, metaState=0, flags=0x8, repeatCount=0, eventTime=192294977, downTime=192294977, deviceId=-1, source=0x101, displayId=0 }
11-18 16:02:00.898 11679 11679 D MIUIInput: [KeyEvent] ViewRootImpl KeyEvent { action=ACTION_UP, keyCode=KEYCODE_BACK, scanCode=0, metaState=0, flags=0x8, repeatCount=0, eventTime=192294977, downTime=192294977, deviceId=-1, source=0x101, displayId=0 }
11-18 16:02:05.075 11679 11956 W System.err: io.ktor.client.network.sockets.SocketTimeoutException: Socket timeout has expired [url=http://dockerproxmox.duckdns.org:8125/path/Sentiero Azzurro/imgs/all, socket_timeout=unknown] ms
11-18 16:02:05.075 11679 11956 W System.err: 	at io.ktor.client.plugins.HttpTimeoutKt.SocketTimeoutException(HttpTimeout.kt:209)
11-18 16:02:05.075 11679 11956 W System.err: 	at io.ktor.client.engine.okhttp.OkUtilsKt.mapOkHttpException(OkUtils.kt:79)
11-18 16:02:05.075 11679 11956 W System.err: 	at io.ktor.client.engine.okhttp.OkUtilsKt.access$mapOkHttpException(OkUtils.kt:1)
11-18 16:02:05.076 11679 11956 W System.err: 	at io.ktor.client.engine.okhttp.OkHttpCallback.onFailure(OkUtils.kt:39)
11-18 16:02:05.076 11679 11956 W System.err: 	at okhttp3.internal.connection.RealCall$AsyncCall.run(RealCall.kt:510)
11-18 16:02:05.076 11679 11956 W System.err: 	at java.util.concurrent.ThreadPoolExecutor.runWorker(ThreadPoolExecutor.java:1167)
11-18 16:02:05.076 11679 11956 W System.err: 	at java.util.concurrent.ThreadPoolExecutor$Worker.run(ThreadPoolExecutor.java:641)
11-18 16:02:05.076 11679 11956 W System.err: 	at java.lang.Thread.run(Thread.java:923)
11-18 16:02:05.077 11679 11956 W System.err: Caused by: java.net.SocketTimeoutException: timeout
11-18 16:02:05.077 11679 11956 W System.err: 	at okio.SocketAsyncTimeout.newTimeoutException(JvmOkio.kt:143)
11-18 16:02:05.077 11679 11956 W System.err: 	at okio.AsyncTimeout.access$newTimeoutException(AsyncTimeout.kt:162)
11-18 16:02:05.078 11679 11956 W System.err: 	at okio.AsyncTimeout$source$1.read(AsyncTimeout.kt:340)
11-18 16:02:05.078 11679 11956 W System.err: 	at okio.RealBufferedSource.indexOf(RealBufferedSource.kt:449)
11-18 16:02:05.078 11679 11956 W System.err: 	at okio.RealBufferedSource.readUtf8LineStrict(RealBufferedSource.kt:333)
11-18 16:02:05.078 11679 11956 W System.err: 	at okhttp3.internal.http1.HeadersReader.readLine(HeadersReader.kt:29)
11-18 16:02:05.078 11679 11956 W System.err: 	at okhttp3.internal.http1.Http1ExchangeCodec.readResponseHeaders(Http1ExchangeCodec.kt:178)
11-18 16:02:05.078 11679 11956 W System.err: 	at okhttp3.internal.connection.Exchange.readResponseHeaders(Exchange.kt:106)
11-18 16:02:05.078 11679 11956 W System.err: 	at okhttp3.internal.http.CallServerInterceptor.intercept(CallServerInterceptor.kt:79)
11-18 16:02:05.079 11679 11956 W System.err: 	at okhttp3.internal.http.RealInterceptorChain.proceed(RealInterceptorChain.kt:100)
11-18 16:02:05.079 11679 11956 W System.err: 	at okhttp3.internal.connection.ConnectInterceptor.intercept(ConnectInterceptor.kt:34)
11-18 16:02:05.079 11679 11956 W System.err: 	at okhttp3.internal.http.RealInterceptorChain.proceed(RealInterceptorChain.kt:100)
11-18 16:02:05.079 11679 11956 W System.err: 	at okhttp3.internal.cache.CacheInterceptor.intercept(CacheInterceptor.kt:96)
11-18 16:02:05.079 11679 11956 W System.err: 	at okhttp3.internal.http.RealInterceptorChain.proceed(RealInterceptorChain.kt:100)
11-18 16:02:05.079 11679 11956 W System.err: 	at okhttp3.internal.http.BridgeInterceptor.intercept(BridgeInterceptor.kt:83)
11-18 16:02:05.080 11679 11956 W System.err: 	at okhttp3.internal.http.RealInterceptorChain.proceed(RealInterceptorChain.kt:100)
11-18 16:02:05.080 11679 11956 W System.err: 	at okhttp3.internal.http.RetryAndFollowUpInterceptor.intercept(RetryAndFollowUpInterceptor.kt:76)
11-18 16:02:05.080 11679 11956 W System.err: 	at okhttp3.internal.http.RealInterceptorChain.proceed(RealInterceptorChain.kt:100)
11-18 16:02:05.080 11679 11956 W System.err: 	at okhttp3.internal.connection.RealCall.getResponseWithInterceptorChain$okhttp(RealCall.kt:197)
11-18 16:02:05.080 11679 11956 W System.err: 	at okhttp3.internal.connection.RealCall$AsyncCall.run(RealCall.kt:502)
11-18 16:02:05.080 11679 11956 W System.err: 	... 3 more
11-18 16:02:05.081 11679 11956 W System.err: Caused by: java.net.SocketException: Socket closed
11-18 16:02:05.081 11679 11956 W System.err: 	at java.net.SocketInputStream.read(SocketInputStream.java:209)
11-18 16:02:05.082 11679 11956 W System.err: 	at java.net.SocketInputStream.read(SocketInputStream.java:144)
11-18 16:02:05.082 11679 11956 W System.err: 	at okio.InputStreamSource.read(JvmOkio.kt:90)
11-18 16:02:05.082 11679 11956 W System.err: 	at okio.AsyncTimeout$source$1.read(AsyncTimeout.kt:129)
11-18 16:02:05.082 11679 11956 W System.err: 	... 20 more
11-18 16:02:07.795 11679 11915 W SendBird: [16:02:07.795 Connection$1:onMessage():235] onMessage instance : [PONG] com.sendbird.android.Connection@2448d1a
11-18 16:02:07.796 11679 11915 W Sendbird: [16:02:07.795 Connection$1:onMessage():236] onMessage instance : [PONG] com.sendbird.android.Connection@2448d1a
11-18 16:02:07.802 11679 11931 W SendBird: [16:02:07.802 EventController$1:call():141] ++ result[PONG] runnable=null
11-18 16:02:18.836 11679 11679 I SBUIKIT : [16:02:18.835 ChannelListFragment:onCreate():59] >> ChannelListFragment::onCreate()
11-18 16:02:18.884 11679 11679 D SBUIKIT : [16:02:18.883 BaseFragment:connect():35] >> BaseFragment::connect()
11-18 16:02:18.896 11679 11679 E RecyclerView: No adapter attached; skipping layout
11-18 16:02:18.918 11679 11908 D SBUIKIT : [16:02:18.918 SendBirdUIKit$2:call():298] ++ user nickname = Conny🌹, profileUrl = http://dockerproxmox.duckdns.org:8125/img/82/raw
11-18 16:02:18.919 11679 11679 D SBUIKIT : [16:02:18.919 BaseFragment:lambda$connect$0$com-sendbird-uikit-fragments-BaseFragment():37] ++ BaseFragment::connect e : null
11-18 16:02:18.920 11679 11679 I SBUIKIT : [16:02:18.920 BaseGroupChannelFragment:onReady():20] >> BaseGroupChannelFragment::onReady(READY)
11-18 16:02:18.921 11679 11679 I SBUIKIT : [16:02:18.921 BaseGroupChannelFragment:onReady():21] ++ user : User{mUserId='concettaacampora2001@gmail.com', mNickname='Conny🌹', mProfileUrl='http://dockerproxmox.duckdns.org:8125/img/82/raw', mFriendDiscoveryKey='null', mFriendName='null', mMetaData={}, mConnectionStatus=NON_AVAILABLE, mLastSeenAt=0, mIsActive=true, mPreferredLanguages=[]}
11-18 16:02:18.922 11679 11679 I SBUIKIT : [16:02:18.921 ChannelListFragment:onDrawPage():102] >> ChannelListFragment::onDrawPage()
11-18 16:02:18.924 11679 11679 D SBUIKIT : [16:02:18.923 ChannelListViewModel:initChannelCollection():36] >> ChannelListViewModel::initChannelCollection()
11-18 16:02:20.287 11679 11679 I Timeline: Timeline: Activity_launch_request time:192314374
11-18 16:02:20.343 11679 11679 D DecorView[]: getWindowModeFromSystem  windowmode is 1
11-18 16:02:20.343 11679 11679 D DecorView: createDecorCaptionView windowingMode:1 mWindowMode 1 isFullscreen: true
11-18 16:02:20.355 11679 11679 I SBUIKIT : [16:02:20.354 SelectUserFragment:onCreate():48] >> SelectUserFragment::onCreate()
11-18 16:02:20.375 11679 11679 D SBUIKIT : [16:02:20.374 BaseFragment:connect():35] >> BaseFragment::connect()
11-18 16:02:20.405 11679 11679 E RecyclerView: No adapter attached; skipping layout
11-18 16:02:20.432 11679 12530 D SBUIKIT : [16:02:20.429 SendBirdUIKit$2:call():298] ++ user nickname = Conny🌹, profileUrl = http://dockerproxmox.duckdns.org:8125/img/82/raw
11-18 16:02:20.460 11679 11679 D SBUIKIT : [16:02:20.459 BaseFragment:lambda$connect$0$com-sendbird-uikit-fragments-BaseFragment():37] ++ BaseFragment::connect e : null
11-18 16:02:20.461 11679 11679 I SBUIKIT : [16:02:20.460 BaseGroupChannelFragment:onReady():20] >> BaseGroupChannelFragment::onReady(READY)
11-18 16:02:20.461 11679 11679 I SBUIKIT : [16:02:20.461 BaseGroupChannelFragment:onReady():21] ++ user : User{mUserId='concettaacampora2001@gmail.com', mNickname='Conny🌹', mProfileUrl='http://dockerproxmox.duckdns.org:8125/img/82/raw', mFriendDiscoveryKey='null', mFriendName='null', mMetaData={}, mConnectionStatus=NON_AVAILABLE, mLastSeenAt=0, mIsActive=true, mPreferredLanguages=[]}
11-18 16:02:20.643 11679 11679 D SBUIKIT : [16:02:20.642 SelectableUserInfoListViewModel:lambda$loadFromSendBird$1():211] ++ list : [User{mUserId='viscardi.anna@ymail.com', mNickname='Anna Viscardi', mProfileUrl='http://dockerproxmox.duckdns.org:8125/img/75/raw', mFriendDiscoveryKey='null', mFriendName='null', mMetaData={}, mConnectionStatus=OFFLINE, mLastSeenAt=1668696685233, mIsActive=true, mPreferredLanguages=[]}, User{mUserId='sojane2451@dicopto.com', mNickname='sojane2451', mProfileUrl='', mFriendDiscoveryKey='null', mFriendName='null', mMetaData={}, mConnectionStatus=OFFLINE, mLastSeenAt=1666192550950, mIsActive=true, mPreferredLanguages=[]}, User{mUserId='dopiermowie@gmail.com', mNickname='Gianluca Perna', mProfileUrl='http://dockerproxmox.duckdns.org:8125/img/63/raw', mFriendDiscoveryKey='null', mFriendName='null', mMetaData={}, mConnectionStatus=OFFLINE, mLastSeenAt=1666957825055, mIsActive=true, mPreferredLanguages=[]}, User{mUserId='concettaacampora2001@gmail.com', mNickname='Conny🌹', mProfileUrl='http://dockerproxmox.duckdns.org:8125/img/82/raw', mFriendDiscoveryKey='null', mFriendName='null', mMetaData={}, mConnectionStatus=ONLINE, mLastSeenAt=0, mIsActive=true, mPreferredLanguages=[]}, User{mUserId='mannaggiaallamadonna@blu.it', mNickname='mannaggiaallamadonna', mProfileUrl='', mFriendDiscoveryKey='null', mFriendName='null', mMetaData={}, mConnectionStatus=OFFLINE, mLastSeenAt=1664193035452, mIsActive=true, mPreferredLanguages=[]}, User{mUserId='daniellomary2@gmail.com', mNickname='Mary', mProfileUrl='http://dockerproxmox.duckdns.org:8125/img/26/raw', mFriendDiscoveryKey='null', mFriendName='null', mMetaData={}, mConnectionStatus=OFFLINE, mLastSeenAt=1657569626964, mIsActive=true, mPreferredLanguages=[]}, User{mUserId='destasiofrancesco2000@gmail.com', mNickname='Francesco De Stasio', mProfileUrl='https://lh3.googleusercontent.com/a/AATXAJxecMfLPUaEXs54_3LFZtde7d_D9l5RANsL1ljj=s96-c', mFriendDiscoveryKey='null', mFriendName='null', mMetaData={}, mConnectionStatus=OFFLINE, mLastSeenAt=165550027
11-18 16:02:20.643 11679 11679 D SBUIKIT : Cont(1) 1937, mIsActive=true, mPreferredLanguages=[]}, User{mUserId='emanuele.ladaga@gmail.com', mNickname='Emanuele', mProfileUrl='http://dockerproxmox.duckdns.org:8125/img/62/raw', mFriendDiscoveryKey='null', mFriendName='null', mMetaData={}, mConnectionStatus=OFFLINE, mLastSeenAt=1668772655259, mIsActive=true, mPreferredLanguages=[]}, User{mUserId='cladotti31@gmail.com', mNickname='claudio velotti', mProfileUrl='http://dockerproxmox.duckdns.org:8125/img/10/raw', mFriendDiscoveryKey='null', mFriendName='null', mMetaData={}, mConnectionStatus=OFFLINE, mLastSeenAt=1667578063928, mIsActive=true, mPreferredLanguages=[]}, User{mUserId='matteorichard.gaudino@gmail.com', mNickname='matte', mProfileUrl='http://dockerproxmox.duckdns.org:8125/img/58/raw', mFriendDiscoveryKey='null', mFriendName='null', mMetaData={}, mConnectionStatus=OFFLINE, mLastSeenAt=1668783459321, mIsActive=true, mPreferredLanguages=[]}, User{mUserId='gioanniform@gmail.com', mNickname='xzcvzxv', mProfileUrl='http://dockerproxmox.duckdns.org:8125/img/65/raw', mFriendDiscoveryKey='null', mFriendName='null', mMetaData={}, mConnectionStatus=OFFLINE, mLastSeenAt=1668774417341, mIsActive=true, mPreferredLanguages=[]}, User{mUserId='537943', mNickname='Rmc', mProfileUrl='', mFriendDiscoveryKey='null', mFriendName='null', mMetaData={}, mConnectionStatus=OFFLINE, mLastSeenAt=1664446886757, mIsActive=true, mPreferredLanguages=[]}]
11-18 16:02:20.645 11679 11679 D SBUIKIT : [16:02:20.644 SelectUserFragment:lambda$initUserList$4$com-sendbird-uikit-fragments-SelectUserFragment():232] ++ users size : 11
11-18 16:02:20.918 11679 11761 W RenderInspector: DequeueBuffer time out on com.rmc.natour21/com.rmc.natour21.Fragment.chat.CreateChannelActivity, count=1, avg=20 ms, max=20 ms.
11-18 16:02:22.810 11679 11915 W SendBird: [16:02:22.810 Connection$1:onMessage():235] onMessage instance : [PONG] com.sendbird.android.Connection@2448d1a
11-18 16:02:22.812 11679 11915 W Sendbird: [16:02:22.811 Connection$1:onMessage():236] onMessage instance : [PONG] com.sendbird.android.Connection@2448d1a
11-18 16:02:22.815 11679 11931 W SendBird: [16:02:22.815 EventController$1:call():141] ++ result[PONG] runnable=null
11-18 16:02:23.550 11679 11679 W Glide   : Load failed for [http://dockerproxmox.duckdns.org:8125/img/65/raw] with dimensions [176x176]
11-18 16:02:23.550 11679 11679 W Glide   : class com.bumptech.glide.load.engine.GlideException: Failed to load resource
11-18 16:02:23.550 11679 11679 W Glide   : There was 1 root cause:
11-18 16:02:23.550 11679 11679 W Glide   : com.bumptech.glide.load.HttpException(Failed to connect or obtain data, status code: -1)
11-18 16:02:23.550 11679 11679 W Glide   :  call GlideException#logRootCauses(String) for more detail
11-18 16:02:23.550 11679 11679 W Glide   :   Cause (1 of 1): class com.bumptech.glide.load.engine.GlideException: Fetching data failed, class java.io.InputStream, REMOTE
11-18 16:02:23.550 11679 11679 W Glide   : There was 1 root cause:
11-18 16:02:23.550 11679 11679 W Glide   : com.bumptech.glide.load.HttpException(Failed to connect or obtain data, status code: -1)
11-18 16:02:23.550 11679 11679 W Glide   :  call GlideException#logRootCauses(String) for more detail
11-18 16:02:23.550 11679 11679 W Glide   :     Cause (1 of 1): class com.bumptech.glide.load.engine.GlideException: Fetch failed
11-18 16:02:23.550 11679 11679 W Glide   : There was 1 root cause:
11-18 16:02:23.550 11679 11679 W Glide   : com.bumptech.glide.load.HttpException(Failed to connect or obtain data, status code: -1)
11-18 16:02:23.550 11679 11679 W Glide   :  call GlideException#logRootCauses(String) for more detail
11-18 16:02:23.550 11679 11679 W Glide   :       Cause (1 of 1): class com.bumptech.glide.load.HttpException: Failed to connect or obtain data, status code: -1
11-18 16:02:23.555 11679 11679 I Glide   : Root cause (1 of 1)
11-18 16:02:23.555 11679 11679 I Glide   : com.bumptech.glide.load.HttpException: Failed to connect or obtain data, status code: -1
11-18 16:02:23.555 11679 11679 I Glide   : 	at com.bumptech.glide.load.data.HttpUrlFetcher.loadDataWithRedirects(HttpUrlFetcher.java:98)
11-18 16:02:23.555 11679 11679 I Glide   : 	at com.bumptech.glide.load.data.HttpUrlFetcher.loadData(HttpUrlFetcher.java:58)
11-18 16:02:23.555 11679 11679 I Glide   : 	at com.bumptech.glide.load.model.MultiModelLoader$MultiFetcher.loadData(MultiModelLoader.java:100)
11-18 16:02:23.555 11679 11679 I Glide   : 	at com.bumptech.glide.load.engine.SourceGenerator.startNextLoad(SourceGenerator.java:95)
11-18 16:02:23.555 11679 11679 I Glide   : 	at com.bumptech.glide.load.engine.SourceGenerator.startNext(SourceGenerator.java:88)
11-18 16:02:23.555 11679 11679 I Glide   : 	at com.bumptech.glide.load.engine.DecodeJob.runGenerators(DecodeJob.java:311)
11-18 16:02:23.555 11679 11679 I Glide   : 	at com.bumptech.glide.load.engine.DecodeJob.runWrapped(DecodeJob.java:280)
11-18 16:02:23.555 11679 11679 I Glide   : 	at com.bumptech.glide.load.engine.DecodeJob.run(DecodeJob.java:235)
11-18 16:02:23.555 11679 11679 I Glide   : 	at java.util.concurrent.ThreadPoolExecutor.runWorker(ThreadPoolExecutor.java:1167)
11-18 16:02:23.555 11679 11679 I Glide   : 	at java.util.concurrent.ThreadPoolExecutor$Worker.run(ThreadPoolExecutor.java:641)
11-18 16:02:23.555 11679 11679 I Glide   : 	at com.bumptech.glide.load.engine.executor.GlideExecutor$DefaultThreadFactory$1.run(GlideExecutor.java:421)
11-18 16:02:23.555 11679 11679 I Glide   : 	at java.lang.Thread.run(Thread.java:923)
11-18 16:02:23.555 11679 11679 I Glide   : 	at com.bumptech.glide.load.engine.executor.GlideExecutor$DefaultPriorityThreadFactory$1.run(GlideExecutor.java:380)
11-18 16:02:23.555 11679 11679 I Glide   : Caused by: java.net.SocketTimeoutException: timeout
11-18 16:02:23.555 11679 11679 I Glide   : 	at com.android.okhttp.okio.Okio$3.newTimeoutException(Okio.java:214)
11-18 16:02:23.555 11679 11679 I Glide   : 	at com.android.okhttp.okio.AsyncTimeout.exit(AsyncTimeout.java:263)
11-18 16:02:23.555 11679 11679 I Glide   : 	at com.android.okhttp.okio.AsyncTimeout$2.read(AsyncTimeout.java:217)
11-18 16:02:23.555 11679 11679 I Glide   : 	at com.android.okhttp.okio.RealBufferedSource.indexOf(RealBufferedSource.java:307)
11-18 16:02:23.555 11679 11679 I Glide   : 	at com.android.okhttp.okio.RealBufferedSource.indexOf(RealBufferedSource.java:301)
11-18 16:02:23.555 11679 11679 I Glide   : 	at com.android.okhttp.okio.RealBufferedSource.readUtf8LineStrict(RealBufferedSource.java:197)
11-18 16:02:23.555 11679 11679 I Glide   : 	at com.android.okhttp.internal.http.Http1xStream.readResponse(Http1xStream.java:188)
11-18 16:02:23.555 11679 11679 I Glide   : 	at com.android.okhttp.internal.http.Http1xStream.readResponseHeaders(Http1xStream.java:129)
11-18 16:02:23.555 11679 11679 I Glide   : 	at com.android.okhttp.internal.http.HttpEngine.readNetworkResponse(HttpEngine.java:750)
11-18 16:02:23.555 11679 11679 I Glide   : 	at com.android.okhttp.internal.http.HttpEngine.readResponse(HttpEngine.java:622)
11-18 16:02:23.555 11679 11679 I Glide   : 	at com.android.okhttp.internal.huc.HttpURLConnectionImpl.execute(HttpURLConnectionImpl.java:475)
11-18 16:02:23.555 11679 11679 I Glide   : 	at com.android.okhttp.internal.huc.HttpURLConnectionImpl.getResponse(HttpURLConnectionImpl.java:411)
11-18 16:02:23.555 11679 11679 I Glide   : 	at com.android.okhttp.internal.huc.HttpURLConnectionImpl.getInputStream(HttpURLConnectionImpl.java:248)
11-18 16:02:23.555 11679 11679 I Glide   : 	at com.bumptech.glide.load.data.HttpUrlFetcher.loadDataWithRedirects(HttpUrlFetcher.java:95)
11-18 16:02:23.555 11679 11679 I Glide   : 	... 12 more
11-18 16:02:23.555 11679 11679 I Glide   : Caused by: java.net.SocketException: Socket closed
11-18 16:02:23.555 11679 11679 I Glide   : 	at java.net.SocketInputStream.read(SocketInputStream.java:209)
11-18 16:02:23.555 11679 11679 I Glide   : 	at java.net.SocketInputStream.read(SocketInputStream.java:144)
11-18 16:02:23.555 11679 11679 I Glide   : 	at com.android.okhttp.okio.Okio$2.read(Okio.java:138)
11-18 16:02:23.555 11679 11679 I Glide   : 	at com.android.okhttp.okio.AsyncTimeout$2.read(AsyncTimeout.java:213)
11-18 16:02:23.555 11679 11679 I Glide   : 	... 23 more
11-18 16:02:37.815 11679 11915 W SendBird: [16:02:37.814 Connection$1:onMessage():235] onMessage instance : [PONG] com.sendbird.android.Connection@2448d1a
11-18 16:02:37.817 11679 11915 W Sendbird: [16:02:37.816 Connection$1:onMessage():236] onMessage instance : [PONG] com.sendbird.android.Connection@2448d1a
11-18 16:02:37.825 11679 11931 W SendBird: [16:02:37.824 EventController$1:call():141] ++ result[PONG] runnable=null
11-18 16:02:52.832 11679 11915 W SendBird: [16:02:52.826 Connection$1:onMessage():235] onMessage instance : [PONG] com.sendbird.android.Connection@2448d1a
11-18 16:02:52.835 11679 11915 W Sendbird: [16:02:52.833 Connection$1:onMessage():236] onMessage instance : [PONG] com.sendbird.android.Connection@2448d1a
11-18 16:02:52.845 11679 11931 W SendBird: [16:02:52.844 EventController$1:call():141] ++ result[PONG] runnable=null
11-18 16:03:07.829 11679 11915 W SendBird: [16:03:07.828 Connection$1:onMessage():235] onMessage instance : [PONG] com.sendbird.android.Connection@2448d1a
11-18 16:03:07.832 11679 11915 W Sendbird: [16:03:07.830 Connection$1:onMessage():236] onMessage instance : [PONG] com.sendbird.android.Connection@2448d1a
11-18 16:03:07.840 11679 11931 W SendBird: [16:03:07.839 EventController$1:call():141] ++ result[PONG] runnable=null
11-18 16:03:21.291 11679 11904 E PINGER  : [16:03:21.290 Connection$Pinger:stop():522] Pinger stop true
11-18 16:03:21.296 11679 11904 E Sendbird:PINGER: [16:03:21.293 Connection$Pinger:stop():523] Pinger stop true
11-18 16:03:21.314 11679 11915 W SendBird: [16:03:21.305 Connection$1:onMessage():235] onMessage instance : [PONG] com.sendbird.android.Connection@2448d1a
11-18 16:03:21.315 11679 11915 W Sendbird: [16:03:21.314 Connection$1:onMessage():236] onMessage instance : [PONG] com.sendbird.android.Connection@2448d1a
11-18 16:03:21.315 11679 11937 W SendBird: [16:03:21.315 Connection$1:onFailure():250] onFailed instance : com.sendbird.android.Connection@2448d1a
11-18 16:03:21.317 11679 11937 W Sendbird: [16:03:21.316 Connection$1:onFailure():251] onFailed instance : com.sendbird.android.Connection@2448d1a
11-18 16:03:21.318 11679 11937 W SendBird: [16:03:21.317 Connection$1:onFailure():256] onFailed handler : com.sendbird.android.SocketManager@18772ac
11-18 16:03:21.319 11679 11937 W Sendbird: [16:03:21.318 Connection$1:onFailure():257] onFailed handler : com.sendbird.android.SocketManager@18772ac
11-18 16:03:21.320 11679 11931 W SendBird: [16:03:21.319 EventController$1:call():141] ++ result[PONG] runnable=null
11-18 16:03:21.320 11679 11937 W SendBird: [16:03:21.320 SocketManager:onError():1002] >> onError : Socket is closed, reconnecting : false, explicitDisconnect : true
11-18 16:03:22.709 11679 12794 W SendBird: [16:03:22.708 Connection$1:onMessage():235] onMessage instance : [LOGI] com.sendbird.android.Connection@f78bf27
11-18 16:03:22.710 11679 12794 W Sendbird: [16:03:22.710 Connection$1:onMessage():236] onMessage instance : [LOGI] com.sendbird.android.Connection@f78bf27
11-18 16:03:22.715 11679 11931 W SendBird: [16:03:22.714 EventController$1:call():141] ++ result[LOGI] runnable=null
11-18 16:03:22.778 11679 12794 W SendBird: [16:03:22.778 Connection$1:onMessage():235] onMessage instance : [PONG] com.sendbird.android.Connection@f78bf27
11-18 16:03:22.780 11679 12794 W Sendbird: [16:03:22.779 Connection$1:onMessage():236] onMessage instance : [PONG] com.sendbird.android.Connection@f78bf27
11-18 16:03:22.785 11679 11931 W SendBird: [16:03:22.784 EventController$1:call():141] ++ result[PONG] runnable=null
11-18 16:03:23.145 11679 11679 D MIUIInput: [KeyEvent] ViewRootImpl KeyEvent { action=ACTION_DOWN, keyCode=KEYCODE_BACK, scanCode=0, metaState=0, flags=0x8, repeatCount=0, eventTime=192377226, downTime=192377226, deviceId=-1, source=0x101, displayId=0 }
11-18 16:03:23.148 11679 11679 D MIUIInput: [KeyEvent] ViewRootImpl KeyEvent { action=ACTION_UP, keyCode=KEYCODE_BACK, scanCode=0, metaState=0, flags=0x8, repeatCount=0, eventTime=192377226, downTime=192377226, deviceId=-1, source=0x101, displayId=0 }
11-18 16:03:24.446 11679 11679 D MIUIInput: [KeyEvent] ViewRootImpl KeyEvent { action=ACTION_DOWN, keyCode=KEYCODE_BACK, scanCode=0, metaState=0, flags=0x8, repeatCount=0, eventTime=192378528, downTime=192378528, deviceId=-1, source=0x101, displayId=0 }
11-18 16:03:24.449 11679 11679 D MIUIInput: [KeyEvent] ViewRootImpl KeyEvent { action=ACTION_UP, keyCode=KEYCODE_BACK, scanCode=0, metaState=0, flags=0x8, repeatCount=0, eventTime=192378528, downTime=192378528, deviceId=-1, source=0x101, displayId=0 }
11-18 16:03:25.036 11679 11904 E PINGER  : [16:03:25.034 Connection$Pinger:stop():522] Pinger stop true
11-18 16:03:25.038 11679 11904 E Sendbird:PINGER: [16:03:25.037 Connection$Pinger:stop():523] Pinger stop true
11-18 16:03:25.054 11679 12823 W SendBird: [16:03:25.053 Connection$1:onFailure():250] onFailed instance : com.sendbird.android.Connection@f78bf27
11-18 16:03:25.055 11679 12794 W SendBird: [16:03:25.054 Connection$1:onMessage():235] onMessage instance : [PONG] com.sendbird.android.Connection@f78bf27
11-18 16:03:25.057 11679 12823 W Sendbird: [16:03:25.056 Connection$1:onFailure():251] onFailed instance : com.sendbird.android.Connection@f78bf27
11-18 16:03:25.059 11679 12823 W SendBird: [16:03:25.058 Connection$1:onFailure():256] onFailed handler : com.sendbird.android.SocketManager@18772ac
11-18 16:03:25.060 11679 12794 W Sendbird: [16:03:25.057 Connection$1:onMessage():236] onMessage instance : [PONG] com.sendbird.android.Connection@f78bf27
11-18 16:03:25.062 11679 12823 W Sendbird: [16:03:25.060 Connection$1:onFailure():257] onFailed handler : com.sendbird.android.SocketManager@18772ac
11-18 16:03:25.064 11679 12823 W SendBird: [16:03:25.062 SocketManager:onError():1002] >> onError : Socket is closed, reconnecting : false, explicitDisconnect : true
11-18 16:03:25.069 11679 11931 W SendBird: [16:03:25.068 EventController$1:call():141] ++ result[PONG] runnable=null
11-18 16:03:25.170 11679 11679 D SBUIKIT : [16:03:25.169 ChannelListViewModel:disposeChannelCollection():45] >> ChannelListViewModel::disposeChannelCollection()
11-18 16:03:29.716 11679 11695 W System  : A resource failed to call dispose. 
11-18 16:03:31.513 11679 11679 D CompatibilityChangeReporter: Compat change id reported: 150939131; UID 10371; state: ENABLED
11-18 16:03:42.424 11679 11679 D DecorView[]: getWindowModeFromSystem  windowmode is 1
11-18 16:03:42.424 11679 11679 D DecorView: createDecorCaptionView windowingMode:1 mWindowMode 1 isFullscreen: true
11-18 16:03:42.694 11679 13645 W SendBird: [16:03:42.694 Connection$1:onMessage():235] onMessage instance : [LOGI] com.sendbird.android.Connection@b9ce7c0
11-18 16:03:42.695 11679 13645 W Sendbird: [16:03:42.695 Connection$1:onMessage():236] onMessage instance : [LOGI] com.sendbird.android.Connection@b9ce7c0
11-18 16:03:42.698 11679 11931 W SendBird: [16:03:42.697 EventController$1:call():141] ++ result[LOGI] runnable=null
11-18 16:03:42.741 11679 13645 W SendBird: [16:03:42.741 Connection$1:onMessage():235] onMessage instance : [PONG] com.sendbird.android.Connection@b9ce7c0
11-18 16:03:42.742 11679 13645 W Sendbird: [16:03:42.741 Connection$1:onMessage():236] onMessage instance : [PONG] com.sendbird.android.Connection@b9ce7c0
11-18 16:03:42.744 11679 11931 W SendBird: [16:03:42.743 EventController$1:call():141] ++ result[PONG] runnable=null
11-18 16:03:42.956 11679 11956 I System.out: Firebase token: eyJhbGciOiJSUzI1NiIsImtpZCI6ImY4MDljZmYxMTZlNWJhNzQwNzQ1YmZlZGE1OGUxNmU4MmYzZmQ4MDUiLCJ0eXAiOiJKV1QifQ.eyJuYW1lIjoiQ29uY2V0dGEgQWNhbXBvcmEiLCJwaWN0dXJlIjoiaHR0cHM6Ly9saDMuZ29vZ2xldXNlcmNvbnRlbnQuY29tL2EvQUxtNXd1Ml9WQWpjMzdPRERsZU5GUVlWQTlpYVU2czNHS1Mtd0N4QS1kX3Y9czk2LWMiLCJpc3MiOiJodHRwczovL3NlY3VyZXRva2VuLmdvb2dsZS5jb20vbmF0b3VyMjEtZmM2ZWEiLCJhdWQiOiJuYXRvdXIyMS1mYzZlYSIsImF1dGhfdGltZSI6MTY2ODc4MjY5NywidXNlcl9pZCI6IlRhaHU2d3R0T3dUallLaDlNcWtBbUpReXFhdjIiLCJzdWIiOiJUYWh1Nnd0dE93VGpZS2g5TXFrQW1KUXlxYXYyIiwiaWF0IjoxNjY4NzgyNjk3LCJleHAiOjE2Njg3ODYyOTcsImVtYWlsIjoiY29uY2V0dGFhY2FtcG9yYTIwMDFAZ21haWwuY29tIiwiZW1haWxfdmVyaWZpZWQiOnRydWUsImZpcmViYXNlIjp7ImlkZW50aXRpZXMiOnsiZ29vZ2xlLmNvbSI6WyIxMDUyMjI3ODczNjkwMjMzMDExMjYiXSwiZW1haWwiOlsiY29uY2V0dGFhY2FtcG9yYTIwMDFAZ21haWwuY29tIl19LCJzaWduX2luX3Byb3ZpZGVyIjoiZ29vZ2xlLmNvbSJ9fQ.cJgAHV6hK5MFj9bRpCbRoWQ-EM2BYUVeYaXW5W1vw6NzlohAPCmax0FgacToLVUi832asEe5_f1GRoLAez_-naKUzxkr0QKeZ_QsTpRPZH3UXikXO8NmRUBWRhvDRj2vyTAWPrl2b-ijXbavrJT9EaGqSFaRbKNIPpWm_tj4QCLGPTzVDwMPW9vOTEmp8Qh4ZB2K3zDZaXJl84Tg2O4VfbwTl0KUNtfwSe2l9hDs8ADvqb-RMN_3-Z3UXFc9mldXPR9WrZ7nx9mk4Ag5v75m3wl42bRYSPIHKeeu6Ii77h5vC2JC1_JA81nGhtMfiLTkh3y6z3UC1WGVL9Ny3jnmkg
11-18 16:03:43.463 11679 11679 D SBUIKIT : [16:03:43.463 SendBirdUIKit$1:onInitSucceed():174] >> onInitSucceed()
11-18 16:03:43.465 11679 11956 I Timeline: Timeline: Activity_launch_request time:192397552
11-18 16:03:43.511 11679 11679 D DecorView[]: getWindowModeFromSystem  windowmode is 1
11-18 16:03:43.511 11679 11679 D DecorView: createDecorCaptionView windowingMode:1 mWindowMode 1 isFullscreen: true
11-18 16:03:43.615 11679 13671 D SBUIKIT : [16:03:43.614 SendBirdUIKit$2:call():298] ++ user nickname = Conny🌹, profileUrl = http://dockerproxmox.duckdns.org:8125/img/82/raw
11-18 16:03:43.780 11679 11679 I System.out: SENDBIRD TOKEN OK cCpFnO-0RjuEnBOkLzHfas:APA91bE8UmWhjHgvzTQmw5xhk-7ARF3K8OFTGrCvGMYxzqOyiVvfW0MjQa8Ws1w7YB_uGOCeJxwaZGF9r31FsqNMfP6CFmvUiCqTNwL8wGqL7JkLBwdfIA2yvxrFVRxaAPQ75DYvqECu
11-18 16:03:44.824 11679 11679 I SBUIKIT : [16:03:44.822 ChannelListFragment:onCreate():59] >> ChannelListFragment::onCreate()
11-18 16:03:44.879 11679 11679 D SBUIKIT : [16:03:44.878 BaseFragment:connect():35] >> BaseFragment::connect()
11-18 16:03:44.888 11679 11679 E RecyclerView: No adapter attached; skipping layout
11-18 16:03:44.913 11679 13671 D SBUIKIT : [16:03:44.912 SendBirdUIKit$2:call():298] ++ user nickname = Conny🌹, profileUrl = http://dockerproxmox.duckdns.org:8125/img/82/raw
11-18 16:03:44.914 11679 11679 D SBUIKIT : [16:03:44.913 BaseFragment:lambda$connect$0$com-sendbird-uikit-fragments-BaseFragment():37] ++ BaseFragment::connect e : null
11-18 16:03:44.915 11679 11679 I SBUIKIT : [16:03:44.914 BaseGroupChannelFragment:onReady():20] >> BaseGroupChannelFragment::onReady(READY)
11-18 16:03:44.916 11679 11679 I SBUIKIT : [16:03:44.915 BaseGroupChannelFragment:onReady():21] ++ user : User{mUserId='concettaacampora2001@gmail.com', mNickname='Conny🌹', mProfileUrl='http://dockerproxmox.duckdns.org:8125/img/82/raw', mFriendDiscoveryKey='null', mFriendName='null', mMetaData={}, mConnectionStatus=NON_AVAILABLE, mLastSeenAt=0, mIsActive=true, mPreferredLanguages=[]}
11-18 16:03:44.916 11679 11679 I SBUIKIT : [16:03:44.916 ChannelListFragment:onDrawPage():102] >> ChannelListFragment::onDrawPage()
11-18 16:03:44.918 11679 11679 D SBUIKIT : [16:03:44.918 ChannelListViewModel:initChannelCollection():36] >> ChannelListViewModel::initChannelCollection()
11-18 16:03:49.178 11679 11679 I Timeline: Timeline: Activity_launch_request time:192403265
11-18 16:03:49.243 11679 11679 D DecorView[]: getWindowModeFromSystem  windowmode is 1
11-18 16:03:49.243 11679 11679 D DecorView: createDecorCaptionView windowingMode:1 mWindowMode 1 isFullscreen: true
11-18 16:03:49.251 11679 11679 I SBUIKIT : [16:03:49.251 SelectUserFragment:onCreate():48] >> SelectUserFragment::onCreate()
11-18 16:03:49.270 11679 11679 D SBUIKIT : [16:03:49.270 BaseFragment:connect():35] >> BaseFragment::connect()
11-18 16:03:49.297 11679 11679 E RecyclerView: No adapter attached; skipping layout
11-18 16:03:49.317 11679 13678 D SBUIKIT : [16:03:49.316 SendBirdUIKit$2:call():298] ++ user nickname = Conny🌹, profileUrl = http://dockerproxmox.duckdns.org:8125/img/82/raw
11-18 16:03:49.334 11679 11679 D SBUIKIT : [16:03:49.334 BaseFragment:lambda$connect$0$com-sendbird-uikit-fragments-BaseFragment():37] ++ BaseFragment::connect e : null
11-18 16:03:49.335 11679 11679 I SBUIKIT : [16:03:49.335 BaseGroupChannelFragment:onReady():20] >> BaseGroupChannelFragment::onReady(READY)
11-18 16:03:49.336 11679 11679 I SBUIKIT : [16:03:49.335 BaseGroupChannelFragment:onReady():21] ++ user : User{mUserId='concettaacampora2001@gmail.com', mNickname='Conny🌹', mProfileUrl='http://dockerproxmox.duckdns.org:8125/img/82/raw', mFriendDiscoveryKey='null', mFriendName='null', mMetaData={}, mConnectionStatus=NON_AVAILABLE, mLastSeenAt=0, mIsActive=true, mPreferredLanguages=[]}
11-18 16:03:49.440 11679 11679 D SBUIKIT : [16:03:49.440 SelectableUserInfoListViewModel:lambda$loadFromSendBird$1():211] ++ list : [User{mUserId='viscardi.anna@ymail.com', mNickname='Anna Viscardi', mProfileUrl='http://dockerproxmox.duckdns.org:8125/img/75/raw', mFriendDiscoveryKey='null', mFriendName='null', mMetaData={}, mConnectionStatus=OFFLINE, mLastSeenAt=1668696685233, mIsActive=true, mPreferredLanguages=[]}, User{mUserId='sojane2451@dicopto.com', mNickname='sojane2451', mProfileUrl='', mFriendDiscoveryKey='null', mFriendName='null', mMetaData={}, mConnectionStatus=OFFLINE, mLastSeenAt=1666192550950, mIsActive=true, mPreferredLanguages=[]}, User{mUserId='dopiermowie@gmail.com', mNickname='Gianluca Perna', mProfileUrl='http://dockerproxmox.duckdns.org:8125/img/63/raw', mFriendDiscoveryKey='null', mFriendName='null', mMetaData={}, mConnectionStatus=OFFLINE, mLastSeenAt=1666957825055, mIsActive=true, mPreferredLanguages=[]}, User{mUserId='concettaacampora2001@gmail.com', mNickname='Conny🌹', mProfileUrl='http://dockerproxmox.duckdns.org:8125/img/82/raw', mFriendDiscoveryKey='null', mFriendName='null', mMetaData={}, mConnectionStatus=ONLINE, mLastSeenAt=0, mIsActive=true, mPreferredLanguages=[]}, User{mUserId='mannaggiaallamadonna@blu.it', mNickname='mannaggiaallamadonna', mProfileUrl='', mFriendDiscoveryKey='null', mFriendName='null', mMetaData={}, mConnectionStatus=OFFLINE, mLastSeenAt=1664193035452, mIsActive=true, mPreferredLanguages=[]}, User{mUserId='daniellomary2@gmail.com', mNickname='Mary', mProfileUrl='http://dockerproxmox.duckdns.org:8125/img/26/raw', mFriendDiscoveryKey='null', mFriendName='null', mMetaData={}, mConnectionStatus=OFFLINE, mLastSeenAt=1657569626964, mIsActive=true, mPreferredLanguages=[]}, User{mUserId='destasiofrancesco2000@gmail.com', mNickname='Francesco De Stasio', mProfileUrl='https://lh3.googleusercontent.com/a/AATXAJxecMfLPUaEXs54_3LFZtde7d_D9l5RANsL1ljj=s96-c', mFriendDiscoveryKey='null', mFriendName='null', mMetaData={}, mConnectionStatus=OFFLINE, mLastSeenAt=165550027
11-18 16:03:49.441 11679 11679 D SBUIKIT : Cont(1) 1937, mIsActive=true, mPreferredLanguages=[]}, User{mUserId='emanuele.ladaga@gmail.com', mNickname='Emanuele', mProfileUrl='http://dockerproxmox.duckdns.org:8125/img/62/raw', mFriendDiscoveryKey='null', mFriendName='null', mMetaData={}, mConnectionStatus=OFFLINE, mLastSeenAt=1668772655259, mIsActive=true, mPreferredLanguages=[]}, User{mUserId='cladotti31@gmail.com', mNickname='claudio velotti', mProfileUrl='http://dockerproxmox.duckdns.org:8125/img/10/raw', mFriendDiscoveryKey='null', mFriendName='null', mMetaData={}, mConnectionStatus=OFFLINE, mLastSeenAt=1667578063928, mIsActive=true, mPreferredLanguages=[]}, User{mUserId='matteorichard.gaudino@gmail.com', mNickname='matte', mProfileUrl='http://dockerproxmox.duckdns.org:8125/img/58/raw', mFriendDiscoveryKey='null', mFriendName='null', mMetaData={}, mConnectionStatus=OFFLINE, mLastSeenAt=1668783459321, mIsActive=true, mPreferredLanguages=[]}, User{mUserId='gioanniform@gmail.com', mNickname='xzcvzxv', mProfileUrl='http://dockerproxmox.duckdns.org:8125/img/65/raw', mFriendDiscoveryKey='null', mFriendName='null', mMetaData={}, mConnectionStatus=OFFLINE, mLastSeenAt=1668774417341, mIsActive=true, mPreferredLanguages=[]}, User{mUserId='537943', mNickname='Rmc', mProfileUrl='', mFriendDiscoveryKey='null', mFriendName='null', mMetaData={}, mConnectionStatus=OFFLINE, mLastSeenAt=1664446886757, mIsActive=true, mPreferredLanguages=[]}]
11-18 16:03:49.443 11679 11679 D SBUIKIT : [16:03:49.443 SelectUserFragment:lambda$initUserList$4$com-sendbird-uikit-fragments-SelectUserFragment():232] ++ users size : 11
11-18 16:03:49.972 11679 11679 W Glide   : Load failed for [http://dockerproxmox.duckdns.org:8125/img/65/raw] with dimensions [176x176]
11-18 16:03:49.972 11679 11679 W Glide   : class com.bumptech.glide.load.engine.GlideException: Failed to load resource
11-18 16:03:49.972 11679 11679 W Glide   : There was 1 root cause:
11-18 16:03:49.972 11679 11679 W Glide   : com.bumptech.glide.load.HttpException(Failed to connect or obtain data, status code: 500)
11-18 16:03:49.972 11679 11679 W Glide   :  call GlideException#logRootCauses(String) for more detail
11-18 16:03:49.972 11679 11679 W Glide   :   Cause (1 of 1): class com.bumptech.glide.load.engine.GlideException: Fetching data failed, class java.io.InputStream, REMOTE
11-18 16:03:49.972 11679 11679 W Glide   : There was 1 root cause:
11-18 16:03:49.972 11679 11679 W Glide   : com.bumptech.glide.load.HttpException(Failed to connect or obtain data, status code: 500)
11-18 16:03:49.972 11679 11679 W Glide   :  call GlideException#logRootCauses(String) for more detail
11-18 16:03:49.972 11679 11679 W Glide   :     Cause (1 of 1): class com.bumptech.glide.load.engine.GlideException: Fetch failed
11-18 16:03:49.972 11679 11679 W Glide   : There was 1 root cause:
11-18 16:03:49.972 11679 11679 W Glide   : com.bumptech.glide.load.HttpException(Failed to connect or obtain data, status code: 500)
11-18 16:03:49.972 11679 11679 W Glide   :  call GlideException#logRootCauses(String) for more detail
11-18 16:03:49.972 11679 11679 W Glide   :       Cause (1 of 1): class com.bumptech.glide.load.HttpException: Failed to connect or obtain data, status code: 500
11-18 16:03:49.973 11679 11679 I Glide   : Root cause (1 of 1)
11-18 16:03:49.973 11679 11679 I Glide   : com.bumptech.glide.load.HttpException: Failed to connect or obtain data, status code: 500
11-18 16:03:49.973 11679 11679 I Glide   : 	at com.bumptech.glide.load.data.HttpUrlFetcher.loadDataWithRedirects(HttpUrlFetcher.java:98)
11-18 16:03:49.973 11679 11679 I Glide   : 	at com.bumptech.glide.load.data.HttpUrlFetcher.loadData(HttpUrlFetcher.java:58)
11-18 16:03:49.973 11679 11679 I Glide   : 	at com.bumptech.glide.load.model.MultiModelLoader$MultiFetcher.loadData(MultiModelLoader.java:100)
