11-18 15:46:08.624 30995 30995 W Glide   :  call GlideException#logRootCauses(String) for more detail
11-18 15:46:08.624 30995 30995 W Glide   :     Cause (1 of 1): class com.bumptech.glide.load.engine.GlideException: Fetch failed
11-18 15:46:08.624 30995 30995 W Glide   : There was 1 root cause:
11-18 15:46:08.624 30995 30995 W Glide   : com.bumptech.glide.load.HttpException(Failed to connect or obtain data, status code: -1)
11-18 15:46:08.624 30995 30995 W Glide   :  call GlideException#logRootCauses(String) for more detail
11-18 15:46:08.624 30995 30995 W Glide   :       Cause (1 of 1): class com.bumptech.glide.load.HttpException: Failed to connect or obtain data, status code: -1
11-18 15:46:08.625 30995 30995 I Glide   : Root cause (1 of 1)
11-18 15:46:08.625 30995 30995 I Glide   : com.bumptech.glide.load.HttpException: Failed to connect or obtain data, status code: -1
11-18 15:46:08.625 30995 30995 I Glide   : 	at com.bumptech.glide.load.data.HttpUrlFetcher.loadDataWithRedirects(HttpUrlFetcher.java:98)
11-18 15:46:08.625 30995 30995 I Glide   : 	at com.bumptech.glide.load.data.HttpUrlFetcher.loadData(HttpUrlFetcher.java:58)
11-18 15:46:08.625 30995 30995 I Glide   : 	at com.bumptech.glide.load.model.MultiModelLoader$MultiFetcher.loadData(MultiModelLoader.java:100)
11-18 15:46:08.625 30995 30995 I Glide   : 	at com.bumptech.glide.load.engine.SourceGenerator.startNextLoad(SourceGenerator.java:95)
11-18 15:46:08.625 30995 30995 I Glide   : 	at com.bumptech.glide.load.engine.SourceGenerator.startNext(SourceGenerator.java:88)
11-18 15:46:08.625 30995 30995 I Glide   : 	at com.bumptech.glide.load.engine.DecodeJob.runGenerators(DecodeJob.java:311)
11-18 15:46:08.625 30995 30995 I Glide   : 	at com.bumptech.glide.load.engine.DecodeJob.runWrapped(DecodeJob.java:280)
11-18 15:46:08.625 30995 30995 I Glide   : 	at com.bumptech.glide.load.engine.DecodeJob.run(DecodeJob.java:235)
11-18 15:46:08.625 30995 30995 I Glide   : 	at java.util.concurrent.ThreadPoolExecutor.runWorker(ThreadPoolExecutor.java:1167)
11-18 15:46:08.625 30995 30995 I Glide   : 	at java.util.concurrent.ThreadPoolExecutor$Worker.run(ThreadPoolExecutor.java:641)
11-18 15:46:08.625 30995 30995 I Glide   : 	at com.bumptech.glide.load.engine.executor.GlideExecutor$DefaultThreadFactory$1.run(GlideExecutor.java:421)
11-18 15:46:08.625 30995 30995 I Glide   : 	at java.lang.Thread.run(Thread.java:923)
11-18 15:46:08.625 30995 30995 I Glide   : 	at com.bumptech.glide.load.engine.executor.GlideExecutor$DefaultPriorityThreadFactory$1.run(GlideExecutor.java:380)
11-18 15:46:08.625 30995 30995 I Glide   : Caused by: java.net.SocketTimeoutException: timeout
11-18 15:46:08.625 30995 30995 I Glide   : 	at com.android.okhttp.okio.Okio$3.newTimeoutException(Okio.java:214)
11-18 15:46:08.625 30995 30995 I Glide   : 	at com.android.okhttp.okio.AsyncTimeout.exit(AsyncTimeout.java:263)
11-18 15:46:08.625 30995 30995 I Glide   : 	at com.android.okhttp.okio.AsyncTimeout$2.read(AsyncTimeout.java:217)
11-18 15:46:08.625 30995 30995 I Glide   : 	at com.android.okhttp.okio.RealBufferedSource.indexOf(RealBufferedSource.java:307)
11-18 15:46:08.625 30995 30995 I Glide   : 	at com.android.okhttp.okio.RealBufferedSource.indexOf(RealBufferedSource.java:301)
11-18 15:46:08.625 30995 30995 I Glide   : 	at com.android.okhttp.okio.RealBufferedSource.readUtf8LineStrict(RealBufferedSource.java:197)
11-18 15:46:08.625 30995 30995 I Glide   : 	at com.android.okhttp.internal.http.Http1xStream.readResponse(Http1xStream.java:188)
11-18 15:46:08.625 30995 30995 I Glide   : 	at com.android.okhttp.internal.http.Http1xStream.readResponseHeaders(Http1xStream.java:129)
11-18 15:46:08.625 30995 30995 I Glide   : 	at com.android.okhttp.internal.http.HttpEngine.readNetworkResponse(HttpEngine.java:750)
11-18 15:46:08.625 30995 30995 I Glide   : 	at com.android.okhttp.internal.http.HttpEngine.readResponse(HttpEngine.java:622)
11-18 15:46:08.625 30995 30995 I Glide   : 	at com.android.okhttp.internal.huc.HttpURLConnectionImpl.execute(HttpURLConnectionImpl.java:475)
11-18 15:46:08.625 30995 30995 I Glide   : 	at com.android.okhttp.internal.huc.HttpURLConnectionImpl.getResponse(HttpURLConnectionImpl.java:411)
11-18 15:46:08.625 30995 30995 I Glide   : 	at com.android.okhttp.internal.huc.HttpURLConnectionImpl.getInputStream(HttpURLConnectionImpl.java:248)
11-18 15:46:08.625 30995 30995 I Glide   : 	at com.bumptech.glide.load.data.HttpUrlFetcher.loadDataWithRedirects(HttpUrlFetcher.java:95)
11-18 15:46:08.625 30995 30995 I Glide   : 	... 12 more
11-18 15:46:08.625 30995 30995 I Glide   : Caused by: java.net.SocketException: Socket closed
11-18 15:46:08.625 30995 30995 I Glide   : 	at java.net.SocketInputStream.read(SocketInputStream.java:209)
11-18 15:46:08.625 30995 30995 I Glide   : 	at java.net.SocketInputStream.read(SocketInputStream.java:144)
11-18 15:46:08.625 30995 30995 I Glide   : 	at com.android.okhttp.okio.Okio$2.read(Okio.java:138)
11-18 15:46:08.625 30995 30995 I Glide   : 	at com.android.okhttp.okio.AsyncTimeout$2.read(AsyncTimeout.java:213)
11-18 15:46:08.625 30995 30995 I Glide   : 	... 23 more
11-18 15:46:10.393 30995 30995 I Timeline: Timeline: Activity_launch_request time:191344480
11-18 15:46:11.047 30995 31513 E PINGER  : [15:46:11.043 Connection$Pinger:stop():522] Pinger stop true
11-18 15:46:11.053 30995 31513 E Sendbird:PINGER: [15:46:11.048 Connection$Pinger:stop():523] Pinger stop true
11-18 15:46:11.068 30995 32457 W SendBird: [15:46:11.065 Connection$1:onMessage():235] onMessage instance : [PONG] com.sendbird.android.Connection@ba9677a
11-18 15:46:11.068 30995 32469 W SendBird: [15:46:11.065 Connection$1:onFailure():250] onFailed instance : com.sendbird.android.Connection@ba9677a
11-18 15:46:11.071 30995 32457 W Sendbird: [15:46:11.069 Connection$1:onMessage():236] onMessage instance : [PONG] com.sendbird.android.Connection@ba9677a
11-18 15:46:11.072 30995 32469 W Sendbird: [15:46:11.070 Connection$1:onFailure():251] onFailed instance : com.sendbird.android.Connection@ba9677a
11-18 15:46:11.076 30995 32469 W SendBird: [15:46:11.074 Connection$1:onFailure():256] onFailed handler : com.sendbird.android.SocketManager@3495266
11-18 15:46:11.079 30995 32469 W Sendbird: [15:46:11.077 Connection$1:onFailure():257] onFailed handler : com.sendbird.android.SocketManager@3495266
11-18 15:46:11.081 30995 32469 W SendBird: [15:46:11.079 SocketManager:onError():1002] >> onError : Socket is closed, reconnecting : false, explicitDisconnect : true
11-18 15:46:11.083 30995 31593 W SendBird: [15:46:11.081 EventController$1:call():141] ++ result[PONG] runnable=null
11-18 15:46:13.908 30995 30995 D DecorView: createDecorCaptionView windowingMode:1 mWindowMode 1 isFullscreen: true
11-18 15:46:14.274 30995 32643 W SendBird: [15:46:14.272 Connection$1:onMessage():235] onMessage instance : [LOGI] com.sendbird.android.Connection@71e9024
11-18 15:46:14.276 30995 32643 W Sendbird: [15:46:14.275 Connection$1:onMessage():236] onMessage instance : [LOGI] com.sendbird.android.Connection@71e9024
11-18 15:46:14.286 30995 31593 W SendBird: [15:46:14.285 EventController$1:call():141] ++ result[LOGI] runnable=null
11-18 15:46:16.435 30995 30995 W Glide   : Load failed for [http://dockerproxmox.duckdns.org:8125/img/80/raw] with dimensions [96x96]
11-18 15:46:16.435 30995 30995 W Glide   : class com.bumptech.glide.load.engine.GlideException: Failed to load resource
11-18 15:46:16.435 30995 30995 W Glide   : There was 1 root cause:
11-18 15:46:16.435 30995 30995 W Glide   : com.bumptech.glide.load.HttpException(Failed to connect or obtain data, status code: -1)
11-18 15:46:16.435 30995 30995 W Glide   :  call GlideException#logRootCauses(String) for more detail
11-18 15:46:16.435 30995 30995 W Glide   :   Cause (1 of 1): class com.bumptech.glide.load.engine.GlideException: Fetching data failed, class java.io.InputStream, REMOTE
11-18 15:46:16.435 30995 30995 W Glide   : There was 1 root cause:
11-18 15:46:16.435 30995 30995 W Glide   : com.bumptech.glide.load.HttpException(Failed to connect or obtain data, status code: -1)
11-18 15:46:16.435 30995 30995 W Glide   :  call GlideException#logRootCauses(String) for more detail
11-18 15:46:16.435 30995 30995 W Glide   :     Cause (1 of 1): class com.bumptech.glide.load.engine.GlideException: Fetch failed
11-18 15:46:16.435 30995 30995 W Glide   : There was 1 root cause:
11-18 15:46:16.435 30995 30995 W Glide   : com.bumptech.glide.load.HttpException(Failed to connect or obtain data, status code: -1)
11-18 15:46:16.435 30995 30995 W Glide   :  call GlideException#logRootCauses(String) for more detail
11-18 15:46:16.435 30995 30995 W Glide   :       Cause (1 of 1): class com.bumptech.glide.load.HttpException: Failed to connect or obtain data, status code: -1
11-18 15:46:16.438 30995 30995 I Glide   : Root cause (1 of 1)
11-18 15:46:16.438 30995 30995 I Glide   : com.bumptech.glide.load.HttpException: Failed to connect or obtain data, status code: -1
11-18 15:46:16.438 30995 30995 I Glide   : 	at com.bumptech.glide.load.data.HttpUrlFetcher.loadDataWithRedirects(HttpUrlFetcher.java:98)
11-18 15:46:16.438 30995 30995 I Glide   : 	at com.bumptech.glide.load.data.HttpUrlFetcher.loadData(HttpUrlFetcher.java:58)
11-18 15:46:16.438 30995 30995 I Glide   : 	at com.bumptech.glide.load.model.MultiModelLoader$MultiFetcher.loadData(MultiModelLoader.java:100)
11-18 15:46:16.438 30995 30995 I Glide   : 	at com.bumptech.glide.load.engine.SourceGenerator.startNextLoad(SourceGenerator.java:95)
11-18 15:46:16.438 30995 30995 I Glide   : 	at com.bumptech.glide.load.engine.SourceGenerator.startNext(SourceGenerator.java:88)
11-18 15:46:16.438 30995 30995 I Glide   : 	at com.bumptech.glide.load.engine.DecodeJob.runGenerators(DecodeJob.java:311)
11-18 15:46:16.438 30995 30995 I Glide   : 	at com.bumptech.glide.load.engine.DecodeJob.runWrapped(DecodeJob.java:280)
11-18 15:46:16.438 30995 30995 I Glide   : 	at com.bumptech.glide.load.engine.DecodeJob.run(DecodeJob.java:235)
11-18 15:46:16.438 30995 30995 I Glide   : 	at java.util.concurrent.ThreadPoolExecutor.runWorker(ThreadPoolExecutor.java:1167)
11-18 15:46:16.438 30995 30995 I Glide   : 	at java.util.concurrent.ThreadPoolExecutor$Worker.run(ThreadPoolExecutor.java:641)
11-18 15:46:16.438 30995 30995 I Glide   : 	at com.bumptech.glide.load.engine.executor.GlideExecutor$DefaultThreadFactory$1.run(GlideExecutor.java:421)
11-18 15:46:16.438 30995 30995 I Glide   : 	at java.lang.Thread.run(Thread.java:923)
11-18 15:46:16.438 30995 30995 I Glide   : 	at com.bumptech.glide.load.engine.executor.GlideExecutor$DefaultPriorityThreadFactory$1.run(GlideExecutor.java:380)
11-18 15:46:16.438 30995 30995 I Glide   : Caused by: java.net.SocketTimeoutException: timeout
11-18 15:46:16.438 30995 30995 I Glide   : 	at com.android.okhttp.okio.Okio$3.newTimeoutException(Okio.java:214)
11-18 15:46:16.438 30995 30995 I Glide   : 	at com.android.okhttp.okio.AsyncTimeout.exit(AsyncTimeout.java:263)
11-18 15:46:16.438 30995 30995 I Glide   : 	at com.android.okhttp.okio.AsyncTimeout$2.read(AsyncTimeout.java:217)
11-18 15:46:16.438 30995 30995 I Glide   : 	at com.android.okhttp.okio.RealBufferedSource.indexOf(RealBufferedSource.java:307)
11-18 15:46:16.438 30995 30995 I Glide   : 	at com.android.okhttp.okio.RealBufferedSource.indexOf(RealBufferedSource.java:301)
11-18 15:46:16.438 30995 30995 I Glide   : 	at com.android.okhttp.okio.RealBufferedSource.readUtf8LineStrict(RealBufferedSource.java:197)
11-18 15:46:16.438 30995 30995 I Glide   : 	at com.android.okhttp.internal.http.Http1xStream.readResponse(Http1xStream.java:188)
11-18 15:46:16.438 30995 30995 I Glide   : 	at com.android.okhttp.internal.http.Http1xStream.readResponseHeaders(Http1xStream.java:129)
11-18 15:46:16.438 30995 30995 I Glide   : 	at com.android.okhttp.internal.http.HttpEngine.readNetworkResponse(HttpEngine.java:750)
11-18 15:46:16.438 30995 30995 I Glide   : 	at com.android.okhttp.internal.http.HttpEngine.readResponse(HttpEngine.java:622)
11-18 15:46:16.438 30995 30995 I Glide   : 	at com.android.okhttp.internal.huc.HttpURLConnectionImpl.execute(HttpURLConnectionImpl.java:475)
11-18 15:46:16.438 30995 30995 I Glide   : 	at com.android.okhttp.internal.huc.HttpURLConnectionImpl.getResponse(HttpURLConnectionImpl.java:411)
11-18 15:46:16.438 30995 30995 I Glide   : 	at com.android.okhttp.internal.huc.HttpURLConnectionImpl.getInputStream(HttpURLConnectionImpl.java:248)
11-18 15:46:16.438 30995 30995 I Glide   : 	at com.bumptech.glide.load.data.HttpUrlFetcher.loadDataWithRedirects(HttpUrlFetcher.java:95)
11-18 15:46:16.438 30995 30995 I Glide   : 	... 12 more
11-18 15:46:16.438 30995 30995 I Glide   : Caused by: java.net.SocketException: Socket closed
11-18 15:46:16.438 30995 30995 I Glide   : 	at java.net.SocketInputStream.read(SocketInputStream.java:209)
11-18 15:46:16.438 30995 30995 I Glide   : 	at java.net.SocketInputStream.read(SocketInputStream.java:144)
11-18 15:46:16.438 30995 30995 I Glide   : 	at com.android.okhttp.okio.Okio$2.read(Okio.java:138)
11-18 15:46:16.438 30995 30995 I Glide   : 	at com.android.okhttp.okio.AsyncTimeout$2.read(AsyncTimeout.java:213)
11-18 15:46:16.438 30995 30995 I Glide   : 	... 23 more
11-18 15:46:16.446 30995 30995 W Glide   : Load failed for [http://dockerproxmox.duckdns.org:8125/img/56/raw] with dimensions [193x193]
11-18 15:46:16.446 30995 30995 W Glide   : class com.bumptech.glide.load.engine.GlideException: Failed to load resource
11-18 15:46:16.446 30995 30995 W Glide   : There was 1 root cause:
11-18 15:46:16.446 30995 30995 W Glide   : com.bumptech.glide.load.HttpException(Failed to connect or obtain data, status code: -1)
11-18 15:46:16.446 30995 30995 W Glide   :  call GlideException#logRootCauses(String) for more detail
11-18 15:46:16.446 30995 30995 W Glide   :   Cause (1 of 1): class com.bumptech.glide.load.engine.GlideException: Fetching data failed, class java.io.InputStream, REMOTE
11-18 15:46:16.446 30995 30995 W Glide   : There was 1 root cause:
11-18 15:46:16.446 30995 30995 W Glide   : com.bumptech.glide.load.HttpException(Failed to connect or obtain data, status code: -1)
11-18 15:46:16.446 30995 30995 W Glide   :  call GlideException#logRootCauses(String) for more detail
11-18 15:46:16.446 30995 30995 W Glide   :     Cause (1 of 1): class com.bumptech.glide.load.engine.GlideException: Fetch failed
11-18 15:46:16.446 30995 30995 W Glide   : There was 1 root cause:
11-18 15:46:16.446 30995 30995 W Glide   : com.bumptech.glide.load.HttpException(Failed to connect or obtain data, status code: -1)
11-18 15:46:16.446 30995 30995 W Glide   :  call GlideException#logRootCauses(String) for more detail
11-18 15:46:16.446 30995 30995 W Glide   :       Cause (1 of 1): class com.bumptech.glide.load.HttpException: Failed to connect or obtain data, status code: -1
11-18 15:46:16.448 30995 30995 I Glide   : Root cause (1 of 1)
11-18 15:46:16.448 30995 30995 I Glide   : com.bumptech.glide.load.HttpException: Failed to connect or obtain data, status code: -1
11-18 15:46:16.448 30995 30995 I Glide   : 	at com.bumptech.glide.load.data.HttpUrlFetcher.loadDataWithRedirects(HttpUrlFetcher.java:98)
11-18 15:46:16.448 30995 30995 I Glide   : 	at com.bumptech.glide.load.data.HttpUrlFetcher.loadData(HttpUrlFetcher.java:58)
11-18 15:46:16.448 30995 30995 I Glide   : 	at com.bumptech.glide.load.model.MultiModelLoader$MultiFetcher.loadData(MultiModelLoader.java:100)
11-18 15:46:16.448 30995 30995 I Glide   : 	at com.bumptech.glide.load.engine.SourceGenerator.startNextLoad(SourceGenerator.java:95)
11-18 15:46:16.448 30995 30995 I Glide   : 	at com.bumptech.glide.load.engine.SourceGenerator.startNext(SourceGenerator.java:88)
11-18 15:46:16.448 30995 30995 I Glide   : 	at com.bumptech.glide.load.engine.DecodeJob.runGenerators(DecodeJob.java:311)
11-18 15:46:16.448 30995 30995 I Glide   : 	at com.bumptech.glide.load.engine.DecodeJob.runWrapped(DecodeJob.java:280)
11-18 15:46:16.448 30995 30995 I Glide   : 	at com.bumptech.glide.load.engine.DecodeJob.run(DecodeJob.java:235)
11-18 15:46:16.448 30995 30995 I Glide   : 	at java.util.concurrent.ThreadPoolExecutor.runWorker(ThreadPoolExecutor.java:1167)
11-18 15:46:16.448 30995 30995 I Glide   : 	at java.util.concurrent.ThreadPoolExecutor$Worker.run(ThreadPoolExecutor.java:641)
11-18 15:46:16.448 30995 30995 I Glide   : 	at com.bumptech.glide.load.engine.executor.GlideExecutor$DefaultThreadFactory$1.run(GlideExecutor.java:421)
11-18 15:46:16.448 30995 30995 I Glide   : 	at java.lang.Thread.run(Thread.java:923)
11-18 15:46:16.448 30995 30995 I Glide   : 	at com.bumptech.glide.load.engine.executor.GlideExecutor$DefaultPriorityThreadFactory$1.run(GlideExecutor.java:380)
11-18 15:46:16.448 30995 30995 I Glide   : Caused by: java.net.SocketTimeoutException: timeout
11-18 15:46:16.448 30995 30995 I Glide   : 	at com.android.okhttp.okio.Okio$3.newTimeoutException(Okio.java:214)
11-18 15:46:16.448 30995 30995 I Glide   : 	at com.android.okhttp.okio.AsyncTimeout.exit(AsyncTimeout.java:263)
11-18 15:46:16.448 30995 30995 I Glide   : 	at com.android.okhttp.okio.AsyncTimeout$2.read(AsyncTimeout.java:217)
11-18 15:46:16.448 30995 30995 I Glide   : 	at com.android.okhttp.okio.RealBufferedSource.indexOf(RealBufferedSource.java:307)
11-18 15:46:16.448 30995 30995 I Glide   : 	at com.android.okhttp.okio.RealBufferedSource.indexOf(RealBufferedSource.java:301)
11-18 15:46:16.448 30995 30995 I Glide   : 	at com.android.okhttp.okio.RealBufferedSource.readUtf8LineStrict(RealBufferedSource.java:197)
11-18 15:46:16.448 30995 30995 I Glide   : 	at com.android.okhttp.internal.http.Http1xStream.readResponse(Http1xStream.java:188)
11-18 15:46:16.448 30995 30995 I Glide   : 	at com.android.okhttp.internal.http.Http1xStream.readResponseHeaders(Http1xStream.java:129)
11-18 15:46:16.448 30995 30995 I Glide   : 	at com.android.okhttp.internal.http.HttpEngine.readNetworkResponse(HttpEngine.java:750)
11-18 15:46:16.448 30995 30995 I Glide   : 	at com.android.okhttp.internal.http.HttpEngine.readResponse(HttpEngine.java:622)
11-18 15:46:16.448 30995 30995 I Glide   : 	at com.android.okhttp.internal.huc.HttpURLConnectionImpl.execute(HttpURLConnectionImpl.java:475)
11-18 15:46:16.448 30995 30995 I Glide   : 	at com.android.okhttp.internal.huc.HttpURLConnectionImpl.getResponse(HttpURLConnectionImpl.java:411)
11-18 15:46:16.448 30995 30995 I Glide   : 	at com.android.okhttp.internal.huc.HttpURLConnectionImpl.getInputStream(HttpURLConnectionImpl.java:248)
11-18 15:46:16.448 30995 30995 I Glide   : 	at com.bumptech.glide.load.data.HttpUrlFetcher.loadDataWithRedirects(HttpUrlFetcher.java:95)
11-18 15:46:16.448 30995 30995 I Glide   : 	... 12 more
11-18 15:46:16.448 30995 30995 I Glide   : Caused by: java.net.SocketException: Socket closed
11-18 15:46:16.448 30995 30995 I Glide   : 	at java.net.SocketInputStream.read(SocketInputStream.java:209)
11-18 15:46:16.448 30995 30995 I Glide   : 	at java.net.SocketInputStream.read(SocketInputStream.java:144)
11-18 15:46:16.448 30995 30995 I Glide   : 	at com.android.okhttp.okio.Okio$2.read(Okio.java:138)
11-18 15:46:16.448 30995 30995 I Glide   : 	at com.android.okhttp.okio.AsyncTimeout$2.read(AsyncTimeout.java:213)
11-18 15:46:16.448 30995 30995 I Glide   : 	... 23 more
11-18 15:46:16.451 30995 30995 W Glide   : Load failed for [http://dockerproxmox.duckdns.org:8125/img/57/raw] with dimensions [1080x550]
11-18 15:46:16.451 30995 30995 W Glide   : class com.bumptech.glide.load.engine.GlideException: Failed to load resource
11-18 15:46:16.451 30995 30995 W Glide   : There was 1 root cause:
11-18 15:46:16.451 30995 30995 W Glide   : com.bumptech.glide.load.HttpException(Failed to connect or obtain data, status code: -1)
11-18 15:46:16.451 30995 30995 W Glide   :  call GlideException#logRootCauses(String) for more detail
11-18 15:46:16.451 30995 30995 W Glide   :   Cause (1 of 1): class com.bumptech.glide.load.engine.GlideException: Fetching data failed, class java.io.InputStream, REMOTE
11-18 15:46:16.451 30995 30995 W Glide   : There was 1 root cause:
11-18 15:46:16.451 30995 30995 W Glide   : com.bumptech.glide.load.HttpException(Failed to connect or obtain data, status code: -1)
11-18 15:46:16.451 30995 30995 W Glide   :  call GlideException#logRootCauses(String) for more detail
11-18 15:46:16.451 30995 30995 W Glide   :     Cause (1 of 1): class com.bumptech.glide.load.engine.GlideException: Fetch failed
11-18 15:46:16.451 30995 30995 W Glide   : There was 1 root cause:
11-18 15:46:16.451 30995 30995 W Glide   : com.bumptech.glide.load.HttpException(Failed to connect or obtain data, status code: -1)
11-18 15:46:16.451 30995 30995 W Glide   :  call GlideException#logRootCauses(String) for more detail
11-18 15:46:16.451 30995 30995 W Glide   :       Cause (1 of 1): class com.bumptech.glide.load.HttpException: Failed to connect or obtain data, status code: -1
11-18 15:46:16.454 30995 30995 I Glide   : Root cause (1 of 1)
11-18 15:46:16.454 30995 30995 I Glide   : com.bumptech.glide.load.HttpException: Failed to connect or obtain data, status code: -1
11-18 15:46:16.454 30995 30995 I Glide   : 	at com.bumptech.glide.load.data.HttpUrlFetcher.loadDataWithRedirects(HttpUrlFetcher.java:98)
11-18 15:46:16.454 30995 30995 I Glide   : 	at com.bumptech.glide.load.data.HttpUrlFetcher.loadData(HttpUrlFetcher.java:58)
11-18 15:46:16.454 30995 30995 I Glide   : 	at com.bumptech.glide.load.model.MultiModelLoader$MultiFetcher.loadData(MultiModelLoader.java:100)
11-18 15:46:16.454 30995 30995 I Glide   : 	at com.bumptech.glide.load.engine.SourceGenerator.startNextLoad(SourceGenerator.java:95)
11-18 15:46:16.454 30995 30995 I Glide   : 	at com.bumptech.glide.load.engine.SourceGenerator.startNext(SourceGenerator.java:88)
11-18 15:46:16.454 30995 30995 I Glide   : 	at com.bumptech.glide.load.engine.DecodeJob.runGenerators(DecodeJob.java:311)
11-18 15:46:16.454 30995 30995 I Glide   : 	at com.bumptech.glide.load.engine.DecodeJob.runWrapped(DecodeJob.java:280)
11-18 15:46:16.454 30995 30995 I Glide   : 	at com.bumptech.glide.load.engine.DecodeJob.run(DecodeJob.java:235)
11-18 15:46:16.454 30995 30995 I Glide   : 	at java.util.concurrent.ThreadPoolExecutor.runWorker(ThreadPoolExecutor.java:1167)
11-18 15:46:16.454 30995 30995 I Glide   : 	at java.util.concurrent.ThreadPoolExecutor$Worker.run(ThreadPoolExecutor.java:641)
11-18 15:46:16.454 30995 30995 I Glide   : 	at com.bumptech.glide.load.engine.executor.GlideExecutor$DefaultThreadFactory$1.run(GlideExecutor.java:421)
11-18 15:46:16.454 30995 30995 I Glide   : 	at java.lang.Thread.run(Thread.java:923)
11-18 15:46:16.454 30995 30995 I Glide   : 	at com.bumptech.glide.load.engine.executor.GlideExecutor$DefaultPriorityThreadFactory$1.run(GlideExecutor.java:380)
11-18 15:46:16.454 30995 30995 I Glide   : Caused by: java.net.SocketTimeoutException: timeout
11-18 15:46:16.454 30995 30995 I Glide   : 	at com.android.okhttp.okio.Okio$3.newTimeoutException(Okio.java:214)
11-18 15:46:16.454 30995 30995 I Glide   : 	at com.android.okhttp.okio.AsyncTimeout.exit(AsyncTimeout.java:263)
11-18 15:46:16.454 30995 30995 I Glide   : 	at com.android.okhttp.okio.AsyncTimeout$2.read(AsyncTimeout.java:217)
11-18 15:46:16.454 30995 30995 I Glide   : 	at com.android.okhttp.okio.RealBufferedSource.indexOf(RealBufferedSource.java:307)
11-18 15:46:16.454 30995 30995 I Glide   : 	at com.android.okhttp.okio.RealBufferedSource.indexOf(RealBufferedSource.java:301)
11-18 15:46:16.454 30995 30995 I Glide   : 	at com.android.okhttp.okio.RealBufferedSource.readUtf8LineStrict(RealBufferedSource.java:197)
11-18 15:46:16.454 30995 30995 I Glide   : 	at com.android.okhttp.internal.http.Http1xStream.readResponse(Http1xStream.java:188)
11-18 15:46:16.454 30995 30995 I Glide   : 	at com.android.okhttp.internal.http.Http1xStream.readResponseHeaders(Http1xStream.java:129)
11-18 15:46:16.454 30995 30995 I Glide   : 	at com.android.okhttp.internal.http.HttpEngine.readNetworkResponse(HttpEngine.java:750)
11-18 15:46:16.454 30995 30995 I Glide   : 	at com.android.okhttp.internal.http.HttpEngine.readResponse(HttpEngine.java:622)
11-18 15:46:16.454 30995 30995 I Glide   : 	at com.android.okhttp.internal.huc.HttpURLConnectionImpl.execute(HttpURLConnectionImpl.java:475)
11-18 15:46:16.454 30995 30995 I Glide   : 	at com.android.okhttp.internal.huc.HttpURLConnectionImpl.getResponse(HttpURLConnectionImpl.java:411)
11-18 15:46:16.454 30995 30995 I Glide   : 	at com.android.okhttp.internal.huc.HttpURLConnectionImpl.getInputStream(HttpURLConnectionImpl.java:248)
11-18 15:46:16.454 30995 30995 I Glide   : 	at com.bumptech.glide.load.data.HttpUrlFetcher.loadDataWithRedirects(HttpUrlFetcher.java:95)
11-18 15:46:16.454 30995 30995 I Glide   : 	... 12 more
11-18 15:46:16.454 30995 30995 I Glide   : Caused by: java.net.SocketException: Socket closed
11-18 15:46:16.454 30995 30995 I Glide   : 	at java.net.SocketInputStream.read(SocketInputStream.java:209)
11-18 15:46:16.454 30995 30995 I Glide   : 	at java.net.SocketInputStream.read(SocketInputStream.java:144)
11-18 15:46:16.454 30995 30995 I Glide   : 	at com.android.okhttp.okio.Okio$2.read(Okio.java:138)
11-18 15:46:16.454 30995 30995 I Glide   : 	at com.android.okhttp.okio.AsyncTimeout$2.read(AsyncTimeout.java:213)
11-18 15:46:16.454 30995 30995 I Glide   : 	... 23 more
11-18 15:46:16.456 30995 30995 W Glide   : Load failed for [http://dockerproxmox.duckdns.org:8125/img/80/raw] with dimensions [275x275]
11-18 15:46:16.456 30995 30995 W Glide   : class com.bumptech.glide.load.engine.GlideException: Failed to load resource
11-18 15:46:16.456 30995 30995 W Glide   : There was 1 root cause:
11-18 15:46:16.456 30995 30995 W Glide   : com.bumptech.glide.load.HttpException(Failed to connect or obtain data, status code: -1)
11-18 15:46:16.456 30995 30995 W Glide   :  call GlideException#logRootCauses(String) for more detail
11-18 15:46:16.456 30995 30995 W Glide   :   Cause (1 of 1): class com.bumptech.glide.load.engine.GlideException: Fetching data failed, class java.io.InputStream, REMOTE
11-18 15:46:16.456 30995 30995 W Glide   : There was 1 root cause:
11-18 15:46:16.456 30995 30995 W Glide   : com.bumptech.glide.load.HttpException(Failed to connect or obtain data, status code: -1)
11-18 15:46:16.456 30995 30995 W Glide   :  call GlideException#logRootCauses(String) for more detail
11-18 15:46:16.456 30995 30995 W Glide   :     Cause (1 of 1): class com.bumptech.glide.load.engine.GlideException: Fetch failed
11-18 15:46:16.456 30995 30995 W Glide   : There was 1 root cause:
11-18 15:46:16.456 30995 30995 W Glide   : com.bumptech.glide.load.HttpException(Failed to connect or obtain data, status code: -1)
11-18 15:46:16.456 30995 30995 W Glide   :  call GlideException#logRootCauses(String) for more detail
11-18 15:46:16.456 30995 30995 W Glide   :       Cause (1 of 1): class com.bumptech.glide.load.HttpException: Failed to connect or obtain data, status code: -1
11-18 15:46:16.458 30995 30995 I Glide   : Root cause (1 of 1)
11-18 15:46:16.458 30995 30995 I Glide   : com.bumptech.glide.load.HttpException: Failed to connect or obtain data, status code: -1
11-18 15:46:16.458 30995 30995 I Glide   : 	at com.bumptech.glide.load.data.HttpUrlFetcher.loadDataWithRedirects(HttpUrlFetcher.java:98)
11-18 15:46:16.458 30995 30995 I Glide   : 	at com.bumptech.glide.load.data.HttpUrlFetcher.loadData(HttpUrlFetcher.java:58)
11-18 15:46:16.458 30995 30995 I Glide   : 	at com.bumptech.glide.load.model.MultiModelLoader$MultiFetcher.loadData(MultiModelLoader.java:100)
11-18 15:46:16.458 30995 30995 I Glide   : 	at com.bumptech.glide.load.engine.SourceGenerator.startNextLoad(SourceGenerator.java:95)
11-18 15:46:16.458 30995 30995 I Glide   : 	at com.bumptech.glide.load.engine.SourceGenerator.startNext(SourceGenerator.java:88)
11-18 15:46:16.458 30995 30995 I Glide   : 	at com.bumptech.glide.load.engine.DecodeJob.runGenerators(DecodeJob.java:311)
11-18 15:46:16.458 30995 30995 I Glide   : 	at com.bumptech.glide.load.engine.DecodeJob.runWrapped(DecodeJob.java:280)
11-18 15:46:16.458 30995 30995 I Glide   : 	at com.bumptech.glide.load.engine.DecodeJob.run(DecodeJob.java:235)
11-18 15:46:16.458 30995 30995 I Glide   : 	at java.util.concurrent.ThreadPoolExecutor.runWorker(ThreadPoolExecutor.java:1167)
11-18 15:46:16.458 30995 30995 I Glide   : 	at java.util.concurrent.ThreadPoolExecutor$Worker.run(ThreadPoolExecutor.java:641)
11-18 15:46:16.458 30995 30995 I Glide   : 	at com.bumptech.glide.load.engine.executor.GlideExecutor$DefaultThreadFactory$1.run(GlideExecutor.java:421)
11-18 15:46:16.458 30995 30995 I Glide   : 	at java.lang.Thread.run(Thread.java:923)
11-18 15:46:16.458 30995 30995 I Glide   : 	at com.bumptech.glide.load.engine.executor.GlideExecutor$DefaultPriorityThreadFactory$1.run(GlideExecutor.java:380)
11-18 15:46:16.458 30995 30995 I Glide   : Caused by: java.net.SocketTimeoutException: timeout
11-18 15:46:16.458 30995 30995 I Glide   : 	at com.android.okhttp.okio.Okio$3.newTimeoutException(Okio.java:214)
11-18 15:46:16.458 30995 30995 I Glide   : 	at com.android.okhttp.okio.AsyncTimeout.exit(AsyncTimeout.java:263)
11-18 15:46:16.458 30995 30995 I Glide   : 	at com.android.okhttp.okio.AsyncTimeout$2.read(AsyncTimeout.java:217)
11-18 15:46:16.458 30995 30995 I Glide   : 	at com.android.okhttp.okio.RealBufferedSource.indexOf(RealBufferedSource.java:307)
11-18 15:46:16.458 30995 30995 I Glide   : 	at com.android.okhttp.okio.RealBufferedSource.indexOf(RealBufferedSource.java:301)
11-18 15:46:16.458 30995 30995 I Glide   : 	at com.android.okhttp.okio.RealBufferedSource.readUtf8LineStrict(RealBufferedSource.java:197)
11-18 15:46:16.458 30995 30995 I Glide   : 	at com.android.okhttp.internal.http.Http1xStream.readResponse(Http1xStream.java:188)
11-18 15:46:16.458 30995 30995 I Glide   : 	at com.android.okhttp.internal.http.Http1xStream.readResponseHeaders(Http1xStream.java:129)
11-18 15:46:16.458 30995 30995 I Glide   : 	at com.android.okhttp.internal.http.HttpEngine.readNetworkResponse(HttpEngine.java:750)
11-18 15:46:16.458 30995 30995 I Glide   : 	at com.android.okhttp.internal.http.HttpEngine.readResponse(HttpEngine.java:622)
11-18 15:46:16.458 30995 30995 I Glide   : 	at com.android.okhttp.internal.huc.HttpURLConnectionImpl.execute(HttpURLConnectionImpl.java:475)
11-18 15:46:16.458 30995 30995 I Glide   : 	at com.android.okhttp.internal.huc.HttpURLConnectionImpl.getResponse(HttpURLConnectionImpl.java:411)
11-18 15:46:16.458 30995 30995 I Glide   : 	at com.android.okhttp.internal.huc.HttpURLConnectionImpl.getInputStream(HttpURLConnectionImpl.java:248)
11-18 15:46:16.458 30995 30995 I Glide   : 	at com.bumptech.glide.load.data.HttpUrlFetcher.loadDataWithRedirects(HttpUrlFetcher.java:95)
11-18 15:46:16.458 30995 30995 I Glide   : 	... 12 more
11-18 15:46:16.458 30995 30995 I Glide   : Caused by: java.net.SocketException: Socket closed
11-18 15:46:16.458 30995 30995 I Glide   : 	at java.net.SocketInputStream.read(SocketInputStream.java:209)
11-18 15:46:16.458 30995 30995 I Glide   : 	at java.net.SocketInputStream.read(SocketInputStream.java:144)
11-18 15:46:16.458 30995 30995 I Glide   : 	at com.android.okhttp.okio.Okio$2.read(Okio.java:138)
11-18 15:46:16.458 30995 30995 I Glide   : 	at com.android.okhttp.okio.AsyncTimeout$2.read(AsyncTimeout.java:213)
11-18 15:46:16.458 30995 30995 I Glide   : 	... 23 more
11-18 15:46:19.309 30995 32654 W SendBird: [15:46:19.304 SocketManager:onError():1002] >> onError : Server is unreachable., reconnecting : false, explicitDisconnect : false
11-18 15:46:19.359 30995 32654 E PINGER  : [15:46:19.357 Connection$Pinger:stop():522] Pinger stop true
11-18 15:46:19.362 30995 32654 E Sendbird:PINGER: [15:46:19.360 Connection$Pinger:stop():523] Pinger stop true
11-18 15:46:19.374 30995 32659 W SendBird: [15:46:19.373 Connection$1:onFailure():250] onFailed instance : com.sendbird.android.Connection@71e9024
11-18 15:46:19.383 30995 32659 W Sendbird: [15:46:19.378 Connection$1:onFailure():251] onFailed instance : com.sendbird.android.Connection@71e9024
11-18 15:46:19.385 30995 32659 W SendBird: [15:46:19.383 Connection$1:onFailure():256] onFailed handler : com.sendbird.android.SocketManager@3495266
11-18 15:46:19.386 30995 32659 W Sendbird: [15:46:19.385 Connection$1:onFailure():257] onFailed handler : com.sendbird.android.SocketManager@3495266
11-18 15:46:19.388 30995 32659 W SendBird: [15:46:19.387 SocketManager:onError():1002] >> onError : Socket is closed, reconnecting : true, explicitDisconnect : true
11-18 15:46:19.652 30995 32661 W SendBird: [15:46:19.650 Connection$1:onMessage():235] onMessage instance : [LOGI] com.sendbird.android.Connection@6620e76
11-18 15:46:19.655 30995 32661 W Sendbird: [15:46:19.653 Connection$1:onMessage():236] onMessage instance : [LOGI] com.sendbird.android.Connection@6620e76
11-18 15:46:19.663 30995 31593 W SendBird: [15:46:19.662 EventController$1:call():141] ++ result[LOGI] runnable=null
11-18 15:46:19.726 30995 32661 W SendBird: [15:46:19.726 Connection$1:onMessage():235] onMessage instance : [PONG] com.sendbird.android.Connection@6620e76
11-18 15:46:19.727 30995 32661 W Sendbird: [15:46:19.727 Connection$1:onMessage():236] onMessage instance : [PONG] com.sendbird.android.Connection@6620e76
11-18 15:46:19.731 30995 31593 W SendBird: [15:46:19.731 EventController$1:call():141] ++ result[PONG] runnable=null
11-18 15:46:34.741 30995 32661 W SendBird: [15:46:34.739 Connection$1:onMessage():235] onMessage instance : [PONG] com.sendbird.android.Connection@6620e76
11-18 15:46:34.742 30995 32661 W Sendbird: [15:46:34.741 Connection$1:onMessage():236] onMessage instance : [PONG] com.sendbird.android.Connection@6620e76
11-18 15:46:34.747 30995 31593 W SendBird: [15:46:34.747 EventController$1:call():141] ++ result[PONG] runnable=null
