11-18 16:10:39.273 15382 15382 I Glide   : 	at com.bumptech.glide.load.engine.SourceGenerator.startNextLoad(SourceGenerator.java:95)
11-18 16:10:39.273 15382 15382 I Glide   : 	at com.bumptech.glide.load.engine.SourceGenerator.startNext(SourceGenerator.java:88)
11-18 16:10:39.273 15382 15382 I Glide   : 	at com.bumptech.glide.load.engine.DecodeJob.runGenerators(DecodeJob.java:311)
11-18 16:10:39.273 15382 15382 I Glide   : 	at com.bumptech.glide.load.engine.DecodeJob.runWrapped(DecodeJob.java:280)
11-18 16:10:39.273 15382 15382 I Glide   : 	at com.bumptech.glide.load.engine.DecodeJob.run(DecodeJob.java:235)
11-18 16:10:39.273 15382 15382 I Glide   : 	at java.util.concurrent.ThreadPoolExecutor.runWorker(ThreadPoolExecutor.java:1167)
11-18 16:10:39.273 15382 15382 I Glide   : 	at java.util.concurrent.ThreadPoolExecutor$Worker.run(ThreadPoolExecutor.java:641)
11-18 16:10:39.273 15382 15382 I Glide   : 	at com.bumptech.glide.load.engine.executor.GlideExecutor$DefaultThreadFactory$1.run(GlideExecutor.java:421)
11-18 16:10:39.273 15382 15382 I Glide   : 	at java.lang.Thread.run(Thread.java:923)
11-18 16:10:39.273 15382 15382 I Glide   : 	at com.bumptech.glide.load.engine.executor.GlideExecutor$DefaultPriorityThreadFactory$1.run(GlideExecutor.java:380)
11-18 16:10:39.273 15382 15382 I Glide   : Caused by: java.net.SocketTimeoutException: timeout
11-18 16:10:39.273 15382 15382 I Glide   : 	at com.android.okhttp.okio.Okio$3.newTimeoutException(Okio.java:214)
11-18 16:10:39.273 15382 15382 I Glide   : 	at com.android.okhttp.okio.AsyncTimeout.exit(AsyncTimeout.java:263)
11-18 16:10:39.273 15382 15382 I Glide   : 	at com.android.okhttp.okio.AsyncTimeout$2.read(AsyncTimeout.java:217)
11-18 16:10:39.273 15382 15382 I Glide   : 	at com.android.okhttp.okio.RealBufferedSource.indexOf(RealBufferedSource.java:307)
11-18 16:10:39.273 15382 15382 I Glide   : 	at com.android.okhttp.okio.RealBufferedSource.indexOf(RealBufferedSource.java:301)
11-18 16:10:39.273 15382 15382 I Glide   : 	at com.android.okhttp.okio.RealBufferedSource.readUtf8LineStrict(RealBufferedSource.java:197)
11-18 16:10:39.273 15382 15382 I Glide   : 	at com.android.okhttp.internal.http.Http1xStream.readResponse(Http1xStream.java:188)
11-18 16:10:39.273 15382 15382 I Glide   : 	at com.android.okhttp.internal.http.Http1xStream.readResponseHeaders(Http1xStream.java:129)
11-18 16:10:39.273 15382 15382 I Glide   : 	at com.android.okhttp.internal.http.HttpEngine.readNetworkResponse(HttpEngine.java:750)
11-18 16:10:39.273 15382 15382 I Glide   : 	at com.android.okhttp.internal.http.HttpEngine.readResponse(HttpEngine.java:622)
11-18 16:10:39.273 15382 15382 I Glide   : 	at com.android.okhttp.internal.huc.HttpURLConnectionImpl.execute(HttpURLConnectionImpl.java:475)
11-18 16:10:39.273 15382 15382 I Glide   : 	at com.android.okhttp.internal.huc.HttpURLConnectionImpl.getResponse(HttpURLConnectionImpl.java:411)
11-18 16:10:39.273 15382 15382 I Glide   : 	at com.android.okhttp.internal.huc.HttpURLConnectionImpl.getInputStream(HttpURLConnectionImpl.java:248)
11-18 16:10:39.273 15382 15382 I Glide   : 	at com.bumptech.glide.load.data.HttpUrlFetcher.loadDataWithRedirects(HttpUrlFetcher.java:95)
11-18 16:10:39.273 15382 15382 I Glide   : 	... 12 more
11-18 16:10:39.273 15382 15382 I Glide   : Caused by: java.net.SocketException: Socket closed
11-18 16:10:39.273 15382 15382 I Glide   : 	at java.net.SocketInputStream.read(SocketInputStream.java:209)
11-18 16:10:39.273 15382 15382 I Glide   : 	at java.net.SocketInputStream.read(SocketInputStream.java:144)
11-18 16:10:39.273 15382 15382 I Glide   : 	at com.android.okhttp.okio.Okio$2.read(Okio.java:138)
11-18 16:10:39.273 15382 15382 I Glide   : 	at com.android.okhttp.okio.AsyncTimeout$2.read(AsyncTimeout.java:213)
11-18 16:10:39.273 15382 15382 I Glide   : 	... 23 more
11-18 16:10:39.368 15382 15382 I Timeline: Timeline: Activity_launch_request time:192813455
11-18 16:10:39.425 15382 15382 D DecorView[]: getWindowModeFromSystem  windowmode is 1
11-18 16:10:39.425 15382 15382 D DecorView: createDecorCaptionView windowingMode:1 mWindowMode 1 isFullscreen: true
11-18 16:10:42.998 15382 15382 D MIUIInput: [KeyEvent] ViewRootImpl KeyEvent { action=ACTION_DOWN, keyCode=KEYCODE_BACK, scanCode=0, metaState=0, flags=0x8, repeatCount=0, eventTime=192817078, downTime=192817078, deviceId=-1, source=0x101, displayId=0 }
11-18 16:10:43.001 15382 15382 D MIUIInput: [KeyEvent] ViewRootImpl KeyEvent { action=ACTION_UP, keyCode=KEYCODE_BACK, scanCode=0, metaState=0, flags=0x8, repeatCount=0, eventTime=192817078, downTime=192817078, deviceId=-1, source=0x101, displayId=0 }
11-18 16:10:44.166 15382 15500 W SendBird: [16:10:44.164 Connection$1:onMessage():235] onMessage instance : [PONG] com.sendbird.android.Connection@2448d1a
11-18 16:10:44.171 15382 15500 W Sendbird: [16:10:44.167 Connection$1:onMessage():236] onMessage instance : [PONG] com.sendbird.android.Connection@2448d1a
11-18 16:10:44.183 15382 15515 W SendBird: [16:10:44.181 EventController$1:call():141] ++ result[PONG] runnable=null
11-18 16:10:45.957 15382 15382 W Glide   : Load failed for [http://dockerproxmox.duckdns.org:8125/img/57/raw] with dimensions [1080x550]
11-18 16:10:45.957 15382 15382 W Glide   : class com.bumptech.glide.load.engine.GlideException: Failed to load resource
11-18 16:10:45.957 15382 15382 W Glide   : There was 1 root cause:
11-18 16:10:45.957 15382 15382 W Glide   : com.bumptech.glide.load.HttpException(Failed to connect or obtain data, status code: -1)
11-18 16:10:45.957 15382 15382 W Glide   :  call GlideException#logRootCauses(String) for more detail
11-18 16:10:45.957 15382 15382 W Glide   :   Cause (1 of 1): class com.bumptech.glide.load.engine.GlideException: Fetching data failed, class java.io.InputStream, REMOTE
11-18 16:10:45.957 15382 15382 W Glide   : There was 1 root cause:
11-18 16:10:45.957 15382 15382 W Glide   : com.bumptech.glide.load.HttpException(Failed to connect or obtain data, status code: -1)
11-18 16:10:45.957 15382 15382 W Glide   :  call GlideException#logRootCauses(String) for more detail
11-18 16:10:45.957 15382 15382 W Glide   :     Cause (1 of 1): class com.bumptech.glide.load.engine.GlideException: Fetch failed
11-18 16:10:45.957 15382 15382 W Glide   : There was 1 root cause:
11-18 16:10:45.957 15382 15382 W Glide   : com.bumptech.glide.load.HttpException(Failed to connect or obtain data, status code: -1)
11-18 16:10:45.957 15382 15382 W Glide   :  call GlideException#logRootCauses(String) for more detail
11-18 16:10:45.957 15382 15382 W Glide   :       Cause (1 of 1): class com.bumptech.glide.load.HttpException: Failed to connect or obtain data, status code: -1
11-18 16:10:45.960 15382 15382 I Glide   : Root cause (1 of 1)
11-18 16:10:45.960 15382 15382 I Glide   : com.bumptech.glide.load.HttpException: Failed to connect or obtain data, status code: -1
11-18 16:10:45.960 15382 15382 I Glide   : 	at com.bumptech.glide.load.data.HttpUrlFetcher.loadDataWithRedirects(HttpUrlFetcher.java:98)
11-18 16:10:45.960 15382 15382 I Glide   : 	at com.bumptech.glide.load.data.HttpUrlFetcher.loadData(HttpUrlFetcher.java:58)
11-18 16:10:45.960 15382 15382 I Glide   : 	at com.bumptech.glide.load.model.MultiModelLoader$MultiFetcher.loadData(MultiModelLoader.java:100)
11-18 16:10:45.960 15382 15382 I Glide   : 	at com.bumptech.glide.load.engine.SourceGenerator.startNextLoad(SourceGenerator.java:95)
11-18 16:10:45.960 15382 15382 I Glide   : 	at com.bumptech.glide.load.engine.SourceGenerator.startNext(SourceGenerator.java:88)
11-18 16:10:45.960 15382 15382 I Glide   : 	at com.bumptech.glide.load.engine.DecodeJob.runGenerators(DecodeJob.java:311)
11-18 16:10:45.960 15382 15382 I Glide   : 	at com.bumptech.glide.load.engine.DecodeJob.runWrapped(DecodeJob.java:280)
11-18 16:10:45.960 15382 15382 I Glide   : 	at com.bumptech.glide.load.engine.DecodeJob.run(DecodeJob.java:235)
11-18 16:10:45.960 15382 15382 I Glide   : 	at java.util.concurrent.ThreadPoolExecutor.runWorker(ThreadPoolExecutor.java:1167)
11-18 16:10:45.960 15382 15382 I Glide   : 	at java.util.concurrent.ThreadPoolExecutor$Worker.run(ThreadPoolExecutor.java:641)
11-18 16:10:45.960 15382 15382 I Glide   : 	at com.bumptech.glide.load.engine.executor.GlideExecutor$DefaultThreadFactory$1.run(GlideExecutor.java:421)
11-18 16:10:45.960 15382 15382 I Glide   : 	at java.lang.Thread.run(Thread.java:923)
11-18 16:10:45.960 15382 15382 I Glide   : 	at com.bumptech.glide.load.engine.executor.GlideExecutor$DefaultPriorityThreadFactory$1.run(GlideExecutor.java:380)
11-18 16:10:45.960 15382 15382 I Glide   : Caused by: java.net.SocketTimeoutException: timeout
11-18 16:10:45.960 15382 15382 I Glide   : 	at com.android.okhttp.okio.Okio$3.newTimeoutException(Okio.java:214)
11-18 16:10:45.960 15382 15382 I Glide   : 	at com.android.okhttp.okio.AsyncTimeout.exit(AsyncTimeout.java:263)
11-18 16:10:45.960 15382 15382 I Glide   : 	at com.android.okhttp.okio.AsyncTimeout$2.read(AsyncTimeout.java:217)
11-18 16:10:45.960 15382 15382 I Glide   : 	at com.android.okhttp.okio.RealBufferedSource.indexOf(RealBufferedSource.java:307)
11-18 16:10:45.960 15382 15382 I Glide   : 	at com.android.okhttp.okio.RealBufferedSource.indexOf(RealBufferedSource.java:301)
11-18 16:10:45.960 15382 15382 I Glide   : 	at com.android.okhttp.okio.RealBufferedSource.readUtf8LineStrict(RealBufferedSource.java:197)
11-18 16:10:45.960 15382 15382 I Glide   : 	at com.android.okhttp.internal.http.Http1xStream.readResponse(Http1xStream.java:188)
11-18 16:10:45.960 15382 15382 I Glide   : 	at com.android.okhttp.internal.http.Http1xStream.readResponseHeaders(Http1xStream.java:129)
11-18 16:10:45.960 15382 15382 I Glide   : 	at com.android.okhttp.internal.http.HttpEngine.readNetworkResponse(HttpEngine.java:750)
11-18 16:10:45.960 15382 15382 I Glide   : 	at com.android.okhttp.internal.http.HttpEngine.readResponse(HttpEngine.java:622)
11-18 16:10:45.960 15382 15382 I Glide   : 	at com.android.okhttp.internal.huc.HttpURLConnectionImpl.execute(HttpURLConnectionImpl.java:475)
11-18 16:10:45.960 15382 15382 I Glide   : 	at com.android.okhttp.internal.huc.HttpURLConnectionImpl.getResponse(HttpURLConnectionImpl.java:411)
11-18 16:10:45.960 15382 15382 I Glide   : 	at com.android.okhttp.internal.huc.HttpURLConnectionImpl.getInputStream(HttpURLConnectionImpl.java:248)
11-18 16:10:45.960 15382 15382 I Glide   : 	at com.bumptech.glide.load.data.HttpUrlFetcher.loadDataWithRedirects(HttpUrlFetcher.java:95)
11-18 16:10:45.960 15382 15382 I Glide   : 	... 12 more
11-18 16:10:45.960 15382 15382 I Glide   : Caused by: java.net.SocketException: Socket closed
11-18 16:10:45.960 15382 15382 I Glide   : 	at java.net.SocketInputStream.read(SocketInputStream.java:209)
11-18 16:10:45.960 15382 15382 I Glide   : 	at java.net.SocketInputStream.read(SocketInputStream.java:144)
11-18 16:10:45.960 15382 15382 I Glide   : 	at com.android.okhttp.okio.Okio$2.read(Okio.java:138)
11-18 16:10:45.960 15382 15382 I Glide   : 	at com.android.okhttp.okio.AsyncTimeout$2.read(AsyncTimeout.java:213)
11-18 16:10:45.960 15382 15382 I Glide   : 	... 23 more
11-18 16:10:59.168 15382 15500 W SendBird: [16:10:59.166 Connection$1:onMessage():235] onMessage instance : [PONG] com.sendbird.android.Connection@2448d1a
11-18 16:10:59.171 15382 15500 W Sendbird: [16:10:59.168 Connection$1:onMessage():236] onMessage instance : [PONG] com.sendbird.android.Connection@2448d1a
11-18 16:10:59.183 15382 15515 W SendBird: [16:10:59.181 EventController$1:call():141] ++ result[PONG] runnable=null
11-18 16:11:14.177 15382 15500 W SendBird: [16:11:14.176 Connection$1:onMessage():235] onMessage instance : [PONG] com.sendbird.android.Connection@2448d1a
11-18 16:11:14.180 15382 15500 W Sendbird: [16:11:14.178 Connection$1:onMessage():236] onMessage instance : [PONG] com.sendbird.android.Connection@2448d1a
11-18 16:11:14.192 15382 15515 W SendBird: [16:11:14.190 EventController$1:call():141] ++ result[PONG] runnable=null
11-18 16:11:29.160 15382 15500 W SendBird: [16:11:29.159 Connection$1:onMessage():235] onMessage instance : [PONG] com.sendbird.android.Connection@2448d1a
11-18 16:11:29.163 15382 15500 W Sendbird: [16:11:29.161 Connection$1:onMessage():236] onMessage instance : [PONG] com.sendbird.android.Connection@2448d1a
11-18 16:11:29.173 15382 15515 W SendBird: [16:11:29.172 EventController$1:call():141] ++ result[PONG] runnable=null
11-18 16:11:39.188 15382 15382 I Timeline: Timeline: Activity_launch_request time:192873275
11-18 16:11:39.798 15382 15489 E PINGER  : [16:11:39.795 Connection$Pinger:stop():522] Pinger stop true
11-18 16:11:39.803 15382 15489 E Sendbird:PINGER: [16:11:39.800 Connection$Pinger:stop():523] Pinger stop true
11-18 16:11:39.817 15382 15520 W SendBird: [16:11:39.816 Connection$1:onFailure():250] onFailed instance : com.sendbird.android.Connection@2448d1a
11-18 16:11:39.822 15382 15520 W Sendbird: [16:11:39.819 Connection$1:onFailure():251] onFailed instance : com.sendbird.android.Connection@2448d1a
11-18 16:11:39.828 15382 15520 W SendBird: [16:11:39.825 Connection$1:onFailure():256] onFailed handler : com.sendbird.android.SocketManager@bbdaed1
11-18 16:11:39.831 15382 15520 W Sendbird: [16:11:39.829 Connection$1:onFailure():257] onFailed handler : com.sendbird.android.SocketManager@bbdaed1
11-18 16:11:39.834 15382 15520 W SendBird: [16:11:39.832 SocketManager:onError():1002] >> onError : Socket is closed, reconnecting : false, explicitDisconnect : true
11-18 16:11:41.006 15382 15976 W SendBird: [16:11:41.005 Connection$1:onMessage():235] onMessage instance : [LOGI] com.sendbird.android.Connection@2b15c53
11-18 16:11:41.007 15382 15976 W Sendbird: [16:11:41.006 Connection$1:onMessage():236] onMessage instance : [LOGI] com.sendbird.android.Connection@2b15c53
11-18 16:11:41.017 15382 15515 W SendBird: [16:11:41.017 EventController$1:call():141] ++ result[LOGI] runnable=null
11-18 16:11:41.082 15382 15976 W SendBird: [16:11:41.080 Connection$1:onMessage():235] onMessage instance : [PONG] com.sendbird.android.Connection@2b15c53
11-18 16:11:41.083 15382 15976 W Sendbird: [16:11:41.082 Connection$1:onMessage():236] onMessage instance : [PONG] com.sendbird.android.Connection@2b15c53
11-18 16:11:41.088 15382 15515 W SendBird: [16:11:41.087 EventController$1:call():141] ++ result[PONG] runnable=null
11-18 16:11:43.483 15382 15382 W Glide   : Load failed for [http://dockerproxmox.duckdns.org:8125/img/57/raw] with dimensions [1080x550]
11-18 16:11:43.483 15382 15382 W Glide   : class com.bumptech.glide.load.engine.GlideException: Failed to load resource
11-18 16:11:43.483 15382 15382 W Glide   : There was 1 root cause:
11-18 16:11:43.483 15382 15382 W Glide   : com.bumptech.glide.load.HttpException(Failed to connect or obtain data, status code: -1)
11-18 16:11:43.483 15382 15382 W Glide   :  call GlideException#logRootCauses(String) for more detail
11-18 16:11:43.483 15382 15382 W Glide   :   Cause (1 of 1): class com.bumptech.glide.load.engine.GlideException: Fetching data failed, class java.io.InputStream, REMOTE
11-18 16:11:43.483 15382 15382 W Glide   : There was 1 root cause:
11-18 16:11:43.483 15382 15382 W Glide   : com.bumptech.glide.load.HttpException(Failed to connect or obtain data, status code: -1)
11-18 16:11:43.483 15382 15382 W Glide   :  call GlideException#logRootCauses(String) for more detail
11-18 16:11:43.483 15382 15382 W Glide   :     Cause (1 of 1): class com.bumptech.glide.load.engine.GlideException: Fetch failed
11-18 16:11:43.483 15382 15382 W Glide   : There was 1 root cause:
11-18 16:11:43.483 15382 15382 W Glide   : com.bumptech.glide.load.HttpException(Failed to connect or obtain data, status code: -1)
11-18 16:11:43.483 15382 15382 W Glide   :  call GlideException#logRootCauses(String) for more detail
11-18 16:11:43.483 15382 15382 W Glide   :       Cause (1 of 1): class com.bumptech.glide.load.HttpException: Failed to connect or obtain data, status code: -1
11-18 16:11:43.485 15382 15382 I Glide   : Root cause (1 of 1)
11-18 16:11:43.485 15382 15382 I Glide   : com.bumptech.glide.load.HttpException: Failed to connect or obtain data, status code: -1
11-18 16:11:43.485 15382 15382 I Glide   : 	at com.bumptech.glide.load.data.HttpUrlFetcher.loadDataWithRedirects(HttpUrlFetcher.java:98)
11-18 16:11:43.485 15382 15382 I Glide   : 	at com.bumptech.glide.load.data.HttpUrlFetcher.loadData(HttpUrlFetcher.java:58)
11-18 16:11:43.485 15382 15382 I Glide   : 	at com.bumptech.glide.load.model.MultiModelLoader$MultiFetcher.loadData(MultiModelLoader.java:100)
11-18 16:11:43.485 15382 15382 I Glide   : 	at com.bumptech.glide.load.engine.SourceGenerator.startNextLoad(SourceGenerator.java:95)
11-18 16:11:43.485 15382 15382 I Glide   : 	at com.bumptech.glide.load.engine.SourceGenerator.startNext(SourceGenerator.java:88)
11-18 16:11:43.485 15382 15382 I Glide   : 	at com.bumptech.glide.load.engine.DecodeJob.runGenerators(DecodeJob.java:311)
11-18 16:11:43.485 15382 15382 I Glide   : 	at com.bumptech.glide.load.engine.DecodeJob.runWrapped(DecodeJob.java:280)
11-18 16:11:43.485 15382 15382 I Glide   : 	at com.bumptech.glide.load.engine.DecodeJob.run(DecodeJob.java:235)
11-18 16:11:43.485 15382 15382 I Glide   : 	at java.util.concurrent.ThreadPoolExecutor.runWorker(ThreadPoolExecutor.java:1167)
11-18 16:11:43.485 15382 15382 I Glide   : 	at java.util.concurrent.ThreadPoolExecutor$Worker.run(ThreadPoolExecutor.java:641)
11-18 16:11:43.485 15382 15382 I Glide   : 	at com.bumptech.glide.load.engine.executor.GlideExecutor$DefaultThreadFactory$1.run(GlideExecutor.java:421)
11-18 16:11:43.485 15382 15382 I Glide   : 	at java.lang.Thread.run(Thread.java:923)
11-18 16:11:43.485 15382 15382 I Glide   : 	at com.bumptech.glide.load.engine.executor.GlideExecutor$DefaultPriorityThreadFactory$1.run(GlideExecutor.java:380)
11-18 16:11:43.485 15382 15382 I Glide   : Caused by: java.net.SocketTimeoutException: timeout
11-18 16:11:43.485 15382 15382 I Glide   : 	at com.android.okhttp.okio.Okio$3.newTimeoutException(Okio.java:214)
11-18 16:11:43.485 15382 15382 I Glide   : 	at com.android.okhttp.okio.AsyncTimeout.exit(AsyncTimeout.java:263)
11-18 16:11:43.485 15382 15382 I Glide   : 	at com.android.okhttp.okio.AsyncTimeout$2.read(AsyncTimeout.java:217)
11-18 16:11:43.485 15382 15382 I Glide   : 	at com.android.okhttp.okio.RealBufferedSource.indexOf(RealBufferedSource.java:307)
11-18 16:11:43.485 15382 15382 I Glide   : 	at com.android.okhttp.okio.RealBufferedSource.indexOf(RealBufferedSource.java:301)
11-18 16:11:43.485 15382 15382 I Glide   : 	at com.android.okhttp.okio.RealBufferedSource.readUtf8LineStrict(RealBufferedSource.java:197)
11-18 16:11:43.485 15382 15382 I Glide   : 	at com.android.okhttp.internal.http.Http1xStream.readResponse(Http1xStream.java:188)
11-18 16:11:43.485 15382 15382 I Glide   : 	at com.android.okhttp.internal.http.Http1xStream.readResponseHeaders(Http1xStream.java:129)
11-18 16:11:43.485 15382 15382 I Glide   : 	at com.android.okhttp.internal.http.HttpEngine.readNetworkResponse(HttpEngine.java:750)
11-18 16:11:43.485 15382 15382 I Glide   : 	at com.android.okhttp.internal.http.HttpEngine.readResponse(HttpEngine.java:622)
11-18 16:11:43.485 15382 15382 I Glide   : 	at com.android.okhttp.internal.huc.HttpURLConnectionImpl.execute(HttpURLConnectionImpl.java:475)
11-18 16:11:43.485 15382 15382 I Glide   : 	at com.android.okhttp.internal.huc.HttpURLConnectionImpl.getResponse(HttpURLConnectionImpl.java:411)
11-18 16:11:43.485 15382 15382 I Glide   : 	at com.android.okhttp.internal.huc.HttpURLConnectionImpl.getInputStream(HttpURLConnectionImpl.java:248)
11-18 16:11:43.485 15382 15382 I Glide   : 	at com.bumptech.glide.load.data.HttpUrlFetcher.loadDataWithRedirects(HttpUrlFetcher.java:95)
11-18 16:11:43.485 15382 15382 I Glide   : 	... 12 more
11-18 16:11:43.485 15382 15382 I Glide   : Caused by: java.net.SocketException: Socket closed
11-18 16:11:43.485 15382 15382 I Glide   : 	at java.net.SocketInputStream.read(SocketInputStream.java:209)
11-18 16:11:43.485 15382 15382 I Glide   : 	at java.net.SocketInputStream.read(SocketInputStream.java:144)
11-18 16:11:43.485 15382 15382 I Glide   : 	at com.android.okhttp.okio.Okio$2.read(Okio.java:138)
11-18 16:11:43.485 15382 15382 I Glide   : 	at com.android.okhttp.okio.AsyncTimeout$2.read(AsyncTimeout.java:213)
11-18 16:11:43.485 15382 15382 I Glide   : 	... 23 more
11-18 16:11:56.103 15382 15976 W SendBird: [16:11:56.101 Connection$1:onMessage():235] onMessage instance : [PONG] com.sendbird.android.Connection@2b15c53
11-18 16:11:56.104 15382 15976 W Sendbird: [16:11:56.103 Connection$1:onMessage():236] onMessage instance : [PONG] com.sendbird.android.Connection@2b15c53
11-18 16:11:56.113 15382 15515 W SendBird: [16:11:56.112 EventController$1:call():141] ++ result[PONG] runnable=null
11-18 16:12:11.093 15382 15976 W SendBird: [16:12:11.092 Connection$1:onMessage():235] onMessage instance : [PONG] com.sendbird.android.Connection@2b15c53
11-18 16:12:11.095 15382 15976 W Sendbird: [16:12:11.094 Connection$1:onMessage():236] onMessage instance : [PONG] com.sendbird.android.Connection@2b15c53
11-18 16:12:11.104 15382 15515 W SendBird: [16:12:11.103 EventController$1:call():141] ++ result[PONG] runnable=null
11-18 16:12:26.106 15382 15976 W SendBird: [16:12:26.105 Connection$1:onMessage():235] onMessage instance : [PONG] com.sendbird.android.Connection@2b15c53
11-18 16:12:26.108 15382 15976 W Sendbird: [16:12:26.106 Connection$1:onMessage():236] onMessage instance : [PONG] com.sendbird.android.Connection@2b15c53
11-18 16:12:26.114 15382 15515 W SendBird: [16:12:26.113 EventController$1:call():141] ++ result[PONG] runnable=null
11-18 16:12:41.126 15382 15976 W SendBird: [16:12:41.125 Connection$1:onMessage():235] onMessage instance : [PONG] com.sendbird.android.Connection@2b15c53
11-18 16:12:41.128 15382 15976 W Sendbird: [16:12:41.127 Connection$1:onMessage():236] onMessage instance : [PONG] com.sendbird.android.Connection@2b15c53
11-18 16:12:41.137 15382 15515 W SendBird: [16:12:41.136 EventController$1:call():141] ++ result[PONG] runnable=null
11-18 16:12:56.109 15382 15976 W SendBird: [16:12:56.108 Connection$1:onMessage():235] onMessage instance : [PONG] com.sendbird.android.Connection@2b15c53
11-18 16:12:56.110 15382 15976 W Sendbird: [16:12:56.109 Connection$1:onMessage():236] onMessage instance : [PONG] com.sendbird.android.Connection@2b15c53
11-18 16:12:56.119 15382 15515 W SendBird: [16:12:56.115 EventController$1:call():141] ++ result[PONG] runnable=null
11-18 16:12:57.450 15382 15382 I Timeline: Timeline: Activity_launch_request time:192951537
11-18 16:12:58.062 15382 15489 E PINGER  : [16:12:58.059 Connection$Pinger:stop():522] Pinger stop true
11-18 16:12:58.067 15382 15489 E Sendbird:PINGER: [16:12:58.064 Connection$Pinger:stop():523] Pinger stop true
11-18 16:12:58.085 15382 15993 W SendBird: [16:12:58.083 Connection$1:onFailure():250] onFailed instance : com.sendbird.android.Connection@2b15c53
11-18 16:12:58.088 15382 15993 W Sendbird: [16:12:58.086 Connection$1:onFailure():251] onFailed instance : com.sendbird.android.Connection@2b15c53
11-18 16:12:58.090 15382 15993 W SendBird: [16:12:58.089 Connection$1:onFailure():256] onFailed handler : com.sendbird.android.SocketManager@bbdaed1
11-18 16:12:58.092 15382 15993 W Sendbird: [16:12:58.090 Connection$1:onFailure():257] onFailed handler : com.sendbird.android.SocketManager@bbdaed1
11-18 16:12:58.094 15382 15993 W SendBird: [16:12:58.092 SocketManager:onError():1002] >> onError : Socket is closed, reconnecting : false, explicitDisconnect : true
11-18 16:12:58.096 15382 15976 W SendBird: [16:12:58.094 Connection$1:onMessage():235] onMessage instance : [PONG] com.sendbird.android.Connection@2b15c53
11-18 16:12:58.098 15382 15976 W Sendbird: [16:12:58.096 Connection$1:onMessage():236] onMessage instance : [PONG] com.sendbird.android.Connection@2b15c53
11-18 16:13:02.669 15382 16079 W SendBird: [16:13:02.668 Connection$1:onMessage():235] onMessage instance : [LOGI] com.sendbird.android.Connection@a982939
11-18 16:13:02.675 15382 16079 W Sendbird: [16:13:02.672 Connection$1:onMessage():236] onMessage instance : [LOGI] com.sendbird.android.Connection@a982939
11-18 16:13:02.681 15382 15515 W SendBird: [16:13:02.681 EventController$1:call():141] ++ result[LOGI] runnable=null
11-18 16:13:02.722 15382 15446 W RenderInspector: DequeueBuffer time out on com.rmc.natour21/com.rmc.natour21.MainActivity, count=1, avg=20 ms, max=20 ms.
11-18 16:13:02.728 15382 16079 W SendBird: [16:13:02.728 Connection$1:onMessage():235] onMessage instance : [PONG] com.sendbird.android.Connection@a982939
11-18 16:13:02.729 15382 16079 W Sendbird: [16:13:02.729 Connection$1:onMessage():236] onMessage instance : [PONG] com.sendbird.android.Connection@a982939
11-18 16:13:02.737 15382 15515 W SendBird: [16:13:02.736 EventController$1:call():141] ++ result[PONG] runnable=null
11-18 16:13:04.072 15382 15382 I Timeline: Timeline: Activity_launch_request time:192958159
11-18 16:13:04.704 15382 15489 E PINGER  : [16:13:04.702 Connection$Pinger:stop():522] Pinger stop true
11-18 16:13:04.708 15382 15489 E Sendbird:PINGER: [16:13:04.705 Connection$Pinger:stop():523] Pinger stop true
11-18 16:13:04.721 15382 16079 W SendBird: [16:13:04.720 Connection$1:onMessage():235] onMessage instance : [PONG] com.sendbird.android.Connection@a982939
11-18 16:13:04.724 15382 16079 W Sendbird: [16:13:04.722 Connection$1:onMessage():236] onMessage instance : [PONG] com.sendbird.android.Connection@a982939
11-18 16:13:04.727 15382 16106 W SendBird: [16:13:04.725 Connection$1:onFailure():250] onFailed instance : com.sendbird.android.Connection@a982939
11-18 16:13:04.730 15382 16106 W Sendbird: [16:13:04.729 Connection$1:onFailure():251] onFailed instance : com.sendbird.android.Connection@a982939
11-18 16:13:04.732 15382 16106 W SendBird: [16:13:04.731 Connection$1:onFailure():256] onFailed handler : com.sendbird.android.SocketManager@bbdaed1
11-18 16:13:04.734 15382 15515 W SendBird: [16:13:04.733 EventController$1:call():141] ++ result[PONG] runnable=null
11-18 16:13:04.734 15382 16106 W Sendbird: [16:13:04.733 Connection$1:onFailure():257] onFailed handler : com.sendbird.android.SocketManager@bbdaed1
11-18 16:13:04.736 15382 16106 W SendBird: [16:13:04.735 SocketManager:onError():1002] >> onError : Socket is closed, reconnecting : false, explicitDisconnect : true
11-18 16:13:05.312 15382 15382 W Glide   : Load failed for [http://dockerproxmox.duckdns.org:8125/img/57/raw] with dimensions [1080x550]
11-18 16:13:05.312 15382 15382 W Glide   : class com.bumptech.glide.load.engine.GlideException: Failed to load resource
11-18 16:13:05.312 15382 15382 W Glide   : There was 1 root cause:
11-18 16:13:05.312 15382 15382 W Glide   : com.bumptech.glide.load.HttpException(Failed to connect or obtain data, status code: -1)
11-18 16:13:05.312 15382 15382 W Glide   :  call GlideException#logRootCauses(String) for more detail
11-18 16:13:05.312 15382 15382 W Glide   :   Cause (1 of 1): class com.bumptech.glide.load.engine.GlideException: Fetching data failed, class java.io.InputStream, REMOTE
11-18 16:13:05.312 15382 15382 W Glide   : There was 1 root cause:
11-18 16:13:05.312 15382 15382 W Glide   : com.bumptech.glide.load.HttpException(Failed to connect or obtain data, status code: -1)
11-18 16:13:05.312 15382 15382 W Glide   :  call GlideException#logRootCauses(String) for more detail
11-18 16:13:05.312 15382 15382 W Glide   :     Cause (1 of 1): class com.bumptech.glide.load.engine.GlideException: Fetch failed
11-18 16:13:05.312 15382 15382 W Glide   : There was 1 root cause:
11-18 16:13:05.312 15382 15382 W Glide   : com.bumptech.glide.load.HttpException(Failed to connect or obtain data, status code: -1)
11-18 16:13:05.312 15382 15382 W Glide   :  call GlideException#logRootCauses(String) for more detail
11-18 16:13:05.312 15382 15382 W Glide   :       Cause (1 of 1): class com.bumptech.glide.load.HttpException: Failed to connect or obtain data, status code: -1
11-18 16:13:05.315 15382 15382 I Glide   : Root cause (1 of 1)
11-18 16:13:05.315 15382 15382 I Glide   : com.bumptech.glide.load.HttpException: Failed to connect or obtain data, status code: -1
11-18 16:13:05.315 15382 15382 I Glide   : 	at com.bumptech.glide.load.data.HttpUrlFetcher.loadDataWithRedirects(HttpUrlFetcher.java:98)
11-18 16:13:05.315 15382 15382 I Glide   : 	at com.bumptech.glide.load.data.HttpUrlFetcher.loadData(HttpUrlFetcher.java:58)
11-18 16:13:05.315 15382 15382 I Glide   : 	at com.bumptech.glide.load.model.MultiModelLoader$MultiFetcher.loadData(MultiModelLoader.java:100)
11-18 16:13:05.315 15382 15382 I Glide   : 	at com.bumptech.glide.load.engine.SourceGenerator.startNextLoad(SourceGenerator.java:95)
11-18 16:13:05.315 15382 15382 I Glide   : 	at com.bumptech.glide.load.engine.SourceGenerator.startNext(SourceGenerator.java:88)
11-18 16:13:05.315 15382 15382 I Glide   : 	at com.bumptech.glide.load.engine.DecodeJob.runGenerators(DecodeJob.java:311)
11-18 16:13:05.315 15382 15382 I Glide   : 	at com.bumptech.glide.load.engine.DecodeJob.runWrapped(DecodeJob.java:280)
11-18 16:13:05.315 15382 15382 I Glide   : 	at com.bumptech.glide.load.engine.DecodeJob.run(DecodeJob.java:235)
11-18 16:13:05.315 15382 15382 I Glide   : 	at java.util.concurrent.ThreadPoolExecutor.runWorker(ThreadPoolExecutor.java:1167)
11-18 16:13:05.315 15382 15382 I Glide   : 	at java.util.concurrent.ThreadPoolExecutor$Worker.run(ThreadPoolExecutor.java:641)
11-18 16:13:05.315 15382 15382 I Glide   : 	at com.bumptech.glide.load.engine.executor.GlideExecutor$DefaultThreadFactory$1.run(GlideExecutor.java:421)
11-18 16:13:05.315 15382 15382 I Glide   : 	at java.lang.Thread.run(Thread.java:923)
11-18 16:13:05.315 15382 15382 I Glide   : 	at com.bumptech.glide.load.engine.executor.GlideExecutor$DefaultPriorityThreadFactory$1.run(GlideExecutor.java:380)
11-18 16:13:05.315 15382 15382 I Glide   : Caused by: java.net.SocketTimeoutException: timeout
11-18 16:13:05.315 15382 15382 I Glide   : 	at com.android.okhttp.okio.Okio$3.newTimeoutException(Okio.java:214)
11-18 16:13:05.315 15382 15382 I Glide   : 	at com.android.okhttp.okio.AsyncTimeout.exit(AsyncTimeout.java:263)
11-18 16:13:05.315 15382 15382 I Glide   : 	at com.android.okhttp.okio.AsyncTimeout$2.read(AsyncTimeout.java:217)
11-18 16:13:05.315 15382 15382 I Glide   : 	at com.android.okhttp.okio.RealBufferedSource.indexOf(RealBufferedSource.java:307)
11-18 16:13:05.315 15382 15382 I Glide   : 	at com.android.okhttp.okio.RealBufferedSource.indexOf(RealBufferedSource.java:301)
11-18 16:13:05.315 15382 15382 I Glide   : 	at com.android.okhttp.okio.RealBufferedSource.readUtf8LineStrict(RealBufferedSource.java:197)
11-18 16:13:05.315 15382 15382 I Glide   : 	at com.android.okhttp.internal.http.Http1xStream.readResponse(Http1xStream.java:188)
11-18 16:13:05.315 15382 15382 I Glide   : 	at com.android.okhttp.internal.http.Http1xStream.readResponseHeaders(Http1xStream.java:129)
11-18 16:13:05.315 15382 15382 I Glide   : 	at com.android.okhttp.internal.http.HttpEngine.readNetworkResponse(HttpEngine.java:750)
11-18 16:13:05.315 15382 15382 I Glide   : 	at com.android.okhttp.internal.http.HttpEngine.readResponse(HttpEngine.java:622)
11-18 16:13:05.315 15382 15382 I Glide   : 	at com.android.okhttp.internal.huc.HttpURLConnectionImpl.execute(HttpURLConnectionImpl.java:475)
11-18 16:13:05.315 15382 15382 I Glide   : 	at com.android.okhttp.internal.huc.HttpURLConnectionImpl.getResponse(HttpURLConnectionImpl.java:411)
11-18 16:13:05.315 15382 15382 I Glide   : 	at com.android.okhttp.internal.huc.HttpURLConnectionImpl.getInputStream(HttpURLConnectionImpl.java:248)
11-18 16:13:05.315 15382 15382 I Glide   : 	at com.bumptech.glide.load.data.HttpUrlFetcher.loadDataWithRedirects(HttpUrlFetcher.java:95)
11-18 16:13:05.315 15382 15382 I Glide   : 	... 12 more
11-18 16:13:05.315 15382 15382 I Glide   : Caused by: java.net.SocketException: Socket closed
11-18 16:13:05.315 15382 15382 I Glide   : 	at java.net.SocketInputStream.read(SocketInputStream.java:209)
11-18 16:13:05.315 15382 15382 I Glide   : 	at java.net.SocketInputStream.read(SocketInputStream.java:144)
11-18 16:13:05.315 15382 15382 I Glide   : 	at com.android.okhttp.okio.Okio$2.read(Okio.java:138)
11-18 16:13:05.315 15382 15382 I Glide   : 	at com.android.okhttp.okio.AsyncTimeout$2.read(AsyncTimeout.java:213)
11-18 16:13:05.315 15382 15382 I Glide   : 	... 23 more
11-18 16:13:05.614 15382 16120 W SendBird: [16:13:05.614 Connection$1:onMessage():235] onMessage instance : [LOGI] com.sendbird.android.Connection@8635c2d
11-18 16:13:05.615 15382 16120 W Sendbird: [16:13:05.615 Connection$1:onMessage():236] onMessage instance : [LOGI] com.sendbird.android.Connection@8635c2d
11-18 16:13:05.618 15382 15515 W SendBird: [16:13:05.618 EventController$1:call():141] ++ result[LOGI] runnable=null
11-18 16:13:05.670 15382 16120 W SendBird: [16:13:05.670 Connection$1:onMessage():235] onMessage instance : [PONG] com.sendbird.android.Connection@8635c2d
11-18 16:13:05.671 15382 16120 W Sendbird: [16:13:05.670 Connection$1:onMessage():236] onMessage instance : [PONG] com.sendbird.android.Connection@8635c2d
11-18 16:13:05.676 15382 15515 W SendBird: [16:13:05.675 EventController$1:call():141] ++ result[PONG] runnable=null
11-18 16:13:06.268 15382 15382 I Timeline: Timeline: Activity_launch_request time:192960355
11-18 16:13:06.313 15382 15382 D DecorView[]: getWindowModeFromSystem  windowmode is 1
11-18 16:13:06.313 15382 15382 D DecorView: createDecorCaptionView windowingMode:1 mWindowMode 1 isFullscreen: true
11-18 16:13:08.088 15382 15382 D MIUIInput: [KeyEvent] ViewRootImpl KeyEvent { action=ACTION_DOWN, keyCode=KEYCODE_BACK, scanCode=0, metaState=0, flags=0x8, repeatCount=0, eventTime=192962172, downTime=192962172, deviceId=-1, source=0x101, displayId=0 }
11-18 16:13:08.091 15382 15382 D MIUIInput: [KeyEvent] ViewRootImpl KeyEvent { action=ACTION_UP, keyCode=KEYCODE_BACK, scanCode=0, metaState=0, flags=0x8, repeatCount=0, eventTime=192962172, downTime=192962172, deviceId=-1, source=0x101, displayId=0 }
11-18 16:13:11.270 15382 15382 W Glide   : Load failed for [http://dockerproxmox.duckdns.org:8125/img/57/raw] with dimensions [1080x550]
11-18 16:13:11.270 15382 15382 W Glide   : class com.bumptech.glide.load.engine.GlideException: Failed to load resource
11-18 16:13:11.270 15382 15382 W Glide   : There was 1 root cause:
11-18 16:13:11.270 15382 15382 W Glide   : com.bumptech.glide.load.HttpException(Failed to connect or obtain data, status code: -1)
11-18 16:13:11.270 15382 15382 W Glide   :  call GlideException#logRootCauses(String) for more detail
11-18 16:13:11.270 15382 15382 W Glide   :   Cause (1 of 1): class com.bumptech.glide.load.engine.GlideException: Fetching data failed, class java.io.InputStream, REMOTE
11-18 16:13:11.270 15382 15382 W Glide   : There was 1 root cause:
11-18 16:13:11.270 15382 15382 W Glide   : com.bumptech.glide.load.HttpException(Failed to connect or obtain data, status code: -1)
11-18 16:13:11.270 15382 15382 W Glide   :  call GlideException#logRootCauses(String) for more detail
11-18 16:13:11.270 15382 15382 W Glide   :     Cause (1 of 1): class com.bumptech.glide.load.engine.GlideException: Fetch failed
11-18 16:13:11.270 15382 15382 W Glide   : There was 1 root cause:
11-18 16:13:11.270 15382 15382 W Glide   : com.bumptech.glide.load.HttpException(Failed to connect or obtain data, status code: -1)
11-18 16:13:11.270 15382 15382 W Glide   :  call GlideException#logRootCauses(String) for more detail
11-18 16:13:11.270 15382 15382 W Glide   :       Cause (1 of 1): class com.bumptech.glide.load.HttpException: Failed to connect or obtain data, status code: -1
11-18 16:13:11.272 15382 15382 I Glide   : Root cause (1 of 1)
11-18 16:13:11.272 15382 15382 I Glide   : com.bumptech.glide.load.HttpException: Failed to connect or obtain data, status code: -1
11-18 16:13:11.272 15382 15382 I Glide   : 	at com.bumptech.glide.load.data.HttpUrlFetcher.loadDataWithRedirects(HttpUrlFetcher.java:98)
11-18 16:13:11.272 15382 15382 I Glide   : 	at com.bumptech.glide.load.data.HttpUrlFetcher.loadData(HttpUrlFetcher.java:58)
11-18 16:13:11.272 15382 15382 I Glide   : 	at com.bumptech.glide.load.model.MultiModelLoader$MultiFetcher.loadData(MultiModelLoader.java:100)
11-18 16:13:11.272 15382 15382 I Glide   : 	at com.bumptech.glide.load.engine.SourceGenerator.startNextLoad(SourceGenerator.java:95)
11-18 16:13:11.272 15382 15382 I Glide   : 	at com.bumptech.glide.load.engine.SourceGenerator.startNext(SourceGenerator.java:88)
11-18 16:13:11.272 15382 15382 I Glide   : 	at com.bumptech.glide.load.engine.DecodeJob.runGenerators(DecodeJob.java:311)
11-18 16:13:11.272 15382 15382 I Glide   : 	at com.bumptech.glide.load.engine.DecodeJob.runWrapped(DecodeJob.java:280)
11-18 16:13:11.272 15382 15382 I Glide   : 	at com.bumptech.glide.load.engine.DecodeJob.run(DecodeJob.java:235)
11-18 16:13:11.272 15382 15382 I Glide   : 	at java.util.concurrent.ThreadPoolExecutor.runWorker(ThreadPoolExecutor.java:1167)
11-18 16:13:11.272 15382 15382 I Glide   : 	at java.util.concurrent.ThreadPoolExecutor$Worker.run(ThreadPoolExecutor.java:641)
11-18 16:13:11.272 15382 15382 I Glide   : 	at com.bumptech.glide.load.engine.executor.GlideExecutor$DefaultThreadFactory$1.run(GlideExecutor.java:421)
11-18 16:13:11.272 15382 15382 I Glide   : 	at java.lang.Thread.run(Thread.java:923)
11-18 16:13:11.272 15382 15382 I Glide   : 	at com.bumptech.glide.load.engine.executor.GlideExecutor$DefaultPriorityThreadFactory$1.run(GlideExecutor.java:380)
11-18 16:13:11.272 15382 15382 I Glide   : Caused by: java.net.SocketTimeoutException: timeout
11-18 16:13:11.272 15382 15382 I Glide   : 	at com.android.okhttp.okio.Okio$3.newTimeoutException(Okio.java:214)
11-18 16:13:11.272 15382 15382 I Glide   : 	at com.android.okhttp.okio.AsyncTimeout.exit(AsyncTimeout.java:263)
11-18 16:13:11.272 15382 15382 I Glide   : 	at com.android.okhttp.okio.AsyncTimeout$2.read(AsyncTimeout.java:217)
11-18 16:13:11.272 15382 15382 I Glide   : 	at com.android.okhttp.okio.RealBufferedSource.indexOf(RealBufferedSource.java:307)
11-18 16:13:11.272 15382 15382 I Glide   : 	at com.android.okhttp.okio.RealBufferedSource.indexOf(RealBufferedSource.java:301)
11-18 16:13:11.272 15382 15382 I Glide   : 	at com.android.okhttp.okio.RealBufferedSource.readUtf8LineStrict(RealBufferedSource.java:197)
11-18 16:13:11.272 15382 15382 I Glide   : 	at com.android.okhttp.internal.http.Http1xStream.readResponse(Http1xStream.java:188)
11-18 16:13:11.272 15382 15382 I Glide   : 	at com.android.okhttp.internal.http.Http1xStream.readResponseHeaders(Http1xStream.java:129)
11-18 16:13:11.272 15382 15382 I Glide   : 	at com.android.okhttp.internal.http.HttpEngine.readNetworkResponse(HttpEngine.java:750)
11-18 16:13:11.272 15382 15382 I Glide   : 	at com.android.okhttp.internal.http.HttpEngine.readResponse(HttpEngine.java:622)
11-18 16:13:11.272 15382 15382 I Glide   : 	at com.android.okhttp.internal.huc.HttpURLConnectionImpl.execute(HttpURLConnectionImpl.java:475)
11-18 16:13:11.272 15382 15382 I Glide   : 	at com.android.okhttp.internal.huc.HttpURLConnectionImpl.getResponse(HttpURLConnectionImpl.java:411)
11-18 16:13:11.272 15382 15382 I Glide   : 	at com.android.okhttp.internal.huc.HttpURLConnectionImpl.getInputStream(HttpURLConnectionImpl.java:248)
11-18 16:13:11.272 15382 15382 I Glide   : 	at com.bumptech.glide.load.data.HttpUrlFetcher.loadDataWithRedirects(HttpUrlFetcher.java:95)
11-18 16:13:11.272 15382 15382 I Glide   : 	... 12 more
11-18 16:13:11.272 15382 15382 I Glide   : Caused by: java.net.SocketException: Socket closed
11-18 16:13:11.272 15382 15382 I Glide   : 	at java.net.SocketInputStream.read(SocketInputStream.java:209)
11-18 16:13:11.272 15382 15382 I Glide   : 	at java.net.SocketInputStream.read(SocketInputStream.java:144)
11-18 16:13:11.272 15382 15382 I Glide   : 	at com.android.okhttp.okio.Okio$2.read(Okio.java:138)
11-18 16:13:11.272 15382 15382 I Glide   : 	at com.android.okhttp.okio.AsyncTimeout$2.read(AsyncTimeout.java:213)
11-18 16:13:11.272 15382 15382 I Glide   : 	... 23 more
11-18 16:13:20.706 15382 16120 W SendBird: [16:13:20.705 Connection$1:onMessage():235] onMessage instance : [PONG] com.sendbird.android.Connection@8635c2d
11-18 16:13:20.708 15382 16120 W Sendbird: [16:13:20.707 Connection$1:onMessage():236] onMessage instance : [PONG] com.sendbird.android.Connection@8635c2d
11-18 16:13:20.715 15382 15515 W SendBird: [16:13:20.714 EventController$1:call():141] ++ result[PONG] runnable=null
11-18 16:13:21.635 15382 15382 I Timeline: Timeline: Activity_launch_request time:192975722
11-18 16:13:21.691 15382 15382 D DecorView[]: getWindowModeFromSystem  windowmode is 1
11-18 16:13:21.691 15382 15382 D DecorView: createDecorCaptionView windowingMode:1 mWindowMode 1 isFullscreen: true
11-18 16:13:26.646 15382 15382 W Glide   : Load failed for [http://dockerproxmox.duckdns.org:8125/img/57/raw] with dimensions [1080x550]
11-18 16:13:26.646 15382 15382 W Glide   : class com.bumptech.glide.load.engine.GlideException: Failed to load resource
11-18 16:13:26.646 15382 15382 W Glide   : There was 1 root cause:
11-18 16:13:26.646 15382 15382 W Glide   : com.bumptech.glide.load.HttpException(Failed to connect or obtain data, status code: -1)
11-18 16:13:26.646 15382 15382 W Glide   :  call GlideException#logRootCauses(String) for more detail
11-18 16:13:26.646 15382 15382 W Glide   :   Cause (1 of 1): class com.bumptech.glide.load.engine.GlideException: Fetching data failed, class java.io.InputStream, REMOTE
11-18 16:13:26.646 15382 15382 W Glide   : There was 1 root cause:
11-18 16:13:26.646 15382 15382 W Glide   : com.bumptech.glide.load.HttpException(Failed to connect or obtain data, status code: -1)
11-18 16:13:26.646 15382 15382 W Glide   :  call GlideException#logRootCauses(String) for more detail
11-18 16:13:26.646 15382 15382 W Glide   :     Cause (1 of 1): class com.bumptech.glide.load.engine.GlideException: Fetch failed
11-18 16:13:26.646 15382 15382 W Glide   : There was 1 root cause:
11-18 16:13:26.646 15382 15382 W Glide   : com.bumptech.glide.load.HttpException(Failed to connect or obtain data, status code: -1)
11-18 16:13:26.646 15382 15382 W Glide   :  call GlideException#logRootCauses(String) for more detail
11-18 16:13:26.646 15382 15382 W Glide   :       Cause (1 of 1): class com.bumptech.glide.load.HttpException: Failed to connect or obtain data, status code: -1
11-18 16:13:26.650 15382 15382 I Glide   : Root cause (1 of 1)
11-18 16:13:26.650 15382 15382 I Glide   : com.bumptech.glide.load.HttpException: Failed to connect or obtain data, status code: -1
11-18 16:13:26.650 15382 15382 I Glide   : 	at com.bumptech.glide.load.data.HttpUrlFetcher.loadDataWithRedirects(HttpUrlFetcher.java:98)
11-18 16:13:26.650 15382 15382 I Glide   : 	at com.bumptech.glide.load.data.HttpUrlFetcher.loadData(HttpUrlFetcher.java:58)
11-18 16:13:26.650 15382 15382 I Glide   : 	at com.bumptech.glide.load.model.MultiModelLoader$MultiFetcher.loadData(MultiModelLoader.java:100)
11-18 16:13:26.650 15382 15382 I Glide   : 	at com.bumptech.glide.load.engine.SourceGenerator.startNextLoad(SourceGenerator.java:95)
11-18 16:13:26.650 15382 15382 I Glide   : 	at com.bumptech.glide.load.engine.SourceGenerator.startNext(SourceGenerator.java:88)
11-18 16:13:26.650 15382 15382 I Glide   : 	at com.bumptech.glide.load.engine.DecodeJob.runGenerators(DecodeJob.java:311)
11-18 16:13:26.650 15382 15382 I Glide   : 	at com.bumptech.glide.load.engine.DecodeJob.runWrapped(DecodeJob.java:280)
11-18 16:13:26.650 15382 15382 I Glide   : 	at com.bumptech.glide.load.engine.DecodeJob.run(DecodeJob.java:235)
11-18 16:13:26.650 15382 15382 I Glide   : 	at java.util.concurrent.ThreadPoolExecutor.runWorker(ThreadPoolExecutor.java:1167)
11-18 16:13:26.650 15382 15382 I Glide   : 	at java.util.concurrent.ThreadPoolExecutor$Worker.run(ThreadPoolExecutor.java:641)
11-18 16:13:26.650 15382 15382 I Glide   : 	at com.bumptech.glide.load.engine.executor.GlideExecutor$DefaultThreadFactory$1.run(GlideExecutor.java:421)
11-18 16:13:26.650 15382 15382 I Glide   : 	at java.lang.Thread.run(Thread.java:923)
11-18 16:13:26.650 15382 15382 I Glide   : 	at com.bumptech.glide.load.engine.executor.GlideExecutor$DefaultPriorityThreadFactory$1.run(GlideExecutor.java:380)
11-18 16:13:26.650 15382 15382 I Glide   : Caused by: java.net.SocketTimeoutException: timeout
11-18 16:13:26.650 15382 15382 I Glide   : 	at com.android.okhttp.okio.Okio$3.newTimeoutException(Okio.java:214)
11-18 16:13:26.650 15382 15382 I Glide   : 	at com.android.okhttp.okio.AsyncTimeout.exit(AsyncTimeout.java:263)
11-18 16:13:26.650 15382 15382 I Glide   : 	at com.android.okhttp.okio.AsyncTimeout$2.read(AsyncTimeout.java:217)
11-18 16:13:26.650 15382 15382 I Glide   : 	at com.android.okhttp.okio.RealBufferedSource.indexOf(RealBufferedSource.java:307)
11-18 16:13:26.650 15382 15382 I Glide   : 	at com.android.okhttp.okio.RealBufferedSource.indexOf(RealBufferedSource.java:301)
11-18 16:13:26.650 15382 15382 I Glide   : 	at com.android.okhttp.okio.RealBufferedSource.readUtf8LineStrict(RealBufferedSource.java:197)
11-18 16:13:26.650 15382 15382 I Glide   : 	at com.android.okhttp.internal.http.Http1xStream.readResponse(Http1xStream.java:188)
11-18 16:13:26.650 15382 15382 I Glide   : 	at com.android.okhttp.internal.http.Http1xStream.readResponseHeaders(Http1xStream.java:129)
11-18 16:13:26.650 15382 15382 I Glide   : 	at com.android.okhttp.internal.http.HttpEngine.readNetworkResponse(HttpEngine.java:750)
11-18 16:13:26.650 15382 15382 I Glide   : 	at com.android.okhttp.internal.http.HttpEngine.readResponse(HttpEngine.java:622)
11-18 16:13:26.650 15382 15382 I Glide   : 	at com.android.okhttp.internal.huc.HttpURLConnectionImpl.execute(HttpURLConnectionImpl.java:475)
11-18 16:13:26.650 15382 15382 I Glide   : 	at com.android.okhttp.internal.huc.HttpURLConnectionImpl.getResponse(HttpURLConnectionImpl.java:411)
11-18 16:13:26.650 15382 15382 I Glide   : 	at com.android.okhttp.internal.huc.HttpURLConnectionImpl.getInputStream(HttpURLConnectionImpl.java:248)
11-18 16:13:26.650 15382 15382 I Glide   : 	at com.bumptech.glide.load.data.HttpUrlFetcher.loadDataWithRedirects(HttpUrlFetcher.java:95)
11-18 16:13:26.650 15382 15382 I Glide   : 	... 12 more
11-18 16:13:26.650 15382 15382 I Glide   : Caused by: java.net.SocketException: Socket closed
11-18 16:13:26.650 15382 15382 I Glide   : 	at java.net.SocketInputStream.read(SocketInputStream.java:209)
11-18 16:13:26.650 15382 15382 I Glide   : 	at java.net.SocketInputStream.read(SocketInputStream.java:144)
11-18 16:13:26.650 15382 15382 I Glide   : 	at com.android.okhttp.okio.Okio$2.read(Okio.java:138)
11-18 16:13:26.650 15382 15382 I Glide   : 	at com.android.okhttp.okio.AsyncTimeout$2.read(AsyncTimeout.java:213)
11-18 16:13:26.650 15382 15382 I Glide   : 	... 23 more
11-18 16:13:35.709 15382 16120 W SendBird: [16:13:35.707 Connection$1:onMessage():235] onMessage instance : [PONG] com.sendbird.android.Connection@8635c2d
11-18 16:13:35.710 15382 16120 W Sendbird: [16:13:35.709 Connection$1:onMessage():236] onMessage instance : [PONG] com.sendbird.android.Connection@8635c2d
11-18 16:13:35.718 15382 15515 W SendBird: [16:13:35.716 EventController$1:call():141] ++ result[PONG] runnable=null
11-18 16:13:47.214 15382 15458 W System.err: io.ktor.client.network.sockets.SocketTimeoutException: Socket timeout has expired [url=http://dockerproxmox.duckdns.org:8125/path/Cor A Cor/imgs/all, socket_timeout=unknown] ms
11-18 16:13:47.215 15382 15458 W System.err: 	at io.ktor.client.plugins.HttpTimeoutKt.SocketTimeoutException(HttpTimeout.kt:209)
11-18 16:13:47.215 15382 15458 W System.err: 	at io.ktor.client.engine.okhttp.OkUtilsKt.mapOkHttpException(OkUtils.kt:79)
11-18 16:13:47.215 15382 15458 W System.err: 	at io.ktor.client.engine.okhttp.OkUtilsKt.access$mapOkHttpException(OkUtils.kt:1)
11-18 16:13:47.215 15382 15458 W System.err: 	at io.ktor.client.engine.okhttp.OkHttpCallback.onFailure(OkUtils.kt:39)
11-18 16:13:47.215 15382 15458 W System.err: 	at okhttp3.internal.connection.RealCall$AsyncCall.run(RealCall.kt:510)
11-18 16:13:47.215 15382 15458 W System.err: 	at java.util.concurrent.ThreadPoolExecutor.runWorker(ThreadPoolExecutor.java:1167)
11-18 16:13:47.215 15382 15458 W System.err: 	at java.util.concurrent.ThreadPoolExecutor$Worker.run(ThreadPoolExecutor.java:641)
11-18 16:13:47.215 15382 15458 W System.err: 	at java.lang.Thread.run(Thread.java:923)
11-18 16:13:47.215 15382 15458 W System.err: Caused by: java.net.SocketTimeoutException: timeout
11-18 16:13:47.216 15382 15458 W System.err: 	at okio.SocketAsyncTimeout.newTimeoutException(JvmOkio.kt:143)
11-18 16:13:47.216 15382 15458 W System.err: 	at okio.AsyncTimeout.access$newTimeoutException(AsyncTimeout.kt:162)
11-18 16:13:47.216 15382 15458 W System.err: 	at okio.AsyncTimeout$source$1.read(AsyncTimeout.kt:340)
11-18 16:13:47.216 15382 15458 W System.err: 	at okio.RealBufferedSource.indexOf(RealBufferedSource.kt:449)
11-18 16:13:47.216 15382 15458 W System.err: 	at okio.RealBufferedSource.readUtf8LineStrict(RealBufferedSource.kt:333)
11-18 16:13:47.216 15382 15458 W System.err: 	at okhttp3.internal.http1.HeadersReader.readLine(HeadersReader.kt:29)
11-18 16:13:47.216 15382 15458 W System.err: 	at okhttp3.internal.http1.Http1ExchangeCodec.readResponseHeaders(Http1ExchangeCodec.kt:178)
11-18 16:13:47.216 15382 15458 W System.err: 	at okhttp3.internal.connection.Exchange.readResponseHeaders(Exchange.kt:106)
11-18 16:13:47.216 15382 15458 W System.err: 	at okhttp3.internal.http.CallServerInterceptor.intercept(CallServerInterceptor.kt:79)
11-18 16:13:47.216 15382 15458 W System.err: 	at okhttp3.internal.http.RealInterceptorChain.proceed(RealInterceptorChain.kt:100)
11-18 16:13:47.216 15382 15458 W System.err: 	at okhttp3.internal.connection.ConnectInterceptor.intercept(ConnectInterceptor.kt:34)
11-18 16:13:47.216 15382 15458 W System.err: 	at okhttp3.internal.http.RealInterceptorChain.proceed(RealInterceptorChain.kt:100)
