11-18 16:01:16.179 11679 11679 I Glide   : 	at com.bumptech.glide.load.engine.SourceGenerator.startNext(SourceGenerator.java:88)
11-18 16:01:16.179 11679 11679 I Glide   : 	at com.bumptech.glide.load.engine.DecodeJob.runGenerators(DecodeJob.java:311)
11-18 16:01:16.179 11679 11679 I Glide   : 	at com.bumptech.glide.load.engine.DecodeJob.runWrapped(DecodeJob.java:280)
11-18 16:01:16.179 11679 11679 I Glide   : 	at com.bumptech.glide.load.engine.DecodeJob.run(DecodeJob.java:235)
11-18 16:01:16.179 11679 11679 I Glide   : 	at java.util.concurrent.ThreadPoolExecutor.runWorker(ThreadPoolExecutor.java:1167)
11-18 16:01:16.179 11679 11679 I Glide   : 	at java.util.concurrent.ThreadPoolExecutor$Worker.run(ThreadPoolExecutor.java:641)
11-18 16:01:16.179 11679 11679 I Glide   : 	at com.bumptech.glide.load.engine.executor.GlideExecutor$DefaultThreadFactory$1.run(GlideExecutor.java:421)
11-18 16:01:16.179 11679 11679 I Glide   : 	at java.lang.Thread.run(Thread.java:923)
11-18 16:01:16.179 11679 11679 I Glide   : 	at com.bumptech.glide.load.engine.executor.GlideExecutor$DefaultPriorityThreadFactory$1.run(GlideExecutor.java:380)
11-18 16:01:16.179 11679 11679 I Glide   : Caused by: java.io.FileNotFoundException: http://dockerproxmox.duckdns.org:8125/img/65/raw
11-18 16:01:16.179 11679 11679 I Glide   : 	at com.android.okhttp.internal.huc.HttpURLConnectionImpl.getInputStream(HttpURLConnectionImpl.java:255)
11-18 16:01:16.179 11679 11679 I Glide   : 	at com.bumptech.glide.load.data.HttpUrlFetcher.loadDataWithRedirects(HttpUrlFetcher.java:95)
11-18 16:01:16.179 11679 11679 I Glide   : 	... 12 more
11-18 16:01:18.677 11679 11679 D SBUIKIT : [16:01:18.672 UserListAdapter$UserPreviewHolder:lambda$new$0$com-sendbird-uikit-activities-adapter-UserListAdapter$UserPreviewHolder():197] ++ isSelected : false, userName : Emanuele
11-18 16:01:22.832 11679 11915 W SendBird: [16:01:22.831 Connection$1:onMessage():235] onMessage instance : [PONG] com.sendbird.android.Connection@2448d1a
11-18 16:01:22.836 11679 11915 W Sendbird: [16:01:22.833 Connection$1:onMessage():236] onMessage instance : [PONG] com.sendbird.android.Connection@2448d1a
11-18 16:01:22.849 11679 11931 W SendBird: [16:01:22.847 EventController$1:call():141] ++ result[PONG] runnable=null
11-18 16:01:23.238 11679 11679 W Glide   : Load failed for [http://dockerproxmox.duckdns.org:8125/img/82/raw] with dimensions [193x193]
11-18 16:01:23.238 11679 11679 W Glide   : class com.bumptech.glide.load.engine.GlideException: Failed to load resource
11-18 16:01:23.238 11679 11679 W Glide   : There was 1 root cause:
11-18 16:01:23.238 11679 11679 W Glide   : com.bumptech.glide.load.HttpException(Failed to connect or obtain data, status code: -1)
11-18 16:01:23.238 11679 11679 W Glide   :  call GlideException#logRootCauses(String) for more detail
11-18 16:01:23.238 11679 11679 W Glide   :   Cause (1 of 1): class com.bumptech.glide.load.engine.GlideException: Fetching data failed, class java.io.InputStream, REMOTE
11-18 16:01:23.238 11679 11679 W Glide   : There was 1 root cause:
11-18 16:01:23.238 11679 11679 W Glide   : com.bumptech.glide.load.HttpException(Failed to connect or obtain data, status code: -1)
11-18 16:01:23.238 11679 11679 W Glide   :  call GlideException#logRootCauses(String) for more detail
11-18 16:01:23.238 11679 11679 W Glide   :     Cause (1 of 1): class com.bumptech.glide.load.engine.GlideException: Fetch failed
11-18 16:01:23.238 11679 11679 W Glide   : There was 1 root cause:
11-18 16:01:23.238 11679 11679 W Glide   : com.bumptech.glide.load.HttpException(Failed to connect or obtain data, status code: -1)
11-18 16:01:23.238 11679 11679 W Glide   :  call GlideException#logRootCauses(String) for more detail
11-18 16:01:23.238 11679 11679 W Glide   :       Cause (1 of 1): class com.bumptech.glide.load.HttpException: Failed to connect or obtain data, status code: -1
11-18 16:01:23.242 11679 11679 I Glide   : Root cause (1 of 1)
11-18 16:01:23.242 11679 11679 I Glide   : com.bumptech.glide.load.HttpException: Failed to connect or obtain data, status code: -1
11-18 16:01:23.242 11679 11679 I Glide   : 	at com.bumptech.glide.load.data.HttpUrlFetcher.loadDataWithRedirects(HttpUrlFetcher.java:98)
11-18 16:01:23.242 11679 11679 I Glide   : 	at com.bumptech.glide.load.data.HttpUrlFetcher.loadData(HttpUrlFetcher.java:58)
11-18 16:01:23.242 11679 11679 I Glide   : 	at com.bumptech.glide.load.model.MultiModelLoader$MultiFetcher.loadData(MultiModelLoader.java:100)
11-18 16:01:23.242 11679 11679 I Glide   : 	at com.bumptech.glide.load.engine.SourceGenerator.startNextLoad(SourceGenerator.java:95)
11-18 16:01:23.242 11679 11679 I Glide   : 	at com.bumptech.glide.load.engine.SourceGenerator.startNext(SourceGenerator.java:88)
11-18 16:01:23.242 11679 11679 I Glide   : 	at com.bumptech.glide.load.engine.DecodeJob.runGenerators(DecodeJob.java:311)
11-18 16:01:23.242 11679 11679 I Glide   : 	at com.bumptech.glide.load.engine.DecodeJob.runWrapped(DecodeJob.java:280)
11-18 16:01:23.242 11679 11679 I Glide   : 	at com.bumptech.glide.load.engine.DecodeJob.run(DecodeJob.java:235)
11-18 16:01:23.242 11679 11679 I Glide   : 	at java.util.concurrent.ThreadPoolExecutor.runWorker(ThreadPoolExecutor.java:1167)
11-18 16:01:23.242 11679 11679 I Glide   : 	at java.util.concurrent.ThreadPoolExecutor$Worker.run(ThreadPoolExecutor.java:641)
11-18 16:01:23.242 11679 11679 I Glide   : 	at com.bumptech.glide.load.engine.executor.GlideExecutor$DefaultThreadFactory$1.run(GlideExecutor.java:421)
11-18 16:01:23.242 11679 11679 I Glide   : 	at java.lang.Thread.run(Thread.java:923)
11-18 16:01:23.242 11679 11679 I Glide   : 	at com.bumptech.glide.load.engine.executor.GlideExecutor$DefaultPriorityThreadFactory$1.run(GlideExecutor.java:380)
11-18 16:01:23.242 11679 11679 I Glide   : Caused by: java.net.SocketTimeoutException: timeout
11-18 16:01:23.242 11679 11679 I Glide   : 	at com.android.okhttp.okio.Okio$3.newTimeoutException(Okio.java:214)
11-18 16:01:23.242 11679 11679 I Glide   : 	at com.android.okhttp.okio.AsyncTimeout.exit(AsyncTimeout.java:263)
11-18 16:01:23.242 11679 11679 I Glide   : 	at com.android.okhttp.okio.AsyncTimeout$2.read(AsyncTimeout.java:217)
11-18 16:01:23.242 11679 11679 I Glide   : 	at com.android.okhttp.okio.RealBufferedSource.indexOf(RealBufferedSource.java:307)
11-18 16:01:23.242 11679 11679 I Glide   : 	at com.android.okhttp.okio.RealBufferedSource.indexOf(RealBufferedSource.java:301)
11-18 16:01:23.242 11679 11679 I Glide   : 	at com.android.okhttp.okio.RealBufferedSource.readUtf8LineStrict(RealBufferedSource.java:197)
11-18 16:01:23.242 11679 11679 I Glide   : 	at com.android.okhttp.internal.http.Http1xStream.readResponse(Http1xStream.java:188)
11-18 16:01:23.242 11679 11679 I Glide   : 	at com.android.okhttp.internal.http.Http1xStream.readResponseHeaders(Http1xStream.java:129)
11-18 16:01:23.242 11679 11679 I Glide   : 	at com.android.okhttp.internal.http.HttpEngine.readNetworkResponse(HttpEngine.java:750)
11-18 16:01:23.242 11679 11679 I Glide   : 	at com.android.okhttp.internal.http.HttpEngine.readResponse(HttpEngine.java:622)
11-18 16:01:23.242 11679 11679 I Glide   : 	at com.android.okhttp.internal.huc.HttpURLConnectionImpl.execute(HttpURLConnectionImpl.java:475)
11-18 16:01:23.242 11679 11679 I Glide   : 	at com.android.okhttp.internal.huc.HttpURLConnectionImpl.getResponse(HttpURLConnectionImpl.java:411)
11-18 16:01:23.242 11679 11679 I Glide   : 	at com.android.okhttp.internal.huc.HttpURLConnectionImpl.getInputStream(HttpURLConnectionImpl.java:248)
11-18 16:01:23.242 11679 11679 I Glide   : 	at com.bumptech.glide.load.data.HttpUrlFetcher.loadDataWithRedirects(HttpUrlFetcher.java:95)
11-18 16:01:23.242 11679 11679 I Glide   : 	... 12 more
11-18 16:01:23.242 11679 11679 I Glide   : Caused by: java.net.SocketException: Socket closed
11-18 16:01:23.242 11679 11679 I Glide   : 	at java.net.SocketInputStream.read(SocketInputStream.java:209)
11-18 16:01:23.242 11679 11679 I Glide   : 	at java.net.SocketInputStream.read(SocketInputStream.java:144)
11-18 16:01:23.242 11679 11679 I Glide   : 	at com.android.okhttp.okio.Okio$2.read(Okio.java:138)
11-18 16:01:23.242 11679 11679 I Glide   : 	at com.android.okhttp.okio.AsyncTimeout$2.read(AsyncTimeout.java:213)
11-18 16:01:23.242 11679 11679 I Glide   : 	... 23 more
11-18 16:01:23.255 11679 11679 W Glide   : Load failed for [http://dockerproxmox.duckdns.org:8125/img/64/raw] with dimensions [1024x523]
11-18 16:01:23.255 11679 11679 W Glide   : class com.bumptech.glide.load.engine.GlideException: Failed to load resource
11-18 16:01:23.255 11679 11679 W Glide   : There was 1 root cause:
11-18 16:01:23.255 11679 11679 W Glide   : com.bumptech.glide.load.HttpException(Failed to connect or obtain data, status code: -1)
11-18 16:01:23.255 11679 11679 W Glide   :  call GlideException#logRootCauses(String) for more detail
11-18 16:01:23.255 11679 11679 W Glide   :   Cause (1 of 1): class com.bumptech.glide.load.engine.GlideException: Fetching data failed, class java.io.InputStream, REMOTE
11-18 16:01:23.255 11679 11679 W Glide   : There was 1 root cause:
11-18 16:01:23.255 11679 11679 W Glide   : com.bumptech.glide.load.HttpException(Failed to connect or obtain data, status code: -1)
11-18 16:01:23.255 11679 11679 W Glide   :  call GlideException#logRootCauses(String) for more detail
11-18 16:01:23.255 11679 11679 W Glide   :     Cause (1 of 1): class com.bumptech.glide.load.engine.GlideException: Fetch failed
11-18 16:01:23.255 11679 11679 W Glide   : There was 1 root cause:
11-18 16:01:23.255 11679 11679 W Glide   : com.bumptech.glide.load.HttpException(Failed to connect or obtain data, status code: -1)
11-18 16:01:23.255 11679 11679 W Glide   :  call GlideException#logRootCauses(String) for more detail
11-18 16:01:23.255 11679 11679 W Glide   :       Cause (1 of 1): class com.bumptech.glide.load.HttpException: Failed to connect or obtain data, status code: -1
11-18 16:01:23.257 11679 11679 I Glide   : Root cause (1 of 1)
11-18 16:01:23.257 11679 11679 I Glide   : com.bumptech.glide.load.HttpException: Failed to connect or obtain data, status code: -1
11-18 16:01:23.257 11679 11679 I Glide   : 	at com.bumptech.glide.load.data.HttpUrlFetcher.loadDataWithRedirects(HttpUrlFetcher.java:98)
11-18 16:01:23.257 11679 11679 I Glide   : 	at com.bumptech.glide.load.data.HttpUrlFetcher.loadData(HttpUrlFetcher.java:58)
11-18 16:01:23.257 11679 11679 I Glide   : 	at com.bumptech.glide.load.model.MultiModelLoader$MultiFetcher.loadData(MultiModelLoader.java:100)
11-18 16:01:23.257 11679 11679 I Glide   : 	at com.bumptech.glide.load.engine.SourceGenerator.startNextLoad(SourceGenerator.java:95)
11-18 16:01:23.257 11679 11679 I Glide   : 	at com.bumptech.glide.load.engine.SourceGenerator.startNext(SourceGenerator.java:88)
11-18 16:01:23.257 11679 11679 I Glide   : 	at com.bumptech.glide.load.engine.DecodeJob.runGenerators(DecodeJob.java:311)
11-18 16:01:23.257 11679 11679 I Glide   : 	at com.bumptech.glide.load.engine.DecodeJob.runWrapped(DecodeJob.java:280)
11-18 16:01:23.257 11679 11679 I Glide   : 	at com.bumptech.glide.load.engine.DecodeJob.run(DecodeJob.java:235)
11-18 16:01:23.257 11679 11679 I Glide   : 	at java.util.concurrent.ThreadPoolExecutor.runWorker(ThreadPoolExecutor.java:1167)
11-18 16:01:23.257 11679 11679 I Glide   : 	at java.util.concurrent.ThreadPoolExecutor$Worker.run(ThreadPoolExecutor.java:641)
11-18 16:01:23.257 11679 11679 I Glide   : 	at com.bumptech.glide.load.engine.executor.GlideExecutor$DefaultThreadFactory$1.run(GlideExecutor.java:421)
11-18 16:01:23.257 11679 11679 I Glide   : 	at java.lang.Thread.run(Thread.java:923)
11-18 16:01:23.257 11679 11679 I Glide   : 	at com.bumptech.glide.load.engine.executor.GlideExecutor$DefaultPriorityThreadFactory$1.run(GlideExecutor.java:380)
11-18 16:01:23.257 11679 11679 I Glide   : Caused by: java.net.SocketTimeoutException: Read timed out
11-18 16:01:23.257 11679 11679 I Glide   : 	at java.net.SocketInputStream.socketRead0(Native Method)
11-18 16:01:23.257 11679 11679 I Glide   : 	at java.net.SocketInputStream.socketRead(SocketInputStream.java:119)
11-18 16:01:23.257 11679 11679 I Glide   : 	at java.net.SocketInputStream.read(SocketInputStream.java:176)
11-18 16:01:23.257 11679 11679 I Glide   : 	at java.net.SocketInputStream.read(SocketInputStream.java:144)
11-18 16:01:23.257 11679 11679 I Glide   : 	at com.android.okhttp.okio.Okio$2.read(Okio.java:138)
11-18 16:01:23.257 11679 11679 I Glide   : 	at com.android.okhttp.okio.AsyncTimeout$2.read(AsyncTimeout.java:213)
11-18 16:01:23.257 11679 11679 I Glide   : 	at com.android.okhttp.okio.RealBufferedSource.indexOf(RealBufferedSource.java:307)
11-18 16:01:23.257 11679 11679 I Glide   : 	at com.android.okhttp.okio.RealBufferedSource.indexOf(RealBufferedSource.java:301)
11-18 16:01:23.257 11679 11679 I Glide   : 	at com.android.okhttp.okio.RealBufferedSource.readUtf8LineStrict(RealBufferedSource.java:197)
11-18 16:01:23.257 11679 11679 I Glide   : 	at com.android.okhttp.internal.http.Http1xStream.readResponse(Http1xStream.java:188)
11-18 16:01:23.257 11679 11679 I Glide   : 	at com.android.okhttp.internal.http.Http1xStream.readResponseHeaders(Http1xStream.java:129)
11-18 16:01:23.257 11679 11679 I Glide   : 	at com.android.okhttp.internal.http.HttpEngine.readNetworkResponse(HttpEngine.java:750)
11-18 16:01:23.257 11679 11679 I Glide   : 	at com.android.okhttp.internal.http.HttpEngine.readResponse(HttpEngine.java:622)
11-18 16:01:23.257 11679 11679 I Glide   : 	at com.android.okhttp.internal.huc.HttpURLConnectionImpl.execute(HttpURLConnectionImpl.java:475)
11-18 16:01:23.257 11679 11679 I Glide   : 	at com.android.okhttp.internal.huc.HttpURLConnectionImpl.getResponse(HttpURLConnectionImpl.java:411)
11-18 16:01:23.257 11679 11679 I Glide   : 	at com.android.okhttp.internal.huc.HttpURLConnectionImpl.getInputStream(HttpURLConnectionImpl.java:248)
11-18 16:01:23.257 11679 11679 I Glide   : 	at com.bumptech.glide.load.data.HttpUrlFetcher.loadDataWithRedirects(HttpUrlFetcher.java:95)
11-18 16:01:23.257 11679 11679 I Glide   : 	... 12 more
11-18 16:01:23.536 11679 11679 D SBUIKIT : [16:01:23.535 ChannelListViewModel:disposeChannelCollection():45] >> ChannelListViewModel::disposeChannelCollection()
11-18 16:01:26.164 11679 11679 I AssistStructure: Flattened final assist data: 5160 bytes, containing 1 windows, 47 views
11-18 16:01:26.788 11679 11679 W Glide   : Load failed for [http://dockerproxmox.duckdns.org:8125/img/57/raw] with dimensions [1080x550]
11-18 16:01:26.788 11679 11679 W Glide   : class com.bumptech.glide.load.engine.GlideException: Failed to load resource
11-18 16:01:26.788 11679 11679 W Glide   : There was 1 root cause:
11-18 16:01:26.788 11679 11679 W Glide   : com.bumptech.glide.load.HttpException(Failed to connect or obtain data, status code: -1)
11-18 16:01:26.788 11679 11679 W Glide   :  call GlideException#logRootCauses(String) for more detail
11-18 16:01:26.788 11679 11679 W Glide   :   Cause (1 of 1): class com.bumptech.glide.load.engine.GlideException: Fetching data failed, class java.io.InputStream, REMOTE
11-18 16:01:26.788 11679 11679 W Glide   : There was 1 root cause:
11-18 16:01:26.788 11679 11679 W Glide   : com.bumptech.glide.load.HttpException(Failed to connect or obtain data, status code: -1)
11-18 16:01:26.788 11679 11679 W Glide   :  call GlideException#logRootCauses(String) for more detail
11-18 16:01:26.788 11679 11679 W Glide   :     Cause (1 of 1): class com.bumptech.glide.load.engine.GlideException: Fetch failed
11-18 16:01:26.788 11679 11679 W Glide   : There was 1 root cause:
11-18 16:01:26.788 11679 11679 W Glide   : com.bumptech.glide.load.HttpException(Failed to connect or obtain data, status code: -1)
11-18 16:01:26.788 11679 11679 W Glide   :  call GlideException#logRootCauses(String) for more detail
11-18 16:01:26.788 11679 11679 W Glide   :       Cause (1 of 1): class com.bumptech.glide.load.HttpException: Failed to connect or obtain data, status code: -1
11-18 16:01:26.792 11679 11679 I Glide   : Root cause (1 of 1)
11-18 16:01:26.792 11679 11679 I Glide   : com.bumptech.glide.load.HttpException: Failed to connect or obtain data, status code: -1
11-18 16:01:26.792 11679 11679 I Glide   : 	at com.bumptech.glide.load.data.HttpUrlFetcher.loadDataWithRedirects(HttpUrlFetcher.java:98)
11-18 16:01:26.792 11679 11679 I Glide   : 	at com.bumptech.glide.load.data.HttpUrlFetcher.loadData(HttpUrlFetcher.java:58)
11-18 16:01:26.792 11679 11679 I Glide   : 	at com.bumptech.glide.load.model.MultiModelLoader$MultiFetcher.loadData(MultiModelLoader.java:100)
11-18 16:01:26.792 11679 11679 I Glide   : 	at com.bumptech.glide.load.engine.SourceGenerator.startNextLoad(SourceGenerator.java:95)
11-18 16:01:26.792 11679 11679 I Glide   : 	at com.bumptech.glide.load.engine.SourceGenerator.startNext(SourceGenerator.java:88)
11-18 16:01:26.792 11679 11679 I Glide   : 	at com.bumptech.glide.load.engine.DecodeJob.runGenerators(DecodeJob.java:311)
11-18 16:01:26.792 11679 11679 I Glide   : 	at com.bumptech.glide.load.engine.DecodeJob.runWrapped(DecodeJob.java:280)
11-18 16:01:26.792 11679 11679 I Glide   : 	at com.bumptech.glide.load.engine.DecodeJob.run(DecodeJob.java:235)
11-18 16:01:26.792 11679 11679 I Glide   : 	at java.util.concurrent.ThreadPoolExecutor.runWorker(ThreadPoolExecutor.java:1167)
11-18 16:01:26.792 11679 11679 I Glide   : 	at java.util.concurrent.ThreadPoolExecutor$Worker.run(ThreadPoolExecutor.java:641)
11-18 16:01:26.792 11679 11679 I Glide   : 	at com.bumptech.glide.load.engine.executor.GlideExecutor$DefaultThreadFactory$1.run(GlideExecutor.java:421)
11-18 16:01:26.792 11679 11679 I Glide   : 	at java.lang.Thread.run(Thread.java:923)
11-18 16:01:26.792 11679 11679 I Glide   : 	at com.bumptech.glide.load.engine.executor.GlideExecutor$DefaultPriorityThreadFactory$1.run(GlideExecutor.java:380)
11-18 16:01:26.792 11679 11679 I Glide   : Caused by: java.net.SocketTimeoutException: timeout
11-18 16:01:26.792 11679 11679 I Glide   : 	at com.android.okhttp.okio.Okio$3.newTimeoutException(Okio.java:214)
11-18 16:01:26.792 11679 11679 I Glide   : 	at com.android.okhttp.okio.AsyncTimeout.exit(AsyncTimeout.java:263)
11-18 16:01:26.792 11679 11679 I Glide   : 	at com.android.okhttp.okio.AsyncTimeout$2.read(AsyncTimeout.java:217)
11-18 16:01:26.792 11679 11679 I Glide   : 	at com.android.okhttp.okio.RealBufferedSource.indexOf(RealBufferedSource.java:307)
11-18 16:01:26.792 11679 11679 I Glide   : 	at com.android.okhttp.okio.RealBufferedSource.indexOf(RealBufferedSource.java:301)
11-18 16:01:26.792 11679 11679 I Glide   : 	at com.android.okhttp.okio.RealBufferedSource.readUtf8LineStrict(RealBufferedSource.java:197)
11-18 16:01:26.792 11679 11679 I Glide   : 	at com.android.okhttp.internal.http.Http1xStream.readResponse(Http1xStream.java:188)
11-18 16:01:26.792 11679 11679 I Glide   : 	at com.android.okhttp.internal.http.Http1xStream.readResponseHeaders(Http1xStream.java:129)
11-18 16:01:26.792 11679 11679 I Glide   : 	at com.android.okhttp.internal.http.HttpEngine.readNetworkResponse(HttpEngine.java:750)
11-18 16:01:26.792 11679 11679 I Glide   : 	at com.android.okhttp.internal.http.HttpEngine.readResponse(HttpEngine.java:622)
11-18 16:01:26.792 11679 11679 I Glide   : 	at com.android.okhttp.internal.huc.HttpURLConnectionImpl.execute(HttpURLConnectionImpl.java:475)
11-18 16:01:26.792 11679 11679 I Glide   : 	at com.android.okhttp.internal.huc.HttpURLConnectionImpl.getResponse(HttpURLConnectionImpl.java:411)
11-18 16:01:26.792 11679 11679 I Glide   : 	at com.android.okhttp.internal.huc.HttpURLConnectionImpl.getInputStream(HttpURLConnectionImpl.java:248)
11-18 16:01:26.792 11679 11679 I Glide   : 	at com.bumptech.glide.load.data.HttpUrlFetcher.loadDataWithRedirects(HttpUrlFetcher.java:95)
11-18 16:01:26.792 11679 11679 I Glide   : 	... 12 more
11-18 16:01:26.792 11679 11679 I Glide   : Caused by: java.net.SocketException: Socket closed
11-18 16:01:26.792 11679 11679 I Glide   : 	at java.net.SocketInputStream.read(SocketInputStream.java:209)
11-18 16:01:26.792 11679 11679 I Glide   : 	at java.net.SocketInputStream.read(SocketInputStream.java:144)
11-18 16:01:26.792 11679 11679 I Glide   : 	at com.android.okhttp.okio.Okio$2.read(Okio.java:138)
11-18 16:01:26.792 11679 11679 I Glide   : 	at com.android.okhttp.okio.AsyncTimeout$2.read(AsyncTimeout.java:213)
11-18 16:01:26.792 11679 11679 I Glide   : 	... 23 more
11-18 16:01:28.402 11679 11679 I Timeline: Timeline: Activity_launch_request time:192262489
11-18 16:01:28.489 11679 11679 D DecorView[]: getWindowModeFromSystem  windowmode is 1
11-18 16:01:28.490 11679 11679 D DecorView: createDecorCaptionView windowingMode:1 mWindowMode 1 isFullscreen: true
11-18 16:01:33.379 11679 11679 I AssistStructure: Flattened final assist data: 1896 bytes, containing 2 windows, 12 views
11-18 16:01:34.329 11679 11679 W IInputConnectionWrapper: getTextBeforeCursor on inactive InputConnection
11-18 16:01:34.333 11679 11679 W IInputConnectionWrapper: getTextAfterCursor on inactive InputConnection
11-18 16:01:34.335 11679 11679 W IInputConnectionWrapper: getSelectedText on inactive InputConnection
11-18 16:01:34.343 11679 11679 W IInputConnectionWrapper: getTextBeforeCursor on inactive InputConnection
11-18 16:01:35.456 11679 11679 I Timeline: Timeline: Activity_launch_request time:192269543
11-18 16:01:35.509 11679 11679 D DecorView[]: getWindowModeFromSystem  windowmode is 1
11-18 16:01:35.509 11679 11679 D DecorView: createDecorCaptionView windowingMode:1 mWindowMode 1 isFullscreen: true
11-18 16:01:37.812 11679 11915 W SendBird: [16:01:37.811 Connection$1:onMessage():235] onMessage instance : [PONG] com.sendbird.android.Connection@2448d1a
11-18 16:01:37.815 11679 11915 W Sendbird: [16:01:37.813 Connection$1:onMessage():236] onMessage instance : [PONG] com.sendbird.android.Connection@2448d1a
11-18 16:01:37.827 11679 11931 W SendBird: [16:01:37.824 EventController$1:call():141] ++ result[PONG] runnable=null
11-18 16:01:38.171 11679 11679 W Glide   : Load failed for [http://dockerproxmox.duckdns.org:8125/img/24/raw] with dimensions [1080x550]
11-18 16:01:38.171 11679 11679 W Glide   : class com.bumptech.glide.load.engine.GlideException: Failed to load resource
11-18 16:01:38.171 11679 11679 W Glide   : There was 1 root cause:
11-18 16:01:38.171 11679 11679 W Glide   : com.bumptech.glide.load.HttpException(Failed to connect or obtain data, status code: -1)
11-18 16:01:38.171 11679 11679 W Glide   :  call GlideException#logRootCauses(String) for more detail
11-18 16:01:38.171 11679 11679 W Glide   :   Cause (1 of 1): class com.bumptech.glide.load.engine.GlideException: Fetching data failed, class java.io.InputStream, REMOTE
11-18 16:01:38.171 11679 11679 W Glide   : There was 1 root cause:
11-18 16:01:38.171 11679 11679 W Glide   : com.bumptech.glide.load.HttpException(Failed to connect or obtain data, status code: -1)
11-18 16:01:38.171 11679 11679 W Glide   :  call GlideException#logRootCauses(String) for more detail
11-18 16:01:38.171 11679 11679 W Glide   :     Cause (1 of 1): class com.bumptech.glide.load.engine.GlideException: Fetch failed
11-18 16:01:38.171 11679 11679 W Glide   : There was 1 root cause:
11-18 16:01:38.171 11679 11679 W Glide   : com.bumptech.glide.load.HttpException(Failed to connect or obtain data, status code: -1)
11-18 16:01:38.171 11679 11679 W Glide   :  call GlideException#logRootCauses(String) for more detail
11-18 16:01:38.171 11679 11679 W Glide   :       Cause (1 of 1): class com.bumptech.glide.load.HttpException: Failed to connect or obtain data, status code: -1
11-18 16:01:38.175 11679 11679 I Glide   : Root cause (1 of 1)
11-18 16:01:38.175 11679 11679 I Glide   : com.bumptech.glide.load.HttpException: Failed to connect or obtain data, status code: -1
11-18 16:01:38.175 11679 11679 I Glide   : 	at com.bumptech.glide.load.data.HttpUrlFetcher.loadDataWithRedirects(HttpUrlFetcher.java:98)
11-18 16:01:38.175 11679 11679 I Glide   : 	at com.bumptech.glide.load.data.HttpUrlFetcher.loadData(HttpUrlFetcher.java:58)
11-18 16:01:38.175 11679 11679 I Glide   : 	at com.bumptech.glide.load.model.MultiModelLoader$MultiFetcher.loadData(MultiModelLoader.java:100)
11-18 16:01:38.175 11679 11679 I Glide   : 	at com.bumptech.glide.load.engine.SourceGenerator.startNextLoad(SourceGenerator.java:95)
11-18 16:01:38.175 11679 11679 I Glide   : 	at com.bumptech.glide.load.engine.SourceGenerator.startNext(SourceGenerator.java:88)
11-18 16:01:38.175 11679 11679 I Glide   : 	at com.bumptech.glide.load.engine.DecodeJob.runGenerators(DecodeJob.java:311)
11-18 16:01:38.175 11679 11679 I Glide   : 	at com.bumptech.glide.load.engine.DecodeJob.runWrapped(DecodeJob.java:280)
11-18 16:01:38.175 11679 11679 I Glide   : 	at com.bumptech.glide.load.engine.DecodeJob.run(DecodeJob.java:235)
11-18 16:01:38.175 11679 11679 I Glide   : 	at java.util.concurrent.ThreadPoolExecutor.runWorker(ThreadPoolExecutor.java:1167)
11-18 16:01:38.175 11679 11679 I Glide   : 	at java.util.concurrent.ThreadPoolExecutor$Worker.run(ThreadPoolExecutor.java:641)
11-18 16:01:38.175 11679 11679 I Glide   : 	at com.bumptech.glide.load.engine.executor.GlideExecutor$DefaultThreadFactory$1.run(GlideExecutor.java:421)
11-18 16:01:38.175 11679 11679 I Glide   : 	at java.lang.Thread.run(Thread.java:923)
11-18 16:01:38.175 11679 11679 I Glide   : 	at com.bumptech.glide.load.engine.executor.GlideExecutor$DefaultPriorityThreadFactory$1.run(GlideExecutor.java:380)
11-18 16:01:38.175 11679 11679 I Glide   : Caused by: java.net.SocketTimeoutException: timeout
11-18 16:01:38.175 11679 11679 I Glide   : 	at com.android.okhttp.okio.Okio$3.newTimeoutException(Okio.java:214)
11-18 16:01:38.175 11679 11679 I Glide   : 	at com.android.okhttp.okio.AsyncTimeout.exit(AsyncTimeout.java:263)
11-18 16:01:38.175 11679 11679 I Glide   : 	at com.android.okhttp.okio.AsyncTimeout$2.read(AsyncTimeout.java:217)
11-18 16:01:38.175 11679 11679 I Glide   : 	at com.android.okhttp.okio.RealBufferedSource.indexOf(RealBufferedSource.java:307)
11-18 16:01:38.175 11679 11679 I Glide   : 	at com.android.okhttp.okio.RealBufferedSource.indexOf(RealBufferedSource.java:301)
11-18 16:01:38.175 11679 11679 I Glide   : 	at com.android.okhttp.okio.RealBufferedSource.readUtf8LineStrict(RealBufferedSource.java:197)
11-18 16:01:38.175 11679 11679 I Glide   : 	at com.android.okhttp.internal.http.Http1xStream.readResponse(Http1xStream.java:188)
11-18 16:01:38.175 11679 11679 I Glide   : 	at com.android.okhttp.internal.http.Http1xStream.readResponseHeaders(Http1xStream.java:129)
11-18 16:01:38.175 11679 11679 I Glide   : 	at com.android.okhttp.internal.http.HttpEngine.readNetworkResponse(HttpEngine.java:750)
11-18 16:01:38.175 11679 11679 I Glide   : 	at com.android.okhttp.internal.http.HttpEngine.readResponse(HttpEngine.java:622)
11-18 16:01:38.175 11679 11679 I Glide   : 	at com.android.okhttp.internal.huc.HttpURLConnectionImpl.execute(HttpURLConnectionImpl.java:475)
11-18 16:01:38.175 11679 11679 I Glide   : 	at com.android.okhttp.internal.huc.HttpURLConnectionImpl.getResponse(HttpURLConnectionImpl.java:411)
11-18 16:01:38.175 11679 11679 I Glide   : 	at com.android.okhttp.internal.huc.HttpURLConnectionImpl.getInputStream(HttpURLConnectionImpl.java:248)
11-18 16:01:38.175 11679 11679 I Glide   : 	at com.bumptech.glide.load.data.HttpUrlFetcher.loadDataWithRedirects(HttpUrlFetcher.java:95)
11-18 16:01:38.175 11679 11679 I Glide   : 	... 12 more
11-18 16:01:38.175 11679 11679 I Glide   : Caused by: java.net.SocketException: Socket closed
11-18 16:01:38.175 11679 11679 I Glide   : 	at java.net.SocketInputStream.read(SocketInputStream.java:209)
11-18 16:01:38.175 11679 11679 I Glide   : 	at java.net.SocketInputStream.read(SocketInputStream.java:144)
11-18 16:01:38.175 11679 11679 I Glide   : 	at com.android.okhttp.okio.Okio$2.read(Okio.java:138)
11-18 16:01:38.175 11679 11679 I Glide   : 	at com.android.okhttp.okio.AsyncTimeout$2.read(AsyncTimeout.java:213)
11-18 16:01:38.175 11679 11679 I Glide   : 	... 23 more
11-18 16:01:38.197 11679 11915 W SendBird: [16:01:38.195 Connection$1:onMessage():235] onMessage instance : [SYEV] com.sendbird.android.Connection@2448d1a
11-18 16:01:38.199 11679 11915 W Sendbird: [16:01:38.197 Connection$1:onMessage():236] onMessage instance : [SYEV] com.sendbird.android.Connection@2448d1a
11-18 16:01:38.211 11679 11915 W SendBird: [16:01:38.209 Connection$1:onMessage():235] onMessage instance : [SYEV] com.sendbird.android.Connection@2448d1a
11-18 16:01:38.214 11679 11915 W Sendbird: [16:01:38.212 Connection$1:onMessage():236] onMessage instance : [SYEV] com.sendbird.android.Connection@2448d1a
11-18 16:01:38.390 11679 11679 I Timeline: Timeline: Activity_launch_request time:192272477
11-18 16:01:38.418 11679 11931 W SendBird: [16:01:38.418 EventController$1:call():141] ++ result[SYEV] runnable=com.sendbird.android.EventController$14@4ee415f
11-18 16:01:38.427 11679 11931 W SendBird: [16:01:38.427 EventController$1:call():141] ++ result[SYEV] runnable=com.sendbird.android.EventController$16@6dd240a
11-18 16:01:38.428 11679 11679 W SendBird: [16:01:38.427 EventController$1:onResultForUiThread():154] ++ delivery[SYEV] runnable=com.sendbird.android.EventController$14@4ee415f
11-18 16:01:38.442 11679 11679 D DecorView[]: getWindowModeFromSystem  windowmode is 1
11-18 16:01:38.442 11679 11679 D DecorView: createDecorCaptionView windowingMode:1 mWindowMode 1 isFullscreen: true
11-18 16:01:38.461 11679 11679 I SBUIKIT : [16:01:38.461 ChannelFragment:onCreate():158] >> ChannelFragment::onCreate()
11-18 16:01:38.535 11679 11679 D SBUIKIT : [16:01:38.534 BaseFragment:connect():35] >> BaseFragment::connect()
11-18 16:01:38.556 11679 11679 W SendBird: [16:01:38.555 EventController$1:onResultForUiThread():154] ++ delivery[SYEV] runnable=com.sendbird.android.EventController$16@6dd240a
11-18 16:01:38.581 11679 11679 E RecyclerView: No adapter attached; skipping layout
11-18 16:01:38.601 11679 11908 D SBUIKIT : [16:01:38.599 SendBirdUIKit$2:call():298] ++ user nickname = Conny🌹, profileUrl = http://dockerproxmox.duckdns.org:8125/img/82/raw
11-18 16:01:38.604 11679 11679 I AssistStructure: Flattened final assist data: 3208 bytes, containing 1 windows, 26 views
11-18 16:01:38.628 11679 11679 D SBUIKIT : [16:01:38.628 BaseFragment:lambda$connect$0$com-sendbird-uikit-fragments-BaseFragment():37] ++ BaseFragment::connect e : null
11-18 16:01:38.630 11679 11679 I SBUIKIT : [16:01:38.629 BaseGroupChannelFragment:onReady():20] >> BaseGroupChannelFragment::onReady(READY)
11-18 16:01:38.631 11679 11679 I SBUIKIT : [16:01:38.630 BaseGroupChannelFragment:onReady():21] ++ user : User{mUserId='concettaacampora2001@gmail.com', mNickname='Conny🌹', mProfileUrl='http://dockerproxmox.duckdns.org:8125/img/82/raw', mFriendDiscoveryKey='null', mFriendName='null', mMetaData={}, mConnectionStatus=NON_AVAILABLE, mLastSeenAt=0, mIsActive=true, mPreferredLanguages=[]}
11-18 16:01:38.636 11679 11679 I SBUIKIT : [16:01:38.636 ChannelFragment:onDrawPage():210] >> ChannelFragment::onDrawPage() - {main}-[com.sendbird.uikit.fragments.BaseGroupChannelFragment.lambda$onReady$0$com-sendbird-uikit-fragments-BaseGroupChannelFragment():38]
11-18 16:01:38.648 11679 11679 I SBUIKIT : [16:01:38.647 ChannelViewModel:initMessageCollection():121] >> ChannelViewModel::initMessageCollection()
11-18 16:01:38.649 11679 11679 W SendBird: [16:01:38.649 MessageCollection$Builder:build():2074] -- warning (previous size is set the default value)
11-18 16:01:38.650 11679 11679 W SendBird: [16:01:38.650 MessageCollection$Builder:build():2079] -- warning (next size is set the default value)
11-18 16:01:38.666 11679 11679 D SBUIKIT : [16:01:38.665 ChannelFragment:drawChannel():240] ++ drawChannel()
11-18 16:01:38.672 11679 11679 D SBUIKIT : [16:01:38.672 ChannelFragment:setInputTextHint():1569] ++ hint text : Enter message
11-18 16:01:46.096 11679 11679 D SBUIKIT : [16:01:46.093 ChannelFragment:sendMessage():928] ++ onClick()
11-18 16:01:46.104 11679 11679 I SBUIKIT : [16:01:46.100 ChannelViewModel:sendUserMessage():383] ++ request send message : UserMessageParams{mMessage='Ciaooo sto testando l'app', targetLanguages=null, data='null', customType='null', mentionType=USERS, mentionedUserIds=null, pushNotificationDeliveryOption=null, metaArrays=null, parentMessageId=0, appleCriticalAlertOptions=null, pollId=null, replyToChannel=false}
11-18 16:01:46.121 11679 11679 D SBUIKIT : [16:01:46.118 ChannelFragment:setInputTextHint():1569] ++ hint text : Enter message
11-18 16:01:46.154 11679 11679 D SBUIKIT : [16:01:46.153 ChannelViewModel:onMessagesAdded():238] >> ChannelViewModel::onMessagesAdded() from=LOCAL_MESSAGE_PENDING_CREATED
11-18 16:01:46.155 11679 11679 D SBUIKIT : [16:01:46.154 ChannelViewModel:notifyDataSetChanged():216] >> ChannelViewModel::notifyDataSetChanged(), size = 0, action=ACTION_PENDING_MESSAGE_ADDED
11-18 16:01:46.157 11679 11679 D SBUIKIT : [16:01:46.156 ChannelFragment:lambda$initMessageList$10$com-sendbird-uikit-fragments-ChannelFragment():455] ++ result messageList size : 1, source = ACTION_PENDING_MESSAGE_ADDED
11-18 16:01:46.166 11679 11679 D SBUIKIT : [16:01:46.166 ChannelFragment:lambda$null$9$com-sendbird-uikit-fragments-ChannelFragment():464] ++ Message action : ACTION_PENDING_MESSAGE_ADDED
11-18 16:01:46.168 11679 11679 D SBUIKIT : [16:01:46.167 ChannelFragment:lambda$null$9$com-sendbird-uikit-fragments-ChannelFragment():470] ++ pending message added. message=BaseMessage{mReqId='1668783667697', mMessage='Ciaooo sto testando l'app', mMessageId=0, isSentFromThread='false', parentMessageId='0', mChannelUrl='sendbird_group_channel_203043572_3195dbaa975967717840dddcfcaae8208a90abe7', channelType='GROUP', mData='', mCustomType='', mCreatedAt=1668783706107, mUpdatedAt=0, mMentionType=USERS, mMentionedUserIds=[], mMentionedUsers=[], mMetaArrays=[], mIsGlobalBlocked=false, mErrorCode=0, mIsSilent=false, forceUpdateLastMessage=false, reactionList=[], sendingStatus=PENDING, messageSurvivalSeconds=-1, parentMessageText=null, threadInfo=null, mSender=User{mUserId='concettaacampora2001@gmail.com', mNickname='Conny🌹', mProfileUrl='http://dockerproxmox.duckdns.org:8125/img/82/raw', mFriendDiscoveryKey='null', mFriendName='null', mMetaData={}, mConnectionStatus=NON_AVAILABLE, mLastSeenAt=0, mIsActive=true, mPreferredLanguages=[]}
11-18 16:01:46.168 11679 11679 D SBUIKIT : Sender{mIsBlockedByMe=falserole=NONE}, ogMetaData=null, isOpMsg=false, parentMessage=null}
11-18 16:01:46.168 11679 11679 D SBUIKIT : UserMessage{, mTranslations={}, plugins=null, poll=null}
11-18 16:01:46.347 11679 11915 W SendBird: [16:01:46.344 Connection$1:onMessage():235] onMessage instance : [DLVR] com.sendbird.android.Connection@2448d1a
11-18 16:01:46.353 11679 11915 W Sendbird: [16:01:46.348 Connection$1:onMessage():236] onMessage instance : [DLVR] com.sendbird.android.Connection@2448d1a
11-18 16:01:46.369 11679 11915 W SendBird: [16:01:46.368 Connection$1:onMessage():235] onMessage instance : [MESG] com.sendbird.android.Connection@2448d1a
11-18 16:01:46.371 11679 11915 W Sendbird: [16:01:46.370 Connection$1:onMessage():236] onMessage instance : [MESG] com.sendbird.android.Connection@2448d1a
11-18 16:01:46.381 11679 11931 W SendBird: [16:01:46.380 EventController$1:call():141] ++ result[DLVR] runnable=null
11-18 16:01:46.403 11679 11931 W SendBird: [16:01:46.402 EventController$1:call():141] ++ result[MESG] runnable=com.sendbird.android.EventController$2@44680cb
11-18 16:01:46.405 11679 11679 D SBUIKIT : [16:01:46.403 ChannelViewModel:onMessagesUpdated():263] >> ChannelViewModel::onMessagesUpdated() from=EVENT_MESSAGE_SENT
11-18 16:01:46.411 11679 11679 D SBUIKIT : [16:01:46.409 ChannelViewModel:notifyDataSetChanged():216] >> ChannelViewModel::notifyDataSetChanged(), size = 2, action=EVENT_MESSAGE_SENT
11-18 16:01:46.413 11679 11679 D SBUIKIT : [16:01:46.412 ChannelFragment:lambda$initMessageList$10$com-sendbird-uikit-fragments-ChannelFragment():455] ++ result messageList size : 2, source = EVENT_MESSAGE_SENT
11-18 16:01:46.418 11679 11679 W SendBird: [16:01:46.417 EventController$1:onResultForUiThread():154] ++ delivery[MESG] runnable=com.sendbird.android.EventController$2@44680cb
11-18 16:01:46.419 11679 11679 D SBUIKIT : [16:01:46.418 ChannelViewModel:onChannelUpdated():331] >> ChannelViewModel::onChannelUpdated() from=EVENT_CHANNEL_CHANGED, url=sendbird_group_channel_203043572_3195dbaa975967717840dddcfcaae8208a90abe7
11-18 16:01:46.420 11679 11679 D SBUIKIT : [16:01:46.420 ChannelViewModel:notifyChannelDataChanged():210] >> ChannelViewModel::notifyChannelDataChanged()
11-18 16:01:46.422 11679 11679 D SBUIKIT : [16:01:46.421 ChannelFragment:drawChannel():240] ++ drawChannel()
11-18 16:01:46.427 11679 11679 D SBUIKIT : [16:01:46.426 ChannelFragment:setInputTextHint():1569] ++ hint text : Enter message
11-18 16:01:46.435 11679 11679 D SBUIKIT : [16:01:46.435 ChannelFragment:lambda$null$9$com-sendbird-uikit-fragments-ChannelFragment():464] ++ Message action : EVENT_MESSAGE_SENT
11-18 16:01:46.437 11679 11679 D SBUIKIT : [16:01:46.436 ChannelFragment:lambda$null$9$com-sendbird-uikit-fragments-ChannelFragment():476] ++ firstVisibleItemPosition=0, message=Ciaooo sto testando l'app
11-18 16:01:46.504 11679 11679 I SBUIKIT : [16:01:46.503 ChannelViewModel:lambda$sendUserMessage$1():389] ++ sent message : BaseMessage{mReqId='1668783667697', mMessage='Ciaooo sto testando l'app', mMessageId=4618257947, isSentFromThread='false', parentMessageId='0', mChannelUrl='sendbird_group_channel_203043572_3195dbaa975967717840dddcfcaae8208a90abe7', channelType='GROUP', mData='', mCustomType='', mCreatedAt=1668783706842, mUpdatedAt=0, mMentionType=USERS, mMentionedUserIds=[], mMentionedUsers=[], mMetaArrays=[], mIsGlobalBlocked=false, mErrorCode=0, mIsSilent=false, forceUpdateLastMessage=false, reactionList=[], sendingStatus=SUCCEEDED, messageSurvivalSeconds=-1, parentMessageText=null, threadInfo=null, mSender=User{mUserId='concettaacampora2001@gmail.com', mNickname='Conny🌹', mProfileUrl='http://dockerproxmox.duckdns.org:8125/img/82/raw', mFriendDiscoveryKey='null', mFriendName='null', mMetaData={}, mConnectionStatus=NON_AVAILABLE, mLastSeenAt=0, mIsActive=true, mPreferredLanguages=null}
11-18 16:01:46.504 11679 11679 I SBUIKIT : Sender{mIsBlockedByMe=falserole=NONE}, ogMetaData=null, isOpMsg=false, parentMessage=null}
11-18 16:01:46.504 11679 11679 I SBUIKIT : UserMessage{, mTranslations={}, plugins=null, poll=null}
11-18 16:01:47.268 11679 11955 W System.err: io.ktor.client.network.sockets.SocketTimeoutException: Socket timeout has expired [url=http://dockerproxmox.duckdns.org:8125/path/sentiero degli dei/imgs/all, socket_timeout=unknown] ms
11-18 16:01:47.269 11679 11955 W System.err: 	at io.ktor.client.plugins.HttpTimeoutKt.SocketTimeoutException(HttpTimeout.kt:209)
11-18 16:01:47.269 11679 11955 W System.err: 	at io.ktor.client.engine.okhttp.OkUtilsKt.mapOkHttpException(OkUtils.kt:79)
11-18 16:01:47.269 11679 11955 W System.err: 	at io.ktor.client.engine.okhttp.OkUtilsKt.access$mapOkHttpException(OkUtils.kt:1)
11-18 16:01:47.269 11679 11955 W System.err: 	at io.ktor.client.engine.okhttp.OkHttpCallback.onFailure(OkUtils.kt:39)
11-18 16:01:47.269 11679 11955 W System.err: 	at okhttp3.internal.connection.RealCall$AsyncCall.run(RealCall.kt:510)
11-18 16:01:47.269 11679 11955 W System.err: 	at java.util.concurrent.ThreadPoolExecutor.runWorker(ThreadPoolExecutor.java:1167)
11-18 16:01:47.269 11679 11955 W System.err: 	at java.util.concurrent.ThreadPoolExecutor$Worker.run(ThreadPoolExecutor.java:641)
11-18 16:01:47.270 11679 11955 W System.err: 	at java.lang.Thread.run(Thread.java:923)
11-18 16:01:47.270 11679 11955 W System.err: Caused by: java.net.SocketTimeoutException: timeout
11-18 16:01:47.270 11679 11955 W System.err: 	at okio.SocketAsyncTimeout.newTimeoutException(JvmOkio.kt:143)
11-18 16:01:47.270 11679 11955 W System.err: 	at okio.AsyncTimeout.access$newTimeoutException(AsyncTimeout.kt:162)
11-18 16:01:47.271 11679 11955 W System.err: 	at okio.AsyncTimeout$source$1.read(AsyncTimeout.kt:340)
11-18 16:01:47.271 11679 11955 W System.err: 	at okio.RealBufferedSource.indexOf(RealBufferedSource.kt:449)
11-18 16:01:47.271 11679 11955 W System.err: 	at okio.RealBufferedSource.readUtf8LineStrict(RealBufferedSource.kt:333)
11-18 16:01:47.271 11679 11955 W System.err: 	at okhttp3.internal.http1.HeadersReader.readLine(HeadersReader.kt:29)
11-18 16:01:47.271 11679 11955 W System.err: 	at okhttp3.internal.http1.Http1ExchangeCodec.readResponseHeaders(Http1ExchangeCodec.kt:178)
11-18 16:01:47.271 11679 11955 W System.err: 	at okhttp3.internal.connection.Exchange.readResponseHeaders(Exchange.kt:106)
11-18 16:01:47.271 11679 11955 W System.err: 	at okhttp3.internal.http.CallServerInterceptor.intercept(CallServerInterceptor.kt:79)
11-18 16:01:47.272 11679 11955 W System.err: 	at okhttp3.internal.http.RealInterceptorChain.proceed(RealInterceptorChain.kt:100)
11-18 16:01:47.272 11679 11955 W System.err: 	at okhttp3.internal.connection.ConnectInterceptor.intercept(ConnectInterceptor.kt:34)
11-18 16:01:47.272 11679 11955 W System.err: 	at okhttp3.internal.http.RealInterceptorChain.proceed(RealInterceptorChain.kt:100)
11-18 16:01:47.272 11679 11955 W System.err: 	at okhttp3.internal.cache.CacheInterceptor.intercept(CacheInterceptor.kt:96)
11-18 16:01:47.272 11679 11955 W System.err: 	at okhttp3.internal.http.RealInterceptorChain.proceed(RealInterceptorChain.kt:100)
11-18 16:01:47.272 11679 11955 W System.err: 	at okhttp3.internal.http.BridgeInterceptor.intercept(BridgeInterceptor.kt:83)
11-18 16:01:47.272 11679 11955 W System.err: 	at okhttp3.internal.http.RealInterceptorChain.proceed(RealInterceptorChain.kt:100)
11-18 16:01:47.273 11679 11955 W System.err: 	at okhttp3.internal.http.RetryAndFollowUpInterceptor.intercept(RetryAndFollowUpInterceptor.kt:76)
11-18 16:01:47.273 11679 11955 W System.err: 	at okhttp3.internal.http.RealInterceptorChain.proceed(RealInterceptorChain.kt:100)
11-18 16:01:47.273 11679 11955 W System.err: 	at okhttp3.internal.connection.RealCall.getResponseWithInterceptorChain$okhttp(RealCall.kt:197)
11-18 16:01:47.273 11679 11955 W System.err: 	at okhttp3.internal.connection.RealCall$AsyncCall.run(RealCall.kt:502)
11-18 16:01:47.273 11679 11955 W System.err: 	... 3 more
11-18 16:01:47.274 11679 11955 W System.err: Caused by: java.net.SocketException: Socket closed
11-18 16:01:47.274 11679 11955 W System.err: 	at java.net.SocketInputStream.read(SocketInputStream.java:209)
11-18 16:01:47.274 11679 11955 W System.err: 	at java.net.SocketInputStream.read(SocketInputStream.java:144)
11-18 16:01:47.274 11679 11955 W System.err: 	at okio.InputStreamSource.read(JvmOkio.kt:90)
11-18 16:01:47.274 11679 11955 W System.err: 	at okio.AsyncTimeout$source$1.read(AsyncTimeout.kt:129)
11-18 16:01:47.274 11679 11955 W System.err: 	... 20 more
11-18 16:01:49.278 11679 11679 D SBUIKIT : [16:01:49.276 ChannelViewModel:onCleared():360] -- onCleared ChannelViewModel
11-18 16:01:49.279 11679 11679 I SBUIKIT : [16:01:49.278 ChannelViewModel:disposeMessageCollection():146] >> ChannelViewModel::disposeMessageCollection()
11-18 16:01:49.302 11679 11679 I SBUIKIT : [16:01:49.302 ChannelFragment:onDestroy():176] >> ChannelFragment::onDestroy()
11-18 16:01:51.237 11679 11679 W Glide   : Load failed for [http://dockerproxmox.duckdns.org:8125/img/24/raw] with dimensions [1080x550]
11-18 16:01:51.237 11679 11679 W Glide   : class com.bumptech.glide.load.engine.GlideException: Failed to load resource
11-18 16:01:51.237 11679 11679 W Glide   : There was 1 root cause:
11-18 16:01:51.237 11679 11679 W Glide   : com.bumptech.glide.load.HttpException(Failed to connect or obtain data, status code: -1)
11-18 16:01:51.237 11679 11679 W Glide   :  call GlideException#logRootCauses(String) for more detail
11-18 16:01:51.237 11679 11679 W Glide   :   Cause (1 of 1): class com.bumptech.glide.load.engine.GlideException: Fetching data failed, class java.io.InputStream, REMOTE
11-18 16:01:51.237 11679 11679 W Glide   : There was 1 root cause:
11-18 16:01:51.237 11679 11679 W Glide   : com.bumptech.glide.load.HttpException(Failed to connect or obtain data, status code: -1)
11-18 16:01:51.237 11679 11679 W Glide   :  call GlideException#logRootCauses(String) for more detail
11-18 16:01:51.237 11679 11679 W Glide   :     Cause (1 of 1): class com.bumptech.glide.load.engine.GlideException: Fetch failed
11-18 16:01:51.237 11679 11679 W Glide   : There was 1 root cause:
11-18 16:01:51.237 11679 11679 W Glide   : com.bumptech.glide.load.HttpException(Failed to connect or obtain data, status code: -1)
11-18 16:01:51.237 11679 11679 W Glide   :  call GlideException#logRootCauses(String) for more detail
11-18 16:01:51.237 11679 11679 W Glide   :       Cause (1 of 1): class com.bumptech.glide.load.HttpException: Failed to connect or obtain data, status code: -1
11-18 16:01:51.240 11679 11679 I Glide   : Root cause (1 of 1)
11-18 16:01:51.240 11679 11679 I Glide   : com.bumptech.glide.load.HttpException: Failed to connect or obtain data, status code: -1
11-18 16:01:51.240 11679 11679 I Glide   : 	at com.bumptech.glide.load.data.HttpUrlFetcher.loadDataWithRedirects(HttpUrlFetcher.java:98)
11-18 16:01:51.240 11679 11679 I Glide   : 	at com.bumptech.glide.load.data.HttpUrlFetcher.loadData(HttpUrlFetcher.java:58)
11-18 16:01:51.240 11679 11679 I Glide   : 	at com.bumptech.glide.load.model.MultiModelLoader$MultiFetcher.loadData(MultiModelLoader.java:100)
11-18 16:01:51.240 11679 11679 I Glide   : 	at com.bumptech.glide.load.engine.SourceGenerator.startNextLoad(SourceGenerator.java:95)
11-18 16:01:51.240 11679 11679 I Glide   : 	at com.bumptech.glide.load.engine.SourceGenerator.startNext(SourceGenerator.java:88)
11-18 16:01:51.240 11679 11679 I Glide   : 	at com.bumptech.glide.load.engine.DecodeJob.runGenerators(DecodeJob.java:311)
11-18 16:01:51.240 11679 11679 I Glide   : 	at com.bumptech.glide.load.engine.DecodeJob.runWrapped(DecodeJob.java:280)
11-18 16:01:51.240 11679 11679 I Glide   : 	at com.bumptech.glide.load.engine.DecodeJob.run(DecodeJob.java:235)
11-18 16:01:51.240 11679 11679 I Glide   : 	at java.util.concurrent.ThreadPoolExecutor.runWorker(ThreadPoolExecutor.java:1167)
11-18 16:01:51.240 11679 11679 I Glide   : 	at java.util.concurrent.ThreadPoolExecutor$Worker.run(ThreadPoolExecutor.java:641)
11-18 16:01:51.240 11679 11679 I Glide   : 	at com.bumptech.glide.load.engine.executor.GlideExecutor$DefaultThreadFactory$1.run(GlideExecutor.java:421)
11-18 16:01:51.240 11679 11679 I Glide   : 	at java.lang.Thread.run(Thread.java:923)
11-18 16:01:51.240 11679 11679 I Glide   : 	at com.bumptech.glide.load.engine.executor.GlideExecutor$DefaultPriorityThreadFactory$1.run(GlideExecutor.java:380)
11-18 16:01:51.240 11679 11679 I Glide   : Caused by: java.net.SocketTimeoutException: timeout
11-18 16:01:51.240 11679 11679 I Glide   : 	at com.android.okhttp.okio.Okio$3.newTimeoutException(Okio.java:214)
11-18 16:01:51.240 11679 11679 I Glide   : 	at com.android.okhttp.okio.AsyncTimeout.exit(AsyncTimeout.java:263)
11-18 16:01:51.240 11679 11679 I Glide   : 	at com.android.okhttp.okio.AsyncTimeout$2.read(AsyncTimeout.java:217)
11-18 16:01:51.240 11679 11679 I Glide   : 	at com.android.okhttp.okio.RealBufferedSource.indexOf(RealBufferedSource.java:307)
11-18 16:01:51.240 11679 11679 I Glide   : 	at com.android.okhttp.okio.RealBufferedSource.indexOf(RealBufferedSource.java:301)
11-18 16:01:51.240 11679 11679 I Glide   : 	at com.android.okhttp.okio.RealBufferedSource.readUtf8LineStrict(RealBufferedSource.java:197)
11-18 16:01:51.240 11679 11679 I Glide   : 	at com.android.okhttp.internal.http.Http1xStream.readResponse(Http1xStream.java:188)
11-18 16:01:51.240 11679 11679 I Glide   : 	at com.android.okhttp.internal.http.Http1xStream.readResponseHeaders(Http1xStream.java:129)
11-18 16:01:51.240 11679 11679 I Glide   : 	at com.android.okhttp.internal.http.HttpEngine.readNetworkResponse(HttpEngine.java:750)
11-18 16:01:51.240 11679 11679 I Glide   : 	at com.android.okhttp.internal.http.HttpEngine.readResponse(HttpEngine.java:622)
11-18 16:01:51.240 11679 11679 I Glide   : 	at com.android.okhttp.internal.huc.HttpURLConnectionImpl.execute(HttpURLConnectionImpl.java:475)
11-18 16:01:51.240 11679 11679 I Glide   : 	at com.android.okhttp.internal.huc.HttpURLConnectionImpl.getResponse(HttpURLConnectionImpl.java:411)
11-18 16:01:51.240 11679 11679 I Glide   : 	at com.android.okhttp.internal.huc.HttpURLConnectionImpl.getInputStream(HttpURLConnectionImpl.java:248)
11-18 16:01:51.240 11679 11679 I Glide   : 	at com.bumptech.glide.load.data.HttpUrlFetcher.loadDataWithRedirects(HttpUrlFetcher.java:95)
11-18 16:01:51.240 11679 11679 I Glide   : 	... 12 more
11-18 16:01:51.240 11679 11679 I Glide   : Caused by: java.net.SocketException: Socket closed
11-18 16:01:51.240 11679 11679 I Glide   : 	at java.net.SocketInputStream.read(SocketInputStream.java:209)
11-18 16:01:51.240 11679 11679 I Glide   : 	at java.net.SocketInputStream.read(SocketInputStream.java:144)
11-18 16:01:51.240 11679 11679 I Glide   : 	at com.android.okhttp.okio.Okio$2.read(Okio.java:138)
11-18 16:01:51.240 11679 11679 I Glide   : 	at com.android.okhttp.okio.AsyncTimeout$2.read(AsyncTimeout.java:213)
11-18 16:01:51.240 11679 11679 I Glide   : 	... 23 more
11-18 16:01:51.452 11679 11679 D MIUIInput: [KeyEvent] ViewRootImpl KeyEvent { action=ACTION_DOWN, keyCode=KEYCODE_BACK, scanCode=0, metaState=0, flags=0x8, repeatCount=0, eventTime=192285529, downTime=192285529, deviceId=-1, source=0x101, displayId=0 }
11-18 16:01:51.458 11679 11679 D MIUIInput: [KeyEvent] ViewRootImpl KeyEvent { action=ACTION_UP, keyCode=KEYCODE_BACK, scanCode=0, metaState=0, flags=0x8, repeatCount=0, eventTime=192285529, downTime=192285529, deviceId=-1, source=0x101, displayId=0 }
11-18 16:01:52.874 11679 11679 D MIUIInput: [KeyEvent] ViewRootImpl KeyEvent { action=ACTION_DOWN, keyCode=KEYCODE_BACK, scanCode=0, metaState=0, flags=0x8, repeatCount=0, eventTime=192286957, downTime=192286957, deviceId=-1, source=0x101, displayId=0 }
