11-18 16:03:49.973 11679 11679 I Glide   : 	at com.bumptech.glide.load.engine.SourceGenerator.startNextLoad(SourceGenerator.java:95)
11-18 16:03:49.973 11679 11679 I Glide   : 	at com.bumptech.glide.load.engine.SourceGenerator.startNext(SourceGenerator.java:88)
11-18 16:03:49.973 11679 11679 I Glide   : 	at com.bumptech.glide.load.engine.DecodeJob.runGenerators(DecodeJob.java:311)
11-18 16:03:49.973 11679 11679 I Glide   : 	at com.bumptech.glide.load.engine.DecodeJob.runWrapped(DecodeJob.java:280)
11-18 16:03:49.973 11679 11679 I Glide   : 	at com.bumptech.glide.load.engine.DecodeJob.run(DecodeJob.java:235)
11-18 16:03:49.973 11679 11679 I Glide   : 	at java.util.concurrent.ThreadPoolExecutor.runWorker(ThreadPoolExecutor.java:1167)
11-18 16:03:49.973 11679 11679 I Glide   : 	at java.util.concurrent.ThreadPoolExecutor$Worker.run(ThreadPoolExecutor.java:641)
11-18 16:03:49.973 11679 11679 I Glide   : 	at com.bumptech.glide.load.engine.executor.GlideExecutor$DefaultThreadFactory$1.run(GlideExecutor.java:421)
11-18 16:03:49.973 11679 11679 I Glide   : 	at java.lang.Thread.run(Thread.java:923)
11-18 16:03:49.973 11679 11679 I Glide   : 	at com.bumptech.glide.load.engine.executor.GlideExecutor$DefaultPriorityThreadFactory$1.run(GlideExecutor.java:380)
11-18 16:03:49.973 11679 11679 I Glide   : Caused by: java.io.FileNotFoundException: http://dockerproxmox.duckdns.org:8125/img/65/raw
11-18 16:03:49.973 11679 11679 I Glide   : 	at com.android.okhttp.internal.huc.HttpURLConnectionImpl.getInputStream(HttpURLConnectionImpl.java:255)
11-18 16:03:49.973 11679 11679 I Glide   : 	at com.bumptech.glide.load.data.HttpUrlFetcher.loadDataWithRedirects(HttpUrlFetcher.java:95)
11-18 16:03:49.973 11679 11679 I Glide   : 	... 12 more
11-18 16:03:57.755 11679 13645 W SendBird: [16:03:57.754 Connection$1:onMessage():235] onMessage instance : [PONG] com.sendbird.android.Connection@b9ce7c0
11-18 16:03:57.756 11679 13645 W Sendbird: [16:03:57.755 Connection$1:onMessage():236] onMessage instance : [PONG] com.sendbird.android.Connection@b9ce7c0
11-18 16:03:57.759 11679 11931 W SendBird: [16:03:57.759 EventController$1:call():141] ++ result[PONG] runnable=null
11-18 16:04:12.781 11679 13645 W SendBird: [16:04:12.780 Connection$1:onMessage():235] onMessage instance : [PONG] com.sendbird.android.Connection@b9ce7c0
11-18 16:04:12.782 11679 13645 W Sendbird: [16:04:12.781 Connection$1:onMessage():236] onMessage instance : [PONG] com.sendbird.android.Connection@b9ce7c0
11-18 16:04:12.786 11679 11931 W SendBird: [16:04:12.786 EventController$1:call():141] ++ result[PONG] runnable=null
11-18 16:04:24.662 11679 11679 I Timeline: Timeline: Activity_launch_request time:192438749
11-18 16:04:24.718 11679 11679 D DecorView[]: getWindowModeFromSystem  windowmode is 1
11-18 16:04:24.718 11679 11679 D DecorView: createDecorCaptionView windowingMode:1 mWindowMode 1 isFullscreen: true
11-18 16:04:24.728 11679 11679 I SBUIKIT : [16:04:24.727 SelectUserFragment:onCreate():48] >> SelectUserFragment::onCreate()
11-18 16:04:24.746 11679 11679 D SBUIKIT : [16:04:24.746 BaseFragment:connect():35] >> BaseFragment::connect()
11-18 16:04:24.775 11679 11679 E RecyclerView: No adapter attached; skipping layout
11-18 16:04:24.795 11679 13671 D SBUIKIT : [16:04:24.794 SendBirdUIKit$2:call():298] ++ user nickname = Conny🌹, profileUrl = http://dockerproxmox.duckdns.org:8125/img/82/raw
11-18 16:04:24.814 11679 11679 D SBUIKIT : [16:04:24.814 BaseFragment:lambda$connect$0$com-sendbird-uikit-fragments-BaseFragment():37] ++ BaseFragment::connect e : null
11-18 16:04:24.815 11679 11679 I SBUIKIT : [16:04:24.814 BaseGroupChannelFragment:onReady():20] >> BaseGroupChannelFragment::onReady(READY)
11-18 16:04:24.815 11679 11679 I SBUIKIT : [16:04:24.815 BaseGroupChannelFragment:onReady():21] ++ user : User{mUserId='concettaacampora2001@gmail.com', mNickname='Conny🌹', mProfileUrl='http://dockerproxmox.duckdns.org:8125/img/82/raw', mFriendDiscoveryKey='null', mFriendName='null', mMetaData={}, mConnectionStatus=NON_AVAILABLE, mLastSeenAt=0, mIsActive=true, mPreferredLanguages=[]}
11-18 16:04:24.912 11679 11679 D SBUIKIT : [16:04:24.911 SelectableUserInfoListViewModel:lambda$loadFromSendBird$1():211] ++ list : [User{mUserId='viscardi.anna@ymail.com', mNickname='Anna Viscardi', mProfileUrl='http://dockerproxmox.duckdns.org:8125/img/75/raw', mFriendDiscoveryKey='null', mFriendName='null', mMetaData={}, mConnectionStatus=OFFLINE, mLastSeenAt=1668696685233, mIsActive=true, mPreferredLanguages=[]}, User{mUserId='sojane2451@dicopto.com', mNickname='sojane2451', mProfileUrl='', mFriendDiscoveryKey='null', mFriendName='null', mMetaData={}, mConnectionStatus=OFFLINE, mLastSeenAt=1666192550950, mIsActive=true, mPreferredLanguages=[]}, User{mUserId='dopiermowie@gmail.com', mNickname='Gianluca Perna', mProfileUrl='http://dockerproxmox.duckdns.org:8125/img/63/raw', mFriendDiscoveryKey='null', mFriendName='null', mMetaData={}, mConnectionStatus=OFFLINE, mLastSeenAt=1666957825055, mIsActive=true, mPreferredLanguages=[]}, User{mUserId='concettaacampora2001@gmail.com', mNickname='Conny🌹', mProfileUrl='http://dockerproxmox.duckdns.org:8125/img/82/raw', mFriendDiscoveryKey='null', mFriendName='null', mMetaData={}, mConnectionStatus=ONLINE, mLastSeenAt=0, mIsActive=true, mPreferredLanguages=[]}, User{mUserId='mannaggiaallamadonna@blu.it', mNickname='mannaggiaallamadonna', mProfileUrl='', mFriendDiscoveryKey='null', mFriendName='null', mMetaData={}, mConnectionStatus=OFFLINE, mLastSeenAt=1664193035452, mIsActive=true, mPreferredLanguages=[]}, User{mUserId='daniellomary2@gmail.com', mNickname='Mary', mProfileUrl='http://dockerproxmox.duckdns.org:8125/img/26/raw', mFriendDiscoveryKey='null', mFriendName='null', mMetaData={}, mConnectionStatus=OFFLINE, mLastSeenAt=1657569626964, mIsActive=true, mPreferredLanguages=[]}, User{mUserId='destasiofrancesco2000@gmail.com', mNickname='Francesco De Stasio', mProfileUrl='https://lh3.googleusercontent.com/a/AATXAJxecMfLPUaEXs54_3LFZtde7d_D9l5RANsL1ljj=s96-c', mFriendDiscoveryKey='null', mFriendName='null', mMetaData={}, mConnectionStatus=OFFLINE, mLastSeenAt=165550027
11-18 16:04:24.912 11679 11679 D SBUIKIT : Cont(1) 1937, mIsActive=true, mPreferredLanguages=[]}, User{mUserId='emanuele.ladaga@gmail.com', mNickname='Emanuele', mProfileUrl='http://dockerproxmox.duckdns.org:8125/img/62/raw', mFriendDiscoveryKey='null', mFriendName='null', mMetaData={}, mConnectionStatus=OFFLINE, mLastSeenAt=1668772655259, mIsActive=true, mPreferredLanguages=[]}, User{mUserId='cladotti31@gmail.com', mNickname='claudio velotti', mProfileUrl='http://dockerproxmox.duckdns.org:8125/img/10/raw', mFriendDiscoveryKey='null', mFriendName='null', mMetaData={}, mConnectionStatus=OFFLINE, mLastSeenAt=1667578063928, mIsActive=true, mPreferredLanguages=[]}, User{mUserId='matteorichard.gaudino@gmail.com', mNickname='matte', mProfileUrl='http://dockerproxmox.duckdns.org:8125/img/58/raw', mFriendDiscoveryKey='null', mFriendName='null', mMetaData={}, mConnectionStatus=OFFLINE, mLastSeenAt=1668783459321, mIsActive=true, mPreferredLanguages=[]}, User{mUserId='gioanniform@gmail.com', mNickname='xzcvzxv', mProfileUrl='http://dockerproxmox.duckdns.org:8125/img/65/raw', mFriendDiscoveryKey='null', mFriendName='null', mMetaData={}, mConnectionStatus=OFFLINE, mLastSeenAt=1668774417341, mIsActive=true, mPreferredLanguages=[]}, User{mUserId='537943', mNickname='Rmc', mProfileUrl='', mFriendDiscoveryKey='null', mFriendName='null', mMetaData={}, mConnectionStatus=OFFLINE, mLastSeenAt=1664446886757, mIsActive=true, mPreferredLanguages=[]}]
11-18 16:04:24.914 11679 11679 D SBUIKIT : [16:04:24.914 SelectUserFragment:lambda$initUserList$4$com-sendbird-uikit-fragments-SelectUserFragment():232] ++ users size : 11
11-18 16:04:26.181 11679 11679 D SBUIKIT : [16:04:26.180 UserListAdapter$UserPreviewHolder:lambda$new$0$com-sendbird-uikit-activities-adapter-UserListAdapter$UserPreviewHolder():197] ++ isSelected : false, userName : Emanuele
11-18 16:04:26.236 11679 11679 W Glide   : Load failed for [http://dockerproxmox.duckdns.org:8125/img/65/raw] with dimensions [176x176]
11-18 16:04:26.236 11679 11679 W Glide   : class com.bumptech.glide.load.engine.GlideException: Failed to load resource
11-18 16:04:26.236 11679 11679 W Glide   : There was 1 root cause:
11-18 16:04:26.236 11679 11679 W Glide   : com.bumptech.glide.load.HttpException(Failed to connect or obtain data, status code: 500)
11-18 16:04:26.236 11679 11679 W Glide   :  call GlideException#logRootCauses(String) for more detail
11-18 16:04:26.236 11679 11679 W Glide   :   Cause (1 of 1): class com.bumptech.glide.load.engine.GlideException: Fetching data failed, class java.io.InputStream, REMOTE
11-18 16:04:26.236 11679 11679 W Glide   : There was 1 root cause:
11-18 16:04:26.236 11679 11679 W Glide   : com.bumptech.glide.load.HttpException(Failed to connect or obtain data, status code: 500)
11-18 16:04:26.236 11679 11679 W Glide   :  call GlideException#logRootCauses(String) for more detail
11-18 16:04:26.236 11679 11679 W Glide   :     Cause (1 of 1): class com.bumptech.glide.load.engine.GlideException: Fetch failed
11-18 16:04:26.236 11679 11679 W Glide   : There was 1 root cause:
11-18 16:04:26.236 11679 11679 W Glide   : com.bumptech.glide.load.HttpException(Failed to connect or obtain data, status code: 500)
11-18 16:04:26.236 11679 11679 W Glide   :  call GlideException#logRootCauses(String) for more detail
11-18 16:04:26.236 11679 11679 W Glide   :       Cause (1 of 1): class com.bumptech.glide.load.HttpException: Failed to connect or obtain data, status code: 500
11-18 16:04:26.239 11679 11679 I Glide   : Root cause (1 of 1)
11-18 16:04:26.239 11679 11679 I Glide   : com.bumptech.glide.load.HttpException: Failed to connect or obtain data, status code: 500
11-18 16:04:26.239 11679 11679 I Glide   : 	at com.bumptech.glide.load.data.HttpUrlFetcher.loadDataWithRedirects(HttpUrlFetcher.java:98)
11-18 16:04:26.239 11679 11679 I Glide   : 	at com.bumptech.glide.load.data.HttpUrlFetcher.loadData(HttpUrlFetcher.java:58)
11-18 16:04:26.239 11679 11679 I Glide   : 	at com.bumptech.glide.load.model.MultiModelLoader$MultiFetcher.loadData(MultiModelLoader.java:100)
11-18 16:04:26.239 11679 11679 I Glide   : 	at com.bumptech.glide.load.engine.SourceGenerator.startNextLoad(SourceGenerator.java:95)
11-18 16:04:26.239 11679 11679 I Glide   : 	at com.bumptech.glide.load.engine.SourceGenerator.startNext(SourceGenerator.java:88)
11-18 16:04:26.239 11679 11679 I Glide   : 	at com.bumptech.glide.load.engine.DecodeJob.runGenerators(DecodeJob.java:311)
11-18 16:04:26.239 11679 11679 I Glide   : 	at com.bumptech.glide.load.engine.DecodeJob.runWrapped(DecodeJob.java:280)
11-18 16:04:26.239 11679 11679 I Glide   : 	at com.bumptech.glide.load.engine.DecodeJob.run(DecodeJob.java:235)
11-18 16:04:26.239 11679 11679 I Glide   : 	at java.util.concurrent.ThreadPoolExecutor.runWorker(ThreadPoolExecutor.java:1167)
11-18 16:04:26.239 11679 11679 I Glide   : 	at java.util.concurrent.ThreadPoolExecutor$Worker.run(ThreadPoolExecutor.java:641)
11-18 16:04:26.239 11679 11679 I Glide   : 	at com.bumptech.glide.load.engine.executor.GlideExecutor$DefaultThreadFactory$1.run(GlideExecutor.java:421)
11-18 16:04:26.239 11679 11679 I Glide   : 	at java.lang.Thread.run(Thread.java:923)
11-18 16:04:26.239 11679 11679 I Glide   : 	at com.bumptech.glide.load.engine.executor.GlideExecutor$DefaultPriorityThreadFactory$1.run(GlideExecutor.java:380)
11-18 16:04:26.239 11679 11679 I Glide   : Caused by: java.io.FileNotFoundException: http://dockerproxmox.duckdns.org:8125/img/65/raw
11-18 16:04:26.239 11679 11679 I Glide   : 	at com.android.okhttp.internal.huc.HttpURLConnectionImpl.getInputStream(HttpURLConnectionImpl.java:255)
11-18 16:04:26.239 11679 11679 I Glide   : 	at com.bumptech.glide.load.data.HttpUrlFetcher.loadDataWithRedirects(HttpUrlFetcher.java:95)
11-18 16:04:26.239 11679 11679 I Glide   : 	... 12 more
11-18 16:04:27.788 11679 13645 W SendBird: [16:04:27.787 Connection$1:onMessage():235] onMessage instance : [PONG] com.sendbird.android.Connection@b9ce7c0
11-18 16:04:27.789 11679 13645 W Sendbird: [16:04:27.788 Connection$1:onMessage():236] onMessage instance : [PONG] com.sendbird.android.Connection@b9ce7c0
11-18 16:04:27.795 11679 11931 W SendBird: [16:04:27.794 EventController$1:call():141] ++ result[PONG] runnable=null
11-18 16:04:36.166 11679 11679 D SBUIKIT : [16:04:36.165 ChannelListViewModel:disposeChannelCollection():45] >> ChannelListViewModel::disposeChannelCollection()
11-18 16:04:36.427 11679 11693 I om.rmc.natour2: Background concurrent copying GC freed 204385(10MB) AllocSpace objects, 55(1744KB) LOS objects, 49% free, 14MB/28MB, paused 1.118ms total 138.679ms
11-18 16:04:37.188 11679 11679 I AssistStructure: Flattened final assist data: 5056 bytes, containing 1 windows, 46 views
11-18 16:04:39.119 11679 11679 W Glide   : Load failed for [http://dockerproxmox.duckdns.org:8125/img/64/raw] with dimensions [1024x523]
11-18 16:04:39.119 11679 11679 W Glide   : class com.bumptech.glide.load.engine.GlideException: Failed to load resource
11-18 16:04:39.119 11679 11679 W Glide   : There was 1 root cause:
11-18 16:04:39.119 11679 11679 W Glide   : com.bumptech.glide.load.HttpException(Failed to connect or obtain data, status code: -1)
11-18 16:04:39.119 11679 11679 W Glide   :  call GlideException#logRootCauses(String) for more detail
11-18 16:04:39.119 11679 11679 W Glide   :   Cause (1 of 1): class com.bumptech.glide.load.engine.GlideException: Fetching data failed, class java.io.InputStream, REMOTE
11-18 16:04:39.119 11679 11679 W Glide   : There was 1 root cause:
11-18 16:04:39.119 11679 11679 W Glide   : com.bumptech.glide.load.HttpException(Failed to connect or obtain data, status code: -1)
11-18 16:04:39.119 11679 11679 W Glide   :  call GlideException#logRootCauses(String) for more detail
11-18 16:04:39.119 11679 11679 W Glide   :     Cause (1 of 1): class com.bumptech.glide.load.engine.GlideException: Fetch failed
11-18 16:04:39.119 11679 11679 W Glide   : There was 1 root cause:
11-18 16:04:39.119 11679 11679 W Glide   : com.bumptech.glide.load.HttpException(Failed to connect or obtain data, status code: -1)
11-18 16:04:39.119 11679 11679 W Glide   :  call GlideException#logRootCauses(String) for more detail
11-18 16:04:39.119 11679 11679 W Glide   :       Cause (1 of 1): class com.bumptech.glide.load.HttpException: Failed to connect or obtain data, status code: -1
11-18 16:04:39.123 11679 11679 I Glide   : Root cause (1 of 1)
11-18 16:04:39.123 11679 11679 I Glide   : com.bumptech.glide.load.HttpException: Failed to connect or obtain data, status code: -1
11-18 16:04:39.123 11679 11679 I Glide   : 	at com.bumptech.glide.load.data.HttpUrlFetcher.loadDataWithRedirects(HttpUrlFetcher.java:98)
11-18 16:04:39.123 11679 11679 I Glide   : 	at com.bumptech.glide.load.data.HttpUrlFetcher.loadData(HttpUrlFetcher.java:58)
11-18 16:04:39.123 11679 11679 I Glide   : 	at com.bumptech.glide.load.model.MultiModelLoader$MultiFetcher.loadData(MultiModelLoader.java:100)
11-18 16:04:39.123 11679 11679 I Glide   : 	at com.bumptech.glide.load.engine.SourceGenerator.startNextLoad(SourceGenerator.java:95)
11-18 16:04:39.123 11679 11679 I Glide   : 	at com.bumptech.glide.load.engine.SourceGenerator.startNext(SourceGenerator.java:88)
11-18 16:04:39.123 11679 11679 I Glide   : 	at com.bumptech.glide.load.engine.DecodeJob.runGenerators(DecodeJob.java:311)
11-18 16:04:39.123 11679 11679 I Glide   : 	at com.bumptech.glide.load.engine.DecodeJob.runWrapped(DecodeJob.java:280)
11-18 16:04:39.123 11679 11679 I Glide   : 	at com.bumptech.glide.load.engine.DecodeJob.run(DecodeJob.java:235)
11-18 16:04:39.123 11679 11679 I Glide   : 	at java.util.concurrent.ThreadPoolExecutor.runWorker(ThreadPoolExecutor.java:1167)
11-18 16:04:39.123 11679 11679 I Glide   : 	at java.util.concurrent.ThreadPoolExecutor$Worker.run(ThreadPoolExecutor.java:641)
11-18 16:04:39.123 11679 11679 I Glide   : 	at com.bumptech.glide.load.engine.executor.GlideExecutor$DefaultThreadFactory$1.run(GlideExecutor.java:421)
11-18 16:04:39.123 11679 11679 I Glide   : 	at java.lang.Thread.run(Thread.java:923)
11-18 16:04:39.123 11679 11679 I Glide   : 	at com.bumptech.glide.load.engine.executor.GlideExecutor$DefaultPriorityThreadFactory$1.run(GlideExecutor.java:380)
11-18 16:04:39.123 11679 11679 I Glide   : Caused by: java.net.SocketTimeoutException: timeout
11-18 16:04:39.123 11679 11679 I Glide   : 	at com.android.okhttp.okio.Okio$3.newTimeoutException(Okio.java:214)
11-18 16:04:39.123 11679 11679 I Glide   : 	at com.android.okhttp.okio.AsyncTimeout.exit(AsyncTimeout.java:263)
11-18 16:04:39.123 11679 11679 I Glide   : 	at com.android.okhttp.okio.AsyncTimeout$2.read(AsyncTimeout.java:217)
11-18 16:04:39.123 11679 11679 I Glide   : 	at com.android.okhttp.okio.RealBufferedSource.indexOf(RealBufferedSource.java:307)
11-18 16:04:39.123 11679 11679 I Glide   : 	at com.android.okhttp.okio.RealBufferedSource.indexOf(RealBufferedSource.java:301)
11-18 16:04:39.123 11679 11679 I Glide   : 	at com.android.okhttp.okio.RealBufferedSource.readUtf8LineStrict(RealBufferedSource.java:197)
11-18 16:04:39.123 11679 11679 I Glide   : 	at com.android.okhttp.internal.http.Http1xStream.readResponse(Http1xStream.java:188)
11-18 16:04:39.123 11679 11679 I Glide   : 	at com.android.okhttp.internal.http.Http1xStream.readResponseHeaders(Http1xStream.java:129)
11-18 16:04:39.123 11679 11679 I Glide   : 	at com.android.okhttp.internal.http.HttpEngine.readNetworkResponse(HttpEngine.java:750)
11-18 16:04:39.123 11679 11679 I Glide   : 	at com.android.okhttp.internal.http.HttpEngine.readResponse(HttpEngine.java:622)
11-18 16:04:39.123 11679 11679 I Glide   : 	at com.android.okhttp.internal.huc.HttpURLConnectionImpl.execute(HttpURLConnectionImpl.java:475)
11-18 16:04:39.123 11679 11679 I Glide   : 	at com.android.okhttp.internal.huc.HttpURLConnectionImpl.getResponse(HttpURLConnectionImpl.java:411)
11-18 16:04:39.123 11679 11679 I Glide   : 	at com.android.okhttp.internal.huc.HttpURLConnectionImpl.getInputStream(HttpURLConnectionImpl.java:248)
11-18 16:04:39.123 11679 11679 I Glide   : 	at com.bumptech.glide.load.data.HttpUrlFetcher.loadDataWithRedirects(HttpUrlFetcher.java:95)
11-18 16:04:39.123 11679 11679 I Glide   : 	... 12 more
11-18 16:04:39.123 11679 11679 I Glide   : Caused by: java.net.SocketException: Socket closed
11-18 16:04:39.123 11679 11679 I Glide   : 	at java.net.SocketInputStream.read(SocketInputStream.java:209)
11-18 16:04:39.123 11679 11679 I Glide   : 	at java.net.SocketInputStream.read(SocketInputStream.java:144)
11-18 16:04:39.123 11679 11679 I Glide   : 	at com.android.okhttp.okio.Okio$2.read(Okio.java:138)
11-18 16:04:39.123 11679 11679 I Glide   : 	at com.android.okhttp.okio.AsyncTimeout$2.read(AsyncTimeout.java:213)
11-18 16:04:39.123 11679 11679 I Glide   : 	... 23 more
11-18 16:04:42.771 11679 13645 W SendBird: [16:04:42.771 Connection$1:onMessage():235] onMessage instance : [PONG] com.sendbird.android.Connection@b9ce7c0
11-18 16:04:42.772 11679 13645 W Sendbird: [16:04:42.772 Connection$1:onMessage():236] onMessage instance : [PONG] com.sendbird.android.Connection@b9ce7c0
11-18 16:04:42.777 11679 11931 W SendBird: [16:04:42.776 EventController$1:call():141] ++ result[PONG] runnable=null
11-18 16:04:43.469 11679 11679 I Timeline: Timeline: Activity_launch_request time:192457556
11-18 16:04:43.540 11679 11679 D DecorView[]: getWindowModeFromSystem  windowmode is 1
11-18 16:04:43.540 11679 11679 D DecorView: createDecorCaptionView windowingMode:1 mWindowMode 1 isFullscreen: true
11-18 16:04:46.686 11679 11777 W System.err: io.ktor.client.network.sockets.SocketTimeoutException: Socket timeout has expired [url=http://dockerproxmox.duckdns.org:8125/path/Le rive dell'alcantara/imgs/all, socket_timeout=unknown] ms
11-18 16:04:46.686 11679 11777 W System.err: 	at io.ktor.client.plugins.HttpTimeoutKt.SocketTimeoutException(HttpTimeout.kt:209)
11-18 16:04:46.686 11679 11777 W System.err: 	at io.ktor.client.engine.okhttp.OkUtilsKt.mapOkHttpException(OkUtils.kt:79)
11-18 16:04:46.686 11679 11777 W System.err: 	at io.ktor.client.engine.okhttp.OkUtilsKt.access$mapOkHttpException(OkUtils.kt:1)
11-18 16:04:46.686 11679 11777 W System.err: 	at io.ktor.client.engine.okhttp.OkHttpCallback.onFailure(OkUtils.kt:39)
11-18 16:04:46.686 11679 11777 W System.err: 	at okhttp3.internal.connection.RealCall$AsyncCall.run(RealCall.kt:510)
11-18 16:04:46.686 11679 11777 W System.err: 	at java.util.concurrent.ThreadPoolExecutor.runWorker(ThreadPoolExecutor.java:1167)
11-18 16:04:46.686 11679 11777 W System.err: 	at java.util.concurrent.ThreadPoolExecutor$Worker.run(ThreadPoolExecutor.java:641)
11-18 16:04:46.687 11679 11777 W System.err: 	at java.lang.Thread.run(Thread.java:923)
11-18 16:04:46.687 11679 11777 W System.err: Caused by: java.net.SocketTimeoutException: timeout
11-18 16:04:46.687 11679 11777 W System.err: 	at okio.SocketAsyncTimeout.newTimeoutException(JvmOkio.kt:143)
11-18 16:04:46.687 11679 11777 W System.err: 	at okio.AsyncTimeout.access$newTimeoutException(AsyncTimeout.kt:162)
11-18 16:04:46.687 11679 11777 W System.err: 	at okio.AsyncTimeout$source$1.read(AsyncTimeout.kt:340)
11-18 16:04:46.687 11679 11777 W System.err: 	at okio.RealBufferedSource.indexOf(RealBufferedSource.kt:449)
11-18 16:04:46.687 11679 11777 W System.err: 	at okio.RealBufferedSource.readUtf8LineStrict(RealBufferedSource.kt:333)
11-18 16:04:46.687 11679 11777 W System.err: 	at okhttp3.internal.http1.HeadersReader.readLine(HeadersReader.kt:29)
11-18 16:04:46.687 11679 11777 W System.err: 	at okhttp3.internal.http1.Http1ExchangeCodec.readResponseHeaders(Http1ExchangeCodec.kt:178)
11-18 16:04:46.688 11679 11777 W System.err: 	at okhttp3.internal.connection.Exchange.readResponseHeaders(Exchange.kt:106)
11-18 16:04:46.688 11679 11777 W System.err: 	at okhttp3.internal.http.CallServerInterceptor.intercept(CallServerInterceptor.kt:79)
11-18 16:04:46.688 11679 11777 W System.err: 	at okhttp3.internal.http.RealInterceptorChain.proceed(RealInterceptorChain.kt:100)
11-18 16:04:46.688 11679 11777 W System.err: 	at okhttp3.internal.connection.ConnectInterceptor.intercept(ConnectInterceptor.kt:34)
11-18 16:04:46.688 11679 11777 W System.err: 	at okhttp3.internal.http.RealInterceptorChain.proceed(RealInterceptorChain.kt:100)
11-18 16:04:46.688 11679 11777 W System.err: 	at okhttp3.internal.cache.CacheInterceptor.intercept(CacheInterceptor.kt:96)
11-18 16:04:46.688 11679 11777 W System.err: 	at okhttp3.internal.http.RealInterceptorChain.proceed(RealInterceptorChain.kt:100)
11-18 16:04:46.688 11679 11777 W System.err: 	at okhttp3.internal.http.BridgeInterceptor.intercept(BridgeInterceptor.kt:83)
11-18 16:04:46.688 11679 11777 W System.err: 	at okhttp3.internal.http.RealInterceptorChain.proceed(RealInterceptorChain.kt:100)
11-18 16:04:46.688 11679 11777 W System.err: 	at okhttp3.internal.http.RetryAndFollowUpInterceptor.intercept(RetryAndFollowUpInterceptor.kt:76)
11-18 16:04:46.688 11679 11777 W System.err: 	at okhttp3.internal.http.RealInterceptorChain.proceed(RealInterceptorChain.kt:100)
11-18 16:04:46.688 11679 11777 W System.err: 	at okhttp3.internal.connection.RealCall.getResponseWithInterceptorChain$okhttp(RealCall.kt:197)
11-18 16:04:46.689 11679 11777 W System.err: 	at okhttp3.internal.connection.RealCall$AsyncCall.run(RealCall.kt:502)
11-18 16:04:46.689 11679 11777 W System.err: 	... 3 more
11-18 16:04:46.689 11679 11777 W System.err: Caused by: java.net.SocketException: Socket closed
11-18 16:04:46.689 11679 11777 W System.err: 	at java.net.SocketInputStream.read(SocketInputStream.java:209)
11-18 16:04:46.689 11679 11777 W System.err: 	at java.net.SocketInputStream.read(SocketInputStream.java:144)
11-18 16:04:46.689 11679 11777 W System.err: 	at okio.InputStreamSource.read(JvmOkio.kt:90)
11-18 16:04:46.689 11679 11777 W System.err: 	at okio.AsyncTimeout$source$1.read(AsyncTimeout.kt:129)
11-18 16:04:46.689 11679 11777 W System.err: 	... 20 more
11-18 16:04:50.472 11679 11679 I AssistStructure: Flattened final assist data: 1896 bytes, containing 2 windows, 12 views
11-18 16:04:53.878 11679 11679 I Timeline: Timeline: Activity_launch_request time:192467965
11-18 16:04:53.933 11679 11679 D DecorView[]: getWindowModeFromSystem  windowmode is 1
11-18 16:04:53.933 11679 11679 D DecorView: createDecorCaptionView windowingMode:1 mWindowMode 1 isFullscreen: true
11-18 16:04:56.618 11679 11679 W Glide   : Load failed for [http://dockerproxmox.duckdns.org:8125/img/24/raw] with dimensions [1080x550]
11-18 16:04:56.618 11679 11679 W Glide   : class com.bumptech.glide.load.engine.GlideException: Failed to load resource
11-18 16:04:56.618 11679 11679 W Glide   : There was 1 root cause:
11-18 16:04:56.618 11679 11679 W Glide   : com.bumptech.glide.load.HttpException(Failed to connect or obtain data, status code: -1)
11-18 16:04:56.618 11679 11679 W Glide   :  call GlideException#logRootCauses(String) for more detail
11-18 16:04:56.618 11679 11679 W Glide   :   Cause (1 of 1): class com.bumptech.glide.load.engine.GlideException: Fetching data failed, class java.io.InputStream, REMOTE
11-18 16:04:56.618 11679 11679 W Glide   : There was 1 root cause:
11-18 16:04:56.618 11679 11679 W Glide   : com.bumptech.glide.load.HttpException(Failed to connect or obtain data, status code: -1)
11-18 16:04:56.618 11679 11679 W Glide   :  call GlideException#logRootCauses(String) for more detail
11-18 16:04:56.618 11679 11679 W Glide   :     Cause (1 of 1): class com.bumptech.glide.load.engine.GlideException: Fetch failed
11-18 16:04:56.618 11679 11679 W Glide   : There was 1 root cause:
11-18 16:04:56.618 11679 11679 W Glide   : com.bumptech.glide.load.HttpException(Failed to connect or obtain data, status code: -1)
11-18 16:04:56.618 11679 11679 W Glide   :  call GlideException#logRootCauses(String) for more detail
11-18 16:04:56.618 11679 11679 W Glide   :       Cause (1 of 1): class com.bumptech.glide.load.HttpException: Failed to connect or obtain data, status code: -1
11-18 16:04:56.620 11679 11679 I Glide   : Root cause (1 of 1)
11-18 16:04:56.620 11679 11679 I Glide   : com.bumptech.glide.load.HttpException: Failed to connect or obtain data, status code: -1
11-18 16:04:56.620 11679 11679 I Glide   : 	at com.bumptech.glide.load.data.HttpUrlFetcher.loadDataWithRedirects(HttpUrlFetcher.java:98)
11-18 16:04:56.620 11679 11679 I Glide   : 	at com.bumptech.glide.load.data.HttpUrlFetcher.loadData(HttpUrlFetcher.java:58)
11-18 16:04:56.620 11679 11679 I Glide   : 	at com.bumptech.glide.load.model.MultiModelLoader$MultiFetcher.loadData(MultiModelLoader.java:100)
11-18 16:04:56.620 11679 11679 I Glide   : 	at com.bumptech.glide.load.engine.SourceGenerator.startNextLoad(SourceGenerator.java:95)
11-18 16:04:56.620 11679 11679 I Glide   : 	at com.bumptech.glide.load.engine.SourceGenerator.startNext(SourceGenerator.java:88)
11-18 16:04:56.620 11679 11679 I Glide   : 	at com.bumptech.glide.load.engine.DecodeJob.runGenerators(DecodeJob.java:311)
11-18 16:04:56.620 11679 11679 I Glide   : 	at com.bumptech.glide.load.engine.DecodeJob.runWrapped(DecodeJob.java:280)
11-18 16:04:56.620 11679 11679 I Glide   : 	at com.bumptech.glide.load.engine.DecodeJob.run(DecodeJob.java:235)
11-18 16:04:56.620 11679 11679 I Glide   : 	at java.util.concurrent.ThreadPoolExecutor.runWorker(ThreadPoolExecutor.java:1167)
11-18 16:04:56.620 11679 11679 I Glide   : 	at java.util.concurrent.ThreadPoolExecutor$Worker.run(ThreadPoolExecutor.java:641)
11-18 16:04:56.620 11679 11679 I Glide   : 	at com.bumptech.glide.load.engine.executor.GlideExecutor$DefaultThreadFactory$1.run(GlideExecutor.java:421)
11-18 16:04:56.620 11679 11679 I Glide   : 	at java.lang.Thread.run(Thread.java:923)
11-18 16:04:56.620 11679 11679 I Glide   : 	at com.bumptech.glide.load.engine.executor.GlideExecutor$DefaultPriorityThreadFactory$1.run(GlideExecutor.java:380)
11-18 16:04:56.620 11679 11679 I Glide   : Caused by: java.net.SocketTimeoutException: timeout
11-18 16:04:56.620 11679 11679 I Glide   : 	at com.android.okhttp.okio.Okio$3.newTimeoutException(Okio.java:214)
11-18 16:04:56.620 11679 11679 I Glide   : 	at com.android.okhttp.okio.AsyncTimeout.exit(AsyncTimeout.java:263)
11-18 16:04:56.620 11679 11679 I Glide   : 	at com.android.okhttp.okio.AsyncTimeout$2.read(AsyncTimeout.java:217)
11-18 16:04:56.620 11679 11679 I Glide   : 	at com.android.okhttp.okio.RealBufferedSource.indexOf(RealBufferedSource.java:307)
11-18 16:04:56.620 11679 11679 I Glide   : 	at com.android.okhttp.okio.RealBufferedSource.indexOf(RealBufferedSource.java:301)
11-18 16:04:56.620 11679 11679 I Glide   : 	at com.android.okhttp.okio.RealBufferedSource.readUtf8LineStrict(RealBufferedSource.java:197)
11-18 16:04:56.620 11679 11679 I Glide   : 	at com.android.okhttp.internal.http.Http1xStream.readResponse(Http1xStream.java:188)
11-18 16:04:56.620 11679 11679 I Glide   : 	at com.android.okhttp.internal.http.Http1xStream.readResponseHeaders(Http1xStream.java:129)
11-18 16:04:56.620 11679 11679 I Glide   : 	at com.android.okhttp.internal.http.HttpEngine.readNetworkResponse(HttpEngine.java:750)
11-18 16:04:56.620 11679 11679 I Glide   : 	at com.android.okhttp.internal.http.HttpEngine.readResponse(HttpEngine.java:622)
11-18 16:04:56.620 11679 11679 I Glide   : 	at com.android.okhttp.internal.huc.HttpURLConnectionImpl.execute(HttpURLConnectionImpl.java:475)
11-18 16:04:56.620 11679 11679 I Glide   : 	at com.android.okhttp.internal.huc.HttpURLConnectionImpl.getResponse(HttpURLConnectionImpl.java:411)
11-18 16:04:56.620 11679 11679 I Glide   : 	at com.android.okhttp.internal.huc.HttpURLConnectionImpl.getInputStream(HttpURLConnectionImpl.java:248)
11-18 16:04:56.620 11679 11679 I Glide   : 	at com.bumptech.glide.load.data.HttpUrlFetcher.loadDataWithRedirects(HttpUrlFetcher.java:95)
11-18 16:04:56.620 11679 11679 I Glide   : 	... 12 more
11-18 16:04:56.620 11679 11679 I Glide   : Caused by: java.net.SocketException: Socket closed
11-18 16:04:56.620 11679 11679 I Glide   : 	at java.net.SocketInputStream.read(SocketInputStream.java:209)
11-18 16:04:56.620 11679 11679 I Glide   : 	at java.net.SocketInputStream.read(SocketInputStream.java:144)
11-18 16:04:56.620 11679 11679 I Glide   : 	at com.android.okhttp.okio.Okio$2.read(Okio.java:138)
11-18 16:04:56.620 11679 11679 I Glide   : 	at com.android.okhttp.okio.AsyncTimeout$2.read(AsyncTimeout.java:213)
11-18 16:04:56.620 11679 11679 I Glide   : 	... 23 more
11-18 16:04:57.779 11679 13645 W SendBird: [16:04:57.777 Connection$1:onMessage():235] onMessage instance : [PONG] com.sendbird.android.Connection@b9ce7c0
11-18 16:04:57.781 11679 13645 W Sendbird: [16:04:57.780 Connection$1:onMessage():236] onMessage instance : [PONG] com.sendbird.android.Connection@b9ce7c0
11-18 16:04:57.787 11679 11931 W SendBird: [16:04:57.787 EventController$1:call():141] ++ result[PONG] runnable=null
11-18 16:05:12.782 11679 13645 W SendBird: [16:05:12.781 Connection$1:onMessage():235] onMessage instance : [PONG] com.sendbird.android.Connection@b9ce7c0
11-18 16:05:12.784 11679 13645 W Sendbird: [16:05:12.782 Connection$1:onMessage():236] onMessage instance : [PONG] com.sendbird.android.Connection@b9ce7c0
11-18 16:05:12.789 11679 11931 W SendBird: [16:05:12.788 EventController$1:call():141] ++ result[PONG] runnable=null
11-18 16:05:25.529 11679 11679 I Timeline: Timeline: Activity_launch_request time:192499616
11-18 16:05:25.609 11679 11679 D DecorView[]: getWindowModeFromSystem  windowmode is 1
11-18 16:05:25.609 11679 11679 D DecorView: createDecorCaptionView windowingMode:1 mWindowMode 1 isFullscreen: true
11-18 16:05:27.782 11679 13645 W SendBird: [16:05:27.782 Connection$1:onMessage():235] onMessage instance : [PONG] com.sendbird.android.Connection@b9ce7c0
11-18 16:05:27.784 11679 13645 W Sendbird: [16:05:27.783 Connection$1:onMessage():236] onMessage instance : [PONG] com.sendbird.android.Connection@b9ce7c0
11-18 16:05:27.788 11679 11931 W SendBird: [16:05:27.788 EventController$1:call():141] ++ result[PONG] runnable=null
11-18 16:05:31.269 11679 11777 W System.err: io.ktor.client.network.sockets.SocketTimeoutException: Socket timeout has expired [url=http://dockerproxmox.duckdns.org:8125/path/Sentiero Azzurro/imgs/all, socket_timeout=unknown] ms
11-18 16:05:31.270 11679 11777 W System.err: 	at io.ktor.client.plugins.HttpTimeoutKt.SocketTimeoutException(HttpTimeout.kt:209)
11-18 16:05:31.270 11679 11777 W System.err: 	at io.ktor.client.engine.okhttp.OkUtilsKt.mapOkHttpException(OkUtils.kt:79)
11-18 16:05:31.270 11679 11777 W System.err: 	at io.ktor.client.engine.okhttp.OkUtilsKt.access$mapOkHttpException(OkUtils.kt:1)
11-18 16:05:31.270 11679 11777 W System.err: 	at io.ktor.client.engine.okhttp.OkHttpCallback.onFailure(OkUtils.kt:39)
11-18 16:05:31.270 11679 11777 W System.err: 	at okhttp3.internal.connection.RealCall$AsyncCall.run(RealCall.kt:510)
11-18 16:05:31.270 11679 11777 W System.err: 	at java.util.concurrent.ThreadPoolExecutor.runWorker(ThreadPoolExecutor.java:1167)
11-18 16:05:31.271 11679 11777 W System.err: 	at java.util.concurrent.ThreadPoolExecutor$Worker.run(ThreadPoolExecutor.java:641)
11-18 16:05:31.271 11679 11777 W System.err: 	at java.lang.Thread.run(Thread.java:923)
11-18 16:05:31.271 11679 11777 W System.err: Caused by: java.net.SocketTimeoutException: timeout
11-18 16:05:31.272 11679 11777 W System.err: 	at okio.SocketAsyncTimeout.newTimeoutException(JvmOkio.kt:143)
11-18 16:05:31.272 11679 11777 W System.err: 	at okio.AsyncTimeout.access$newTimeoutException(AsyncTimeout.kt:162)
11-18 16:05:31.272 11679 11777 W System.err: 	at okio.AsyncTimeout$source$1.read(AsyncTimeout.kt:340)
11-18 16:05:31.272 11679 11777 W System.err: 	at okio.RealBufferedSource.indexOf(RealBufferedSource.kt:449)
11-18 16:05:31.272 11679 11777 W System.err: 	at okio.RealBufferedSource.readUtf8LineStrict(RealBufferedSource.kt:333)
11-18 16:05:31.272 11679 11777 W System.err: 	at okhttp3.internal.http1.HeadersReader.readLine(HeadersReader.kt:29)
11-18 16:05:31.273 11679 11777 W System.err: 	at okhttp3.internal.http1.Http1ExchangeCodec.readResponseHeaders(Http1ExchangeCodec.kt:178)
11-18 16:05:31.273 11679 11777 W System.err: 	at okhttp3.internal.connection.Exchange.readResponseHeaders(Exchange.kt:106)
11-18 16:05:31.273 11679 11777 W System.err: 	at okhttp3.internal.http.CallServerInterceptor.intercept(CallServerInterceptor.kt:79)
11-18 16:05:31.274 11679 11777 W System.err: 	at okhttp3.internal.http.RealInterceptorChain.proceed(RealInterceptorChain.kt:100)
11-18 16:05:31.274 11679 11777 W System.err: 	at okhttp3.internal.connection.ConnectInterceptor.intercept(ConnectInterceptor.kt:34)
11-18 16:05:31.274 11679 11777 W System.err: 	at okhttp3.internal.http.RealInterceptorChain.proceed(RealInterceptorChain.kt:100)
11-18 16:05:31.274 11679 11777 W System.err: 	at okhttp3.internal.cache.CacheInterceptor.intercept(CacheInterceptor.kt:96)
11-18 16:05:31.274 11679 11777 W System.err: 	at okhttp3.internal.http.RealInterceptorChain.proceed(RealInterceptorChain.kt:100)
11-18 16:05:31.275 11679 11777 W System.err: 	at okhttp3.internal.http.BridgeInterceptor.intercept(BridgeInterceptor.kt:83)
11-18 16:05:31.275 11679 11777 W System.err: 	at okhttp3.internal.http.RealInterceptorChain.proceed(RealInterceptorChain.kt:100)
11-18 16:05:31.275 11679 11777 W System.err: 	at okhttp3.internal.http.RetryAndFollowUpInterceptor.intercept(RetryAndFollowUpInterceptor.kt:76)
11-18 16:05:31.275 11679 11777 W System.err: 	at okhttp3.internal.http.RealInterceptorChain.proceed(RealInterceptorChain.kt:100)
11-18 16:05:31.275 11679 11777 W System.err: 	at okhttp3.internal.connection.RealCall.getResponseWithInterceptorChain$okhttp(RealCall.kt:197)
11-18 16:05:31.276 11679 11777 W System.err: 	at okhttp3.internal.connection.RealCall$AsyncCall.run(RealCall.kt:502)
11-18 16:05:31.276 11679 11777 W System.err: 	... 3 more
11-18 16:05:31.276 11679 11777 W System.err: Caused by: java.net.SocketException: Socket closed
11-18 16:05:31.277 11679 11777 W System.err: 	at java.net.SocketInputStream.read(SocketInputStream.java:209)
11-18 16:05:31.277 11679 11777 W System.err: 	at java.net.SocketInputStream.read(SocketInputStream.java:144)
11-18 16:05:31.277 11679 11777 W System.err: 	at okio.InputStreamSource.read(JvmOkio.kt:90)
11-18 16:05:31.277 11679 11777 W System.err: 	at okio.AsyncTimeout$source$1.read(AsyncTimeout.kt:129)
11-18 16:05:31.277 11679 11777 W System.err: 	... 20 more
