12-16 12:22:31.564 23752 23813 I System.out: (HTTPLog)-Static: isSBSettingEnabled false
12-16 12:22:31.564 23752 23813 I System.out: (HTTPLog)-Static: isSBSettingEnabled false
12-16 12:22:31.572 23752 23752 I ViewRootImpl@39c6b05[Splashscreen]: Relayout returned: old=(0,0,1080,2220) new=(0,0,1080,2220) req=(1080,2220)0 dur=7 res=0x7 s={true 525358039040} ch=true
12-16 12:22:31.577 23752 23752 I ViewRootImpl@39c6b05[Splashscreen]: [DrawPending] drawPending(1) 1 android.view.ViewRootImpl.reportNextDraw:9952 android.view.ViewRootImpl.performTraversals:3329 android.view.ViewRootImpl.doTraversal:2222 
12-16 12:22:31.577 23752 23752 I ViewRootImpl@39c6b05[Splashscreen]: [DrawPending] performDraw() Waiting asnyc report
12-16 12:22:31.589 23752 23821 D mali_winsys: EGLint new_window_surface(egl_winsys_display *, void *, EGLSurface, EGLConfig, egl_winsys_surface **, EGLBoolean) returns 0x3000
12-16 12:22:31.594 23752 23821 W Gralloc3: mapper 3.x is not supported
12-16 12:22:31.610 23752 23821 E cutils-trace: Error opening trace file: No such file or directory (2)
12-16 12:22:31.612 23752 23752 I ViewRootImpl@39c6b05[Splashscreen]: [DrawPending] pendingDrawFinished(0) 1 android.view.ViewRootImpl.lambda$performDraw$1$ViewRootImpl:4058 android.view.-$$Lambda$ViewRootImpl$7A_3tkr_Kw4TZAeIUGVlOoTcZhg.run:4 android.os.Handler.handleCallback:883 
12-16 12:22:31.612 23752 23752 I ViewRootImpl@39c6b05[Splashscreen]: [DrawPending] reportDrawFinished()
12-16 12:22:31.616 23752 23752 I ViewRootImpl@39c6b05[Splashscreen]: MSG_WINDOW_FOCUS_CHANGED 1 1
12-16 12:22:31.616 23752 23752 D InputMethodManager: prepareNavigationBarInfo() DecorView@597789f[Splashscreen]
12-16 12:22:31.616 23752 23752 D InputMethodManager: getNavigationBarColor() -855310
12-16 12:22:31.618 23752 23752 D InputMethodManager: prepareNavigationBarInfo() DecorView@597789f[Splashscreen]
12-16 12:22:31.618 23752 23752 D InputMethodManager: getNavigationBarColor() -855310
12-16 12:22:31.618 23752 23752 V InputMethodManager: Starting input: tba=com.rmc.natour21 ic=null mNaviBarColor -855310 mIsGetNaviBarColorSuccess true , NavVisible : true , NavTrans : false
12-16 12:22:31.618 23752 23752 D InputMethodManager: startInputInner - Id : 0
12-16 12:22:31.618 23752 23752 I InputMethodManager: startInputInner - mService.startInputOrWindowGainedFocus
12-16 12:22:31.620 23752 23752 I ViewRootImpl@39c6b05[Splashscreen]: MSG_RESIZED: frame=(0,0,1080,2220) ci=(0,0,0,0) vi=(0,0,0,0) or=1
12-16 12:22:31.622 23752 23752 D InputMethodManager: prepareNavigationBarInfo() DecorView@597789f[Splashscreen]
12-16 12:22:31.622 23752 23752 D InputMethodManager: getNavigationBarColor() -855310
12-16 12:22:31.622 23752 23752 V InputMethodManager: Starting input: tba=com.rmc.natour21 ic=null mNaviBarColor -855310 mIsGetNaviBarColorSuccess true , NavVisible : true , NavTrans : false
12-16 12:22:31.622 23752 23752 D InputMethodManager: startInputInner - Id : 0
12-16 12:22:31.754 23752 23752 I ViewRootImpl@39c6b05[Splashscreen]: MSG_WINDOW_FOCUS_CHANGED 0 1
12-16 12:22:31.754 23752 23752 D InputMethodManager: prepareNavigationBarInfo() DecorView@597789f[Splashscreen]
12-16 12:22:31.754 23752 23752 D InputMethodManager: getNavigationBarColor() -855310
12-16 12:22:31.795 23752 23807 I System.out: (HTTPLog)-Static: isSBSettingEnabled false
12-16 12:22:31.795 23752 23807 I System.out: (HTTPLog)-Static: isSBSettingEnabled false
12-16 12:22:32.013 23752 23752 I ViewRootImpl@39c6b05[Splashscreen]: MSG_WINDOW_FOCUS_CHANGED 1 1
12-16 12:22:32.013 23752 23752 D InputMethodManager: prepareNavigationBarInfo() DecorView@597789f[Splashscreen]
12-16 12:22:32.013 23752 23752 D InputMethodManager: getNavigationBarColor() -855310
12-16 12:22:32.069 23752 23833 I System.out: Firebase token: eyJhbGciOiJSUzI1NiIsImtpZCI6Ijk3OGI1NmM2NmVhYmIwZDlhNmJhOGNhMzMwMTU2NGEyMzhlYWZjODciLCJ0eXAiOiJKV1QifQ.eyJuYW1lIjoiY2xhdWRpbyB2ZWxvdHRpIiwicGljdHVyZSI6Imh0dHBzOi8vbGgzLmdvb2dsZXVzZXJjb250ZW50LmNvbS9hL0FMbTV3dTI5V2MtR0dNWkljYk9qc2hic0pORFJ6OW9ZQjNYR3hXUmRWekdIPXM5Ni1jIiwiaXNzIjoiaHR0cHM6Ly9zZWN1cmV0b2tlbi5nb29nbGUuY29tL25hdG91cjIxLWZjNmVhIiwiYXVkIjoibmF0b3VyMjEtZmM2ZWEiLCJhdXRoX3RpbWUiOjE2NzExODg3NTEsInVzZXJfaWQiOiJkT3lqREZWbVhCYnRhVjVWMkdXOEc5NmZVdjQzIiwic3ViIjoiZE95akRGVm1YQmJ0YVY1VjJHVzhHOTZmVXY0MyIsImlhdCI6MTY3MTE4ODc1MSwiZXhwIjoxNjcxMTkyMzUxLCJlbWFpbCI6ImNsYWRvdHRpMzFAZ21haWwuY29tIiwiZW1haWxfdmVyaWZpZWQiOnRydWUsImZpcmViYXNlIjp7ImlkZW50aXRpZXMiOnsiZ29vZ2xlLmNvbSI6WyIxMTI0OTI4NzA2NDA3MTc2NTQ1NzAiXSwiZW1haWwiOlsiY2xhZG90dGkzMUBnbWFpbC5jb20iXX0sInNpZ25faW5fcHJvdmlkZXIiOiJnb29nbGUuY29tIn19.RxZplc6vZUPul4PopRgqN9-kUpK7g3_qk4s0eKM6LLgPKmAENhUhR7twdTH7WQWG292u_Xt47dqc16PEaSr2tntcXDhZ9HjDxwW66Sc8WebyQpJtMbTnV0cTGGQv0Kxb94mvni_99nppPGiy_p2Cf7BttcWujPkhJK-1mTB7lpX_Ca-658LcLoyHqkhYULg_hLvPFi4XgI9bZlmMi_Sk7Nw3nNzGPyCypL__P5YZiuqcx3H68zuotadKTPy7hU14uyjAU2hQKFRZzJSPH2dBWKs5nGn4OJe68m-Jr_XJ4qmXnAcHMH6cOq9yAZ7xA7Cz7jCSU1gobJHwNihRTfYW0g
12-16 12:22:32.217 23752 23859 V NativeCrypto: Registering org/conscrypt/NativeCrypto's 286 native methods...
12-16 12:22:32.799 23752 23752 I ViewRootImpl@39c6b05[Splashscreen]: MSG_WINDOW_FOCUS_CHANGED 0 1
12-16 12:22:32.800 23752 23752 D InputMethodManager: prepareNavigationBarInfo() DecorView@597789f[Splashscreen]
12-16 12:22:32.800 23752 23752 D InputMethodManager: getNavigationBarColor() -855310
12-16 12:22:32.805 23752 23833 W om.rmc.natour2: Accessing hidden method Ldalvik/system/BlockGuard;->getThreadPolicy()Ldalvik/system/BlockGuard$Policy; (greylist,core-platform-api, linking, allowed)
12-16 12:22:32.805 23752 23833 W om.rmc.natour2: Accessing hidden method Ldalvik/system/BlockGuard$Policy;->onNetwork()V (greylist, linking, allowed)
12-16 12:22:32.805 23752 23833 W om.rmc.natour2: Accessing hidden method Ldalvik/system/CloseGuard;->close()V (greylist,core-platform-api, linking, allowed)
12-16 12:22:32.805 23752 23833 W om.rmc.natour2: Accessing hidden method Ldalvik/system/CloseGuard;->get()Ldalvik/system/CloseGuard; (greylist,core-platform-api, linking, allowed)
12-16 12:22:32.805 23752 23833 W om.rmc.natour2: Accessing hidden method Ldalvik/system/CloseGuard;->open(Ljava/lang/String;)V (greylist,core-platform-api, linking, allowed)
12-16 12:22:32.805 23752 23833 W om.rmc.natour2: Accessing hidden method Ldalvik/system/CloseGuard;->warnIfOpen()V (greylist,core-platform-api, linking, allowed)
12-16 12:22:32.813 23752 23833 W om.rmc.natour2: Accessing hidden method Ljava/security/spec/ECParameterSpec;->getCurveName()Ljava/lang/String; (greylist, reflection, allowed)
12-16 12:22:32.920 23752 23752 D SBUIKIT : [12:22:32.919 SendBirdUIKit$1:onInitSucceed():174] >> onInitSucceed()
12-16 12:22:32.932 23752 23752 W ActivityThread: handleWindowVisibility: no activity for token android.os.BinderProxy@9413cbd
12-16 12:22:32.953 23752 23752 D PhoneWindow: forceLight changed to true [] from com.android.internal.policy.PhoneWindow.updateForceLightNavigationBar:4274 com.android.internal.policy.DecorView.updateColorViews:1547 com.android.internal.policy.PhoneWindow.dispatchWindowAttributesChanged:3252 android.view.Window.setFlags:1153 com.android.internal.policy.PhoneWindow.generateLayout:2474 
12-16 12:22:32.954 23752 23752 I MultiWindowDecorSupport: [INFO] isPopOver = false
12-16 12:22:32.954 23752 23752 I MultiWindowDecorSupport: updateCaptionType >> DecorView@9d09cae[], isFloating: false, isApplication: true, hasWindowDecorCaption: false, hasWindowControllerCallback: true
12-16 12:22:32.954 23752 23752 D MultiWindowDecorSupport: setCaptionType = 0, DecorView = DecorView@9d09cae[]
12-16 12:22:33.286 23752 23883 W om.rmc.natour2: Accessing hidden field Ljava/net/Socket;->impl:Ljava/net/SocketImpl; (greylist, reflection, allowed)
12-16 12:22:33.296 23752 23882 W om.rmc.natour2: Accessing hidden field Ljava/io/FileDescriptor;->descriptor:I (greylist, JNI, allowed)
12-16 12:22:33.368 23752 23752 D ConnectivityManager: requestNetwork; CallingUid : 10308, CallingPid : 23752
12-16 12:22:33.386 23752 23752 I ViewRootImpl@8a9eca9[MainActivity]: setView = com.android.internal.policy.DecorView@9d09cae TM=true MM=false
12-16 12:22:33.429 23752 23883 W om.rmc.natour2: Accessing hidden method Ljava/security/spec/ECParameterSpec;->setCurveName(Ljava/lang/String;)V (greylist, reflection, allowed)
12-16 12:22:33.429 23752 23882 W om.rmc.natour2: Accessing hidden method Ljava/security/spec/ECParameterSpec;->setCurveName(Ljava/lang/String;)V (greylist, reflection, allowed)
12-16 12:22:33.473 23752 23752 I ViewRootImpl@8a9eca9[MainActivity]: Relayout returned: old=(0,0,1080,2220) new=(0,0,1080,2220) req=(1080,2220)0 dur=10 res=0x7 s={true 522818617344} ch=true
12-16 12:22:33.474 23752 23821 D mali_winsys: EGLint new_window_surface(egl_winsys_display *, void *, EGLSurface, EGLConfig, egl_winsys_surface **, EGLBoolean) returns 0x3000
12-16 12:22:33.508 23752 23752 I ViewRootImpl@8a9eca9[MainActivity]: [DrawPending] drawPending(1) 1 android.view.ViewRootImpl.reportNextDraw:9952 android.view.ViewRootImpl.performTraversals:3329 android.view.ViewRootImpl.doTraversal:2222 
12-16 12:22:33.509 23752 23752 I ViewRootImpl@8a9eca9[MainActivity]: [DrawPending] performDraw() Waiting asnyc report
12-16 12:22:33.557 23752 23752 I ViewRootImpl@8a9eca9[MainActivity]: [DrawPending] pendingDrawFinished(0) 1 android.view.ViewRootImpl.lambda$performDraw$1$ViewRootImpl:4058 android.view.-$$Lambda$ViewRootImpl$7A_3tkr_Kw4TZAeIUGVlOoTcZhg.run:4 android.os.Handler.handleCallback:883 
12-16 12:22:33.557 23752 23752 I ViewRootImpl@8a9eca9[MainActivity]: [DrawPending] reportDrawFinished()
12-16 12:22:33.581 23752 23752 I ViewRootImpl@8a9eca9[MainActivity]: MSG_RESIZED: frame=(0,0,1080,2220) ci=(0,63,0,0) vi=(0,63,0,0) or=1
12-16 12:22:33.640 23752 23833 W Glide   : Failed to find GeneratedAppGlideModule. You should include an annotationProcessor compile dependency on com.github.bumptech.glide:compiler in your application and a @GlideModule annotated AppGlideModule implementation or LibraryGlideModules will be silently ignored
12-16 12:22:33.642 23752 23752 I ViewRootImpl@8a9eca9[MainActivity]: MSG_WINDOW_FOCUS_CHANGED 1 1
12-16 12:22:33.642 23752 23752 D InputMethodManager: prepareNavigationBarInfo() DecorView@9d09cae[MainActivity]
12-16 12:22:33.642 23752 23752 D InputMethodManager: getNavigationBarColor() -855310
12-16 12:22:33.646 23752 23883 W SendBird: [12:22:33.645 Connection$1:onMessage():235] onMessage instance : [LOGI] com.sendbird.android.Connection@37f00f3
12-16 12:22:33.648 23752 23883 W Sendbird: [12:22:33.647 Connection$1:onMessage():236] onMessage instance : [LOGI] com.sendbird.android.Connection@37f00f3
12-16 12:22:33.648 23752 23752 D EmergencyMode: [EmergencyManager] android createPackageContext successful: com.rmc.natour21
12-16 12:22:33.659 23752 23752 D InputMethodManager: prepareNavigationBarInfo() DecorView@9d09cae[MainActivity]
12-16 12:22:33.659 23752 23752 D InputMethodManager: getNavigationBarColor() -855310
12-16 12:22:33.659 23752 23752 V InputMethodManager: Starting input: tba=com.rmc.natour21 ic=null mNaviBarColor -855310 mIsGetNaviBarColorSuccess true , NavVisible : true , NavTrans : false
12-16 12:22:33.660 23752 23752 D InputMethodManager: startInputInner - Id : 0
12-16 12:22:33.660 23752 23752 I InputMethodManager: startInputInner - mService.startInputOrWindowGainedFocus
12-16 12:22:33.661 23752 23752 D InputTransport: Input channel destroyed: 'ClientS', fd=101
12-16 12:22:33.675 23752 23903 W SendBird: [12:22:33.674 EventController$1:call():141] ++ result[LOGI] runnable=null
12-16 12:22:33.709 23752 23833 D ConnectivityManager: requestNetwork; CallingUid : 10308, CallingPid : 23752
12-16 12:22:33.743 23752 23875 D SBUIKIT : [12:22:33.743 SendBirdUIKit$2:call():298] ++ user nickname = claudio velotti, profileUrl = http://18.195.186.181:8080/img/92/raw
12-16 12:22:33.779 23752 23883 W SendBird: [12:22:33.778 Connection$1:onMessage():235] onMessage instance : [PONG] com.sendbird.android.Connection@37f00f3
12-16 12:22:33.780 23752 23883 W Sendbird: [12:22:33.779 Connection$1:onMessage():236] onMessage instance : [PONG] com.sendbird.android.Connection@37f00f3
12-16 12:22:33.783 23752 23903 W SendBird: [12:22:33.782 EventController$1:call():141] ++ result[PONG] runnable=null
12-16 12:22:33.872 23752 23752 I System.out: SENDBIRD TOKEN OK ckOTAZioSROKNMJFPmblOe:APA91bGVcG9r_iXcHFgG4Iporvbe7LY4wQBAVWfyWIWJnWzg5h8jwyooQ25LxvLEqeLKSFX8jlOxjHRr5t9uy5rrsHMA7I4iE0NfcLRlw_nQeNQWpru1u2nLitOl0dT_dISCBj72bvr1
12-16 12:22:33.978 23752 23821 W libEGL  : EGLNativeWindowType 0x79b4e43450 disconnect failed
12-16 12:22:33.986 23752 23752 I ViewRootImpl@39c6b05[Splashscreen]: Relayout returned: old=(0,0,1080,2220) new=(0,0,1080,2220) req=(1080,2220)8 dur=7 res=0x5 s={false 0} ch=true
12-16 12:22:33.988 23752 23752 D ConnectivityManager: unregisterNetworkCallback; CallingUid : 10308, CallingPid : 23752
12-16 12:22:33.990 23752 23752 I ViewRootImpl@39c6b05[Splashscreen]: stopped(true) old=false
12-16 12:22:33.994 23752 23789 W om.rmc.natour2: Accessing hidden method Lsun/misc/Unsafe;->putObjectVolatile(Ljava/lang/Object;JLjava/lang/Object;)V (greylist, linking, allowed)
12-16 12:22:33.995 23752 23752 I ViewRootImpl@39c6b05[Splashscreen]: dispatchDetachedFromWindow
12-16 12:22:33.998 23752 23752 D InputTransport: Input channel destroyed: 'f23313f', fd=85
12-16 12:22:48.803 23752 23883 W SendBird: [12:22:48.801 Connection$1:onMessage():235] onMessage instance : [PONG] com.sendbird.android.Connection@37f00f3
12-16 12:22:48.807 23752 23883 W Sendbird: [12:22:48.805 Connection$1:onMessage():236] onMessage instance : [PONG] com.sendbird.android.Connection@37f00f3
12-16 12:22:48.823 23752 23903 W SendBird: [12:22:48.821 EventController$1:call():141] ++ result[PONG] runnable=null
12-16 12:22:49.029 23752 23752 I ViewRootImpl@8a9eca9[MainActivity]: ViewPostIme pointer 0
12-16 12:22:49.073 23752 23752 I ViewRootImpl@8a9eca9[MainActivity]: ViewPostIme pointer 1
12-16 12:22:49.116 23752 23752 W ActivityThread: handleWindowVisibility: no activity for token android.os.BinderProxy@9f80130
12-16 12:22:49.133 23752 23752 D PhoneWindow: forceLight changed to true [] from com.android.internal.policy.PhoneWindow.updateForceLightNavigationBar:4274 com.android.internal.policy.DecorView.updateColorViews:1547 com.android.internal.policy.PhoneWindow.dispatchWindowAttributesChanged:3252 android.view.Window.setFlags:1153 com.android.internal.policy.PhoneWindow.generateLayout:2474 
12-16 12:22:49.134 23752 23752 I MultiWindowDecorSupport: [INFO] isPopOver = false
12-16 12:22:49.134 23752 23752 I MultiWindowDecorSupport: updateCaptionType >> DecorView@857fea[], isFloating: false, isApplication: true, hasWindowDecorCaption: false, hasWindowControllerCallback: true
12-16 12:22:49.134 23752 23752 D MultiWindowDecorSupport: setCaptionType = 0, DecorView = DecorView@857fea[]
12-16 12:22:49.267 23752 23752 I ViewRootImpl@cb9047[PathPageActivity]: setView = com.android.internal.policy.DecorView@857fea TM=true MM=false
12-16 12:22:49.268 23752 23752 I ViewRootImpl@8a9eca9[MainActivity]: MSG_WINDOW_FOCUS_CHANGED 0 1
12-16 12:22:49.268 23752 23752 D InputMethodManager: prepareNavigationBarInfo() DecorView@9d09cae[MainActivity]
12-16 12:22:49.268 23752 23752 D InputMethodManager: getNavigationBarColor() -855310
12-16 12:22:49.311 23752 23752 I ViewRootImpl@cb9047[PathPageActivity]: Relayout returned: old=(0,0,1080,2220) new=(0,0,1080,2220) req=(1080,2220)0 dur=6 res=0x7 s={true 522732814336} ch=true
12-16 12:22:49.312 23752 23821 D mali_winsys: EGLint new_window_surface(egl_winsys_display *, void *, EGLSurface, EGLConfig, egl_winsys_surface **, EGLBoolean) returns 0x3000
12-16 12:22:49.325 23752 23752 I ViewRootImpl@cb9047[PathPageActivity]: [DrawPending] drawPending(1) 1 android.view.ViewRootImpl.reportNextDraw:9952 android.view.ViewRootImpl.performTraversals:3329 android.view.ViewRootImpl.doTraversal:2222 
12-16 12:22:49.325 23752 23752 I ViewRootImpl@cb9047[PathPageActivity]: [DrawPending] performDraw() Waiting asnyc report
12-16 12:22:49.352 23752 23821 I         : Increase max job count 60
12-16 12:22:49.371 23752 23752 I ViewRootImpl@cb9047[PathPageActivity]: [DrawPending] pendingDrawFinished(0) 1 android.view.ViewRootImpl.lambda$performDraw$1$ViewRootImpl:4058 android.view.-$$Lambda$ViewRootImpl$7A_3tkr_Kw4TZAeIUGVlOoTcZhg.run:4 android.os.Handler.handleCallback:883 
12-16 12:22:49.371 23752 23752 I ViewRootImpl@cb9047[PathPageActivity]: [DrawPending] reportDrawFinished()
12-16 12:22:49.381 23752 23752 I ViewRootImpl@cb9047[PathPageActivity]: MSG_WINDOW_FOCUS_CHANGED 1 1
12-16 12:22:49.382 23752 23752 D InputMethodManager: prepareNavigationBarInfo() DecorView@857fea[PathPageActivity]
12-16 12:22:49.382 23752 23752 D InputMethodManager: getNavigationBarColor() -855310
12-16 12:22:49.385 23752 23752 D InputMethodManager: prepareNavigationBarInfo() DecorView@857fea[PathPageActivity]
12-16 12:22:49.385 23752 23752 D InputMethodManager: getNavigationBarColor() -855310
12-16 12:22:49.385 23752 23752 V InputMethodManager: Starting input: tba=com.rmc.natour21 ic=null mNaviBarColor -855310 mIsGetNaviBarColorSuccess true , NavVisible : true , NavTrans : false
12-16 12:22:49.385 23752 23752 D InputMethodManager: startInputInner - Id : 0
12-16 12:22:49.385 23752 23752 I InputMethodManager: startInputInner - mService.startInputOrWindowGainedFocus
12-16 12:22:49.386 23752 23752 D InputTransport: Input channel destroyed: 'ClientS', fd=124
12-16 12:22:49.391 23752 23752 I ViewRootImpl@cb9047[PathPageActivity]: MSG_RESIZED: frame=(0,0,1080,2220) ci=(0,63,0,0) vi=(0,63,0,0) or=1
12-16 12:22:49.450 23752 24058 I System.out: (HTTPLog)-Static: isSBSettingEnabled false
12-16 12:22:49.450 23752 24058 I System.out: (HTTPLog)-Static: isSBSettingEnabled false
12-16 12:22:49.452 23752 24059 I System.out: (HTTPLog)-Static: isSBSettingEnabled false
12-16 12:22:49.452 23752 24059 I System.out: (HTTPLog)-Static: isSBSettingEnabled false
12-16 12:22:49.794 23752 23821 W libEGL  : EGLNativeWindowType 0x79b5bbd950 disconnect failed
12-16 12:22:49.801 23752 23752 I ViewRootImpl@8a9eca9[MainActivity]: Relayout returned: old=(0,0,1080,2220) new=(0,0,1080,2220) req=(1080,2220)8 dur=7 res=0x5 s={false 0} ch=true
12-16 12:22:49.802 23752 23752 I ViewRootImpl@8a9eca9[MainActivity]: stopped(true) old=false
12-16 12:22:49.804 23752 23752 D ConnectivityManager: unregisterNetworkCallback; CallingUid : 10308, CallingPid : 23752
12-16 12:22:49.827 23752 23752 I ViewRootImpl@8a9eca9[MainActivity]: Relayout returned: old=(0,0,1080,2220) new=(0,0,1080,2220) req=(1080,2220)8 dur=5 res=0x5 s={false 0} ch=false
12-16 12:22:51.287 23752 23752 I ViewRootImpl@cb9047[PathPageActivity]: ViewPostIme pointer 0
12-16 12:22:51.343 23752 23752 I ViewRootImpl@cb9047[PathPageActivity]: ViewPostIme pointer 1
12-16 12:22:51.740 23752 23752 D Toast   : show: focusDisplayId = 0, isFocusInDesktop = false mCustomDisplayId=-1
12-16 12:22:51.749 23752 23774 V Toast   : SHOW: android.widget.Toast$TN@5808c1c
12-16 12:22:51.752 23752 23752 V Toast   : HANDLE SHOW: android.widget.Toast$TN@5808c1c mView=null mNextView=android.widget.LinearLayout{c146025 V.E...... ......I. 0,0-0,0}
12-16 12:22:51.752 23752 23752 V Toast   : HANDLE HIDE: android.widget.Toast$TN@5808c1c mView=null
12-16 12:22:51.769 23752 23752 I ViewRootImpl@a184e08[Toast]: setView = android.widget.LinearLayout@c146025 TM=true MM=false
12-16 12:22:51.770 23752 23752 V Toast   : Text: Qerc in android.widget.Toast$TN@5808c1c
12-16 12:22:51.786 23752 23752 I ViewRootImpl@a184e08[Toast]: Relayout returned: old=(0,63,1080,2220) new=(150,1936,930,2052) req=(780,116)0 dur=10 res=0x7 s={true 522730160128} ch=true
12-16 12:22:51.788 23752 23821 D mali_winsys: EGLint new_window_surface(egl_winsys_display *, void *, EGLSurface, EGLConfig, egl_winsys_surface **, EGLBoolean) returns 0x3000
12-16 12:22:51.789 23752 23752 I ViewRootImpl@a184e08[Toast]: [DrawPending] drawPending(1) 0 android.view.ViewRootImpl.reportNextDraw:9952 android.view.ViewRootImpl.performTraversals:3329 android.view.ViewRootImpl.doTraversal:2222 
12-16 12:22:51.789 23752 23752 I ViewRootImpl@a184e08[Toast]: [DrawPending] performDraw() Waiting asnyc report
12-16 12:22:51.800 23752 23752 I ViewRootImpl@a184e08[Toast]: [DrawPending] pendingDrawFinished(0) 0 android.view.ViewRootImpl.lambda$performDraw$1$ViewRootImpl:4058 android.view.-$$Lambda$ViewRootImpl$7A_3tkr_Kw4TZAeIUGVlOoTcZhg.run:4 android.os.Handler.handleCallback:883 
12-16 12:22:51.800 23752 23752 I ViewRootImpl@a184e08[Toast]: [DrawPending] reportDrawFinished()
12-16 12:22:51.807 23752 23752 I ViewRootImpl@a184e08[Toast]: MSG_RESIZED: frame=(150,1936,930,2052) ci=(0,0,0,0) vi=(0,0,780,116) or=1
12-16 12:22:53.213 23752 23752 I ViewRootImpl@cb9047[PathPageActivity]: ViewPostIme pointer 0
12-16 12:22:53.266 23752 23752 I ViewRootImpl@cb9047[PathPageActivity]: ViewPostIme pointer 1
12-16 12:22:53.305 23752 23752 I ViewRootImpl@8a9eca9[MainActivity]: stopped(false) old=true
12-16 12:22:53.308 23752 23752 D ConnectivityManager: requestNetwork; CallingUid : 10308, CallingPid : 23752
12-16 12:22:53.313 23752 23752 I ViewRootImpl@8a9eca9[MainActivity]: stopped(false) old=false
12-16 12:22:53.554 23752 23752 I ViewRootImpl@8a9eca9[MainActivity]: Relayout returned: old=(0,0,1080,2220) new=(0,0,1080,2220) req=(1080,2220)0 dur=7 res=0x7 s={true 522734088192} ch=true
12-16 12:22:53.555 23752 23821 D mali_winsys: EGLint new_window_surface(egl_winsys_display *, void *, EGLSurface, EGLConfig, egl_winsys_surface **, EGLBoolean) returns 0x3000
12-16 12:22:53.556 23752 23752 I ViewRootImpl@8a9eca9[MainActivity]: [DrawPending] drawPending(1) 1 android.view.ViewRootImpl.reportNextDraw:9952 android.view.ViewRootImpl.performTraversals:3329 android.view.ViewRootImpl.doTraversal:2222 
12-16 12:22:53.557 23752 23752 I ViewRootImpl@8a9eca9[MainActivity]: [DrawPending] performDraw() Waiting asnyc report
12-16 12:22:53.596 23752 23752 I ViewRootImpl@8a9eca9[MainActivity]: [DrawPending] pendingDrawFinished(0) 1 android.view.ViewRootImpl.lambda$performDraw$1$ViewRootImpl:4058 android.view.-$$Lambda$ViewRootImpl$7A_3tkr_Kw4TZAeIUGVlOoTcZhg.run:4 android.os.Handler.handleCallback:883 
12-16 12:22:53.596 23752 23752 I ViewRootImpl@8a9eca9[MainActivity]: [DrawPending] reportDrawFinished()
12-16 12:22:53.597 23752 23752 I ViewRootImpl@cb9047[PathPageActivity]: MSG_WINDOW_FOCUS_CHANGED 0 1
12-16 12:22:53.597 23752 23752 D InputMethodManager: prepareNavigationBarInfo() DecorView@857fea[PathPageActivity]
12-16 12:22:53.597 23752 23752 D InputMethodManager: getNavigationBarColor() -855310
12-16 12:22:53.606 23752 23752 I ViewRootImpl@8a9eca9[MainActivity]: MSG_WINDOW_FOCUS_CHANGED 1 1
12-16 12:22:53.607 23752 23752 D InputMethodManager: prepareNavigationBarInfo() DecorView@9d09cae[MainActivity]
12-16 12:22:53.607 23752 23752 D InputMethodManager: getNavigationBarColor() -855310
12-16 12:22:53.612 23752 23752 D InputMethodManager: prepareNavigationBarInfo() DecorView@9d09cae[MainActivity]
12-16 12:22:53.612 23752 23752 D InputMethodManager: getNavigationBarColor() -855310
12-16 12:22:53.612 23752 23752 V InputMethodManager: Starting input: tba=com.rmc.natour21 ic=null mNaviBarColor -855310 mIsGetNaviBarColorSuccess true , NavVisible : true , NavTrans : false
12-16 12:22:53.612 23752 23752 D InputMethodManager: startInputInner - Id : 0
12-16 12:22:53.612 23752 23752 I InputMethodManager: startInputInner - mService.startInputOrWindowGainedFocus
12-16 12:22:53.614 23752 23752 D InputTransport: Input channel destroyed: 'ClientS', fd=128
12-16 12:22:53.748 23752 23774 V Toast   : HIDE: android.widget.Toast$TN@5808c1c
12-16 12:22:53.749 23752 23752 V Toast   : HANDLE HIDE: android.widget.Toast$TN@5808c1c mView=android.widget.LinearLayout{c146025 V.E...... ........ 0,0-780,116}
12-16 12:22:53.749 23752 23752 V Toast   : REMOVE! android.widget.LinearLayout{c146025 V.E...... ........ 0,0-780,116} in android.widget.Toast$TN@5808c1c
12-16 12:22:53.750 23752 23821 W libEGL  : EGLNativeWindowType 0x790cd7a210 disconnect failed
12-16 12:22:53.751 23752 23752 I ViewRootImpl@a184e08[Toast]: dispatchDetachedFromWindow
12-16 12:22:53.754 23752 23752 D InputTransport: Input channel destroyed: 'fe786c7', fd=78
12-16 12:22:54.038 23752 23821 W libEGL  : EGLNativeWindowType 0x79b54c1d10 disconnect failed
12-16 12:22:54.060 23752 23752 I ViewRootImpl@cb9047[PathPageActivity]: Relayout returned: old=(0,0,1080,2220) new=(0,0,1080,2220) req=(1080,2220)8 dur=20 res=0x5 s={false 0} ch=true
12-16 12:22:54.063 23752 23752 I ViewRootImpl@cb9047[PathPageActivity]: stopped(true) old=false
12-16 12:22:54.111 23752 23752 I ViewRootImpl@cb9047[PathPageActivity]: dispatchDetachedFromWindow
12-16 12:22:54.123 23752 23752 D InputTransport: Input channel destroyed: '6b059be', fd=129
12-16 12:23:00.126 23752 23752 I ViewRootImpl@8a9eca9[MainActivity]: ViewPostIme pointer 0
12-16 12:23:01.010 23752 23821 W libEGL  : EGLNativeWindowType 0x790cd7a710 disconnect failed
12-16 12:23:01.028 23752 23752 I ViewRootImpl@8a9eca9[MainActivity]: Relayout returned: old=(0,0,1080,2220) new=(0,0,1080,2220) req=(1080,2220)8 dur=17 res=0x5 s={false 0} ch=true
12-16 12:23:01.035 23752 23752 I ViewRootImpl@8a9eca9[MainActivity]: MSG_WINDOW_FOCUS_CHANGED 0 1
12-16 12:23:01.036 23752 23752 D InputMethodManager: prepareNavigationBarInfo() DecorView@9d09cae[MainActivity]
12-16 12:23:01.036 23752 23752 D InputMethodManager: getNavigationBarColor() -855310
12-16 12:23:01.052 23752 23752 I ViewRootImpl@8a9eca9[MainActivity]: stopped(true) old=false
12-16 12:23:01.054 23752 23752 D ConnectivityManager: unregisterNetworkCallback; CallingUid : 10308, CallingPid : 23752
12-16 12:23:01.084 23752 23752 D InputTransport: Input channel destroyed: 'ClientS', fd=122
12-16 12:23:01.097 23752 23752 I ViewRootImpl@8a9eca9[MainActivity]: Relayout returned: old=(0,0,1080,2220) new=(0,0,1080,2220) req=(1080,2220)8 dur=7 res=0x5 s={false 0} ch=false
12-16 12:23:01.564 23752 23871 E PINGER  : [12:23:01.559 Connection$Pinger:stop():522] Pinger stop true
12-16 12:23:01.572 23752 23871 E Sendbird:PINGER: [12:23:01.568 Connection$Pinger:stop():523] Pinger stop true
12-16 12:23:01.589 23752 23908 W SendBird: [12:23:01.588 Connection$1:onFailure():250] onFailed instance : com.sendbird.android.Connection@37f00f3
12-16 12:23:01.592 23752 23908 W Sendbird: [12:23:01.590 Connection$1:onFailure():251] onFailed instance : com.sendbird.android.Connection@37f00f3
12-16 12:23:01.593 23752 23883 W SendBird: [12:23:01.583 Connection$1:onMessage():235] onMessage instance : [PONG] com.sendbird.android.Connection@37f00f3
12-16 12:23:01.595 23752 23883 W Sendbird: [12:23:01.594 Connection$1:onMessage():236] onMessage instance : [PONG] com.sendbird.android.Connection@37f00f3
12-16 12:23:01.605 23752 23908 W SendBird: [12:23:01.604 Connection$1:onFailure():256] onFailed handler : com.sendbird.android.SocketManager@11a9187
12-16 12:23:01.607 23752 23908 W Sendbird: [12:23:01.606 Connection$1:onFailure():257] onFailed handler : com.sendbird.android.SocketManager@11a9187
12-16 12:23:01.610 23752 23908 W SendBird: [12:23:01.609 SocketManager:onError():1002] >> onError : Socket is closed, reconnecting : false, explicitDisconnect : true
12-16 12:23:01.611 23752 23903 W SendBird: [12:23:01.610 EventController$1:call():141] ++ result[PONG] runnable=null
