12-16 12:12:32.936 19002 19002 D InputTransport: Input channel destroyed: 'ClientS', fd=124
12-16 12:12:32.936 19002 19002 D InputMethodManager: SSI - flag : 0 Pid : 19002 view : com.rmc.natour21
12-16 12:12:32.937 19002 19002 D InputMethodManager: prepareNavigationBarInfo() DecorView@cf6abcf[PathAttributesActivity]
12-16 12:12:32.937 19002 19002 D InputMethodManager: getNavigationBarColor() -855310
12-16 12:12:32.943 19002 19002 D Editor  : waiting for the right moment
12-16 12:12:33.022 19002 19002 I ViewRootImpl@76dff9f[PathAttributesActivity]: MSG_RESIZED: frame=(0,0,1080,2220) ci=(0,63,0,876) vi=(0,63,0,876) or=1
12-16 12:12:33.062 19002 19002 I ViewRootImpl@76dff9f[PathAttributesActivity]: Relayout returned: old=(0,0,1080,2220) new=(0,0,1080,2220) req=(1080,2220)0 dur=22 res=0x1 s={true 522724306944} ch=false
12-16 12:12:34.156 19002 19002 I ViewRootImpl@76dff9f[PathAttributesActivity]: ViewPostIme key 0
12-16 12:12:34.162 19002 19002 I ViewRootImpl@76dff9f[PathAttributesActivity]: ViewPostIme key 1
12-16 12:12:35.049 19002 19002 I ViewRootImpl@76dff9f[PathAttributesActivity]: ViewPostIme key 0
12-16 12:12:35.071 19002 19002 I ViewRootImpl@76dff9f[PathAttributesActivity]: ViewPostIme key 1
12-16 12:12:35.534 19002 19002 I ViewRootImpl@76dff9f[PathAttributesActivity]: ViewPostIme key 0
12-16 12:12:35.540 19002 19002 I ViewRootImpl@76dff9f[PathAttributesActivity]: ViewPostIme key 1
12-16 12:12:35.660 19002 19002 I ViewRootImpl@76dff9f[PathAttributesActivity]: ViewPostIme key 0
12-16 12:12:35.666 19002 19002 I ViewRootImpl@76dff9f[PathAttributesActivity]: ViewPostIme key 1
12-16 12:12:35.819 19002 19002 I ViewRootImpl@76dff9f[PathAttributesActivity]: ViewPostIme key 0
12-16 12:12:35.825 19002 19002 I ViewRootImpl@76dff9f[PathAttributesActivity]: ViewPostIme key 1
12-16 12:12:36.360 19002 19002 I ViewRootImpl@76dff9f[PathAttributesActivity]: ViewPostIme pointer 0
12-16 12:12:36.475 19002 19002 I ViewRootImpl@76dff9f[PathAttributesActivity]: The input has been finished in ImeInputStage.
12-16 12:12:36.485 19002 19002 I ViewRootImpl@76dff9f[PathAttributesActivity]: The input has been finished in ImeInputStage.
12-16 12:12:36.544 19002 19002 I ViewRootImpl@76dff9f[PathAttributesActivity]: MSG_RESIZED: frame=(0,0,1080,2220) ci=(0,63,0,0) vi=(0,63,0,0) or=1
12-16 12:12:36.578 19002 19002 I ViewRootImpl@76dff9f[PathAttributesActivity]: Relayout returned: old=(0,0,1080,2220) new=(0,0,1080,2220) req=(1080,2220)0 dur=13 res=0x1 s={true 522724306944} ch=false
12-16 12:12:37.461 19002 19002 I ViewRootImpl@76dff9f[PathAttributesActivity]: ViewPostIme pointer 0
12-16 12:12:37.516 19002 19002 I ViewRootImpl@76dff9f[PathAttributesActivity]: ViewPostIme pointer 1
12-16 12:12:37.517 19002 19002 D InputMethodManager: SSI - flag : 0 Pid : 19002 view : com.rmc.natour21
12-16 12:12:37.517 19002 19002 D InputMethodManager: prepareNavigationBarInfo() DecorView@cf6abcf[PathAttributesActivity]
12-16 12:12:37.517 19002 19002 D InputMethodManager: getNavigationBarColor() -855310
12-16 12:12:37.568 19002 19002 I ViewRootImpl@76dff9f[PathAttributesActivity]: MSG_RESIZED: frame=(0,0,1080,2220) ci=(0,63,0,876) vi=(0,63,0,876) or=1
12-16 12:12:37.598 19002 19002 I ViewRootImpl@76dff9f[PathAttributesActivity]: Relayout returned: old=(0,0,1080,2220) new=(0,0,1080,2220) req=(1080,2220)0 dur=5 res=0x1 s={true 522724306944} ch=false
12-16 12:12:37.610 19002 19002 I ViewRootImpl@78ca269[PopupWindow:394d0a2]: setView = android.widget.PopupWindow$PopupDecorView@69354ee TM=true MM=false
12-16 12:12:37.614 19002 19002 I ViewRootImpl@ee3d1fa[PopupWindow:eafdd8f]: setView = android.widget.PopupWindow$PopupDecorView@256c3ab TM=true MM=false
12-16 12:12:37.631 19002 19002 I ViewRootImpl@78ca269[PopupWindow:394d0a2]: Relayout returned: old=(0,63,1080,2220) new=(145,442,225,537) req=(80,95)0 dur=6 res=0x7 s={true 522962935808} ch=true
12-16 12:12:37.632 19002 19064 D mali_winsys: EGLint new_window_surface(egl_winsys_display *, void *, EGLSurface, EGLConfig, egl_winsys_surface **, EGLBoolean) returns 0x3000
12-16 12:12:37.633 19002 19002 I ViewRootImpl@78ca269[PopupWindow:394d0a2]: [DrawPending] drawPending(1) 0 android.view.ViewRootImpl.reportNextDraw:9952 android.view.ViewRootImpl.performTraversals:3329 android.view.ViewRootImpl.doTraversal:2222 
12-16 12:12:37.633 19002 19002 I ViewRootImpl@78ca269[PopupWindow:394d0a2]: [DrawPending] performDraw() Waiting asnyc report
12-16 12:12:37.634 19002 19374 I OpenGLRenderer: doUpdatePositionAsync is called and callVoidMethod
12-16 12:12:37.644 19002 19002 I ViewRootImpl@ee3d1fa[PopupWindow:eafdd8f]: Relayout returned: old=(0,63,1080,2220) new=(145,338,225,442) req=(80,104)0 dur=5 res=0x7 s={true 522725892096} ch=true
12-16 12:12:37.645 19002 19064 D mali_winsys: EGLint new_window_surface(egl_winsys_display *, void *, EGLSurface, EGLConfig, egl_winsys_surface **, EGLBoolean) returns 0x3000
12-16 12:12:37.645 19002 19002 I ViewRootImpl@ee3d1fa[PopupWindow:eafdd8f]: [DrawPending] drawPending(1) 0 android.view.ViewRootImpl.reportNextDraw:9952 android.view.ViewRootImpl.performTraversals:3329 android.view.ViewRootImpl.doTraversal:2222 
12-16 12:12:37.645 19002 19002 I ViewRootImpl@ee3d1fa[PopupWindow:eafdd8f]: [DrawPending] performDraw() Waiting asnyc report
12-16 12:12:37.647 19002 19002 I ViewRootImpl@ee3d1fa[PopupWindow:eafdd8f]: [DrawPending] pendingDrawFinished(0) 0 android.view.ViewRootImpl.lambda$performDraw$1$ViewRootImpl:4058 android.view.-$$Lambda$ViewRootImpl$7A_3tkr_Kw4TZAeIUGVlOoTcZhg.run:4 android.os.Handler.handleCallback:883 
12-16 12:12:37.647 19002 19002 I ViewRootImpl@ee3d1fa[PopupWindow:eafdd8f]: [DrawPending] reportDrawFinished()
12-16 12:12:37.648 19002 19002 I ViewRootImpl@78ca269[PopupWindow:394d0a2]: [DrawPending] pendingDrawFinished(0) 0 android.view.ViewRootImpl.lambda$performDraw$1$ViewRootImpl:4058 android.view.-$$Lambda$ViewRootImpl$7A_3tkr_Kw4TZAeIUGVlOoTcZhg.run:4 android.os.Handler.handleCallback:883 
12-16 12:12:37.648 19002 19002 I ViewRootImpl@78ca269[PopupWindow:394d0a2]: [DrawPending] reportDrawFinished()
12-16 12:12:37.652 19002 19002 I ViewRootImpl@78ca269[PopupWindow:394d0a2]: MSG_RESIZED_REPORT: frame=(145,442,225,537) ci=(0,0,0,0) vi=(0,0,0,0) or=1
12-16 12:12:37.652 19002 19002 I ViewRootImpl@78ca269[PopupWindow:394d0a2]: [DrawPending] drawPending(1) 0 android.view.ViewRootImpl.reportNextDraw:9952 android.view.ViewRootImpl.access$900:205 android.view.ViewRootImpl$ViewRootHandler.handleMessage:5350 
12-16 12:12:37.653 19002 19002 I ViewRootImpl@ee3d1fa[PopupWindow:eafdd8f]: MSG_RESIZED: frame=(145,338,225,442) ci=(0,0,0,0) vi=(0,0,0,0) or=1
12-16 12:12:37.668 19002 19002 I ViewRootImpl@78ca269[PopupWindow:394d0a2]: [DrawPending] performDraw() Waiting asnyc report
12-16 12:12:37.671 19002 19002 I ViewRootImpl@78ca269[PopupWindow:394d0a2]: [DrawPending] pendingDrawFinished(0) 0 android.view.ViewRootImpl.lambda$performDraw$1$ViewRootImpl:4058 android.view.-$$Lambda$ViewRootImpl$7A_3tkr_Kw4TZAeIUGVlOoTcZhg.run:4 android.os.Handler.handleCallback:883 
12-16 12:12:37.671 19002 19002 I ViewRootImpl@78ca269[PopupWindow:394d0a2]: [DrawPending] reportDrawFinished()
12-16 12:12:38.143 19002 19002 I ViewRootImpl@76dff9f[PathAttributesActivity]: ViewPostIme key 0
12-16 12:12:38.148 19002 19002 I ViewRootImpl@76dff9f[PathAttributesActivity]: ViewPostIme key 1
12-16 12:12:38.256 19002 19064 W libEGL  : EGLNativeWindowType 0x795758d450 disconnect failed
12-16 12:12:38.256 19002 19002 I ViewRootImpl@78ca269[PopupWindow:394d0a2]: dispatchDetachedFromWindow
12-16 12:12:38.263 19002 19002 D InputTransport: Input channel destroyed: 'e7acd67', fd=75
12-16 12:12:38.267 19002 19064 W libEGL  : EGLNativeWindowType 0x79579f4c90 disconnect failed
12-16 12:12:38.267 19002 19002 I ViewRootImpl@ee3d1fa[PopupWindow:eafdd8f]: dispatchDetachedFromWindow
12-16 12:12:38.277 19002 19002 D InputTransport: Input channel destroyed: 'cf84bbd', fd=77
12-16 12:12:38.278 19002 19002 I ViewRootImpl@76dff9f[PathAttributesActivity]: ViewPostIme key 0
12-16 12:12:38.286 19002 19002 I ViewRootImpl@76dff9f[PathAttributesActivity]: ViewPostIme key 1
12-16 12:12:38.420 19002 19002 I ViewRootImpl@76dff9f[PathAttributesActivity]: ViewPostIme key 0
12-16 12:12:38.431 19002 19002 I ViewRootImpl@76dff9f[PathAttributesActivity]: ViewPostIme key 1
12-16 12:12:38.872 19002 19002 I ViewRootImpl@76dff9f[PathAttributesActivity]: ViewPostIme key 0
12-16 12:12:38.878 19002 19002 I ViewRootImpl@76dff9f[PathAttributesActivity]: ViewPostIme key 1
12-16 12:12:38.948 19002 19002 I ViewRootImpl@76dff9f[PathAttributesActivity]: ViewPostIme key 0
12-16 12:12:38.957 19002 19002 I ViewRootImpl@76dff9f[PathAttributesActivity]: ViewPostIme key 1
12-16 12:12:39.090 19002 19002 I ViewRootImpl@76dff9f[PathAttributesActivity]: ViewPostIme key 0
12-16 12:12:39.096 19002 19002 I ViewRootImpl@76dff9f[PathAttributesActivity]: ViewPostIme key 1
12-16 12:12:39.415 19002 19002 I ViewRootImpl@76dff9f[PathAttributesActivity]: ViewPostIme pointer 0
12-16 12:12:39.546 19002 19002 I ViewRootImpl@76dff9f[PathAttributesActivity]: The input has been finished in ImeInputStage.
12-16 12:12:39.554 19002 19002 I ViewRootImpl@76dff9f[PathAttributesActivity]: The input has been finished in ImeInputStage.
12-16 12:12:39.607 19002 19002 I ViewRootImpl@76dff9f[PathAttributesActivity]: MSG_RESIZED: frame=(0,0,1080,2220) ci=(0,63,0,0) vi=(0,63,0,0) or=1
12-16 12:12:39.639 19002 19002 I ViewRootImpl@76dff9f[PathAttributesActivity]: Relayout returned: old=(0,0,1080,2220) new=(0,0,1080,2220) req=(1080,2220)0 dur=10 res=0x1 s={true 522724306944} ch=false
12-16 12:12:42.088 19002 19002 I ViewRootImpl@76dff9f[PathAttributesActivity]: ViewPostIme pointer 0
12-16 12:12:42.207 19002 19002 I ViewRootImpl@76dff9f[PathAttributesActivity]: ViewPostIme pointer 1
12-16 12:12:42.819 19002 19002 I ViewRootImpl@76dff9f[PathAttributesActivity]: ViewPostIme pointer 0
12-16 12:12:43.085 19002 19002 I ViewRootImpl@76dff9f[PathAttributesActivity]: ViewPostIme pointer 1
12-16 12:12:43.803 19002 19002 I ViewRootImpl@76dff9f[PathAttributesActivity]: ViewPostIme pointer 0
12-16 12:12:43.854 19002 19002 I ViewRootImpl@76dff9f[PathAttributesActivity]: ViewPostIme pointer 1
12-16 12:12:43.887 19002 19002 D Dialog  : mIsSamsungBasicInteraction = false
12-16 12:12:43.887 19002 19002 D Dialog  : mIsSamsungBasicInteraction = false, isMetaDataInActivity = false
12-16 12:12:43.903 19002 19002 I MultiWindowDecorSupport: [INFO] isPopOver = false
12-16 12:12:43.903 19002 19002 I MultiWindowDecorSupport: updateCaptionType >> DecorView@634ce57[], isFloating: true, isApplication: true, hasWindowDecorCaption: false, hasWindowControllerCallback: false
12-16 12:12:43.904 19002 19002 D MultiWindowDecorSupport: setCaptionType = 0, DecorView = DecorView@634ce57[]
12-16 12:12:43.961 19002 19002 D ScrollView: initGoToTop
12-16 12:12:43.999 19002 19002 I ViewRootImpl@159990c[PathAttributesActivity]: setView = com.android.internal.policy.DecorView@634ce57 TM=true MM=false
12-16 12:12:44.030 19002 19002 I ViewRootImpl@159990c[PathAttributesActivity]: Relayout returned: old=(0,63,1080,2220) new=(28,874,1052,1408) req=(1024,534)0 dur=12 res=0x7 s={true 522725892096} ch=true
12-16 12:12:44.032 19002 19064 D mali_winsys: EGLint new_window_surface(egl_winsys_display *, void *, EGLSurface, EGLConfig, egl_winsys_surface **, EGLBoolean) returns 0x3000
12-16 12:12:44.038 19002 19002 I ViewRootImpl@159990c[PathAttributesActivity]: [DrawPending] drawPending(1) 1 android.view.ViewRootImpl.reportNextDraw:9952 android.view.ViewRootImpl.performTraversals:3329 android.view.ViewRootImpl.doTraversal:2222 
12-16 12:12:44.039 19002 19002 I ViewRootImpl@159990c[PathAttributesActivity]: [DrawPending] performDraw() Waiting asnyc report
12-16 12:12:44.041 19002 19002 E DecorView: mWindow.mActivityCurrentConfig is null
12-16 12:12:44.051 19002 19002 I ViewRootImpl@159990c[PathAttributesActivity]: [DrawPending] pendingDrawFinished(0) 1 android.view.ViewRootImpl.lambda$performDraw$1$ViewRootImpl:4058 android.view.-$$Lambda$ViewRootImpl$7A_3tkr_Kw4TZAeIUGVlOoTcZhg.run:4 android.os.Handler.handleCallback:883 
12-16 12:12:44.051 19002 19002 I ViewRootImpl@159990c[PathAttributesActivity]: [DrawPending] reportDrawFinished()
12-16 12:12:44.052 19002 19002 I ViewRootImpl@159990c[PathAttributesActivity]: MSG_WINDOW_FOCUS_CHANGED 1 1
12-16 12:12:44.062 19002 19002 I ViewRootImpl@159990c[PathAttributesActivity]: MSG_RESIZED: frame=(28,874,1052,1408) ci=(0,0,0,0) vi=(0,0,0,0) or=1
12-16 12:12:44.069 19002 19002 I ViewRootImpl@76dff9f[PathAttributesActivity]: MSG_WINDOW_FOCUS_CHANGED 0 1
12-16 12:12:44.069 19002 19002 D InputMethodManager: prepareNavigationBarInfo() DecorView@cf6abcf[PathAttributesActivity]
12-16 12:12:44.069 19002 19002 D InputMethodManager: getNavigationBarColor() -855310
12-16 12:12:45.075 19002 19002 D Toast   : show: focusDisplayId = 0, isFocusInDesktop = false mCustomDisplayId=-1
12-16 12:12:45.111 19002 19086 V Toast   : SHOW: android.widget.Toast$TN@46d1458
12-16 12:12:45.116 19002 19064 W libEGL  : EGLNativeWindowType 0x79579f4c90 disconnect failed
12-16 12:12:45.116 19002 19002 I ViewRootImpl@159990c[PathAttributesActivity]: dispatchDetachedFromWindow
12-16 12:12:45.124 19002 19002 D InputTransport: Input channel destroyed: '4317fe6', fd=75
12-16 12:12:45.125 19002 19002 I ViewRootImpl@650238a[MainActivity]: stopped(false) old=true
12-16 12:12:45.129 19002 19002 D ConnectivityManager: requestNetwork; CallingUid : 10308, CallingPid : 19002
12-16 12:12:45.136 19002 19002 I ViewRootImpl@650238a[MainActivity]: stopped(false) old=false
12-16 12:12:45.149 19002 19002 E ViewRootImpl: sendUserActionEvent() mView returned.
12-16 12:12:45.149 19002 19002 V Toast   : HANDLE SHOW: android.widget.Toast$TN@46d1458 mView=null mNextView=android.widget.LinearLayout{7a232b V.E...... ......I. 0,0-0,0}
12-16 12:12:45.149 19002 19002 V Toast   : HANDLE HIDE: android.widget.Toast$TN@46d1458 mView=null
12-16 12:12:45.163 19002 19002 I ViewRootImpl@b5e03d2[Toast]: setView = android.widget.LinearLayout@7a232b TM=true MM=false
12-16 12:12:45.163 19002 19002 V Toast   : Text: Qerc in android.widget.Toast$TN@46d1458
12-16 12:12:45.173 19002 19002 I ViewRootImpl@650238a[MainActivity]: Relayout returned: old=(0,0,1080,2220) new=(0,0,1080,2220) req=(1080,2220)0 dur=8 res=0x7 s={true 522725892096} ch=true
12-16 12:12:45.174 19002 19002 I ViewRootImpl@650238a[MainActivity]: [DrawPending] drawPending(1) 1 android.view.ViewRootImpl.reportNextDraw:9952 android.view.ViewRootImpl.performTraversals:3329 android.view.ViewRootImpl.doTraversal:2222 
12-16 12:12:45.174 19002 19064 D mali_winsys: EGLint new_window_surface(egl_winsys_display *, void *, EGLSurface, EGLConfig, egl_winsys_surface **, EGLBoolean) returns 0x3000
12-16 12:12:45.174 19002 19002 I ViewRootImpl@650238a[MainActivity]: [DrawPending] performDraw() Waiting asnyc report
12-16 12:12:45.206 19002 19002 I ViewRootImpl@b5e03d2[Toast]: Relayout returned: old=(0,63,1080,2220) new=(183,1936,896,2052) req=(713,116)0 dur=10 res=0x7 s={true 522733993984} ch=true
12-16 12:12:45.208 19002 19064 D mali_winsys: EGLint new_window_surface(egl_winsys_display *, void *, EGLSurface, EGLConfig, egl_winsys_surface **, EGLBoolean) returns 0x3000
12-16 12:12:45.208 19002 19002 I ViewRootImpl@b5e03d2[Toast]: [DrawPending] drawPending(1) 0 android.view.ViewRootImpl.reportNextDraw:9952 android.view.ViewRootImpl.performTraversals:3329 android.view.ViewRootImpl.doTraversal:2222 
12-16 12:12:45.208 19002 19002 I ViewRootImpl@b5e03d2[Toast]: [DrawPending] performDraw() Waiting asnyc report
12-16 12:12:45.213 19002 19002 I ViewRootImpl@b5e03d2[Toast]: [DrawPending] pendingDrawFinished(0) 0 android.view.ViewRootImpl.lambda$performDraw$1$ViewRootImpl:4058 android.view.-$$Lambda$ViewRootImpl$7A_3tkr_Kw4TZAeIUGVlOoTcZhg.run:4 android.os.Handler.handleCallback:883 
12-16 12:12:45.213 19002 19002 I ViewRootImpl@b5e03d2[Toast]: [DrawPending] reportDrawFinished()
12-16 12:12:45.214 19002 19002 I ViewRootImpl@650238a[MainActivity]: [DrawPending] pendingDrawFinished(0) 1 android.view.ViewRootImpl.lambda$performDraw$1$ViewRootImpl:4058 android.view.-$$Lambda$ViewRootImpl$7A_3tkr_Kw4TZAeIUGVlOoTcZhg.run:4 android.os.Handler.handleCallback:883 
12-16 12:12:45.214 19002 19002 I ViewRootImpl@650238a[MainActivity]: [DrawPending] reportDrawFinished()
12-16 12:12:45.228 19002 19002 I ViewRootImpl@650238a[MainActivity]: MSG_WINDOW_FOCUS_CHANGED 1 1
12-16 12:12:45.228 19002 19002 D InputMethodManager: prepareNavigationBarInfo() DecorView@5948d6[MainActivity]
12-16 12:12:45.228 19002 19002 D InputMethodManager: getNavigationBarColor() -855310
12-16 12:12:45.250 19002 19002 D InputMethodManager: prepareNavigationBarInfo() DecorView@5948d6[MainActivity]
12-16 12:12:45.251 19002 19002 D InputMethodManager: getNavigationBarColor() -855310
12-16 12:12:45.251 19002 19002 V InputMethodManager: Starting input: tba=com.rmc.natour21 ic=androidx.emoji2.viewsintegration.EmojiInputConnection@e6e2d1b mNaviBarColor -855310 mIsGetNaviBarColorSuccess true , NavVisible : true , NavTrans : false
12-16 12:12:45.251 19002 19002 D InputMethodManager: startInputInner - Id : 0
12-16 12:12:45.255 19002 19002 I InputMethodManager: startInputInner - mService.startInputOrWindowGainedFocus
12-16 12:12:45.258 19002 19002 D InputTransport: Input channel destroyed: 'ClientS', fd=72
12-16 12:12:45.258 19002 19002 I ViewRootImpl@b5e03d2[Toast]: MSG_RESIZED: frame=(183,1936,896,2052) ci=(0,0,0,0) vi=(357,116,713,116) or=1
12-16 12:12:45.649 19002 19064 W libEGL  : EGLNativeWindowType 0x796cdc36d0 disconnect failed
12-16 12:12:45.671 19002 19002 I ViewRootImpl@76dff9f[PathAttributesActivity]: Relayout returned: old=(0,0,1080,2220) new=(0,0,1080,2220) req=(1080,2220)8 dur=18 res=0x5 s={false 0} ch=true
12-16 12:12:45.675 19002 19002 I ViewRootImpl@76dff9f[PathAttributesActivity]: stopped(true) old=false
12-16 12:12:45.732 19002 19002 I ViewRootImpl@76dff9f[PathAttributesActivity]: dispatchDetachedFromWindow
12-16 12:12:45.742 19002 19002 D InputTransport: Input channel destroyed: '48c496a', fd=132
12-16 12:12:46.238 19002 19120 W SendBird: [12:12:46.235 Connection$1:onMessage():235] onMessage instance : [PONG] com.sendbird.android.Connection@8ead62d
12-16 12:12:46.241 19002 19120 W Sendbird: [12:12:46.239 Connection$1:onMessage():236] onMessage instance : [PONG] com.sendbird.android.Connection@8ead62d
12-16 12:12:46.255 19002 19136 W SendBird: [12:12:46.253 EventController$1:call():141] ++ result[PONG] runnable=null
12-16 12:12:46.710 19002 19002 I ViewRootImpl@650238a[MainActivity]: ViewPostIme pointer 0
12-16 12:12:46.738 19002 19002 I ViewRootImpl@650238a[MainActivity]: ViewPostIme pointer 1
12-16 12:12:46.759 19002 19002 D ConnectivityManager: unregisterNetworkCallback; CallingUid : 10308, CallingPid : 19002
12-16 12:12:46.832 19002 19002 D ConnectivityManager: requestNetwork; CallingUid : 10308, CallingPid : 19002
12-16 12:12:47.030 19002 19002 I ViewRootImpl@650238a[MainActivity]: Relayout returned: old=(0,0,1080,2220) new=(0,0,1080,2220) req=(1080,2220)0 dur=4 res=0x1 s={true 522725892096} ch=false
12-16 12:12:47.621 19002 19002 I ViewRootImpl@650238a[MainActivity]: ViewPostIme pointer 0
12-16 12:12:48.612 19002 19023 V Toast   : HIDE: android.widget.Toast$TN@46d1458
12-16 12:16:01.350 20401 20401 I om.rmc.natour2: Late-enabling -Xcheck:jni
12-16 12:16:01.376 20401 20401 E om.rmc.natour2: Unknown bits set in runtime_flags: 0x8000
12-16 12:16:01.390 20401 20401 D ActivityThread: setConscryptValidator
12-16 12:16:01.390 20401 20401 D ActivityThread: setConscryptValidator - put
12-16 12:16:01.462 20401 20401 I om.rmc.natour2: The ClassLoaderContext is a special shared library.
12-16 12:16:05.906 20401 20401 I FirebaseApp: Device unlocked: initializing all Firebase APIs for app [DEFAULT]
12-16 12:16:06.303 20401 20556 I DynamiteModule: Considering local module com.google.android.gms.measurement.dynamite:70 and remote module com.google.android.gms.measurement.dynamite:87
12-16 12:16:06.303 20401 20556 I DynamiteModule: Selected remote version of com.google.android.gms.measurement.dynamite, version >= 87
12-16 12:16:06.303 20401 20556 V DynamiteModule: Dynamite loader version >= 2, using loadModule2NoCrashUtils
12-16 12:16:06.339 20401 20556 W System  : ClassLoader referenced unknown path: 
12-16 12:16:06.374 20401 20401 I FirebaseInitProvider: FirebaseApp initialization successful
12-16 12:16:06.443 20401 20556 I om.rmc.natour2: Waiting for a blocking GC ClassLinker
12-16 12:16:06.467 20401 20556 I om.rmc.natour2: WaitForGcToComplete blocked ClassLinker on ClassLinker for 24.114ms
12-16 12:16:06.531 20401 20556 W om.rmc.natour2: Accessing hidden field Lsun/misc/Unsafe;->theUnsafe:Lsun/misc/Unsafe; (greylist, reflection, allowed)
12-16 12:16:06.532 20401 20556 W om.rmc.natour2: Accessing hidden method Lsun/misc/Unsafe;->objectFieldOffset(Ljava/lang/reflect/Field;)J (greylist,core-platform-api, linking, allowed)
12-16 12:16:06.532 20401 20556 W om.rmc.natour2: Accessing hidden method Lsun/misc/Unsafe;->arrayBaseOffset(Ljava/lang/Class;)I (greylist,core-platform-api, linking, allowed)
12-16 12:16:06.532 20401 20556 W om.rmc.natour2: Accessing hidden method Lsun/misc/Unsafe;->arrayIndexScale(Ljava/lang/Class;)I (greylist, linking, allowed)
12-16 12:16:06.771 20401 20563 I FA      : App measurement initialized, version: 75052
12-16 12:16:06.771 20401 20563 I FA      : To enable debug logging run: adb shell setprop log.tag.FA VERBOSE
12-16 12:16:06.771 20401 20563 I FA      : To enable faster debug mode event logging run:
12-16 12:16:06.771 20401 20563 I FA      :   adb shell setprop debug.firebase.analytics.app com.rmc.natour21
12-16 12:16:06.784 20401 20401 W com.facebook.UserSettingsManager: Please set a value for AutoLogAppEventsEnabled. Set the flag to TRUE if you want to collect app install, app launch and in-app purchase events automatically. To request user consent before collecting data, set the flag value to FALSE, then change to TRUE once user consent is received. Learn more: https://developers.facebook.com/docs/app-events/getting-started-app-events-android#disable-auto-events.
12-16 12:16:06.784 20401 20401 W com.facebook.UserSettingsManager: You haven't set a value for AdvertiserIDCollectionEnabled. Set the flag to TRUE if you want to collect Advertiser ID for better advertising and analytics results. To request user consent before collecting data, set the flag value to FALSE, then change to TRUE once user consent is received. Learn more: https://developers.facebook.com/docs/app-events/getting-started-app-events-android#disable-auto-events.
12-16 12:16:06.862 20401 20574 W com.facebook.internal.NativeProtocol: Apps that target Android API 30+ (Android 11+) cannot call Facebook native apps unless the package visibility needs are declared. Please follow https://developers.facebook.com/docs/android/troubleshooting/#faq_267321845055988 to make the declaration.
12-16 12:16:06.902 20401 20568 D NetworkSecurityConfig: Using Network Security Config from resource network_security_config debugBuild: true
12-16 12:16:06.923 20401 20571 I System.out: (HTTPLog)-Static: isSBSettingEnabled false
12-16 12:16:06.923 20401 20571 I System.out: (HTTPLog)-Static: isSBSettingEnabled false
12-16 12:16:06.927 20401 20570 I System.out: (HTTPLog)-Static: isSBSettingEnabled false
12-16 12:16:06.927 20401 20570 I System.out: (HTTPLog)-Static: isSBSettingEnabled false
12-16 12:16:06.944 20401 20568 I System.out: (HTTPLog)-Static: isSBSettingEnabled false
12-16 12:16:06.944 20401 20568 I System.out: (HTTPLog)-Static: isSBSettingEnabled false
12-16 12:16:06.997 20401 20401 D KeyHash:: 3Fm4gBnqk2PYU3lntxOY4S7uHvQ=
12-16 12:16:06.997 20401 20568 D TcpOptimizer: TcpOptimizer-ON
12-16 12:16:07.090 20401 20568 D libmdf  : libmdf v2.9.0.0 On 64bit PLATFORM
12-16 12:16:07.637 20401 20571 I System.out: (HTTPLog)-Static: isSBSettingEnabled false
12-16 12:16:07.638 20401 20571 I System.out: (HTTPLog)-Static: isSBSettingEnabled false
12-16 12:20:08.464 20401 20401 W ActivityThread: handleWindowVisibility: no activity for token android.os.BinderProxy@3fcfe5
12-16 12:20:08.526 20401 22874 D libEGL  : loaded /vendor/lib64/egl/libGLES_mali.so
12-16 12:20:08.604 20401 20401 D PhoneWindow: forceLight changed to true [] from com.android.internal.policy.PhoneWindow.updateForceLightNavigationBar:4274 com.android.internal.policy.DecorView.updateColorViews:1547 com.android.internal.policy.PhoneWindow.dispatchWindowAttributesChanged:3252 android.view.Window.setFlags:1153 com.android.internal.policy.PhoneWindow.generateLayout:2474 
12-16 12:20:08.605 20401 20401 I MultiWindowDecorSupport: [INFO] isPopOver = false
12-16 12:20:08.606 20401 20401 I MultiWindowDecorSupport: updateCaptionType >> DecorView@59e1f36[], isFloating: false, isApplication: true, hasWindowDecorCaption: false, hasWindowControllerCallback: true
12-16 12:20:08.606 20401 20401 D MultiWindowDecorSupport: setCaptionType = 0, DecorView = DecorView@59e1f36[]
12-16 12:20:08.637 20401 20401 W om.rmc.natour2: Accessing hidden method Landroid/view/View;->computeFitSystemWindows(Landroid/graphics/Rect;Landroid/graphics/Rect;)Z (greylist, reflection, allowed)
12-16 12:20:08.638 20401 20401 W om.rmc.natour2: Accessing hidden method Landroid/view/ViewGroup;->makeOptionalFitsSystemWindows()V (greylist, reflection, allowed)
12-16 12:20:08.733 20401 20401 D ConnectivityManager: requestNetwork; CallingUid : 10308, CallingPid : 20401
12-16 12:20:08.742 20401 22877 W om.rmc.natour2: Accessing hidden method Lsun/misc/Unsafe;->compareAndSwapInt(Ljava/lang/Object;JII)Z (greylist, linking, allowed)
12-16 12:20:08.742 20401 22877 W om.rmc.natour2: Accessing hidden method Lsun/misc/Unsafe;->getObjectVolatile(Ljava/lang/Object;J)Ljava/lang/Object; (greylist, linking, allowed)
12-16 12:20:08.742 20401 22877 W om.rmc.natour2: Accessing hidden method Lsun/misc/Unsafe;->compareAndSwapObject(Ljava/lang/Object;JLjava/lang/Object;Ljava/lang/Object;)Z (greylist, linking, allowed)
12-16 12:20:08.742 20401 22877 W om.rmc.natour2: Accessing hidden method Lsun/misc/Unsafe;->compareAndSwapLong(Ljava/lang/Object;JJJ)Z (greylist, linking, allowed)
12-16 12:20:08.745 20401 22880 I FA      : Tag Manager is not found and thus will not be used
12-16 12:20:08.761 20401 20401 I ViewRootImpl@2f37e9[Splashscreen]: setView = com.android.internal.policy.DecorView@59e1f36 TM=true MM=false
12-16 12:20:08.782 20401 20578 I System.out: (HTTPLog)-Static: isSBSettingEnabled false
12-16 12:20:08.782 20401 20578 I System.out: (HTTPLog)-Static: isSBSettingEnabled false
12-16 12:20:08.824 20401 20401 I ViewRootImpl@2f37e9[Splashscreen]: Relayout returned: old=(0,0,1080,2220) new=(0,0,1080,2220) req=(1080,2220)0 dur=7 res=0x7 s={true 522817339392} ch=true
12-16 12:20:08.828 20401 20401 I ViewRootImpl@2f37e9[Splashscreen]: [DrawPending] drawPending(1) 1 android.view.ViewRootImpl.reportNextDraw:9952 android.view.ViewRootImpl.performTraversals:3329 android.view.ViewRootImpl.doTraversal:2222 
12-16 12:20:08.828 20401 20401 I ViewRootImpl@2f37e9[Splashscreen]: [DrawPending] performDraw() Waiting asnyc report
12-16 12:20:08.846 20401 22872 D mali_winsys: EGLint new_window_surface(egl_winsys_display *, void *, EGLSurface, EGLConfig, egl_winsys_surface **, EGLBoolean) returns 0x3000
12-16 12:20:08.853 20401 22872 W Gralloc3: mapper 3.x is not supported
12-16 12:20:08.920 20401 22872 E cutils-trace: Error opening trace file: No such file or directory (2)
12-16 12:20:08.921 20401 20401 I ViewRootImpl@2f37e9[Splashscreen]: [DrawPending] pendingDrawFinished(0) 1 android.view.ViewRootImpl.lambda$performDraw$1$ViewRootImpl:4058 android.view.-$$Lambda$ViewRootImpl$7A_3tkr_Kw4TZAeIUGVlOoTcZhg.run:4 android.os.Handler.handleCallback:883 
12-16 12:20:08.921 20401 20401 I ViewRootImpl@2f37e9[Splashscreen]: [DrawPending] reportDrawFinished()
12-16 12:20:08.924 20401 20401 I ViewRootImpl@2f37e9[Splashscreen]: MSG_WINDOW_FOCUS_CHANGED 1 1
12-16 12:20:08.924 20401 20401 D InputMethodManager: prepareNavigationBarInfo() DecorView@59e1f36[Splashscreen]
12-16 12:20:08.925 20401 20401 D InputMethodManager: getNavigationBarColor() -855310
12-16 12:20:08.926 20401 20401 D InputMethodManager: prepareNavigationBarInfo() DecorView@59e1f36[Splashscreen]
12-16 12:20:08.926 20401 20401 D InputMethodManager: getNavigationBarColor() -855310
12-16 12:20:08.926 20401 20401 V InputMethodManager: Starting input: tba=com.rmc.natour21 ic=null mNaviBarColor -855310 mIsGetNaviBarColorSuccess true , NavVisible : true , NavTrans : false
12-16 12:20:08.926 20401 20401 D InputMethodManager: startInputInner - Id : 0
12-16 12:20:08.926 20401 20401 I InputMethodManager: startInputInner - mService.startInputOrWindowGainedFocus
12-16 12:20:08.934 20401 20401 I ViewRootImpl@2f37e9[Splashscreen]: MSG_RESIZED_REPORT: frame=(0,0,1080,2220) ci=(0,0,0,0) vi=(0,0,0,0) or=1
12-16 12:20:08.934 20401 20401 I ViewRootImpl@2f37e9[Splashscreen]: [DrawPending] drawPending(1) 1 android.view.ViewRootImpl.reportNextDraw:9952 android.view.ViewRootImpl.access$900:205 android.view.ViewRootImpl$ViewRootHandler.handleMessage:5350 
12-16 12:20:08.937 20401 20401 D InputMethodManager: prepareNavigationBarInfo() DecorView@59e1f36[Splashscreen]
12-16 12:20:08.937 20401 20401 D InputMethodManager: getNavigationBarColor() -855310
12-16 12:20:08.937 20401 20401 V InputMethodManager: Starting input: tba=com.rmc.natour21 ic=null mNaviBarColor -855310 mIsGetNaviBarColorSuccess true , NavVisible : true , NavTrans : false
12-16 12:20:08.938 20401 20401 D InputMethodManager: startInputInner - Id : 0
12-16 12:20:08.938 20401 20401 I ViewRootImpl@2f37e9[Splashscreen]: [DrawPending] performDraw() Waiting asnyc report
12-16 12:20:08.942 20401 20401 I ViewRootImpl@2f37e9[Splashscreen]: [DrawPending] pendingDrawFinished(0) 1 android.view.ViewRootImpl.lambda$performDraw$1$ViewRootImpl:4058 android.view.-$$Lambda$ViewRootImpl$7A_3tkr_Kw4TZAeIUGVlOoTcZhg.run:4 android.os.Handler.handleCallback:883 
12-16 12:20:08.942 20401 20401 I ViewRootImpl@2f37e9[Splashscreen]: [DrawPending] reportDrawFinished()
12-16 12:20:09.319 20401 22885 I System.out: Firebase token: eyJhbGciOiJSUzI1NiIsImtpZCI6Ijk3OGI1NmM2NmVhYmIwZDlhNmJhOGNhMzMwMTU2NGEyMzhlYWZjODciLCJ0eXAiOiJKV1QifQ.eyJuYW1lIjoiY2xhdWRpbyB2ZWxvdHRpIiwicGljdHVyZSI6Imh0dHBzOi8vbGgzLmdvb2dsZXVzZXJjb250ZW50LmNvbS9hL0FMbTV3dTI5V2MtR0dNWkljYk9qc2hic0pORFJ6OW9ZQjNYR3hXUmRWekdIPXM5Ni1jIiwiaXNzIjoiaHR0cHM6Ly9zZWN1cmV0b2tlbi5nb29nbGUuY29tL25hdG91cjIxLWZjNmVhIiwiYXVkIjoibmF0b3VyMjEtZmM2ZWEiLCJhdXRoX3RpbWUiOjE2NzExODg3NTEsInVzZXJfaWQiOiJkT3lqREZWbVhCYnRhVjVWMkdXOEc5NmZVdjQzIiwic3ViIjoiZE95akRGVm1YQmJ0YVY1VjJHVzhHOTZmVXY0MyIsImlhdCI6MTY3MTE4ODc1MSwiZXhwIjoxNjcxMTkyMzUxLCJlbWFpbCI6ImNsYWRvdHRpMzFAZ21haWwuY29tIiwiZW1haWxfdmVyaWZpZWQiOnRydWUsImZpcmViYXNlIjp7ImlkZW50aXRpZXMiOnsiZ29vZ2xlLmNvbSI6WyIxMTI0OTI4NzA2NDA3MTc2NTQ1NzAiXSwiZW1haWwiOlsiY2xhZG90dGkzMUBnbWFpbC5jb20iXX0sInNpZ25faW5fcHJvdmlkZXIiOiJnb29nbGUuY29tIn19.RxZplc6vZUPul4PopRgqN9-kUpK7g3_qk4s0eKM6LLgPKmAENhUhR7twdTH7WQWG292u_Xt47dqc16PEaSr2tntcXDhZ9HjDxwW66Sc8WebyQpJtMbTnV0cTGGQv0Kxb94mvni_99nppPGiy_p2Cf7BttcWujPkhJK-1mTB7lpX_Ca-658LcLoyHqkhYULg_hLvPFi4XgI9bZlmMi_Sk7Nw3nNzGPyCypL__P5YZiuqcx3H68zuotadKTPy7hU14uyjAU2hQKFRZzJSPH2dBWKs5nGn4OJe68m-Jr_XJ4qmXnAcHMH6cOq9yAZ7xA7Cz7jCSU1gobJHwNihRTfYW0g
12-16 12:20:09.481 20401 22905 V NativeCrypto: Registering org/conscrypt/NativeCrypto's 286 native methods...
12-16 12:20:10.305 20401 22885 W om.rmc.natour2: Accessing hidden method Ldalvik/system/BlockGuard;->getThreadPolicy()Ldalvik/system/BlockGuard$Policy; (greylist,core-platform-api, linking, allowed)
12-16 12:20:10.305 20401 22885 W om.rmc.natour2: Accessing hidden method Ldalvik/system/BlockGuard$Policy;->onNetwork()V (greylist, linking, allowed)
12-16 12:20:10.305 20401 22885 W om.rmc.natour2: Accessing hidden method Ldalvik/system/CloseGuard;->close()V (greylist,core-platform-api, linking, allowed)
12-16 12:20:10.305 20401 22885 W om.rmc.natour2: Accessing hidden method Ldalvik/system/CloseGuard;->get()Ldalvik/system/CloseGuard; (greylist,core-platform-api, linking, allowed)
12-16 12:20:10.305 20401 22885 W om.rmc.natour2: Accessing hidden method Ldalvik/system/CloseGuard;->open(Ljava/lang/String;)V (greylist,core-platform-api, linking, allowed)
12-16 12:20:10.305 20401 22885 W om.rmc.natour2: Accessing hidden method Ldalvik/system/CloseGuard;->warnIfOpen()V (greylist,core-platform-api, linking, allowed)
12-16 12:20:10.309 20401 22885 W om.rmc.natour2: Accessing hidden method Ljava/security/spec/ECParameterSpec;->getCurveName()Ljava/lang/String; (greylist, reflection, allowed)
12-16 12:20:10.407 20401 20401 D SBUIKIT : [12:20:10.406 SendBirdUIKit$1:onInitSucceed():174] >> onInitSucceed()
12-16 12:20:10.430 20401 20401 W ActivityThread: handleWindowVisibility: no activity for token android.os.BinderProxy@7a36b5f
12-16 12:20:10.451 20401 20401 D PhoneWindow: forceLight changed to true [] from com.android.internal.policy.PhoneWindow.updateForceLightNavigationBar:4274 com.android.internal.policy.DecorView.updateColorViews:1547 com.android.internal.policy.PhoneWindow.dispatchWindowAttributesChanged:3252 android.view.Window.setFlags:1153 com.android.internal.policy.PhoneWindow.generateLayout:2474 
12-16 12:20:10.451 20401 20401 I MultiWindowDecorSupport: [INFO] isPopOver = false
12-16 12:20:10.451 20401 20401 I MultiWindowDecorSupport: updateCaptionType >> DecorView@c92dc61[], isFloating: false, isApplication: true, hasWindowDecorCaption: false, hasWindowControllerCallback: true
12-16 12:20:10.451 20401 20401 D MultiWindowDecorSupport: setCaptionType = 0, DecorView = DecorView@c92dc61[]
12-16 12:20:10.805 20401 22929 W om.rmc.natour2: Accessing hidden field Ljava/net/Socket;->impl:Ljava/net/SocketImpl; (greylist, reflection, allowed)
12-16 12:20:10.805 20401 22928 W om.rmc.natour2: Accessing hidden field Ljava/net/Socket;->impl:Ljava/net/SocketImpl; (greylist, reflection, allowed)
12-16 12:20:10.815 20401 22929 W om.rmc.natour2: Accessing hidden field Ljava/io/FileDescriptor;->descriptor:I (greylist, JNI, allowed)
12-16 12:20:10.829 20401 20401 D ConnectivityManager: requestNetwork; CallingUid : 10308, CallingPid : 20401
12-16 12:20:10.841 20401 20401 I ViewRootImpl@f79975c[MainActivity]: setView = com.android.internal.policy.DecorView@c92dc61 TM=true MM=false
12-16 12:20:10.842 20401 20401 I ViewRootImpl@2f37e9[Splashscreen]: MSG_WINDOW_FOCUS_CHANGED 0 1
12-16 12:20:10.842 20401 20401 D InputMethodManager: prepareNavigationBarInfo() DecorView@59e1f36[Splashscreen]
12-16 12:20:10.842 20401 20401 D InputMethodManager: getNavigationBarColor() -855310
12-16 12:20:10.927 20401 22928 W om.rmc.natour2: Accessing hidden method Ljava/security/spec/ECParameterSpec;->setCurveName(Ljava/lang/String;)V (greylist, reflection, allowed)
12-16 12:20:10.927 20401 22929 W om.rmc.natour2: Accessing hidden method Ljava/security/spec/ECParameterSpec;->setCurveName(Ljava/lang/String;)V (greylist, reflection, allowed)
12-16 12:20:10.935 20401 20401 I ViewRootImpl@f79975c[MainActivity]: Relayout returned: old=(0,0,1080,2220) new=(0,0,1080,2220) req=(1080,2220)0 dur=8 res=0x7 s={true 522739687424} ch=true
12-16 12:20:10.936 20401 22872 D mali_winsys: EGLint new_window_surface(egl_winsys_display *, void *, EGLSurface, EGLConfig, egl_winsys_surface **, EGLBoolean) returns 0x3000
12-16 12:20:10.960 20401 20401 I ViewRootImpl@f79975c[MainActivity]: [DrawPending] drawPending(1) 1 android.view.ViewRootImpl.reportNextDraw:9952 android.view.ViewRootImpl.performTraversals:3329 android.view.ViewRootImpl.doTraversal:2222 
12-16 12:20:10.962 20401 20401 I ViewRootImpl@f79975c[MainActivity]: [DrawPending] performDraw() Waiting asnyc report
12-16 12:20:11.008 20401 20401 I ViewRootImpl@f79975c[MainActivity]: [DrawPending] pendingDrawFinished(0) 1 android.view.ViewRootImpl.lambda$performDraw$1$ViewRootImpl:4058 android.view.-$$Lambda$ViewRootImpl$7A_3tkr_Kw4TZAeIUGVlOoTcZhg.run:4 android.os.Handler.handleCallback:883 
12-16 12:20:11.008 20401 20401 I ViewRootImpl@f79975c[MainActivity]: [DrawPending] reportDrawFinished()
12-16 12:20:11.010 20401 20401 I ViewRootImpl@f79975c[MainActivity]: MSG_WINDOW_FOCUS_CHANGED 1 1
12-16 12:20:11.010 20401 20401 D InputMethodManager: prepareNavigationBarInfo() DecorView@c92dc61[MainActivity]
12-16 12:20:11.010 20401 20401 D InputMethodManager: getNavigationBarColor() -855310
12-16 12:20:11.017 20401 20401 D EmergencyMode: [EmergencyManager] android createPackageContext successful: com.rmc.natour21
12-16 12:20:11.024 20401 20401 D InputMethodManager: prepareNavigationBarInfo() DecorView@c92dc61[MainActivity]
12-16 12:20:11.024 20401 20401 D InputMethodManager: getNavigationBarColor() -855310
12-16 12:20:11.024 20401 20401 V InputMethodManager: Starting input: tba=com.rmc.natour21 ic=null mNaviBarColor -855310 mIsGetNaviBarColorSuccess true , NavVisible : true , NavTrans : false
12-16 12:20:11.024 20401 20401 D InputMethodManager: startInputInner - Id : 0
12-16 12:20:11.024 20401 20401 I InputMethodManager: startInputInner - mService.startInputOrWindowGainedFocus
12-16 12:20:11.025 20401 20401 D InputTransport: Input channel destroyed: 'ClientS', fd=92
12-16 12:20:11.026 20401 20401 I ViewRootImpl@f79975c[MainActivity]: MSG_RESIZED: frame=(0,0,1080,2220) ci=(0,63,0,0) vi=(0,63,0,0) or=1
12-16 12:20:11.081 20401 22885 W Glide   : Failed to find GeneratedAppGlideModule. You should include an annotationProcessor compile dependency on com.github.bumptech.glide:compiler in your application and a @GlideModule annotated AppGlideModule implementation or LibraryGlideModules will be silently ignored
12-16 12:20:11.110 20401 22885 D ConnectivityManager: requestNetwork; CallingUid : 10308, CallingPid : 20401
12-16 12:20:11.141 20401 22929 W SendBird: [12:20:11.141 Connection$1:onMessage():235] onMessage instance : [LOGI] com.sendbird.android.Connection@27fffd4
12-16 12:20:11.143 20401 22929 W Sendbird: [12:20:11.142 Connection$1:onMessage():236] onMessage instance : [LOGI] com.sendbird.android.Connection@27fffd4
12-16 12:20:11.158 20401 22946 W SendBird: [12:20:11.158 EventController$1:call():141] ++ result[LOGI] runnable=null
12-16 12:20:11.214 20401 22922 D SBUIKIT : [12:20:11.214 SendBirdUIKit$2:call():298] ++ user nickname = claudio velotti, profileUrl = http://18.195.186.181:8080/img/92/raw
12-16 12:20:11.217 20401 22929 W SendBird: [12:20:11.216 Connection$1:onMessage():235] onMessage instance : [PONG] com.sendbird.android.Connection@27fffd4
12-16 12:20:11.217 20401 22929 W Sendbird: [12:20:11.217 Connection$1:onMessage():236] onMessage instance : [PONG] com.sendbird.android.Connection@27fffd4
12-16 12:20:11.219 20401 22946 W SendBird: [12:20:11.219 EventController$1:call():141] ++ result[PONG] runnable=null
12-16 12:20:11.324 20401 20401 I System.out: SENDBIRD TOKEN OK ckOTAZioSROKNMJFPmblOe:APA91bGVcG9r_iXcHFgG4Iporvbe7LY4wQBAVWfyWIWJnWzg5h8jwyooQ25LxvLEqeLKSFX8jlOxjHRr5t9uy5rrsHMA7I4iE0NfcLRlw_nQeNQWpru1u2nLitOl0dT_dISCBj72bvr1
12-16 12:20:11.442 20401 22872 W libEGL  : EGLNativeWindowType 0x79be819a10 disconnect failed
12-16 12:20:11.449 20401 20401 I ViewRootImpl@2f37e9[Splashscreen]: Relayout returned: old=(0,0,1080,2220) new=(0,0,1080,2220) req=(1080,2220)8 dur=7 res=0x5 s={false 0} ch=true
12-16 12:20:11.451 20401 20401 D ConnectivityManager: unregisterNetworkCallback; CallingUid : 10308, CallingPid : 20401
12-16 12:20:11.452 20401 20401 I ViewRootImpl@2f37e9[Splashscreen]: stopped(true) old=false
12-16 12:20:11.458 20401 22877 W om.rmc.natour2: Accessing hidden method Lsun/misc/Unsafe;->putObjectVolatile(Ljava/lang/Object;JLjava/lang/Object;)V (greylist, linking, allowed)
12-16 12:20:11.459 20401 20401 I ViewRootImpl@2f37e9[Splashscreen]: dispatchDetachedFromWindow
12-16 12:20:11.467 20401 20401 D InputTransport: Input channel destroyed: 'd49c373', fd=90
12-16 12:20:15.064 20401 20401 I ViewRootImpl@f79975c[MainActivity]: ViewPostIme pointer 0
12-16 12:20:15.134 20401 20401 I ViewRootImpl@f79975c[MainActivity]: ViewPostIme pointer 1
12-16 12:20:15.170 20401 20401 W ActivityThread: handleWindowVisibility: no activity for token android.os.BinderProxy@c79cf56
12-16 12:20:15.186 20401 20401 D PhoneWindow: forceLight changed to true [] from com.android.internal.policy.PhoneWindow.updateForceLightNavigationBar:4274 com.android.internal.policy.DecorView.updateColorViews:1547 com.android.internal.policy.PhoneWindow.dispatchWindowAttributesChanged:3252 android.view.Window.setFlags:1153 com.android.internal.policy.PhoneWindow.generateLayout:2474 
12-16 12:20:15.187 20401 20401 I MultiWindowDecorSupport: [INFO] isPopOver = false
12-16 12:20:15.187 20401 20401 I MultiWindowDecorSupport: updateCaptionType >> DecorView@7661660[], isFloating: false, isApplication: true, hasWindowDecorCaption: false, hasWindowControllerCallback: true
12-16 12:20:15.187 20401 20401 D MultiWindowDecorSupport: setCaptionType = 0, DecorView = DecorView@7661660[]
12-16 12:20:15.330 20401 20401 I ViewRootImpl@712f99d[PathPageActivity]: setView = com.android.internal.policy.DecorView@7661660 TM=true MM=false
12-16 12:20:15.331 20401 20401 I ViewRootImpl@f79975c[MainActivity]: MSG_WINDOW_FOCUS_CHANGED 0 1
12-16 12:20:15.332 20401 20401 D InputMethodManager: prepareNavigationBarInfo() DecorView@c92dc61[MainActivity]
12-16 12:20:15.332 20401 20401 D InputMethodManager: getNavigationBarColor() -855310
12-16 12:20:15.378 20401 20401 I ViewRootImpl@712f99d[PathPageActivity]: Relayout returned: old=(0,0,1080,2220) new=(0,0,1080,2220) req=(1080,2220)0 dur=8 res=0x7 s={true 522734202880} ch=true
12-16 12:20:15.379 20401 22872 D mali_winsys: EGLint new_window_surface(egl_winsys_display *, void *, EGLSurface, EGLConfig, egl_winsys_surface **, EGLBoolean) returns 0x3000
12-16 12:20:15.395 20401 20401 I ViewRootImpl@712f99d[PathPageActivity]: [DrawPending] drawPending(1) 1 android.view.ViewRootImpl.reportNextDraw:9952 android.view.ViewRootImpl.performTraversals:3329 android.view.ViewRootImpl.doTraversal:2222 
12-16 12:20:15.395 20401 20401 I ViewRootImpl@712f99d[PathPageActivity]: [DrawPending] performDraw() Waiting asnyc report
12-16 12:20:15.424 20401 22872 I         : Increase max job count 60
12-16 12:20:15.477 20401 20401 I ViewRootImpl@712f99d[PathPageActivity]: [DrawPending] pendingDrawFinished(0) 1 android.view.ViewRootImpl.lambda$performDraw$1$ViewRootImpl:4058 android.view.-$$Lambda$ViewRootImpl$7A_3tkr_Kw4TZAeIUGVlOoTcZhg.run:4 android.os.Handler.handleCallback:883 
12-16 12:20:15.478 20401 20401 I ViewRootImpl@712f99d[PathPageActivity]: [DrawPending] reportDrawFinished()
12-16 12:20:15.485 20401 20401 I ViewRootImpl@712f99d[PathPageActivity]: MSG_WINDOW_FOCUS_CHANGED 1 1
12-16 12:20:15.486 20401 20401 D InputMethodManager: prepareNavigationBarInfo() DecorView@7661660[PathPageActivity]
12-16 12:20:15.486 20401 20401 D InputMethodManager: getNavigationBarColor() -855310
12-16 12:20:15.489 20401 20401 D InputMethodManager: prepareNavigationBarInfo() DecorView@7661660[PathPageActivity]
12-16 12:20:15.489 20401 20401 D InputMethodManager: getNavigationBarColor() -855310
12-16 12:20:15.489 20401 20401 V InputMethodManager: Starting input: tba=com.rmc.natour21 ic=null mNaviBarColor -855310 mIsGetNaviBarColorSuccess true , NavVisible : true , NavTrans : false
12-16 12:20:15.489 20401 20401 D InputMethodManager: startInputInner - Id : 0
12-16 12:20:15.489 20401 20401 I InputMethodManager: startInputInner - mService.startInputOrWindowGainedFocus
12-16 12:20:15.491 20401 20401 D InputTransport: Input channel destroyed: 'ClientS', fd=114
12-16 12:20:15.512 20401 20401 I ViewRootImpl@712f99d[PathPageActivity]: MSG_RESIZED: frame=(0,0,1080,2220) ci=(0,63,0,0) vi=(0,63,0,0) or=1
12-16 12:20:15.917 20401 22872 W libEGL  : EGLNativeWindowType 0x79b46bc350 disconnect failed
12-16 12:20:15.923 20401 20401 I ViewRootImpl@f79975c[MainActivity]: Relayout returned: old=(0,0,1080,2220) new=(0,0,1080,2220) req=(1080,2220)8 dur=6 res=0x5 s={false 0} ch=true
12-16 12:20:15.926 20401 20401 I ViewRootImpl@f79975c[MainActivity]: stopped(true) old=false
12-16 12:20:15.929 20401 20401 D ConnectivityManager: unregisterNetworkCallback; CallingUid : 10308, CallingPid : 20401
12-16 12:20:15.949 20401 20401 I ViewRootImpl@f79975c[MainActivity]: Relayout returned: old=(0,0,1080,2220) new=(0,0,1080,2220) req=(1080,2220)8 dur=5 res=0x5 s={false 0} ch=false
12-16 12:20:16.473 20401 20401 I ViewRootImpl@712f99d[PathPageActivity]: ViewPostIme pointer 0
12-16 12:20:16.530 20401 20401 I ViewRootImpl@712f99d[PathPageActivity]: ViewPostIme pointer 1
12-16 12:20:16.671 20401 20401 D Dialog  : mIsSamsungBasicInteraction = false
12-16 12:20:16.671 20401 20401 D Dialog  : mIsSamsungBasicInteraction = false, isMetaDataInActivity = false
12-16 12:20:16.686 20401 20401 I MultiWindowDecorSupport: [INFO] isPopOver = false
12-16 12:20:16.686 20401 20401 I MultiWindowDecorSupport: updateCaptionType >> DecorView@b77c7ab[], isFloating: true, isApplication: true, hasWindowDecorCaption: false, hasWindowControllerCallback: false
12-16 12:20:16.686 20401 20401 D MultiWindowDecorSupport: setCaptionType = 0, DecorView = DecorView@b77c7ab[]
12-16 12:20:16.749 20401 20401 D ScrollView: initGoToTop
12-16 12:20:16.796 20401 20401 I ViewRootImpl@3ef5c02[PathPageActivity]: setView = com.android.internal.policy.DecorView@b77c7ab TM=true MM=false
12-16 12:20:16.882 20401 20401 I ViewRootImpl@3ef5c02[PathPageActivity]: Relayout returned: old=(0,63,1080,2220) new=(28,720,1052,1563) req=(1024,843)0 dur=12 res=0x7 s={true 522739687424} ch=true
12-16 12:20:16.890 20401 22872 D mali_winsys: EGLint new_window_surface(egl_winsys_display *, void *, EGLSurface, EGLConfig, egl_winsys_surface **, EGLBoolean) returns 0x3000
12-16 12:20:16.911 20401 20401 I ViewRootImpl@3ef5c02[PathPageActivity]: [DrawPending] drawPending(1) 1 android.view.ViewRootImpl.reportNextDraw:9952 android.view.ViewRootImpl.performTraversals:3329 android.view.ViewRootImpl.doTraversal:2222 
12-16 12:20:16.912 20401 20401 I ViewRootImpl@3ef5c02[PathPageActivity]: [DrawPending] performDraw() Waiting asnyc report
12-16 12:20:16.913 20401 20401 E DecorView: mWindow.mActivityCurrentConfig is null
12-16 12:20:17.047 20401 20401 I ViewRootImpl@3ef5c02[PathPageActivity]: [DrawPending] pendingDrawFinished(0) 1 android.view.ViewRootImpl.lambda$performDraw$1$ViewRootImpl:4058 android.view.-$$Lambda$ViewRootImpl$7A_3tkr_Kw4TZAeIUGVlOoTcZhg.run:4 android.os.Handler.handleCallback:883 
12-16 12:20:17.047 20401 20401 I ViewRootImpl@3ef5c02[PathPageActivity]: [DrawPending] reportDrawFinished()
12-16 12:20:17.052 20401 20401 I ViewRootImpl@3ef5c02[PathPageActivity]: MSG_WINDOW_FOCUS_CHANGED 1 1
12-16 12:20:17.052 20401 20401 D InputMethodManager: prepareNavigationBarInfo() DecorView@b77c7ab[PathPageActivity]
12-16 12:20:17.052 20401 20401 D InputMethodManager: getNavigationBarColor() -855310
12-16 12:20:17.061 20401 20401 D InputMethodManager: prepareNavigationBarInfo() DecorView@b77c7ab[PathPageActivity]
12-16 12:20:17.061 20401 20401 D InputMethodManager: getNavigationBarColor() -855310
12-16 12:20:17.061 20401 20401 V InputMethodManager: Starting input: tba=com.rmc.natour21 ic=null mNaviBarColor -855310 mIsGetNaviBarColorSuccess true , NavVisible : true , NavTrans : false
12-16 12:20:17.061 20401 20401 D InputMethodManager: startInputInner - Id : 0
12-16 12:20:17.061 20401 20401 I InputMethodManager: startInputInner - mService.startInputOrWindowGainedFocus
12-16 12:20:17.090 20401 20401 D InputTransport: Input channel destroyed: 'ClientS', fd=122
12-16 12:20:17.139 20401 20401 I ViewRootImpl@3ef5c02[PathPageActivity]: Relayout returned: old=(28,720,1052,1563) new=(28,762,1052,1521) req=(1024,759)0 dur=36 res=0x21 s={true 522739687424} ch=false
12-16 12:20:17.143 20401 22872 W libEGL  : EGLNativeWindowType 0x7954d65e10 disconnect failed
12-16 12:20:17.144 20401 22872 D mali_winsys: EGLint new_window_surface(egl_winsys_display *, void *, EGLSurface, EGLConfig, egl_winsys_surface **, EGLBoolean) returns 0x3000
12-16 12:20:17.144 20401 20401 E DecorView: mWindow.mActivityCurrentConfig is null
12-16 12:20:17.161 20401 20401 I ViewRootImpl@3ef5c02[PathPageActivity]: MSG_RESIZED: frame=(28,720,1052,1563) ci=(0,0,0,0) vi=(0,0,0,0) or=1
12-16 12:20:17.162 20401 20401 I ViewRootImpl@712f99d[PathPageActivity]: MSG_WINDOW_FOCUS_CHANGED 0 1
12-16 12:20:17.162 20401 20401 D InputMethodManager: prepareNavigationBarInfo() DecorView@7661660[PathPageActivity]
12-16 12:20:17.162 20401 20401 D InputMethodManager: getNavigationBarColor() -855310
12-16 12:20:17.217 20401 20401 I ViewRootImpl@3ef5c02[PathPageActivity]: Relayout returned: old=(28,720,1052,1563) new=(28,762,1052,1521) req=(1024,759)0 dur=13 res=0x1 s={true 522739687424} ch=false
12-16 12:20:17.219 20401 20401 E DecorView: mWindow.mActivityCurrentConfig is null
12-16 12:20:17.231 20401 20401 I ViewRootImpl@3ef5c02[PathPageActivity]: MSG_RESIZED: frame=(28,762,1052,1521) ci=(0,0,0,0) vi=(0,0,0,0) or=1
12-16 12:20:17.874 20401 20420 I om.rmc.natour2: Compiler allocated 4218KB to compile void android.view.ViewRootImpl.performTraversals()
12-16 12:20:17.911 20401 20401 I ViewRootImpl@3ef5c02[PathPageActivity]: ViewPostIme pointer 0
12-16 12:20:17.959 20401 20401 I ViewRootImpl@3ef5c02[PathPageActivity]: ViewPostIme pointer 1
12-16 12:20:17.977 20401 20401 D InputMethodManager: prepareNavigationBarInfo() DecorView@b77c7ab[PathPageActivity]
12-16 12:20:17.977 20401 20401 D InputMethodManager: getNavigationBarColor() -855310
12-16 12:20:17.977 20401 20401 V InputMethodManager: Starting input: tba=com.rmc.natour21 ic=androidx.emoji2.viewsintegration.EmojiInputConnection@c7e4db1 mNaviBarColor -855310 mIsGetNaviBarColorSuccess true , NavVisible : true , NavTrans : false
12-16 12:20:17.977 20401 20401 D InputMethodManager: startInputInner - Id : 0
12-16 12:20:17.985 20401 20401 I InputMethodManager: startInputInner - mService.startInputOrWindowGainedFocus
12-16 12:20:17.988 20401 20401 D InputTransport: Input channel destroyed: 'ClientS', fd=112
