12-16 12:20:17.989 20401 20401 D InputMethodManager: SSI - flag : 0 Pid : 20401 view : com.rmc.natour21
12-16 12:20:17.989 20401 20401 D InputMethodManager: prepareNavigationBarInfo() DecorView@b77c7ab[PathPageActivity]
12-16 12:20:17.989 20401 20401 D InputMethodManager: getNavigationBarColor() -855310
12-16 12:20:18.000 20401 20401 D Editor  : waiting for the right moment
12-16 12:20:18.026 20401 20401 I AssistStructure: Flattened final assist data: 5664 bytes, containing 2 windows, 38 views
12-16 12:20:18.219 20401 20401 I ViewRootImpl@712f99d[PathPageActivity]: MSG_RESIZED: frame=(0,0,1080,2220) ci=(0,63,0,986) vi=(0,63,0,986) or=1
12-16 12:20:18.256 20401 20401 I ViewRootImpl@712f99d[PathPageActivity]: Relayout returned: old=(0,0,1080,2220) new=(0,0,1080,2220) req=(1080,2220)0 dur=13 res=0x1 s={true 522734202880} ch=false
12-16 12:20:23.461 20401 20401 I ViewRootImpl@3ef5c02[PathPageActivity]: ViewPostIme pointer 0
12-16 12:20:23.662 20401 20401 I ViewRootImpl@3ef5c02[PathPageActivity]: ViewPostIme pointer 1
12-16 12:20:24.256 20401 20401 I ViewRootImpl@3ef5c02[PathPageActivity]: ViewPostIme pointer 0
12-16 12:20:24.308 20401 20401 I ViewRootImpl@3ef5c02[PathPageActivity]: ViewPostIme pointer 1
12-16 12:20:24.316 20401 20401 D InputMethodManager: prepareNavigationBarInfo() DecorView@b77c7ab[PathPageActivity]
12-16 12:20:24.317 20401 20401 D InputMethodManager: getNavigationBarColor() -855310
12-16 12:20:24.317 20401 20401 V InputMethodManager: Starting input: tba=com.rmc.natour21 ic=androidx.emoji2.viewsintegration.EmojiInputConnection@6e8f788 mNaviBarColor -855310 mIsGetNaviBarColorSuccess true , NavVisible : true , NavTrans : false
12-16 12:20:24.317 20401 20401 D InputMethodManager: startInputInner - Id : 0
12-16 12:20:24.326 20401 20401 I InputMethodManager: startInputInner - mService.startInputOrWindowGainedFocus
12-16 12:20:24.330 20401 20401 D InputTransport: Input channel destroyed: 'ClientS', fd=114
12-16 12:20:24.331 20401 20401 D InputMethodManager: SSI - flag : 0 Pid : 20401 view : com.rmc.natour21
12-16 12:20:24.331 20401 20401 D InputMethodManager: prepareNavigationBarInfo() DecorView@b77c7ab[PathPageActivity]
12-16 12:20:24.331 20401 20401 D InputMethodManager: getNavigationBarColor() -855310
12-16 12:20:24.333 20401 20401 D Editor  : waiting for the right moment
12-16 12:20:24.352 20401 20401 W IInputConnectionWrapper: requestCursorAnchorInfo on inactive InputConnection
12-16 12:20:24.540 20401 20401 I ViewRootImpl@712f99d[PathPageActivity]: MSG_RESIZED: frame=(0,0,1080,2220) ci=(0,63,0,876) vi=(0,63,0,876) or=1
12-16 12:20:24.559 20401 20401 I ViewRootImpl@712f99d[PathPageActivity]: Relayout returned: old=(0,0,1080,2220) new=(0,0,1080,2220) req=(1080,2220)0 dur=5 res=0x1 s={true 522734202880} ch=false
12-16 12:20:25.430 20401 20401 I ViewRootImpl@3ef5c02[PathPageActivity]: ViewPostIme key 0
12-16 12:20:25.443 20401 20401 I ViewRootImpl@3ef5c02[PathPageActivity]: ViewPostIme key 1
12-16 12:20:25.469 20401 20401 E DecorView: mWindow.mActivityCurrentConfig is null
12-16 12:20:26.210 20401 20401 I ViewRootImpl@3ef5c02[PathPageActivity]: ViewPostIme key 0
12-16 12:20:26.217 20401 20401 I ViewRootImpl@3ef5c02[PathPageActivity]: ViewPostIme key 1
12-16 12:20:26.233 20401 22929 W SendBird: [12:20:26.232 Connection$1:onMessage():235] onMessage instance : [PONG] com.sendbird.android.Connection@27fffd4
12-16 12:20:26.234 20401 22929 W Sendbird: [12:20:26.233 Connection$1:onMessage():236] onMessage instance : [PONG] com.sendbird.android.Connection@27fffd4
12-16 12:20:26.243 20401 22946 W SendBird: [12:20:26.242 EventController$1:call():141] ++ result[PONG] runnable=null
12-16 12:20:26.249 20401 20401 E DecorView: mWindow.mActivityCurrentConfig is null
12-16 12:20:26.360 20401 20401 I ViewRootImpl@3ef5c02[PathPageActivity]: ViewPostIme key 0
12-16 12:20:26.367 20401 20401 I ViewRootImpl@3ef5c02[PathPageActivity]: ViewPostIme key 1
12-16 12:20:26.391 20401 20401 E DecorView: mWindow.mActivityCurrentConfig is null
12-16 12:20:26.494 20401 20401 I ViewRootImpl@3ef5c02[PathPageActivity]: ViewPostIme key 0
12-16 12:20:26.501 20401 20401 I ViewRootImpl@3ef5c02[PathPageActivity]: ViewPostIme key 1
12-16 12:20:26.530 20401 20401 E DecorView: mWindow.mActivityCurrentConfig is null
12-16 12:20:27.520 20401 20401 I ViewRootImpl@3ef5c02[PathPageActivity]: ViewPostIme pointer 0
12-16 12:20:27.586 20401 20401 I ViewRootImpl@3ef5c02[PathPageActivity]: ViewPostIme pointer 1
12-16 12:20:27.621 20401 22872 W libEGL  : EGLNativeWindowType 0x79b46bc350 disconnect failed
12-16 12:20:27.621 20401 22872 D OpenGLRenderer: endAllActiveAnimators on 0x78f2a1ad00 (RippleDrawable) with handle 0x79b45fec20
12-16 12:20:27.622 20401 20401 I ViewRootImpl@3ef5c02[PathPageActivity]: dispatchDetachedFromWindow
12-16 12:20:27.632 20401 20401 D InputTransport: Input channel destroyed: 'bb40210', fd=115
12-16 12:20:27.666 20401 20401 I ViewRootImpl@712f99d[PathPageActivity]: MSG_WINDOW_FOCUS_CHANGED 1 1
12-16 12:20:27.666 20401 20401 D InputMethodManager: prepareNavigationBarInfo() DecorView@7661660[PathPageActivity]
12-16 12:20:27.666 20401 20401 D InputMethodManager: getNavigationBarColor() -855310
12-16 12:20:27.670 20401 20401 D InputMethodManager: prepareNavigationBarInfo() DecorView@7661660[PathPageActivity]
12-16 12:20:27.670 20401 20401 D InputMethodManager: getNavigationBarColor() -855310
12-16 12:20:27.670 20401 20401 V InputMethodManager: Starting input: tba=com.rmc.natour21 ic=null mNaviBarColor -855310 mIsGetNaviBarColorSuccess true , NavVisible : true , NavTrans : false
12-16 12:20:27.670 20401 20401 D InputMethodManager: startInputInner - Id : 0
12-16 12:20:27.670 20401 20401 I InputMethodManager: startInputInner - mService.startInputOrWindowGainedFocus
12-16 12:20:27.679 20401 20401 D InputTransport: Input channel destroyed: 'ClientS', fd=127
12-16 12:20:27.679 20401 20401 E ViewRootImpl: sendUserActionEvent() mView returned.
12-16 12:20:27.696 20401 20401 D Dialog  : mIsSamsungBasicInteraction = false
12-16 12:20:27.697 20401 20401 D Dialog  : mIsSamsungBasicInteraction = false, isMetaDataInActivity = false
12-16 12:20:27.704 20401 20401 I MultiWindowDecorSupport: [INFO] isPopOver = false
12-16 12:20:27.705 20401 20401 I MultiWindowDecorSupport: updateCaptionType >> DecorView@5b1e692[], isFloating: true, isApplication: true, hasWindowDecorCaption: false, hasWindowControllerCallback: false
12-16 12:20:27.705 20401 20401 D MultiWindowDecorSupport: setCaptionType = 0, DecorView = DecorView@5b1e692[]
12-16 12:20:27.735 20401 20401 D ScrollView: initGoToTop
12-16 12:20:27.770 20401 20401 I ViewRootImpl@5b3a053[PathPageActivity]: setView = com.android.internal.policy.DecorView@5b1e692 TM=true MM=false
12-16 12:20:27.811 20401 20401 I ViewRootImpl@5b3a053[PathPageActivity]: Relayout returned: old=(0,63,1080,2220) new=(28,878,1052,1404) req=(1024,526)0 dur=16 res=0x7 s={true 522739687424} ch=true
12-16 12:20:27.814 20401 22872 D mali_winsys: EGLint new_window_surface(egl_winsys_display *, void *, EGLSurface, EGLConfig, egl_winsys_surface **, EGLBoolean) returns 0x3000
12-16 12:20:27.819 20401 20401 I ViewRootImpl@5b3a053[PathPageActivity]: [DrawPending] drawPending(1) 1 android.view.ViewRootImpl.reportNextDraw:9952 android.view.ViewRootImpl.performTraversals:3329 android.view.ViewRootImpl.doTraversal:2222 
12-16 12:20:27.819 20401 20401 I ViewRootImpl@5b3a053[PathPageActivity]: [DrawPending] performDraw() Waiting asnyc report
12-16 12:20:27.819 20401 20401 E DecorView: mWindow.mActivityCurrentConfig is null
12-16 12:20:27.833 20401 20401 I ViewRootImpl@5b3a053[PathPageActivity]: [DrawPending] pendingDrawFinished(0) 1 android.view.ViewRootImpl.lambda$performDraw$1$ViewRootImpl:4058 android.view.-$$Lambda$ViewRootImpl$7A_3tkr_Kw4TZAeIUGVlOoTcZhg.run:4 android.os.Handler.handleCallback:883 
12-16 12:20:27.833 20401 20401 I ViewRootImpl@5b3a053[PathPageActivity]: [DrawPending] reportDrawFinished()
12-16 12:20:27.835 20401 20401 W IInputConnectionWrapper: requestCursorAnchorInfo on inactive InputConnection
12-16 12:20:27.835 20401 20401 I ViewRootImpl@712f99d[PathPageActivity]: MSG_RESIZED: frame=(0,0,1080,2220) ci=(0,63,0,0) vi=(0,63,0,0) or=1
12-16 12:20:27.837 20401 20401 I ViewRootImpl@5b3a053[PathPageActivity]: MSG_WINDOW_FOCUS_CHANGED 1 1
12-16 12:20:27.866 20401 20401 I ViewRootImpl@712f99d[PathPageActivity]: Relayout returned: old=(0,0,1080,2220) new=(0,0,1080,2220) req=(1080,2220)0 dur=19 res=0x1 s={true 522734202880} ch=false
12-16 12:20:27.880 20401 20401 I ViewRootImpl@5b3a053[PathPageActivity]: MSG_RESIZED: frame=(28,878,1052,1404) ci=(0,0,0,0) vi=(0,0,0,0) or=1
12-16 12:20:27.884 20401 20401 I ViewRootImpl@712f99d[PathPageActivity]: MSG_WINDOW_FOCUS_CHANGED 0 1
12-16 12:20:27.885 20401 20401 D InputMethodManager: prepareNavigationBarInfo() DecorView@7661660[PathPageActivity]
12-16 12:20:27.885 20401 20401 D InputMethodManager: getNavigationBarColor() -855310
12-16 12:20:28.042 20401 20401 D Toast   : show: focusDisplayId = 0, isFocusInDesktop = false mCustomDisplayId=-1
12-16 12:20:28.062 20401 20598 V Toast   : SHOW: android.widget.Toast$TN@e409931
12-16 12:20:28.068 20401 22872 W libEGL  : EGLNativeWindowType 0x79b5d2ec50 disconnect failed
12-16 12:20:28.068 20401 20401 I ViewRootImpl@5b3a053[PathPageActivity]: dispatchDetachedFromWindow
12-16 12:20:28.082 20401 20401 D InputTransport: Input channel destroyed: '88f34b6', fd=113
12-16 12:20:28.099 20401 20401 V Toast   : HANDLE SHOW: android.widget.Toast$TN@e409931 mView=null mNextView=android.widget.LinearLayout{d145816 V.E...... ......I. 0,0-0,0}
12-16 12:20:28.099 20401 20401 V Toast   : HANDLE HIDE: android.widget.Toast$TN@e409931 mView=null
12-16 12:20:28.119 20401 20401 I ViewRootImpl@9d4976d[Toast]: setView = android.widget.LinearLayout@d145816 TM=true MM=false
12-16 12:20:28.119 20401 20401 V Toast   : Text: Sece in android.widget.Toast$TN@e409931
12-16 12:20:28.122 20401 20401 I ViewRootImpl@712f99d[PathPageActivity]: MSG_WINDOW_FOCUS_CHANGED 1 1
12-16 12:20:28.122 20401 20401 D InputMethodManager: prepareNavigationBarInfo() DecorView@7661660[PathPageActivity]
12-16 12:20:28.122 20401 20401 D InputMethodManager: getNavigationBarColor() -855310
12-16 12:20:28.126 20401 20401 E ViewRootImpl: sendUserActionEvent() mView returned.
12-16 12:20:28.146 20401 20401 I ViewRootImpl@9d4976d[Toast]: Relayout returned: old=(0,63,1080,2220) new=(161,1936,918,2052) req=(757,116)0 dur=18 res=0x7 s={true 522739687424} ch=true
12-16 12:20:28.149 20401 22872 D mali_winsys: EGLint new_window_surface(egl_winsys_display *, void *, EGLSurface, EGLConfig, egl_winsys_surface **, EGLBoolean) returns 0x3000
12-16 12:20:28.182 20401 20401 I ViewRootImpl@9d4976d[Toast]: [DrawPending] drawPending(1) 0 android.view.ViewRootImpl.reportNextDraw:9952 android.view.ViewRootImpl.performTraversals:3329 android.view.ViewRootImpl.doTraversal:2222 
12-16 12:20:28.182 20401 20401 I ViewRootImpl@9d4976d[Toast]: [DrawPending] performDraw() Waiting asnyc report
12-16 12:20:28.211 20401 20401 I ViewRootImpl@9d4976d[Toast]: [DrawPending] pendingDrawFinished(0) 0 android.view.ViewRootImpl.lambda$performDraw$1$ViewRootImpl:4058 android.view.-$$Lambda$ViewRootImpl$7A_3tkr_Kw4TZAeIUGVlOoTcZhg.run:4 android.os.Handler.handleCallback:883 
12-16 12:20:28.211 20401 20401 I ViewRootImpl@9d4976d[Toast]: [DrawPending] reportDrawFinished()
12-16 12:20:28.258 20401 20401 I ViewRootImpl@9d4976d[Toast]: MSG_RESIZED: frame=(161,1936,918,2052) ci=(0,0,0,0) vi=(0,0,757,116) or=1
12-16 12:20:28.434 20401 20401 I System.out: Review(description=che bella recensione, difficulty=30, time=1000, creationDate=2022-12-16T11:20:27.391302, owner=9, pathName=Napoli- Roma, id=72)
12-16 12:20:28.905 20401 20401 I ViewRootImpl@712f99d[PathPageActivity]: ViewPostIme pointer 0
12-16 12:20:29.171 20401 20401 I ViewRootImpl@712f99d[PathPageActivity]: ViewPostIme pointer 1
12-16 12:20:29.894 20401 20401 I ViewRootImpl@712f99d[PathPageActivity]: ViewPostIme pointer 0
12-16 12:20:30.003 20401 20401 I ViewRootImpl@712f99d[PathPageActivity]: ViewPostIme key 0
12-16 12:20:30.005 20401 20401 I ViewRootImpl@712f99d[PathPageActivity]: ViewPostIme key 1
12-16 12:20:30.034 20401 20401 I ViewRootImpl@f79975c[MainActivity]: stopped(false) old=true
12-16 12:20:30.046 20401 20401 D ConnectivityManager: requestNetwork; CallingUid : 10308, CallingPid : 20401
12-16 12:20:30.053 20401 20401 I ViewRootImpl@f79975c[MainActivity]: stopped(false) old=false
12-16 12:20:30.275 20401 20401 I ViewRootImpl@f79975c[MainActivity]: Relayout returned: old=(0,0,1080,2220) new=(0,0,1080,2220) req=(1080,2220)0 dur=6 res=0x7 s={true 519265685504} ch=true
12-16 12:20:30.276 20401 22872 D mali_winsys: EGLint new_window_surface(egl_winsys_display *, void *, EGLSurface, EGLConfig, egl_winsys_surface **, EGLBoolean) returns 0x3000
12-16 12:20:30.279 20401 20401 I ViewRootImpl@f79975c[MainActivity]: [DrawPending] drawPending(1) 1 android.view.ViewRootImpl.reportNextDraw:9952 android.view.ViewRootImpl.performTraversals:3329 android.view.ViewRootImpl.doTraversal:2222 
12-16 12:20:30.279 20401 20401 I ViewRootImpl@f79975c[MainActivity]: [DrawPending] performDraw() Waiting asnyc report
12-16 12:20:30.309 20401 20401 I ViewRootImpl@f79975c[MainActivity]: [DrawPending] pendingDrawFinished(0) 1 android.view.ViewRootImpl.lambda$performDraw$1$ViewRootImpl:4058 android.view.-$$Lambda$ViewRootImpl$7A_3tkr_Kw4TZAeIUGVlOoTcZhg.run:4 android.os.Handler.handleCallback:883 
12-16 12:20:30.309 20401 20401 I ViewRootImpl@f79975c[MainActivity]: [DrawPending] reportDrawFinished()
12-16 12:20:30.310 20401 20401 I ViewRootImpl@712f99d[PathPageActivity]: MSG_WINDOW_FOCUS_CHANGED 0 1
12-16 12:20:30.310 20401 20401 D InputMethodManager: prepareNavigationBarInfo() DecorView@7661660[PathPageActivity]
12-16 12:20:30.310 20401 20401 D InputMethodManager: getNavigationBarColor() -855310
12-16 12:20:30.318 20401 20401 I ViewRootImpl@f79975c[MainActivity]: MSG_WINDOW_FOCUS_CHANGED 1 1
12-16 12:20:30.318 20401 20401 D InputMethodManager: prepareNavigationBarInfo() DecorView@c92dc61[MainActivity]
12-16 12:20:30.318 20401 20401 D InputMethodManager: getNavigationBarColor() -855310
12-16 12:20:30.323 20401 20401 D InputMethodManager: prepareNavigationBarInfo() DecorView@c92dc61[MainActivity]
12-16 12:20:30.323 20401 20401 D InputMethodManager: getNavigationBarColor() -855310
12-16 12:20:30.323 20401 20401 V InputMethodManager: Starting input: tba=com.rmc.natour21 ic=null mNaviBarColor -855310 mIsGetNaviBarColorSuccess true , NavVisible : true , NavTrans : false
12-16 12:20:30.323 20401 20401 D InputMethodManager: startInputInner - Id : 0
12-16 12:20:30.323 20401 20401 I InputMethodManager: startInputInner - mService.startInputOrWindowGainedFocus
12-16 12:20:30.326 20401 20401 D InputTransport: Input channel destroyed: 'ClientS', fd=112
12-16 12:20:30.735 20401 22872 W libEGL  : EGLNativeWindowType 0x79530471d0 disconnect failed
12-16 12:20:30.761 20401 20401 I ViewRootImpl@712f99d[PathPageActivity]: Relayout returned: old=(0,0,1080,2220) new=(0,0,1080,2220) req=(1080,2220)8 dur=25 res=0x5 s={false 0} ch=true
12-16 12:20:30.764 20401 20401 I ViewRootImpl@712f99d[PathPageActivity]: stopped(true) old=false
12-16 12:20:30.803 20401 20401 I ViewRootImpl@712f99d[PathPageActivity]: dispatchDetachedFromWindow
12-16 12:20:30.812 20401 20401 D InputTransport: Input channel destroyed: '3171f44', fd=119
12-16 12:20:31.221 20401 20401 I ViewRootImpl@f79975c[MainActivity]: ViewPostIme pointer 0
12-16 12:20:31.359 20401 20401 I ViewRootImpl@f79975c[MainActivity]: ViewPostIme pointer 1
12-16 12:20:31.563 20401 20598 V Toast   : HIDE: android.widget.Toast$TN@e409931
12-16 12:20:31.564 20401 20401 V Toast   : HANDLE HIDE: android.widget.Toast$TN@e409931 mView=android.widget.LinearLayout{d145816 V.E...... ........ 0,0-757,116}
12-16 12:20:31.564 20401 20401 V Toast   : REMOVE! android.widget.LinearLayout{d145816 V.E...... ........ 0,0-757,116} in android.widget.Toast$TN@e409931
12-16 12:20:31.567 20401 22872 W libEGL  : EGLNativeWindowType 0x79b5d2ec50 disconnect failed
12-16 12:20:31.567 20401 20401 I ViewRootImpl@9d4976d[Toast]: dispatchDetachedFromWindow
12-16 12:20:31.573 20401 20401 D InputTransport: Input channel destroyed: '1e89f9 ', fd=113
12-16 12:20:31.655 20401 20401 I ViewRootImpl@f79975c[MainActivity]: ViewPostIme pointer 0
12-16 12:20:32.100 20401 20401 I ViewRootImpl@f79975c[MainActivity]: ViewPostIme pointer 1
12-16 12:20:32.890 20401 20401 I ViewRootImpl@f79975c[MainActivity]: ViewPostIme pointer 0
12-16 12:20:33.471 20401 20401 I ViewRootImpl@89f9fb9[PopupWindow:d407ab2]: setView = android.widget.PopupWindow$PopupDecorView@b78ffe TM=true MM=false
12-16 12:20:33.483 20401 20401 V InputMethodManager: Not IME target window, ignoring
12-16 12:20:33.498 20401 20401 I ViewRootImpl@89f9fb9[PopupWindow:d407ab2]: Relayout returned: old=(0,63,1080,2220) new=(26,2047,541,2173) req=(515,126)0 dur=12 res=0x7 s={true 522739687424} ch=true
12-16 12:20:33.501 20401 22872 D mali_winsys: EGLint new_window_surface(egl_winsys_display *, void *, EGLSurface, EGLConfig, egl_winsys_surface **, EGLBoolean) returns 0x3000
12-16 12:20:33.505 20401 20401 D AbsListView:  in onLayout changed 
12-16 12:20:33.507 20401 20401 I ViewRootImpl@89f9fb9[PopupWindow:d407ab2]: [DrawPending] drawPending(1) 0 android.view.ViewRootImpl.reportNextDraw:9952 android.view.ViewRootImpl.performTraversals:3329 android.view.ViewRootImpl.doTraversal:2222 
12-16 12:20:33.518 20401 20401 I ViewRootImpl@89f9fb9[PopupWindow:d407ab2]: [DrawPending] performDraw() Waiting asnyc report
12-16 12:20:33.525 20401 20401 I ViewRootImpl@89f9fb9[PopupWindow:d407ab2]: [DrawPending] pendingDrawFinished(0) 0 android.view.ViewRootImpl.lambda$performDraw$1$ViewRootImpl:4058 android.view.-$$Lambda$ViewRootImpl$7A_3tkr_Kw4TZAeIUGVlOoTcZhg.run:4 android.os.Handler.handleCallback:883 
12-16 12:20:33.525 20401 20401 I ViewRootImpl@89f9fb9[PopupWindow:d407ab2]: [DrawPending] reportDrawFinished()
12-16 12:20:33.526 20401 20401 I ViewRootImpl@89f9fb9[PopupWindow:d407ab2]: MSG_WINDOW_FOCUS_CHANGED 1 1
12-16 12:20:33.527 20401 20401 V InputMethodManager: Not IME target window, ignoring
12-16 12:20:33.548 20401 20401 I ViewRootImpl@89f9fb9[PopupWindow:d407ab2]: MSG_RESIZED: frame=(26,2047,541,2173) ci=(0,0,0,0) vi=(0,0,0,0) or=1
12-16 12:20:33.549 20401 20401 I ViewRootImpl@f79975c[MainActivity]: MSG_WINDOW_FOCUS_CHANGED 0 1
12-16 12:20:33.549 20401 20401 D InputMethodManager: prepareNavigationBarInfo() DecorView@c92dc61[MainActivity]
12-16 12:20:33.549 20401 20401 D InputMethodManager: getNavigationBarColor() -855310
12-16 12:20:33.937 20401 20401 I ViewRootImpl@f79975c[MainActivity]: ViewPostIme pointer 1
12-16 12:20:34.338 20401 20401 I ViewRootImpl@89f9fb9[PopupWindow:d407ab2]: ViewPostIme pointer 0
12-16 12:20:34.353 20401 20401 I ViewRootImpl@89f9fb9[PopupWindow:d407ab2]: Relayout returned: old=(26,2047,541,2173) new=(26,2047,541,2173) req=(515,126)0 dur=9 res=0x1 s={true 522739687424} ch=false
12-16 12:20:34.357 20401 20401 I ViewRootImpl@89f9fb9[PopupWindow:d407ab2]: MSG_WINDOW_FOCUS_CHANGED 0 1
12-16 12:20:34.358 20401 20401 I ViewRootImpl@f79975c[MainActivity]: MSG_WINDOW_FOCUS_CHANGED 1 1
12-16 12:20:34.359 20401 20401 D InputMethodManager: prepareNavigationBarInfo() DecorView@c92dc61[MainActivity]
12-16 12:20:34.359 20401 20401 D InputMethodManager: getNavigationBarColor() -855310
12-16 12:20:34.396 20401 20401 I ViewRootImpl@89f9fb9[PopupWindow:d407ab2]: ViewPostIme pointer 1
12-16 12:20:34.665 20401 22872 W libEGL  : EGLNativeWindowType 0x78f05da250 disconnect failed
12-16 12:20:34.665 20401 20401 I ViewRootImpl@89f9fb9[PopupWindow:d407ab2]: dispatchDetachedFromWindow
12-16 12:20:34.671 20401 20401 D InputTransport: Input channel destroyed: '4224d9d', fd=112
12-16 12:20:34.819 20401 20401 I ViewRootImpl@f79975c[MainActivity]: ViewPostIme pointer 0
12-16 12:20:34.929 20401 20401 I ViewRootImpl@f79975c[MainActivity]: ViewPostIme pointer 1
12-16 12:20:35.716 20401 20401 I ViewRootImpl@f79975c[MainActivity]: ViewPostIme pointer 0
12-16 12:20:36.191 20401 20401 I ViewRootImpl@f79975c[MainActivity]: ViewPostIme pointer 1
12-16 12:20:41.294 20401 22929 W SendBird: [12:20:41.290 Connection$1:onMessage():235] onMessage instance : [PONG] com.sendbird.android.Connection@27fffd4
12-16 12:20:41.298 20401 22929 W Sendbird: [12:20:41.296 Connection$1:onMessage():236] onMessage instance : [PONG] com.sendbird.android.Connection@27fffd4
12-16 12:20:41.313 20401 22946 W SendBird: [12:20:41.311 EventController$1:call():141] ++ result[PONG] runnable=null
12-16 12:20:49.382 20401 20401 I ViewRootImpl@f79975c[MainActivity]: ViewPostIme pointer 0
12-16 12:20:50.301 20401 22872 W libEGL  : EGLNativeWindowType 0x78f05d6510 disconnect failed
12-16 12:20:50.327 20401 20401 I ViewRootImpl@f79975c[MainActivity]: Relayout returned: old=(0,0,1080,2220) new=(0,0,1080,2220) req=(1080,2220)8 dur=23 res=0x5 s={false 0} ch=true
12-16 12:20:50.341 20401 20401 I ViewRootImpl@f79975c[MainActivity]: MSG_WINDOW_FOCUS_CHANGED 0 1
12-16 12:20:50.342 20401 20401 D InputMethodManager: prepareNavigationBarInfo() DecorView@c92dc61[MainActivity]
12-16 12:20:50.342 20401 20401 D InputMethodManager: getNavigationBarColor() -855310
12-16 12:20:50.364 20401 20401 I ViewRootImpl@f79975c[MainActivity]: stopped(true) old=false
12-16 12:20:50.372 20401 20401 D ConnectivityManager: unregisterNetworkCallback; CallingUid : 10308, CallingPid : 20401
12-16 12:20:50.404 20401 20401 D InputTransport: Input channel destroyed: 'ClientS', fd=122
12-16 12:20:50.418 20401 20401 I ViewRootImpl@f79975c[MainActivity]: Relayout returned: old=(0,0,1080,2220) new=(0,0,1080,2220) req=(1080,2220)8 dur=9 res=0x5 s={false 0} ch=false
12-16 12:20:53.096 23055 23055 I om.rmc.natour2: Late-enabling -Xcheck:jni
12-16 12:20:53.129 23055 23055 E om.rmc.natour2: Unknown bits set in runtime_flags: 0x8000
12-16 12:20:53.139 23055 23055 D ActivityThread: setConscryptValidator
12-16 12:20:53.139 23055 23055 D ActivityThread: setConscryptValidator - put
12-16 12:20:53.178 23055 23055 I om.rmc.natour2: The ClassLoaderContext is a special shared library.
12-16 12:20:54.313 23055 23055 I FirebaseApp: Device unlocked: initializing all Firebase APIs for app [DEFAULT]
12-16 12:20:54.400 23055 23084 I DynamiteModule: Considering local module com.google.android.gms.measurement.dynamite:70 and remote module com.google.android.gms.measurement.dynamite:87
12-16 12:20:54.400 23055 23084 I DynamiteModule: Selected remote version of com.google.android.gms.measurement.dynamite, version >= 87
12-16 12:20:54.400 23055 23084 V DynamiteModule: Dynamite loader version >= 2, using loadModule2NoCrashUtils
12-16 12:20:54.408 23055 23084 W System  : ClassLoader referenced unknown path: 
12-16 12:20:54.411 23055 23055 I FirebaseInitProvider: FirebaseApp initialization successful
12-16 12:20:54.460 23055 23084 W om.rmc.natour2: Accessing hidden field Lsun/misc/Unsafe;->theUnsafe:Lsun/misc/Unsafe; (greylist, reflection, allowed)
12-16 12:20:54.460 23055 23084 W om.rmc.natour2: Accessing hidden method Lsun/misc/Unsafe;->objectFieldOffset(Ljava/lang/reflect/Field;)J (greylist,core-platform-api, linking, allowed)
12-16 12:20:54.460 23055 23084 W om.rmc.natour2: Accessing hidden method Lsun/misc/Unsafe;->arrayBaseOffset(Ljava/lang/Class;)I (greylist,core-platform-api, linking, allowed)
12-16 12:20:54.460 23055 23084 W om.rmc.natour2: Accessing hidden method Lsun/misc/Unsafe;->arrayIndexScale(Ljava/lang/Class;)I (greylist, linking, allowed)
12-16 12:20:54.509 23055 23092 I FA      : App measurement initialized, version: 75052
12-16 12:20:54.510 23055 23092 I FA      : To enable debug logging run: adb shell setprop log.tag.FA VERBOSE
12-16 12:20:54.510 23055 23092 I FA      : To enable faster debug mode event logging run:
12-16 12:20:54.510 23055 23092 I FA      :   adb shell setprop debug.firebase.analytics.app com.rmc.natour21
12-16 12:20:54.534 23055 23055 W com.facebook.UserSettingsManager: Please set a value for AutoLogAppEventsEnabled. Set the flag to TRUE if you want to collect app install, app launch and in-app purchase events automatically. To request user consent before collecting data, set the flag value to FALSE, then change to TRUE once user consent is received. Learn more: https://developers.facebook.com/docs/app-events/getting-started-app-events-android#disable-auto-events.
12-16 12:20:54.534 23055 23055 W com.facebook.UserSettingsManager: You haven't set a value for AdvertiserIDCollectionEnabled. Set the flag to TRUE if you want to collect Advertiser ID for better advertising and analytics results. To request user consent before collecting data, set the flag value to FALSE, then change to TRUE once user consent is received. Learn more: https://developers.facebook.com/docs/app-events/getting-started-app-events-android#disable-auto-events.
12-16 12:20:54.559 23055 23104 W com.facebook.internal.NativeProtocol: Apps that target Android API 30+ (Android 11+) cannot call Facebook native apps unless the package visibility needs are declared. Please follow https://developers.facebook.com/docs/android/troubleshooting/#faq_267321845055988 to make the declaration.
12-16 12:20:54.562 23055 23099 D NetworkSecurityConfig: Using Network Security Config from resource network_security_config debugBuild: true
12-16 12:20:54.567 23055 23101 I System.out: (HTTPLog)-Static: isSBSettingEnabled false
12-16 12:20:54.568 23055 23101 I System.out: (HTTPLog)-Static: isSBSettingEnabled false
12-16 12:20:54.568 23055 23102 I System.out: (HTTPLog)-Static: isSBSettingEnabled false
12-16 12:20:54.568 23055 23099 I System.out: (HTTPLog)-Static: isSBSettingEnabled false
12-16 12:20:54.568 23055 23102 I System.out: (HTTPLog)-Static: isSBSettingEnabled false
12-16 12:20:54.568 23055 23099 I System.out: (HTTPLog)-Static: isSBSettingEnabled false
12-16 12:20:54.586 23055 23055 D KeyHash:: 3Fm4gBnqk2PYU3lntxOY4S7uHvQ=
12-16 12:20:54.610 23055 23117 D libEGL  : loaded /vendor/lib64/egl/libGLES_mali.so
12-16 12:20:54.636 23055 23101 D TcpOptimizer: TcpOptimizer-ON
12-16 12:20:54.670 23055 23055 D PhoneWindow: forceLight changed to true [] from com.android.internal.policy.PhoneWindow.updateForceLightNavigationBar:4274 com.android.internal.policy.DecorView.updateColorViews:1547 com.android.internal.policy.PhoneWindow.dispatchWindowAttributesChanged:3252 android.view.Window.setFlags:1153 com.android.internal.policy.PhoneWindow.generateLayout:2474 
12-16 12:20:54.670 23055 23055 I MultiWindowDecorSupport: [INFO] isPopOver = false
12-16 12:20:54.670 23055 23055 I MultiWindowDecorSupport: updateCaptionType >> DecorView@597789f[], isFloating: false, isApplication: true, hasWindowDecorCaption: false, hasWindowControllerCallback: true
12-16 12:20:54.671 23055 23055 D MultiWindowDecorSupport: setCaptionType = 0, DecorView = DecorView@597789f[]
12-16 12:20:54.690 23055 23102 D libmdf  : libmdf v2.9.0.0 On 64bit PLATFORM
12-16 12:20:54.698 23055 23055 W om.rmc.natour2: Accessing hidden method Landroid/view/View;->computeFitSystemWindows(Landroid/graphics/Rect;Landroid/graphics/Rect;)Z (greylist, reflection, allowed)
12-16 12:20:54.699 23055 23055 W om.rmc.natour2: Accessing hidden method Landroid/view/ViewGroup;->makeOptionalFitsSystemWindows()V (greylist, reflection, allowed)
12-16 12:20:54.756 23055 23055 D ConnectivityManager: requestNetwork; CallingUid : 10308, CallingPid : 23055
12-16 12:20:54.760 23055 23084 W om.rmc.natour2: Accessing hidden method Lsun/misc/Unsafe;->compareAndSwapInt(Ljava/lang/Object;JII)Z (greylist, linking, allowed)
12-16 12:20:54.761 23055 23084 W om.rmc.natour2: Accessing hidden method Lsun/misc/Unsafe;->getObjectVolatile(Ljava/lang/Object;J)Ljava/lang/Object; (greylist, linking, allowed)
12-16 12:20:54.761 23055 23084 W om.rmc.natour2: Accessing hidden method Lsun/misc/Unsafe;->compareAndSwapObject(Ljava/lang/Object;JLjava/lang/Object;Ljava/lang/Object;)Z (greylist, linking, allowed)
12-16 12:20:54.761 23055 23084 W om.rmc.natour2: Accessing hidden method Lsun/misc/Unsafe;->compareAndSwapLong(Ljava/lang/Object;JJJ)Z (greylist, linking, allowed)
12-16 12:20:54.763 23055 23092 I FA      : Tag Manager is not found and thus will not be used
12-16 12:20:54.781 23055 23055 I ViewRootImpl@82e396f[Splashscreen]: setView = com.android.internal.policy.DecorView@597789f TM=true MM=false
12-16 12:20:54.834 23055 23055 I ViewRootImpl@82e396f[Splashscreen]: Relayout returned: old=(0,0,1080,2220) new=(0,0,1080,2220) req=(1080,2220)0 dur=11 res=0x7 s={true 525358039040} ch=true
12-16 12:20:54.839 23055 23055 I ViewRootImpl@82e396f[Splashscreen]: [DrawPending] drawPending(1) 1 android.view.ViewRootImpl.reportNextDraw:9952 android.view.ViewRootImpl.performTraversals:3329 android.view.ViewRootImpl.doTraversal:2222 
12-16 12:20:54.839 23055 23055 I ViewRootImpl@82e396f[Splashscreen]: [DrawPending] performDraw() Waiting asnyc report
12-16 12:20:54.850 23055 23115 D mali_winsys: EGLint new_window_surface(egl_winsys_display *, void *, EGLSurface, EGLConfig, egl_winsys_surface **, EGLBoolean) returns 0x3000
12-16 12:20:54.854 23055 23115 W Gralloc3: mapper 3.x is not supported
12-16 12:20:54.867 23055 23115 E cutils-trace: Error opening trace file: No such file or directory (2)
12-16 12:20:54.869 23055 23055 I ViewRootImpl@82e396f[Splashscreen]: [DrawPending] pendingDrawFinished(0) 1 android.view.ViewRootImpl.lambda$performDraw$1$ViewRootImpl:4058 android.view.-$$Lambda$ViewRootImpl$7A_3tkr_Kw4TZAeIUGVlOoTcZhg.run:4 android.os.Handler.handleCallback:883 
12-16 12:20:54.869 23055 23055 I ViewRootImpl@82e396f[Splashscreen]: [DrawPending] reportDrawFinished()
12-16 12:20:54.874 23055 23055 I ViewRootImpl@82e396f[Splashscreen]: MSG_WINDOW_FOCUS_CHANGED 1 1
12-16 12:20:54.874 23055 23055 D InputMethodManager: prepareNavigationBarInfo() DecorView@597789f[Splashscreen]
12-16 12:20:54.874 23055 23055 D InputMethodManager: getNavigationBarColor() -855310
12-16 12:20:54.875 23055 23055 D InputMethodManager: prepareNavigationBarInfo() DecorView@597789f[Splashscreen]
12-16 12:20:54.875 23055 23055 D InputMethodManager: getNavigationBarColor() -855310
12-16 12:20:54.875 23055 23055 V InputMethodManager: Starting input: tba=com.rmc.natour21 ic=null mNaviBarColor -855310 mIsGetNaviBarColorSuccess true , NavVisible : true , NavTrans : false
12-16 12:20:54.875 23055 23055 D InputMethodManager: startInputInner - Id : 0
12-16 12:20:54.875 23055 23055 I InputMethodManager: startInputInner - mService.startInputOrWindowGainedFocus
12-16 12:20:54.882 23055 23055 I ViewRootImpl@82e396f[Splashscreen]: MSG_RESIZED: frame=(0,0,1080,2220) ci=(0,0,0,0) vi=(0,0,0,0) or=1
12-16 12:20:54.883 23055 23055 D InputMethodManager: prepareNavigationBarInfo() DecorView@597789f[Splashscreen]
12-16 12:20:54.883 23055 23055 D InputMethodManager: getNavigationBarColor() -855310
12-16 12:20:54.883 23055 23055 V InputMethodManager: Starting input: tba=com.rmc.natour21 ic=null mNaviBarColor -855310 mIsGetNaviBarColorSuccess true , NavVisible : true , NavTrans : false
12-16 12:20:54.883 23055 23055 D InputMethodManager: startInputInner - Id : 0
12-16 12:20:55.078 23055 23102 I System.out: (HTTPLog)-Static: isSBSettingEnabled false
12-16 12:20:55.078 23055 23102 I System.out: (HTTPLog)-Static: isSBSettingEnabled false
12-16 12:20:55.330 23055 23124 I System.out: Firebase token: eyJhbGciOiJSUzI1NiIsImtpZCI6Ijk3OGI1NmM2NmVhYmIwZDlhNmJhOGNhMzMwMTU2NGEyMzhlYWZjODciLCJ0eXAiOiJKV1QifQ.eyJuYW1lIjoiY2xhdWRpbyB2ZWxvdHRpIiwicGljdHVyZSI6Imh0dHBzOi8vbGgzLmdvb2dsZXVzZXJjb250ZW50LmNvbS9hL0FMbTV3dTI5V2MtR0dNWkljYk9qc2hic0pORFJ6OW9ZQjNYR3hXUmRWekdIPXM5Ni1jIiwiaXNzIjoiaHR0cHM6Ly9zZWN1cmV0b2tlbi5nb29nbGUuY29tL25hdG91cjIxLWZjNmVhIiwiYXVkIjoibmF0b3VyMjEtZmM2ZWEiLCJhdXRoX3RpbWUiOjE2NzExODg3NTEsInVzZXJfaWQiOiJkT3lqREZWbVhCYnRhVjVWMkdXOEc5NmZVdjQzIiwic3ViIjoiZE95akRGVm1YQmJ0YVY1VjJHVzhHOTZmVXY0MyIsImlhdCI6MTY3MTE4ODc1MSwiZXhwIjoxNjcxMTkyMzUxLCJlbWFpbCI6ImNsYWRvdHRpMzFAZ21haWwuY29tIiwiZW1haWxfdmVyaWZpZWQiOnRydWUsImZpcmViYXNlIjp7ImlkZW50aXRpZXMiOnsiZ29vZ2xlLmNvbSI6WyIxMTI0OTI4NzA2NDA3MTc2NTQ1NzAiXSwiZW1haWwiOlsiY2xhZG90dGkzMUBnbWFpbC5jb20iXX0sInNpZ25faW5fcHJvdmlkZXIiOiJnb29nbGUuY29tIn19.RxZplc6vZUPul4PopRgqN9-kUpK7g3_qk4s0eKM6LLgPKmAENhUhR7twdTH7WQWG292u_Xt47dqc16PEaSr2tntcXDhZ9HjDxwW66Sc8WebyQpJtMbTnV0cTGGQv0Kxb94mvni_99nppPGiy_p2Cf7BttcWujPkhJK-1mTB7lpX_Ca-658LcLoyHqkhYULg_hLvPFi4XgI9bZlmMi_Sk7Nw3nNzGPyCypL__P5YZiuqcx3H68zuotadKTPy7hU14uyjAU2hQKFRZzJSPH2dBWKs5nGn4OJe68m-Jr_XJ4qmXnAcHMH6cOq9yAZ7xA7Cz7jCSU1gobJHwNihRTfYW0g
12-16 12:20:55.533 23055 23147 V NativeCrypto: Registering org/conscrypt/NativeCrypto's 286 native methods...
12-16 12:20:56.120 23055 23124 W om.rmc.natour2: Accessing hidden method Ldalvik/system/BlockGuard;->getThreadPolicy()Ldalvik/system/BlockGuard$Policy; (greylist,core-platform-api, linking, allowed)
12-16 12:20:56.120 23055 23124 W om.rmc.natour2: Accessing hidden method Ldalvik/system/BlockGuard$Policy;->onNetwork()V (greylist, linking, allowed)
12-16 12:20:56.120 23055 23124 W om.rmc.natour2: Accessing hidden method Ldalvik/system/CloseGuard;->close()V (greylist,core-platform-api, linking, allowed)
12-16 12:20:56.120 23055 23124 W om.rmc.natour2: Accessing hidden method Ldalvik/system/CloseGuard;->get()Ldalvik/system/CloseGuard; (greylist,core-platform-api, linking, allowed)
12-16 12:20:56.120 23055 23124 W om.rmc.natour2: Accessing hidden method Ldalvik/system/CloseGuard;->open(Ljava/lang/String;)V (greylist,core-platform-api, linking, allowed)
12-16 12:20:56.120 23055 23124 W om.rmc.natour2: Accessing hidden method Ldalvik/system/CloseGuard;->warnIfOpen()V (greylist,core-platform-api, linking, allowed)
12-16 12:20:56.124 23055 23124 W om.rmc.natour2: Accessing hidden method Ljava/security/spec/ECParameterSpec;->getCurveName()Ljava/lang/String; (greylist, reflection, allowed)
12-16 12:20:56.214 23055 23055 D SBUIKIT : [12:20:56.213 SendBirdUIKit$1:onInitSucceed():174] >> onInitSucceed()
12-16 12:20:56.238 23055 23055 W ActivityThread: handleWindowVisibility: no activity for token android.os.BinderProxy@58d264d
12-16 12:20:56.259 23055 23055 D PhoneWindow: forceLight changed to true [] from com.android.internal.policy.PhoneWindow.updateForceLightNavigationBar:4274 com.android.internal.policy.DecorView.updateColorViews:1547 com.android.internal.policy.PhoneWindow.dispatchWindowAttributesChanged:3252 android.view.Window.setFlags:1153 com.android.internal.policy.PhoneWindow.generateLayout:2474 
12-16 12:20:56.260 23055 23055 I MultiWindowDecorSupport: [INFO] isPopOver = false
12-16 12:20:56.260 23055 23055 I MultiWindowDecorSupport: updateCaptionType >> DecorView@7a36b5f[], isFloating: false, isApplication: true, hasWindowDecorCaption: false, hasWindowControllerCallback: true
12-16 12:20:56.260 23055 23055 D MultiWindowDecorSupport: setCaptionType = 0, DecorView = DecorView@7a36b5f[]
12-16 12:20:56.518 23055 23172 W om.rmc.natour2: Accessing hidden field Ljava/net/Socket;->impl:Ljava/net/SocketImpl; (greylist, reflection, allowed)
12-16 12:20:56.518 23055 23173 W om.rmc.natour2: Accessing hidden field Ljava/net/Socket;->impl:Ljava/net/SocketImpl; (greylist, reflection, allowed)
12-16 12:20:56.528 23055 23173 W om.rmc.natour2: Accessing hidden field Ljava/io/FileDescriptor;->descriptor:I (greylist, JNI, allowed)
12-16 12:20:56.622 23055 23173 W om.rmc.natour2: Accessing hidden method Ljava/security/spec/ECParameterSpec;->setCurveName(Ljava/lang/String;)V (greylist, reflection, allowed)
12-16 12:20:56.622 23055 23172 W om.rmc.natour2: Accessing hidden method Ljava/security/spec/ECParameterSpec;->setCurveName(Ljava/lang/String;)V (greylist, reflection, allowed)
12-16 12:20:56.633 23055 23055 D ConnectivityManager: requestNetwork; CallingUid : 10308, CallingPid : 23055
12-16 12:20:56.648 23055 23055 I ViewRootImpl@228a071[MainActivity]: setView = com.android.internal.policy.DecorView@7a36b5f TM=true MM=false
12-16 12:20:56.649 23055 23055 I ViewRootImpl@82e396f[Splashscreen]: MSG_WINDOW_FOCUS_CHANGED 0 1
12-16 12:20:56.649 23055 23055 D InputMethodManager: prepareNavigationBarInfo() DecorView@597789f[Splashscreen]
12-16 12:20:56.649 23055 23055 D InputMethodManager: getNavigationBarColor() -855310
12-16 12:20:56.730 23055 23055 I ViewRootImpl@228a071[MainActivity]: Relayout returned: old=(0,0,1080,2220) new=(0,0,1080,2220) req=(1080,2220)0 dur=6 res=0x7 s={true 522728706048} ch=true
12-16 12:20:56.731 23055 23115 D mali_winsys: EGLint new_window_surface(egl_winsys_display *, void *, EGLSurface, EGLConfig, egl_winsys_surface **, EGLBoolean) returns 0x3000
12-16 12:20:56.755 23055 23055 I ViewRootImpl@228a071[MainActivity]: [DrawPending] drawPending(1) 1 android.view.ViewRootImpl.reportNextDraw:9952 android.view.ViewRootImpl.performTraversals:3329 android.view.ViewRootImpl.doTraversal:2222 
12-16 12:20:56.757 23055 23055 I ViewRootImpl@228a071[MainActivity]: [DrawPending] performDraw() Waiting asnyc report
12-16 12:20:56.791 23055 23173 W SendBird: [12:20:56.791 Connection$1:onMessage():235] onMessage instance : [LOGI] com.sendbird.android.Connection@224fd5a
12-16 12:20:56.793 23055 23173 W Sendbird: [12:20:56.792 Connection$1:onMessage():236] onMessage instance : [LOGI] com.sendbird.android.Connection@224fd5a
12-16 12:20:56.794 23055 23055 I ViewRootImpl@228a071[MainActivity]: [DrawPending] pendingDrawFinished(0) 1 android.view.ViewRootImpl.lambda$performDraw$1$ViewRootImpl:4058 android.view.-$$Lambda$ViewRootImpl$7A_3tkr_Kw4TZAeIUGVlOoTcZhg.run:4 android.os.Handler.handleCallback:883 
12-16 12:20:56.794 23055 23055 I ViewRootImpl@228a071[MainActivity]: [DrawPending] reportDrawFinished()
12-16 12:20:56.797 23055 23055 I ViewRootImpl@228a071[MainActivity]: MSG_WINDOW_FOCUS_CHANGED 1 1
12-16 12:20:56.797 23055 23055 D InputMethodManager: prepareNavigationBarInfo() DecorView@7a36b5f[MainActivity]
12-16 12:20:56.797 23055 23055 D InputMethodManager: getNavigationBarColor() -855310
12-16 12:20:56.803 23055 23055 D EmergencyMode: [EmergencyManager] android createPackageContext successful: com.rmc.natour21
12-16 12:20:56.810 23055 23055 D InputMethodManager: prepareNavigationBarInfo() DecorView@7a36b5f[MainActivity]
12-16 12:20:56.810 23055 23055 D InputMethodManager: getNavigationBarColor() -855310
12-16 12:20:56.810 23055 23055 V InputMethodManager: Starting input: tba=com.rmc.natour21 ic=null mNaviBarColor -855310 mIsGetNaviBarColorSuccess true , NavVisible : true , NavTrans : false
12-16 12:20:56.810 23055 23055 D InputMethodManager: startInputInner - Id : 0
12-16 12:20:56.810 23055 23055 I InputMethodManager: startInputInner - mService.startInputOrWindowGainedFocus
12-16 12:20:56.813 23055 23055 D InputTransport: Input channel destroyed: 'ClientS', fd=97
12-16 12:20:56.813 23055 23187 W SendBird: [12:20:56.812 EventController$1:call():141] ++ result[LOGI] runnable=null
12-16 12:20:56.820 23055 23055 I ViewRootImpl@228a071[MainActivity]: MSG_RESIZED: frame=(0,0,1080,2220) ci=(0,63,0,0) vi=(0,63,0,0) or=1
12-16 12:20:56.847 23055 23164 D SBUIKIT : [12:20:56.847 SendBirdUIKit$2:call():298] ++ user nickname = claudio velotti, profileUrl = http://18.195.186.181:8080/img/92/raw
12-16 12:20:56.862 23055 23173 W SendBird: [12:20:56.862 Connection$1:onMessage():235] onMessage instance : [PONG] com.sendbird.android.Connection@224fd5a
12-16 12:20:56.863 23055 23173 W Sendbird: [12:20:56.863 Connection$1:onMessage():236] onMessage instance : [PONG] com.sendbird.android.Connection@224fd5a
12-16 12:20:56.866 23055 23187 W SendBird: [12:20:56.866 EventController$1:call():141] ++ result[PONG] runnable=null
12-16 12:20:56.874 23055 23055 I om.rmc.natour2: Waiting for a blocking GC ClassLinker
12-16 12:20:56.890 23055 23124 W Glide   : Failed to find GeneratedAppGlideModule. You should include an annotationProcessor compile dependency on com.github.bumptech.glide:compiler in your application and a @GlideModule annotated AppGlideModule implementation or LibraryGlideModules will be silently ignored
12-16 12:20:56.917 23055 23124 D ConnectivityManager: requestNetwork; CallingUid : 10308, CallingPid : 23055
12-16 12:20:56.987 23055 23055 I System.out: SENDBIRD TOKEN OK ckOTAZioSROKNMJFPmblOe:APA91bGVcG9r_iXcHFgG4Iporvbe7LY4wQBAVWfyWIWJnWzg5h8jwyooQ25LxvLEqeLKSFX8jlOxjHRr5t9uy5rrsHMA7I4iE0NfcLRlw_nQeNQWpru1u2nLitOl0dT_dISCBj72bvr1
12-16 12:20:57.229 23055 23115 W libEGL  : EGLNativeWindowType 0x79c31001d0 disconnect failed
12-16 12:20:57.236 23055 23055 I ViewRootImpl@82e396f[Splashscreen]: Relayout returned: old=(0,0,1080,2220) new=(0,0,1080,2220) req=(1080,2220)8 dur=6 res=0x5 s={false 0} ch=true
12-16 12:20:57.238 23055 23055 D ConnectivityManager: unregisterNetworkCallback; CallingUid : 10308, CallingPid : 23055
12-16 12:20:57.239 23055 23055 I ViewRootImpl@82e396f[Splashscreen]: stopped(true) old=false
12-16 12:20:57.243 23055 23084 W om.rmc.natour2: Accessing hidden method Lsun/misc/Unsafe;->putObjectVolatile(Ljava/lang/Object;JLjava/lang/Object;)V (greylist, linking, allowed)
12-16 12:20:57.244 23055 23055 I ViewRootImpl@82e396f[Splashscreen]: dispatchDetachedFromWindow
12-16 12:20:57.249 23055 23055 D InputTransport: Input channel destroyed: '6aaa8a2', fd=86
12-16 12:21:01.379 23055 23055 I ViewRootImpl@228a071[MainActivity]: ViewPostIme pointer 0
12-16 12:21:02.173 23055 23115 W libEGL  : EGLNativeWindowType 0x79b5b4b0d0 disconnect failed
12-16 12:21:02.201 23055 23055 I ViewRootImpl@228a071[MainActivity]: Relayout returned: old=(0,0,1080,2220) new=(0,0,1080,2220) req=(1080,2220)8 dur=26 res=0x5 s={false 0} ch=true
12-16 12:21:02.206 23055 23055 I ViewRootImpl@228a071[MainActivity]: MSG_WINDOW_FOCUS_CHANGED 0 1
12-16 12:21:02.207 23055 23055 D InputMethodManager: prepareNavigationBarInfo() DecorView@7a36b5f[MainActivity]
12-16 12:21:02.207 23055 23055 D InputMethodManager: getNavigationBarColor() -855310
12-16 12:21:02.228 23055 23055 I ViewRootImpl@228a071[MainActivity]: stopped(true) old=false
12-16 12:21:02.230 23055 23055 D ConnectivityManager: unregisterNetworkCallback; CallingUid : 10308, CallingPid : 23055
12-16 12:21:02.267 23055 23055 D InputTransport: Input channel destroyed: 'ClientS', fd=120
12-16 12:21:02.277 23055 23055 I ViewRootImpl@228a071[MainActivity]: Relayout returned: old=(0,0,1080,2220) new=(0,0,1080,2220) req=(1080,2220)8 dur=8 res=0x5 s={false 0} ch=false
12-16 12:21:02.708 23055 23161 E PINGER  : [12:21:02.707 Connection$Pinger:stop():522] Pinger stop true
12-16 12:21:02.711 23055 23161 E Sendbird:PINGER: [12:21:02.709 Connection$Pinger:stop():523] Pinger stop true
12-16 12:21:02.723 23055 23190 W SendBird: [12:21:02.722 Connection$1:onFailure():250] onFailed instance : com.sendbird.android.Connection@224fd5a
12-16 12:21:02.726 23055 23190 W Sendbird: [12:21:02.724 Connection$1:onFailure():251] onFailed instance : com.sendbird.android.Connection@224fd5a
12-16 12:21:02.728 23055 23190 W SendBird: [12:21:02.727 Connection$1:onFailure():256] onFailed handler : com.sendbird.android.SocketManager@1e48ce1
12-16 12:21:02.731 23055 23190 W Sendbird: [12:21:02.729 Connection$1:onFailure():257] onFailed handler : com.sendbird.android.SocketManager@1e48ce1
12-16 12:21:02.733 23055 23190 W SendBird: [12:21:02.732 SocketManager:onError():1002] >> onError : Socket is closed, reconnecting : false, explicitDisconnect : true
12-16 12:22:29.795 23752 23752 I om.rmc.natour2: Late-enabling -Xcheck:jni
12-16 12:22:29.835 23752 23752 E om.rmc.natour2: Unknown bits set in runtime_flags: 0x8000
12-16 12:22:29.846 23752 23752 D ActivityThread: setConscryptValidator
12-16 12:22:29.846 23752 23752 D ActivityThread: setConscryptValidator - put
12-16 12:22:29.893 23752 23752 I om.rmc.natour2: The ClassLoaderContext is a special shared library.
12-16 12:22:31.042 23752 23752 I FirebaseApp: Device unlocked: initializing all Firebase APIs for app [DEFAULT]
12-16 12:22:31.127 23752 23789 I DynamiteModule: Considering local module com.google.android.gms.measurement.dynamite:70 and remote module com.google.android.gms.measurement.dynamite:87
12-16 12:22:31.127 23752 23789 I DynamiteModule: Selected remote version of com.google.android.gms.measurement.dynamite, version >= 87
12-16 12:22:31.127 23752 23789 V DynamiteModule: Dynamite loader version >= 2, using loadModule2NoCrashUtils
12-16 12:22:31.135 23752 23789 W System  : ClassLoader referenced unknown path: 
12-16 12:22:31.139 23752 23752 I FirebaseInitProvider: FirebaseApp initialization successful
12-16 12:22:31.170 23752 23789 W om.rmc.natour2: Accessing hidden field Lsun/misc/Unsafe;->theUnsafe:Lsun/misc/Unsafe; (greylist, reflection, allowed)
12-16 12:22:31.170 23752 23789 W om.rmc.natour2: Accessing hidden method Lsun/misc/Unsafe;->objectFieldOffset(Ljava/lang/reflect/Field;)J (greylist,core-platform-api, linking, allowed)
12-16 12:22:31.170 23752 23789 W om.rmc.natour2: Accessing hidden method Lsun/misc/Unsafe;->arrayBaseOffset(Ljava/lang/Class;)I (greylist,core-platform-api, linking, allowed)
12-16 12:22:31.170 23752 23789 W om.rmc.natour2: Accessing hidden method Lsun/misc/Unsafe;->arrayIndexScale(Ljava/lang/Class;)I (greylist, linking, allowed)
12-16 12:22:31.224 23752 23796 I FA      : App measurement initialized, version: 75052
12-16 12:22:31.224 23752 23796 I FA      : To enable debug logging run: adb shell setprop log.tag.FA VERBOSE
12-16 12:22:31.224 23752 23796 I FA      : To enable faster debug mode event logging run:
12-16 12:22:31.224 23752 23796 I FA      :   adb shell setprop debug.firebase.analytics.app com.rmc.natour21
12-16 12:22:31.247 23752 23752 W com.facebook.UserSettingsManager: Please set a value for AutoLogAppEventsEnabled. Set the flag to TRUE if you want to collect app install, app launch and in-app purchase events automatically. To request user consent before collecting data, set the flag value to FALSE, then change to TRUE once user consent is received. Learn more: https://developers.facebook.com/docs/app-events/getting-started-app-events-android#disable-auto-events.
12-16 12:22:31.247 23752 23752 W com.facebook.UserSettingsManager: You haven't set a value for AdvertiserIDCollectionEnabled. Set the flag to TRUE if you want to collect Advertiser ID for better advertising and analytics results. To request user consent before collecting data, set the flag value to FALSE, then change to TRUE once user consent is received. Learn more: https://developers.facebook.com/docs/app-events/getting-started-app-events-android#disable-auto-events.
12-16 12:22:31.268 23752 23809 W com.facebook.internal.NativeProtocol: Apps that target Android API 30+ (Android 11+) cannot call Facebook native apps unless the package visibility needs are declared. Please follow https://developers.facebook.com/docs/android/troubleshooting/#faq_267321845055988 to make the declaration.
12-16 12:22:31.278 23752 23806 D NetworkSecurityConfig: Using Network Security Config from resource network_security_config debugBuild: true
12-16 12:22:31.285 23752 23807 I System.out: (HTTPLog)-Static: isSBSettingEnabled false
12-16 12:22:31.285 23752 23807 I System.out: (HTTPLog)-Static: isSBSettingEnabled false
12-16 12:22:31.285 23752 23806 I System.out: (HTTPLog)-Static: isSBSettingEnabled false
12-16 12:22:31.285 23752 23806 I System.out: (HTTPLog)-Static: isSBSettingEnabled false
12-16 12:22:31.286 23752 23803 I System.out: (HTTPLog)-Static: isSBSettingEnabled false
12-16 12:22:31.286 23752 23803 I System.out: (HTTPLog)-Static: isSBSettingEnabled false
12-16 12:22:31.298 23752 23752 D KeyHash:: 3Fm4gBnqk2PYU3lntxOY4S7uHvQ=
12-16 12:22:31.323 23752 23823 D libEGL  : loaded /vendor/lib64/egl/libGLES_mali.so
12-16 12:22:31.356 23752 23803 D TcpOptimizer: TcpOptimizer-ON
12-16 12:22:31.383 23752 23752 D PhoneWindow: forceLight changed to true [] from com.android.internal.policy.PhoneWindow.updateForceLightNavigationBar:4274 com.android.internal.policy.DecorView.updateColorViews:1547 com.android.internal.policy.PhoneWindow.dispatchWindowAttributesChanged:3252 android.view.Window.setFlags:1153 com.android.internal.policy.PhoneWindow.generateLayout:2474 
12-16 12:22:31.384 23752 23752 I MultiWindowDecorSupport: [INFO] isPopOver = false
12-16 12:22:31.384 23752 23752 I MultiWindowDecorSupport: updateCaptionType >> DecorView@597789f[], isFloating: false, isApplication: true, hasWindowDecorCaption: false, hasWindowControllerCallback: true
12-16 12:22:31.384 23752 23752 D MultiWindowDecorSupport: setCaptionType = 0, DecorView = DecorView@597789f[]
12-16 12:22:31.407 23752 23807 D libmdf  : libmdf v2.9.0.0 On 64bit PLATFORM
12-16 12:22:31.415 23752 23752 W om.rmc.natour2: Accessing hidden method Landroid/view/View;->computeFitSystemWindows(Landroid/graphics/Rect;Landroid/graphics/Rect;)Z (greylist, reflection, allowed)
12-16 12:22:31.415 23752 23752 W om.rmc.natour2: Accessing hidden method Landroid/view/ViewGroup;->makeOptionalFitsSystemWindows()V (greylist, reflection, allowed)
12-16 12:22:31.470 23752 23752 D ConnectivityManager: requestNetwork; CallingUid : 10308, CallingPid : 23752
12-16 12:22:31.475 23752 23789 W om.rmc.natour2: Accessing hidden method Lsun/misc/Unsafe;->compareAndSwapInt(Ljava/lang/Object;JII)Z (greylist, linking, allowed)
12-16 12:22:31.475 23752 23789 W om.rmc.natour2: Accessing hidden method Lsun/misc/Unsafe;->getObjectVolatile(Ljava/lang/Object;J)Ljava/lang/Object; (greylist, linking, allowed)
12-16 12:22:31.475 23752 23789 W om.rmc.natour2: Accessing hidden method Lsun/misc/Unsafe;->compareAndSwapObject(Ljava/lang/Object;JLjava/lang/Object;Ljava/lang/Object;)Z (greylist, linking, allowed)
12-16 12:22:31.475 23752 23789 W om.rmc.natour2: Accessing hidden method Lsun/misc/Unsafe;->compareAndSwapLong(Ljava/lang/Object;JJJ)Z (greylist, linking, allowed)
12-16 12:22:31.478 23752 23796 I FA      : Tag Manager is not found and thus will not be used
12-16 12:22:31.497 23752 23752 I ViewRootImpl@39c6b05[Splashscreen]: setView = com.android.internal.policy.DecorView@597789f TM=true MM=false
12-16 12:22:31.521 23752 23813 W AnalyticsUserIDStore: initStore should have been called before calling setUserID
